	Command being timed: "timeout --signal=TERM --kill-after=30s 24h python -u -B scripts/step28_er_weight_run.py execute --out /home/yongpeng/cross-lingual/reports/seller_alias_continual/20261001/er_weight_execution/20261001_144452/job --audit /home/yongpeng/cross-lingual/reports/seller_alias_continual/20261001/er_weight_execution/20261001_144452/cpu/audit.json --authorization /home/yongpeng/cross-lingual/reports/seller_alias_continual/20261001/er_weight_execution/20261001_144452/authorization.json"
	User time (seconds): 38234.99
	System time (seconds): 128.78
	Percent of CPU this job got: 99%
	Elapsed (wall clock) time (h:mm:ss or m:ss): 10:39:29
	Average shared text size (kbytes): 0
	Average unshared data size (kbytes): 0
	Average stack size (kbytes): 0
	Average total size (kbytes): 0
	Maximum resident set size (kbytes): 7092740
	Average resident set size (kbytes): 0
	Major (requiring I/O) page faults: 0
	Minor (reclaiming a frame) page faults: 50222024
	Voluntary context switches: 493441
	Involuntary context switches: 728692
	Swaps: 0
	File system inputs: 280400
	File system outputs: 122312384
	Socket messages sent: 0
	Socket messages received: 0
	Signals delivered: 0
	Page size (bytes): 4096
	Exit status: 0
