/home/yongpeng/cross-lingual/scripts/step28_chinese_base.py:124: FutureWarning: The `get_sentence_embedding_dimension` method has been renamed to `get_embedding_dimension`.
  if pooling_modes(pool) != [m["pooling"]] or encoder.get_sentence_embedding_dimension() != m["embedding_dim"]:
{"arm":"half","elapsed_seconds":331.02253195107915,"event":"updates","logical_updates":312,"order":"ABC","peak_observed_bytes":26769,"stage":2,"stage_updates":24}

{"arm":"half","elapsed_seconds":587.1356360800564,"event":"updates","logical_updates":336,"order":"ABC","peak_observed_bytes":26933,"stage":2,"stage_updates":48}

{"arm":"half","elapsed_seconds":838.3565593259409,"event":"updates","logical_updates":360,"order":"ABC","peak_observed_bytes":27096,"stage":2,"stage_updates":72}

{"arm":"half","elapsed_seconds":1084.3059885650873,"event":"updates","logical_updates":384,"order":"ABC","peak_observed_bytes":27259,"stage":2,"stage_updates":96}

{"arm":"half","elapsed_seconds":1337.3786866778973,"event":"updates","logical_updates":408,"order":"ABC","peak_observed_bytes":27423,"stage":2,"stage_updates":120}

{"arm":"half","elapsed_seconds":1584.1493466999382,"event":"updates","logical_updates":432,"order":"ABC","peak_observed_bytes":27588,"stage":2,"stage_updates":144}

{"arm":"half","elapsed_seconds":1834.5523486889433,"event":"updates","logical_updates":456,"order":"ABC","peak_observed_bytes":27753,"stage":2,"stage_updates":168}

{"arm":"half","elapsed_seconds":2081.8348821420223,"event":"updates","logical_updates":480,"order":"ABC","peak_observed_bytes":27918,"stage":2,"stage_updates":192}

{"arm":"half","elapsed_seconds":2333.7574114270974,"event":"updates","logical_updates":504,"order":"ABC","peak_observed_bytes":28083,"stage":2,"stage_updates":216}

{"arm":"half","elapsed_seconds":2585.4420917290263,"event":"updates","logical_updates":528,"order":"ABC","peak_observed_bytes":28248,"stage":2,"stage_updates":240}

{"arm":"half","elapsed_seconds":2835.852739416994,"event":"updates","logical_updates":552,"order":"ABC","peak_observed_bytes":28413,"stage":2,"stage_updates":264}

{"arm":"half","elapsed_seconds":3084.321591004031,"event":"updates","logical_updates":576,"order":"ABC","peak_observed_bytes":28577,"stage":2,"stage_updates":288}

{"arm":"half","elapsed_seconds":3507.8657186289784,"event":"updates","logical_updates":600,"order":"ABC","peak_observed_bytes":3911074960,"stage":3,"stage_updates":24}

{"arm":"half","elapsed_seconds":3762.120902241906,"event":"updates","logical_updates":624,"order":"ABC","peak_observed_bytes":3911074960,"stage":3,"stage_updates":48}

{"arm":"half","elapsed_seconds":4015.455385555979,"event":"updates","logical_updates":648,"order":"ABC","peak_observed_bytes":3911074960,"stage":3,"stage_updates":72}

{"arm":"half","elapsed_seconds":4268.123943842016,"event":"updates","logical_updates":672,"order":"ABC","peak_observed_bytes":3911074960,"stage":3,"stage_updates":96}

{"arm":"half","elapsed_seconds":4519.6411289339885,"event":"updates","logical_updates":696,"order":"ABC","peak_observed_bytes":3911074960,"stage":3,"stage_updates":120}

{"arm":"half","elapsed_seconds":4769.802580147982,"event":"updates","logical_updates":720,"order":"ABC","peak_observed_bytes":3911074960,"stage":3,"stage_updates":144}

{"arm":"half","elapsed_seconds":5018.127328576986,"event":"updates","logical_updates":744,"order":"ABC","peak_observed_bytes":3911074960,"stage":3,"stage_updates":168}

{"arm":"half","elapsed_seconds":5271.590010921005,"event":"updates","logical_updates":768,"order":"ABC","peak_observed_bytes":3911074960,"stage":3,"stage_updates":192}

{"arm":"half","elapsed_seconds":5523.992698243121,"event":"updates","logical_updates":792,"order":"ABC","peak_observed_bytes":3911074960,"stage":3,"stage_updates":216}

{"arm":"half","elapsed_seconds":5775.08380361693,"event":"updates","logical_updates":816,"order":"ABC","peak_observed_bytes":3911074960,"stage":3,"stage_updates":240}

{"arm":"half","elapsed_seconds":6027.286592123099,"event":"updates","logical_updates":840,"order":"ABC","peak_observed_bytes":3911074960,"stage":3,"stage_updates":264}

{"arm":"half","elapsed_seconds":6280.246009652037,"event":"updates","logical_updates":864,"order":"ABC","peak_observed_bytes":3911074960,"stage":3,"stage_updates":288}

/home/yongpeng/cross-lingual/scripts/step28_chinese_base.py:124: FutureWarning: The `get_sentence_embedding_dimension` method has been renamed to `get_embedding_dimension`.
  if pooling_modes(pool) != [m["pooling"]] or encoder.get_sentence_embedding_dimension() != m["embedding_dim"]:
{"arm":"quarter","elapsed_seconds":6769.969521295978,"event":"updates","logical_updates":312,"order":"ABC","peak_observed_bytes":5218321972,"stage":2,"stage_updates":24}

{"arm":"quarter","elapsed_seconds":7026.833270227071,"event":"updates","logical_updates":336,"order":"ABC","peak_observed_bytes":5218321972,"stage":2,"stage_updates":48}

{"arm":"quarter","elapsed_seconds":7278.675728708971,"event":"updates","logical_updates":360,"order":"ABC","peak_observed_bytes":5218321972,"stage":2,"stage_updates":72}

{"arm":"quarter","elapsed_seconds":7525.5513139639515,"event":"updates","logical_updates":384,"order":"ABC","peak_observed_bytes":5218321972,"stage":2,"stage_updates":96}

{"arm":"quarter","elapsed_seconds":7779.57566982694,"event":"updates","logical_updates":408,"order":"ABC","peak_observed_bytes":5218321972,"stage":2,"stage_updates":120}

{"arm":"quarter","elapsed_seconds":8026.957445862936,"event":"updates","logical_updates":432,"order":"ABC","peak_observed_bytes":5218321972,"stage":2,"stage_updates":144}

{"arm":"quarter","elapsed_seconds":8278.104502425063,"event":"updates","logical_updates":456,"order":"ABC","peak_observed_bytes":5218321972,"stage":2,"stage_updates":168}

{"arm":"quarter","elapsed_seconds":8526.129568614066,"event":"updates","logical_updates":480,"order":"ABC","peak_observed_bytes":5218321972,"stage":2,"stage_updates":192}

{"arm":"quarter","elapsed_seconds":8778.699361833977,"event":"updates","logical_updates":504,"order":"ABC","peak_observed_bytes":5218321972,"stage":2,"stage_updates":216}

{"arm":"quarter","elapsed_seconds":9031.206096882932,"event":"updates","logical_updates":528,"order":"ABC","peak_observed_bytes":5218321972,"stage":2,"stage_updates":240}

{"arm":"quarter","elapsed_seconds":9282.277001918992,"event":"updates","logical_updates":552,"order":"ABC","peak_observed_bytes":5218321972,"stage":2,"stage_updates":264}

{"arm":"quarter","elapsed_seconds":9531.537515260978,"event":"updates","logical_updates":576,"order":"ABC","peak_observed_bytes":5218321972,"stage":2,"stage_updates":288}

{"arm":"quarter","elapsed_seconds":9956.011124704033,"event":"updates","logical_updates":600,"order":"ABC","peak_observed_bytes":6525359716,"stage":3,"stage_updates":24}

{"arm":"quarter","elapsed_seconds":10211.167071528034,"event":"updates","logical_updates":624,"order":"ABC","peak_observed_bytes":6525359716,"stage":3,"stage_updates":48}

{"arm":"quarter","elapsed_seconds":10465.189379493939,"event":"updates","logical_updates":648,"order":"ABC","peak_observed_bytes":6525359716,"stage":3,"stage_updates":72}

{"arm":"quarter","elapsed_seconds":10718.521132023074,"event":"updates","logical_updates":672,"order":"ABC","peak_observed_bytes":6525359716,"stage":3,"stage_updates":96}

{"arm":"quarter","elapsed_seconds":10971.550076804124,"event":"updates","logical_updates":696,"order":"ABC","peak_observed_bytes":6525359716,"stage":3,"stage_updates":120}

{"arm":"quarter","elapsed_seconds":11223.556585868122,"event":"updates","logical_updates":720,"order":"ABC","peak_observed_bytes":6525359716,"stage":3,"stage_updates":144}

{"arm":"quarter","elapsed_seconds":11473.75269644591,"event":"updates","logical_updates":744,"order":"ABC","peak_observed_bytes":6525359716,"stage":3,"stage_updates":168}

{"arm":"quarter","elapsed_seconds":11729.10115682194,"event":"updates","logical_updates":768,"order":"ABC","peak_observed_bytes":6525359716,"stage":3,"stage_updates":192}

{"arm":"quarter","elapsed_seconds":11982.323334014043,"event":"updates","logical_updates":792,"order":"ABC","peak_observed_bytes":6525359716,"stage":3,"stage_updates":216}

{"arm":"quarter","elapsed_seconds":12235.129424961982,"event":"updates","logical_updates":816,"order":"ABC","peak_observed_bytes":6525359716,"stage":3,"stage_updates":240}

{"arm":"quarter","elapsed_seconds":12487.970828756923,"event":"updates","logical_updates":840,"order":"ABC","peak_observed_bytes":6525359716,"stage":3,"stage_updates":264}

{"arm":"quarter","elapsed_seconds":12740.436353770085,"event":"updates","logical_updates":864,"order":"ABC","peak_observed_bytes":6525359716,"stage":3,"stage_updates":288}

/home/yongpeng/cross-lingual/scripts/step28_chinese_base.py:124: FutureWarning: The `get_sentence_embedding_dimension` method has been renamed to `get_embedding_dimension`.
  if pooling_modes(pool) != [m["pooling"]] or encoder.get_sentence_embedding_dimension() != m["embedding_dim"]:
{"arm":"half","elapsed_seconds":13232.554769230075,"event":"updates","logical_updates":312,"order":"BCA","peak_observed_bytes":7832601292,"stage":2,"stage_updates":24}

{"arm":"half","elapsed_seconds":13490.085645287065,"event":"updates","logical_updates":336,"order":"BCA","peak_observed_bytes":7832601292,"stage":2,"stage_updates":48}

{"arm":"half","elapsed_seconds":13743.859913676977,"event":"updates","logical_updates":360,"order":"BCA","peak_observed_bytes":7832601292,"stage":2,"stage_updates":72}

{"arm":"half","elapsed_seconds":14003.009134904947,"event":"updates","logical_updates":384,"order":"BCA","peak_observed_bytes":7832601292,"stage":2,"stage_updates":96}

{"arm":"half","elapsed_seconds":14262.213665586896,"event":"updates","logical_updates":408,"order":"BCA","peak_observed_bytes":7832601292,"stage":2,"stage_updates":120}

{"arm":"half","elapsed_seconds":14511.65235070698,"event":"updates","logical_updates":432,"order":"BCA","peak_observed_bytes":7832601292,"stage":2,"stage_updates":144}

{"arm":"half","elapsed_seconds":14763.54959143512,"event":"updates","logical_updates":456,"order":"BCA","peak_observed_bytes":7832601292,"stage":2,"stage_updates":168}

{"arm":"half","elapsed_seconds":15018.200279507088,"event":"updates","logical_updates":480,"order":"BCA","peak_observed_bytes":7832601292,"stage":2,"stage_updates":192}

{"arm":"half","elapsed_seconds":15266.63557239296,"event":"updates","logical_updates":504,"order":"BCA","peak_observed_bytes":7832601292,"stage":2,"stage_updates":216}

{"arm":"half","elapsed_seconds":15519.85240777512,"event":"updates","logical_updates":528,"order":"BCA","peak_observed_bytes":7832601292,"stage":2,"stage_updates":240}

{"arm":"half","elapsed_seconds":15773.80052071996,"event":"updates","logical_updates":552,"order":"BCA","peak_observed_bytes":7832601292,"stage":2,"stage_updates":264}

{"arm":"half","elapsed_seconds":16028.390519614099,"event":"updates","logical_updates":576,"order":"BCA","peak_observed_bytes":7832601292,"stage":2,"stage_updates":288}

{"arm":"half","elapsed_seconds":16441.85345008108,"event":"updates","logical_updates":600,"order":"BCA","peak_observed_bytes":9139630883,"stage":3,"stage_updates":24}

{"arm":"half","elapsed_seconds":16696.777014197083,"event":"updates","logical_updates":624,"order":"BCA","peak_observed_bytes":9139630883,"stage":3,"stage_updates":48}

{"arm":"half","elapsed_seconds":16947.068550731987,"event":"updates","logical_updates":648,"order":"BCA","peak_observed_bytes":9139630883,"stage":3,"stage_updates":72}

{"arm":"half","elapsed_seconds":17194.3089411729,"event":"updates","logical_updates":672,"order":"BCA","peak_observed_bytes":9139630883,"stage":3,"stage_updates":96}

{"arm":"half","elapsed_seconds":17443.7180288299,"event":"updates","logical_updates":696,"order":"BCA","peak_observed_bytes":9139630883,"stage":3,"stage_updates":120}

{"arm":"half","elapsed_seconds":17692.86182888411,"event":"updates","logical_updates":720,"order":"BCA","peak_observed_bytes":9139630883,"stage":3,"stage_updates":144}

{"arm":"half","elapsed_seconds":17944.054099875968,"event":"updates","logical_updates":744,"order":"BCA","peak_observed_bytes":9139630883,"stage":3,"stage_updates":168}

{"arm":"half","elapsed_seconds":18197.236164943082,"event":"updates","logical_updates":768,"order":"BCA","peak_observed_bytes":9139630883,"stage":3,"stage_updates":192}

{"arm":"half","elapsed_seconds":18445.88010492106,"event":"updates","logical_updates":792,"order":"BCA","peak_observed_bytes":9139630883,"stage":3,"stage_updates":216}

{"arm":"half","elapsed_seconds":18691.126372664003,"event":"updates","logical_updates":816,"order":"BCA","peak_observed_bytes":9139630883,"stage":3,"stage_updates":240}

{"arm":"half","elapsed_seconds":18937.214936520904,"event":"updates","logical_updates":840,"order":"BCA","peak_observed_bytes":9139630883,"stage":3,"stage_updates":264}

{"arm":"half","elapsed_seconds":19183.142411506968,"event":"updates","logical_updates":864,"order":"BCA","peak_observed_bytes":9139630883,"stage":3,"stage_updates":288}

/home/yongpeng/cross-lingual/scripts/step28_chinese_base.py:124: FutureWarning: The `get_sentence_embedding_dimension` method has been renamed to `get_embedding_dimension`.
  if pooling_modes(pool) != [m["pooling"]] or encoder.get_sentence_embedding_dimension() != m["embedding_dim"]:
{"arm":"quarter","elapsed_seconds":19671.520812666044,"event":"updates","logical_updates":312,"order":"BCA","peak_observed_bytes":10446869156,"stage":2,"stage_updates":24}

{"arm":"quarter","elapsed_seconds":19928.07995270798,"event":"updates","logical_updates":336,"order":"BCA","peak_observed_bytes":10446869156,"stage":2,"stage_updates":48}

{"arm":"quarter","elapsed_seconds":20179.15457477793,"event":"updates","logical_updates":360,"order":"BCA","peak_observed_bytes":10446869156,"stage":2,"stage_updates":72}

{"arm":"quarter","elapsed_seconds":20438.78783847601,"event":"updates","logical_updates":384,"order":"BCA","peak_observed_bytes":10446869156,"stage":2,"stage_updates":96}

{"arm":"quarter","elapsed_seconds":20698.00755594112,"event":"updates","logical_updates":408,"order":"BCA","peak_observed_bytes":10446869156,"stage":2,"stage_updates":120}

{"arm":"quarter","elapsed_seconds":20947.54731943994,"event":"updates","logical_updates":432,"order":"BCA","peak_observed_bytes":10446869156,"stage":2,"stage_updates":144}

{"arm":"quarter","elapsed_seconds":21199.358582821907,"event":"updates","logical_updates":456,"order":"BCA","peak_observed_bytes":10446869156,"stage":2,"stage_updates":168}

{"arm":"quarter","elapsed_seconds":21453.920738406014,"event":"updates","logical_updates":480,"order":"BCA","peak_observed_bytes":10446869156,"stage":2,"stage_updates":192}

{"arm":"quarter","elapsed_seconds":21702.70926900208,"event":"updates","logical_updates":504,"order":"BCA","peak_observed_bytes":10446869156,"stage":2,"stage_updates":216}

{"arm":"quarter","elapsed_seconds":21956.075184582034,"event":"updates","logical_updates":528,"order":"BCA","peak_observed_bytes":10446869156,"stage":2,"stage_updates":240}

{"arm":"quarter","elapsed_seconds":22209.897634813096,"event":"updates","logical_updates":552,"order":"BCA","peak_observed_bytes":10446869156,"stage":2,"stage_updates":264}

{"arm":"quarter","elapsed_seconds":22464.523433770984,"event":"updates","logical_updates":576,"order":"BCA","peak_observed_bytes":10446869156,"stage":2,"stage_updates":288}

{"arm":"quarter","elapsed_seconds":22878.494899763027,"event":"updates","logical_updates":600,"order":"BCA","peak_observed_bytes":11753907548,"stage":3,"stage_updates":24}

{"arm":"quarter","elapsed_seconds":23135.156313488027,"event":"updates","logical_updates":624,"order":"BCA","peak_observed_bytes":11753907548,"stage":3,"stage_updates":48}

{"arm":"quarter","elapsed_seconds":23385.648969769944,"event":"updates","logical_updates":648,"order":"BCA","peak_observed_bytes":11753907548,"stage":3,"stage_updates":72}

{"arm":"quarter","elapsed_seconds":23633.130697190994,"event":"updates","logical_updates":672,"order":"BCA","peak_observed_bytes":11753907548,"stage":3,"stage_updates":96}

{"arm":"quarter","elapsed_seconds":23882.56922271708,"event":"updates","logical_updates":696,"order":"BCA","peak_observed_bytes":11753907548,"stage":3,"stage_updates":120}

{"arm":"quarter","elapsed_seconds":24132.049639723962,"event":"updates","logical_updates":720,"order":"BCA","peak_observed_bytes":11753907548,"stage":3,"stage_updates":144}

{"arm":"quarter","elapsed_seconds":24383.131685114,"event":"updates","logical_updates":744,"order":"BCA","peak_observed_bytes":11753907548,"stage":3,"stage_updates":168}

{"arm":"quarter","elapsed_seconds":24636.530167046003,"event":"updates","logical_updates":768,"order":"BCA","peak_observed_bytes":11753907548,"stage":3,"stage_updates":192}

{"arm":"quarter","elapsed_seconds":24885.573676018976,"event":"updates","logical_updates":792,"order":"BCA","peak_observed_bytes":11753907548,"stage":3,"stage_updates":216}

{"arm":"quarter","elapsed_seconds":25131.215597732924,"event":"updates","logical_updates":816,"order":"BCA","peak_observed_bytes":11753907548,"stage":3,"stage_updates":240}

{"arm":"quarter","elapsed_seconds":25377.99402883905,"event":"updates","logical_updates":840,"order":"BCA","peak_observed_bytes":11753907548,"stage":3,"stage_updates":264}

{"arm":"quarter","elapsed_seconds":25623.8040127859,"event":"updates","logical_updates":864,"order":"BCA","peak_observed_bytes":11753907548,"stage":3,"stage_updates":288}

/home/yongpeng/cross-lingual/scripts/step28_chinese_base.py:124: FutureWarning: The `get_sentence_embedding_dimension` method has been renamed to `get_embedding_dimension`.
  if pooling_modes(pool) != [m["pooling"]] or encoder.get_sentence_embedding_dimension() != m["embedding_dim"]:
{"arm":"half","elapsed_seconds":26107.129302758025,"event":"updates","logical_updates":312,"order":"CAB","peak_observed_bytes":13061147137,"stage":2,"stage_updates":24}

{"arm":"half","elapsed_seconds":26351.325102186995,"event":"updates","logical_updates":336,"order":"CAB","peak_observed_bytes":13061147137,"stage":2,"stage_updates":48}

{"arm":"half","elapsed_seconds":26593.271137841977,"event":"updates","logical_updates":360,"order":"CAB","peak_observed_bytes":13061147137,"stage":2,"stage_updates":72}

{"arm":"half","elapsed_seconds":26836.557120135985,"event":"updates","logical_updates":384,"order":"CAB","peak_observed_bytes":13061147137,"stage":2,"stage_updates":96}

{"arm":"half","elapsed_seconds":27077.432723893085,"event":"updates","logical_updates":408,"order":"CAB","peak_observed_bytes":13061147137,"stage":2,"stage_updates":120}

{"arm":"half","elapsed_seconds":27322.468281533103,"event":"updates","logical_updates":432,"order":"CAB","peak_observed_bytes":13061147137,"stage":2,"stage_updates":144}

{"arm":"half","elapsed_seconds":27568.337265144102,"event":"updates","logical_updates":456,"order":"CAB","peak_observed_bytes":13061147137,"stage":2,"stage_updates":168}

{"arm":"half","elapsed_seconds":27806.577275671065,"event":"updates","logical_updates":480,"order":"CAB","peak_observed_bytes":13061147137,"stage":2,"stage_updates":192}

{"arm":"half","elapsed_seconds":28048.20878197695,"event":"updates","logical_updates":504,"order":"CAB","peak_observed_bytes":13061147137,"stage":2,"stage_updates":216}

{"arm":"half","elapsed_seconds":28290.71827311092,"event":"updates","logical_updates":528,"order":"CAB","peak_observed_bytes":13061147137,"stage":2,"stage_updates":240}

{"arm":"half","elapsed_seconds":28531.062133847037,"event":"updates","logical_updates":552,"order":"CAB","peak_observed_bytes":13061147137,"stage":2,"stage_updates":264}

{"arm":"half","elapsed_seconds":28777.47534886794,"event":"updates","logical_updates":576,"order":"CAB","peak_observed_bytes":13061147137,"stage":2,"stage_updates":288}

{"arm":"half","elapsed_seconds":29189.50426726602,"event":"updates","logical_updates":600,"order":"CAB","peak_observed_bytes":14368176977,"stage":3,"stage_updates":24}

{"arm":"half","elapsed_seconds":29442.031860356918,"event":"updates","logical_updates":624,"order":"CAB","peak_observed_bytes":14368176977,"stage":3,"stage_updates":48}

{"arm":"half","elapsed_seconds":29683.98196915607,"event":"updates","logical_updates":648,"order":"CAB","peak_observed_bytes":14368176977,"stage":3,"stage_updates":72}

{"arm":"half","elapsed_seconds":29935.18838657695,"event":"updates","logical_updates":672,"order":"CAB","peak_observed_bytes":14368176977,"stage":3,"stage_updates":96}

{"arm":"half","elapsed_seconds":30179.062641160097,"event":"updates","logical_updates":696,"order":"CAB","peak_observed_bytes":14368176977,"stage":3,"stage_updates":120}

{"arm":"half","elapsed_seconds":30427.23671368393,"event":"updates","logical_updates":720,"order":"CAB","peak_observed_bytes":14368176977,"stage":3,"stage_updates":144}

{"arm":"half","elapsed_seconds":30676.62547331606,"event":"updates","logical_updates":744,"order":"CAB","peak_observed_bytes":14368176977,"stage":3,"stage_updates":168}

{"arm":"half","elapsed_seconds":30918.986483274028,"event":"updates","logical_updates":768,"order":"CAB","peak_observed_bytes":14368176977,"stage":3,"stage_updates":192}

{"arm":"half","elapsed_seconds":31165.878841683967,"event":"updates","logical_updates":792,"order":"CAB","peak_observed_bytes":14368176977,"stage":3,"stage_updates":216}

{"arm":"half","elapsed_seconds":31411.718750142958,"event":"updates","logical_updates":816,"order":"CAB","peak_observed_bytes":14368176977,"stage":3,"stage_updates":240}

{"arm":"half","elapsed_seconds":31660.510394321056,"event":"updates","logical_updates":840,"order":"CAB","peak_observed_bytes":14368176977,"stage":3,"stage_updates":264}

{"arm":"half","elapsed_seconds":31906.285559315933,"event":"updates","logical_updates":864,"order":"CAB","peak_observed_bytes":14368176977,"stage":3,"stage_updates":288}

/home/yongpeng/cross-lingual/scripts/step28_chinese_base.py:124: FutureWarning: The `get_sentence_embedding_dimension` method has been renamed to `get_embedding_dimension`.
  if pooling_modes(pool) != [m["pooling"]] or encoder.get_sentence_embedding_dimension() != m["embedding_dim"]:
{"arm":"quarter","elapsed_seconds":32390.892784502124,"event":"updates","logical_updates":312,"order":"CAB","peak_observed_bytes":15675411208,"stage":2,"stage_updates":24}

{"arm":"quarter","elapsed_seconds":32634.922702362994,"event":"updates","logical_updates":336,"order":"CAB","peak_observed_bytes":15675411208,"stage":2,"stage_updates":48}

{"arm":"quarter","elapsed_seconds":32876.76955342898,"event":"updates","logical_updates":360,"order":"CAB","peak_observed_bytes":15675411208,"stage":2,"stage_updates":72}

{"arm":"quarter","elapsed_seconds":33120.094169015996,"event":"updates","logical_updates":384,"order":"CAB","peak_observed_bytes":15675411208,"stage":2,"stage_updates":96}

{"arm":"quarter","elapsed_seconds":33361.0783189151,"event":"updates","logical_updates":408,"order":"CAB","peak_observed_bytes":15675411208,"stage":2,"stage_updates":120}

{"arm":"quarter","elapsed_seconds":33606.137495110976,"event":"updates","logical_updates":432,"order":"CAB","peak_observed_bytes":15675411208,"stage":2,"stage_updates":144}

{"arm":"quarter","elapsed_seconds":33852.60862808791,"event":"updates","logical_updates":456,"order":"CAB","peak_observed_bytes":15675411208,"stage":2,"stage_updates":168}

{"arm":"quarter","elapsed_seconds":34091.94299194706,"event":"updates","logical_updates":480,"order":"CAB","peak_observed_bytes":15675411208,"stage":2,"stage_updates":192}

{"arm":"quarter","elapsed_seconds":34334.095346922055,"event":"updates","logical_updates":504,"order":"CAB","peak_observed_bytes":15675411208,"stage":2,"stage_updates":216}

{"arm":"quarter","elapsed_seconds":34576.503510659095,"event":"updates","logical_updates":528,"order":"CAB","peak_observed_bytes":15675411208,"stage":2,"stage_updates":240}

{"arm":"quarter","elapsed_seconds":34815.834483700106,"event":"updates","logical_updates":552,"order":"CAB","peak_observed_bytes":15675411208,"stage":2,"stage_updates":264}

{"arm":"quarter","elapsed_seconds":35062.00325868302,"event":"updates","logical_updates":576,"order":"CAB","peak_observed_bytes":15675411208,"stage":2,"stage_updates":288}

{"arm":"quarter","elapsed_seconds":35472.991263492964,"event":"updates","logical_updates":600,"order":"CAB","peak_observed_bytes":16982449087,"stage":3,"stage_updates":24}

{"arm":"quarter","elapsed_seconds":35725.57088618609,"event":"updates","logical_updates":624,"order":"CAB","peak_observed_bytes":16982449087,"stage":3,"stage_updates":48}

{"arm":"quarter","elapsed_seconds":35967.27362305694,"event":"updates","logical_updates":648,"order":"CAB","peak_observed_bytes":16982449087,"stage":3,"stage_updates":72}

{"arm":"quarter","elapsed_seconds":36218.24299547193,"event":"updates","logical_updates":672,"order":"CAB","peak_observed_bytes":16982449087,"stage":3,"stage_updates":96}

{"arm":"quarter","elapsed_seconds":36462.357864676975,"event":"updates","logical_updates":696,"order":"CAB","peak_observed_bytes":16982449087,"stage":3,"stage_updates":120}

{"arm":"quarter","elapsed_seconds":36710.35050183395,"event":"updates","logical_updates":720,"order":"CAB","peak_observed_bytes":16982449087,"stage":3,"stage_updates":144}

{"arm":"quarter","elapsed_seconds":36959.52521372307,"event":"updates","logical_updates":744,"order":"CAB","peak_observed_bytes":16982449087,"stage":3,"stage_updates":168}

{"arm":"quarter","elapsed_seconds":37201.7849318739,"event":"updates","logical_updates":768,"order":"CAB","peak_observed_bytes":16982449087,"stage":3,"stage_updates":192}

{"arm":"quarter","elapsed_seconds":37448.62411286705,"event":"updates","logical_updates":792,"order":"CAB","peak_observed_bytes":16982449087,"stage":3,"stage_updates":216}

{"arm":"quarter","elapsed_seconds":37694.358405830106,"event":"updates","logical_updates":816,"order":"CAB","peak_observed_bytes":16982449087,"stage":3,"stage_updates":240}

{"arm":"quarter","elapsed_seconds":37943.10144613893,"event":"updates","logical_updates":840,"order":"CAB","peak_observed_bytes":16982449087,"stage":3,"stage_updates":264}

{"arm":"quarter","elapsed_seconds":38188.72509424295,"event":"updates","logical_updates":864,"order":"CAB","peak_observed_bytes":16982449087,"stage":3,"stage_updates":288}

{"out":"/home/yongpeng/cross-lingual/reports/seller_alias_continual/20261001/er_weight_execution/20261001_144452/job","status":"COMPLETE_ER_WEIGHT_DEVELOPMENT_COMPARISON"}

