{
  "status": "PASS",
  "displayed_numeric_values_checked": 162,
  "tables_checked": 5,
  "threshold_rounding_edge": {
    "run_id": "s1_d",
    "original_threshold": 0.12313077598810197,
    "mapped_threshold": 0.10631175306235405,
    "different_decisions_if_naively_comparing_mapped_threshold": 93,
    "added_predicted_positives": 93,
    "removed_predicted_positives": 0,
    "affected_groups": 46,
    "formal_code_uses_original_space": "compare_original_logits_with_original_threshold_no_refit",
    "original_predicted_positive_pairs": 0,
    "naive_predicted_positive_pairs": 93,
    "qualification": "No labels used: added predicted positives must NOT be described as verified false positives."
  },
  "s2_log_loss_primary_ci": {
    "mean": -0.00137342796539409,
    "conditional_95pct_interval": [
      -0.0027544228845581566,
      8.054551886578768e-05
    ]
  },
  "s2_fixed_classification_primary_differences": {
    "recall": -0.000833333333333333,
    "f1": -0.0028361715745523854,
    "precision": -0.0813888888888889,
    "specificity": -0.00046554934823091475
  },
  "submitted_replay_csv_bytes_equal": {
    "mean_metrics.csv": true,
    "paired_metrics.csv": true
  },
  "formal_job_final_files": 58,
  "formal_job_final_bytes": 2371157,
  "gnu_time_seconds": 1.4,
  "rss_kib": 99228,
  "labels_or_models_read": 0
}
