/home/yongpeng/cross-lingual/scripts/step28_chinese_base.py:124: FutureWarning: The `get_sentence_embedding_dimension` method has been renamed to `get_embedding_dimension`.
  if pooling_modes(pool) != [m["pooling"]] or encoder.get_sentence_embedding_dimension() != m["embedding_dim"]:
/home/yongpeng/cross-lingual/scripts/step28_chinese_base_audit.py:133: FutureWarning: The `get_sentence_embedding_dimension` method has been renamed to `get_embedding_dimension`.
  "embedding_dimension": model.encoder.get_sentence_embedding_dimension(),
{"status": "NATIVE_CPU_HANDMADE_UPDATE_VERIFIED", "arm": "mean_bce", "seconds": 81.23297969205305, "backbone_layers": 24, "loss_absolute_error": 1.983332720278952e-09, "max_rss_kib": 7762288}
/home/yongpeng/cross-lingual/scripts/step28_chinese_base.py:124: FutureWarning: The `get_sentence_embedding_dimension` method has been renamed to `get_embedding_dimension`.
  if pooling_modes(pool) != [m["pooling"]] or encoder.get_sentence_embedding_dimension() != m["embedding_dim"]:
/home/yongpeng/cross-lingual/scripts/step28_chinese_base_audit.py:133: FutureWarning: The `get_sentence_embedding_dimension` method has been renamed to `get_embedding_dimension`.
  "embedding_dimension": model.encoder.get_sentence_embedding_dimension(),
{"status": "NATIVE_CPU_HANDMADE_UPDATE_VERIFIED", "arm": "mean_rank", "seconds": 80.91219192696735, "backbone_layers": 24, "loss_absolute_error": 1.983332720278952e-09, "max_rss_kib": 7741568}
/home/yongpeng/cross-lingual/scripts/step28_chinese_base.py:124: FutureWarning: The `get_sentence_embedding_dimension` method has been renamed to `get_embedding_dimension`.
  if pooling_modes(pool) != [m["pooling"]] or encoder.get_sentence_embedding_dimension() != m["embedding_dim"]:
/home/yongpeng/cross-lingual/scripts/step28_chinese_base_audit.py:133: FutureWarning: The `get_sentence_embedding_dimension` method has been renamed to `get_embedding_dimension`.
  "embedding_dimension": model.encoder.get_sentence_embedding_dimension(),
{"status": "NATIVE_CPU_HANDMADE_UPDATE_VERIFIED", "arm": "split_bce", "seconds": 111.91373009304516, "backbone_layers": 24, "loss_absolute_error": 7.72815267335858e-09, "max_rss_kib": 7852316}
/home/yongpeng/cross-lingual/scripts/step28_chinese_base.py:124: FutureWarning: The `get_sentence_embedding_dimension` method has been renamed to `get_embedding_dimension`.
  if pooling_modes(pool) != [m["pooling"]] or encoder.get_sentence_embedding_dimension() != m["embedding_dim"]:
/home/yongpeng/cross-lingual/scripts/step28_chinese_base_audit.py:133: FutureWarning: The `get_sentence_embedding_dimension` method has been renamed to `get_embedding_dimension`.
  "embedding_dimension": model.encoder.get_sentence_embedding_dimension(),
{"status": "NATIVE_CPU_HANDMADE_UPDATE_VERIFIED", "arm": "split_rank", "seconds": 110.58920907205902, "backbone_layers": 24, "loss_absolute_error": 7.72815267335858e-09, "max_rss_kib": 7885252}
