	Command being timed: "timeout --signal=TERM --kill-after=30s 1208s bash -euo pipefail -c 
    for arm in mean_bce mean_rank split_bce split_rank; do
      /home/yongpeng/miniconda3/envs/py310/bin/python -u -B scripts/step28_chinese_base_audit.py --arm "$arm" --out "$CHINESE_CPU_OUT/$arm.json"
    done
  "
	User time (seconds): 364.85
	System time (seconds): 28.79
	Percent of CPU this job got: 99%
	Elapsed (wall clock) time (h:mm:ss or m:ss): 6:33.89
	Average shared text size (kbytes): 0
	Average unshared data size (kbytes): 0
	Average stack size (kbytes): 0
	Average total size (kbytes): 0
	Maximum resident set size (kbytes): 7885252
	Average resident set size (kbytes): 0
	Major (requiring I/O) page faults: 55
	Minor (reclaiming a frame) page faults: 23127527
	Voluntary context switches: 296
	Involuntary context switches: 7123
	Swaps: 0
	File system inputs: 14328
	File system outputs: 224
	Socket messages sent: 0
	Socket messages received: 0
	Signals delivered: 0
	Page size (bytes): 4096
	Exit status: 0
