	Command being timed: "timeout 120s /home/yongpeng/miniconda3/envs/py310/bin/python -B -m unittest discover -s tests -p test_step28_chinese_base_contracts.py -v"
	User time (seconds): 2.54
	System time (seconds): 0.25
	Percent of CPU this job got: 99%
	Elapsed (wall clock) time (h:mm:ss or m:ss): 0:02.81
	Average shared text size (kbytes): 0
	Average unshared data size (kbytes): 0
	Average stack size (kbytes): 0
	Average total size (kbytes): 0
	Maximum resident set size (kbytes): 784848
	Average resident set size (kbytes): 0
	Major (requiring I/O) page faults: 26
	Minor (reclaiming a frame) page faults: 91486
	Voluntary context switches: 93
	Involuntary context switches: 57
	Swaps: 0
	File system inputs: 4352
	File system outputs: 14000
	Socket messages sent: 0
	Socket messages received: 0
	Signals delivered: 0
	Page size (bytes): 4096
	Exit status: 0
