	Command being timed: "timeout 300s /home/yongpeng/miniconda3/envs/py310/bin/python -B scripts/step28_alias_ranking_result.py --job reports/seller_alias_continual/20260927/ranking_execution/20260927_114646/job --out reports/seller_alias_continual/20260928/ranking_result/analysis"
	User time (seconds): 0.46
	System time (seconds): 0.03
	Percent of CPU this job got: 99%
	Elapsed (wall clock) time (h:mm:ss or m:ss): 0:00.50
	Average shared text size (kbytes): 0
	Average unshared data size (kbytes): 0
	Average stack size (kbytes): 0
	Average total size (kbytes): 0
	Maximum resident set size (kbytes): 51156
	Average resident set size (kbytes): 0
	Major (requiring I/O) page faults: 0
	Minor (reclaiming a frame) page faults: 9964
	Voluntary context switches: 3
	Involuntary context switches: 6
	Swaps: 0
	File system inputs: 0
	File system outputs: 2240
	Socket messages sent: 0
	Socket messages received: 0
	Signals delivered: 0
	Page size (bytes): 4096
	Exit status: 0
