{
  "archive": "/mnt/data/bge_continual_result_review.zip",
  "archive_bytes": 11517885,
  "archive_sha256": "1a9449d1139a0ab951712c4bb7b3bda47b9cc528f11bf6dda9ca27c01db15781",
  "zip_members": 496,
  "payload_files": 495,
  "payload_bytes": 18316730,
  "uncompressed_total": 18512424,
  "all_payload_hashes_match": true,
  "crc_ok": true,
  "member_set_exact": true,
  "inventory_created_at_utc": "2026-10-01T02:07:09.177184+00:00"
}
Extracted to /mnt/data/bge_input
{
  "python": "3.13.5 (main, Jul 15 2026, 20:25:40) [GCC 14.2.0]",
  "executable": "/opt/pyvenv/bin/python",
  "platform": "Linux-6.18.44-x86_64-with-glibc2.41",
  "time_utc": "2026-10-01T02:13:25.074595+00:00",
  "packages": {
    "numpy": "2.3.5",
    "scipy": "1.17.0",
    "pandas": "2.2.3",
    "torch": "2.10.0+cpu",
    "scikit-learn": "1.8.0",
    "sentence-transformers": null,
    "transformers": null
  }
}
