{
  "status": "PASS_SAVED_OUTPUTS_INDEPENDENT_RECONSTRUCTION",
  "matrix_count": 64,
  "confusion_count_sets": 64,
  "score_arrays": 85,
  "threshold_prediction_group_checks": 3840,
  "full_edge_order_and_tie_checks": 2520,
  "tied_adjacencies_observed_across_both_transforms": 72,
  "full_query_candidate_order_checks": 70560,
  "stage_table_rows": 7326,
  "bootstrap_shape": [
    5000,
    3,
    20
  ],
  "bootstrap_regeneration_exact": true,
  "distinct_endpoint_metric_cases": 2464,
  "numeric_values_compared": 1043476,
  "maximum_absolute_difference": 5.551115123125783e-16,
  "maximum_at": "seq/first-cal/F_first/specificity/orders",
  "exact_checks": 1018,
  "formal_comparison_passes": {
    "er_minus_seq": 4,
    "logit_minus_er": 23
  },
  "forgetting": {
    "checks": {
      "seq_first_MAP_loss_positive": true,
      "seq_first_MAP_loss_interval_above_zero": true,
      "same_order_path_forgetting_and_new_learning": true
    },
    "matched_orders": [
      "ABC",
      "BCA",
      "CAB"
    ]
  },
  "formal_labels_read": 0,
  "formal_models_loaded": 0,
  "project_modules_imported": 0,
  "fitting_or_training": false,
  "elapsed_seconds": 3.1621989280000093,
  "maximum_rss_kib": 638956,
  "unverified": [
    "Recomputation of AP/MAP, curve, retrieval, Brier or log_loss from formal labels",
    "Actual tensor checkpoint reloading",
    "Full memory-text/label byte remeasurement",
    "Calibration optimization optimality from formal calibration labels"
  ]
}
frozen {'O': {'map': 0.44116577, 'recall_at_5': 0.570833333, 'brier': 0.045198708, 'log_loss': 0.180619183}, 'N': {'map': 0.391290856, 'recall_at_5': 0.515922619, 'brier': 0.047259986, 'log_loss': 0.189026166}, 'Z': {'map': 0.388622398, 'recall_at_5': 0.514285714, 'brier': 0.047443539, 'log_loss': 0.1891422}, 'final_all': {'map': 0.423651313, 'recall_at_5': 0.551984127, 'brier': 0.045946985, 'log_loss': 0.183460189}}
seq {'O': {'map': 0.416596944, 'recall_at_5': 0.54389881, 'brier': 0.045745722, 'log_loss': 0.184186841}, 'N': {'map': 0.466937889, 'recall_at_5': 0.598065476, 'brier': 0.043996614, 'log_loss': 0.176481018}, 'Z': {'map': 0.471806279, 'recall_at_5': 0.598214286, 'brier': 0.043742794, 'log_loss': 0.175566654}, 'final_all': {'map': 0.435000056, 'recall_at_5': 0.562003968, 'brier': 0.04507808, 'log_loss': 0.181313445}}
er {'O': {'map': 0.376723472, 'recall_at_5': 0.486160714, 'brier': 0.047143746, 'log_loss': 0.192677472}, 'N': {'map': 0.410901194, 'recall_at_5': 0.526785714, 'brier': 0.04630233, 'log_loss': 0.186278069}, 'Z': {'map': 0.410079731, 'recall_at_5': 0.520535714, 'brier': 0.046279331, 'log_loss': 0.187092665}, 'final_all': {'map': 0.387842225, 'recall_at_5': 0.497619048, 'brier': 0.046855607, 'log_loss': 0.19081587}}
logit {'O': {'map': 0.423610007, 'recall_at_5': 0.539583333, 'brier': 0.045417457, 'log_loss': 0.182699492}, 'N': {'map': 0.441617264, 'recall_at_5': 0.561011905, 'brier': 0.045068141, 'log_loss': 0.180032836}, 'Z': {'map': 0.44379328, 'recall_at_5': 0.555952381, 'brier': 0.04498379, 'log_loss': 0.180035969}, 'final_all': {'map': 0.430337765, 'recall_at_5': 0.545039683, 'brier': 0.045272901, 'log_loss': 0.181811651}}
