{
  "status": "PASS_INDEPENDENT_RECORDED_TRAINING_EVIDENCE",
  "checks": {
    "source_count": 1,
    "referenced_size": 436,
    "referenced_sha256": 436,
    "source_chain_identical": 4,
    "policy_digest": 1,
    "before_valid_counts": 1,
    "completion_counts": 1,
    "access_complete_equal": 1,
    "before_valid_points": 1,
    "original_exit": 1,
    "returned_count": 1,
    "returned_bytes": 1,
    "distinct_partition_groups": 1,
    "partition_counts": 3,
    "independent_partition_hash": 3,
    "update_array_shape": 21,
    "update_dtype": 21,
    "update_columns": 21,
    "updates_288": 21,
    "continuous_adam_record": 21,
    "current_actual_domain": 21,
    "training_seed": 21,
    "encoder_positive_lr_updates": 21,
    "all_stage_learning_rates_exact": 21,
    "head_lr_exact": 21,
    "current_stream": 21,
    "current_sequence_independent": 21,
    "current_schedule_digest": 21,
    "current_six_presentations": 21,
    "observation_steps": 21,
    "recorded_nonzero_combined_gradient": 168,
    "recorded_parameter_change_scope": 168,
    "combined_recorded_objective_exact": 21,
    "history_draw_count": 12,
    "six_unique_memory_slots": 12,
    "six_memory_groups": 12,
    "recorded_history_count": 12,
    "zero_nonlogit_mse": 15,
    "point_adam_step": 21,
    "recorded_full_restore_verified": 21,
    "shared_full_checkpoint_retention": 21,
    "auxiliary_actual_byte_remeasure": 21,
    "calibration_only_role": 21,
    "calibration_fixed_options": 21,
    "calibration_recorded_status": 21,
    "calibration_success": 21,
    "calibration_trajectory_count": 21,
    "map_matches_last_iteration": 21,
    "no_seq_history": 9,
    "no_seq_memory": 9,
    "no_seq_history_loss": 9,
    "actual_training_endpoints": 1,
    "total_physical_updates": 1,
    "gradient_group_presentations": 1,
    "algorithm_R_retained_slots_independent": 12,
    "algorithm_R_seen": 12,
    "memory_recorded_bytes_binding": 12,
    "memory_recorded_hash_binding": 12,
    "retention_resets_draw_count": 12,
    "ER_no_reference_logits": 6,
    "LOGIT_reference_coverage": 6,
    "reference_origin_stage": 36,
    "independent_history_draw_sequence": 6,
    "paired_history_draw_sequence": 6,
    "ER_LOGIT_current_pairing": 6,
    "ER_SEQ_current_pairing": 6,
    "post_cal_memory_same_historical_state": 84,
    "memory_auxiliary_binding": 12,
    "memory_size_change_is_auxiliary_change": 12,
    "surviving_reference_not_refreshed": 6,
    "original_update_log_events": 1,
    "recorded_24_step_checkpoints": 21,
    "recorded_log_Adam_continuity": 21,
    "native_actual_updates": 1,
    "native_handmade_contracts": 1,
    "native_sources_bound": 1,
    "native_per_arm_updates": 3,
    "native_probe_count": 3,
    "native_second_stage_local_step": 3,
    "native_probe_changed": 87,
    "native_counter_fixture_289": 87,
    "native_shared_state_pairing": 15,
    "native_history_forward_pairing": 1
  },
  "source_files": 18,
  "returned_files": 326,
  "returned_bytes": 16241505,
  "updates": 6048,
  "historical_gradient_presentations": 3456,
  "total_gradient_presentations": 9504,
  "maximum_float32_loss_component_sum_error": 3.427267074584961e-07,
  "recorded_memory_min_bytes": 191740,
  "recorded_memory_max_bytes": 260623,
  "actual_auxiliary_min_bytes": 21065,
  "actual_auxiliary_max_bytes": 21181,
  "memory_snapshots_examined": 36,
  "original_log_events": 252,
  "original_non_json_log_lines": [
    "/home/yongpeng/cross-lingual/scripts/step28_chinese_base.py:124: FutureWarning: The `get_sentence_embedding_dimension` method has been renamed to `get_embedding_dimension`.",
    "  if pooling_modes(pool) != [m[\"pooling\"]] or encoder.get_sentence_embedding_dimension() != m[\"embedding_dim\"]:",
    "/home/yongpeng/cross-lingual/scripts/step28_chinese_base.py:124: FutureWarning: The `get_sentence_embedding_dimension` method has been renamed to `get_embedding_dimension`.",
    "  if pooling_modes(pool) != [m[\"pooling\"]] or encoder.get_sentence_embedding_dimension() != m[\"embedding_dim\"]:",
    "/home/yongpeng/cross-lingual/scripts/step28_chinese_base.py:124: FutureWarning: The `get_sentence_embedding_dimension` method has been renamed to `get_embedding_dimension`.",
    "  if pooling_modes(pool) != [m[\"pooling\"]] or encoder.get_sentence_embedding_dimension() != m[\"embedding_dim\"]:",
    "/home/yongpeng/cross-lingual/scripts/step28_chinese_base.py:124: FutureWarning: The `get_sentence_embedding_dimension` method has been renamed to `get_embedding_dimension`.",
    "  if pooling_modes(pool) != [m[\"pooling\"]] or encoder.get_sentence_embedding_dimension() != m[\"embedding_dim\"]:",
    "/home/yongpeng/cross-lingual/scripts/step28_chinese_base.py:124: FutureWarning: The `get_sentence_embedding_dimension` method has been renamed to `get_embedding_dimension`.",
    "  if pooling_modes(pool) != [m[\"pooling\"]] or encoder.get_sentence_embedding_dimension() != m[\"embedding_dim\"]:",
    "/home/yongpeng/cross-lingual/scripts/step28_chinese_base.py:124: FutureWarning: The `get_sentence_embedding_dimension` method has been renamed to `get_embedding_dimension`.",
    "  if pooling_modes(pool) != [m[\"pooling\"]] or encoder.get_sentence_embedding_dimension() != m[\"embedding_dim\"]:",
    "/home/yongpeng/cross-lingual/scripts/step28_chinese_base.py:124: FutureWarning: The `get_sentence_embedding_dimension` method has been renamed to `get_embedding_dimension`.",
    "  if pooling_modes(pool) != [m[\"pooling\"]] or encoder.get_sentence_embedding_dimension() != m[\"embedding_dim\"]:",
    "/home/yongpeng/cross-lingual/scripts/step28_chinese_base.py:124: FutureWarning: The `get_sentence_embedding_dimension` method has been renamed to `get_embedding_dimension`.",
    "  if pooling_modes(pool) != [m[\"pooling\"]] or encoder.get_sentence_embedding_dimension() != m[\"embedding_dim\"]:",
    "/home/yongpeng/cross-lingual/scripts/step28_chinese_base.py:124: FutureWarning: The `get_sentence_embedding_dimension` method has been renamed to `get_embedding_dimension`.",
    "  if pooling_modes(pool) != [m[\"pooling\"]] or encoder.get_sentence_embedding_dimension() != m[\"embedding_dim\"]:",
    "/home/yongpeng/cross-lingual/scripts/step28_chinese_base.py:124: FutureWarning: The `get_sentence_embedding_dimension` method has been renamed to `get_embedding_dimension`.",
    "  if pooling_modes(pool) != [m[\"pooling\"]] or encoder.get_sentence_embedding_dimension() != m[\"embedding_dim\"]:",
    "/home/yongpeng/cross-lingual/scripts/step28_chinese_base.py:124: FutureWarning: The `get_sentence_embedding_dimension` method has been renamed to `get_embedding_dimension`.",
    "  if pooling_modes(pool) != [m[\"pooling\"]] or encoder.get_sentence_embedding_dimension() != m[\"embedding_dim\"]:",
    "/home/yongpeng/cross-lingual/scripts/step28_chinese_base.py:124: FutureWarning: The `get_sentence_embedding_dimension` method has been renamed to `get_embedding_dimension`.",
    "  if pooling_modes(pool) != [m[\"pooling\"]] or encoder.get_sentence_embedding_dimension() != m[\"embedding_dim\"]:",
    "/home/yongpeng/cross-lingual/scripts/step28_chinese_base.py:124: FutureWarning: The `get_sentence_embedding_dimension` method has been renamed to `get_embedding_dimension`.",
    "  if pooling_modes(pool) != [m[\"pooling\"]] or encoder.get_sentence_embedding_dimension() != m[\"embedding_dim\"]:"
  ],
  "original_start": "2026-09-30T14:40:21+08:00",
  "original_finish": "2026-10-01T06:06:13+08:00",
  "original_completion_budget": {
    "elapsed_seconds": 55549.224441911094,
    "peak_observed_bytes": 41787374219
  },
  "original_native_environment": {
    "cpu_affinity": [
      0
    ],
    "numpy": "2.2.6",
    "python": "3.10.19",
    "torch": "2.9.1+cu130"
  },
  "native_actual_updates": 6,
  "native_counter_fixture_not_288_actual_updates": true,
  "formal_labels_read": 0,
  "project_modules_imported": 0,
  "elapsed_seconds": 0.05676090099996145,
  "unverified": [
    "Full formal memory payload bytes and reference numerical values excluded; byte summaries and surviving reference hashes verified, auxiliary metadata bytes actually remeasured.",
    "Formal checkpoint tensors excluded; source control flow and saved actual restore attestations inspected, not independently reloaded.",
    "Calibration objective/gradient/labels and scalar gradients are not recomputed from formal labels.",
    "Recorded boundary counts are normal-program execution evidence, not an operating-system trace of every file read."
  ]
}
MEMORY_DOMAIN_DRAW_DIAGNOSTICS
[
  {
    "order": "ABC",
    "training_stage": 2,
    "old_domains": "A",
    "domain_counts": {
      "A": 6
    },
    "draws_by_domain": {
      "A": 288
    },
    "minimum_draws_per_group": 43,
    "maximum_draws_per_group": 51
  },
  {
    "order": "ABC",
    "training_stage": 3,
    "old_domains": "AB",
    "domain_counts": {
      "A": 4,
      "B": 2
    },
    "draws_by_domain": {
      "A": 191,
      "B": 97
    },
    "minimum_draws_per_group": 44,
    "maximum_draws_per_group": 52
  },
  {
    "order": "BCA",
    "training_stage": 2,
    "old_domains": "B",
    "domain_counts": {
      "B": 6
    },
    "draws_by_domain": {
      "B": 288
    },
    "minimum_draws_per_group": 42,
    "maximum_draws_per_group": 55
  },
  {
    "order": "BCA",
    "training_stage": 3,
    "old_domains": "BC",
    "domain_counts": {
      "B": 2,
      "C": 4
    },
    "draws_by_domain": {
      "B": 95,
      "C": 193
    },
    "minimum_draws_per_group": 36,
    "maximum_draws_per_group": 59
  },
  {
    "order": "CAB",
    "training_stage": 2,
    "old_domains": "C",
    "domain_counts": {
      "C": 6
    },
    "draws_by_domain": {
      "C": 288
    },
    "minimum_draws_per_group": 43,
    "maximum_draws_per_group": 52
  },
  {
    "order": "CAB",
    "training_stage": 3,
    "old_domains": "CA",
    "domain_counts": {
      "A": 6
    },
    "draws_by_domain": {
      "A": 288
    },
    "minimum_draws_per_group": 34,
    "maximum_draws_per_group": 63
  }
]
