{"reason": "The reviewer first supplied --cpu 24 although this sandbox only permits CPUs 0..4. Failure occurred before output creation and before substantive audit. This is an invocation error, not a project numerical defect.", "allowed_cpus": [0, 1, 2, 3, 4], "chosen_cpu": 0, "source_sha256": "2fff73cdc0e26843a10dfd35388ade1b31f9ca890d889c4c31f13b98efc1b193"}
COMMAND ["/opt/pyvenv/bin/python", "-B", "/mnt/data/bge_input/scripts/step28_bge_continual_audit.py", "--project", "/mnt/data/bge_input", "--job", "/mnt/data/bge_input/reports/seller_alias_continual/20260930/bge_continual_execution/20260930_143700/job", "--inventory", "/mnt/data/bge_input/reports/seller_alias_continual/20261001/bge_continual_result/return_inventory.json", "--output", "/mnt/data/bge_review_evidence/outputs/supplied_auditor_reproduction", "--cpu", "0"]
{
  "status": "PASS_SAVED_RESULT_AUDIT",
  "completed_at_utc": "2026-10-01T02:23:07.537856+00:00",
  "elapsed_seconds": 0.7846937970000454,
  "cpu_affinity": [
    0
  ],
  "job": "reports/seller_alias_continual/20260930/bge_continual_execution/20260930_143700/job",
  "script": {
    "bytes": 24723,
    "sha256": "2fff73cdc0e26843a10dfd35388ade1b31f9ca890d889c4c31f13b98efc1b193"
  },
  "checks": {
    "returned_files": 326,
    "unchanged_frozen_sources": 18,
    "affine_group_orders_and_ties": 2520,
    "physical_updates": 6048,
    "history_gradient_presentations": 3456,
    "matrix_count_sets": 64,
    "stage_csv_rows": 7326
  },
  "numeric_comparisons": 1061316,
  "maximum_absolute_error": 7.105427357601002e-15,
  "float32_objective_identity_max_error": 3.427267074584961e-07,
  "comparisons": {
    "er_minus_seq": {
      "passed": 4,
      "total": 23,
      "checks": {
        "old_map_improves": false,
        "old_map_interval_above_zero": false,
        "old_recall5_improves": false,
        "new_map_non_decrease": false,
        "new_recall5_non_decrease": false,
        "O_average_precision_non_degradation": false,
        "O_roc_auc_non_degradation": false,
        "O_brier_non_degradation": false,
        "O_log_loss_non_degradation": false,
        "O_brier_against_raw_reference": true,
        "O_log_loss_against_raw_reference": true,
        "N_average_precision_non_degradation": false,
        "N_roc_auc_non_degradation": false,
        "N_brier_non_degradation": false,
        "N_log_loss_non_degradation": false,
        "N_brier_against_raw_reference": true,
        "N_log_loss_against_raw_reference": true,
        "Z_map_non_degradation": false,
        "Z_recall_at_5_non_degradation": false,
        "Z_average_precision_non_degradation": false,
        "Z_roc_auc_non_degradation": false,
        "Z_brier_non_degradation": false,
        "Z_log_loss_non_degradation": false
      }
    },
    "logit_minus_er": {
      "passed": 23,
      "total": 23,
      "checks": {
        "old_map_improves": true,
        "old_map_interval_above_zero": true,
        "old_recall5_improves": true,
        "new_map_non_decrease": true,
        "new_recall5_non_decrease": true,
        "O_average_precision_non_degradation": true,
        "O_roc_auc_non_degradation": true,
        "O_brier_non_degradation": true,
        "O_log_loss_non_degradation": true,
        "O_brier_against_raw_reference": true,
        "O_log_loss_against_raw_reference": true,
        "N_average_precision_non_degradation": true,
        "N_roc_auc_non_degradation": true,
        "N_brier_non_degradation": true,
        "N_log_loss_non_degradation": true,
        "N_brier_against_raw_reference": true,
        "N_log_loss_against_raw_reference": true,
        "Z_map_non_degradation": true,
        "Z_recall_at_5_non_degradation": true,
        "Z_average_precision_non_degradation": true,
        "Z_roc_auc_non_degradation": true,
        "Z_brier_non_degradation": true,
        "Z_log_loss_non_degradation": true
      }
    }
  },
  "seq_first_forgetting": {
    "mean": 0.06339324911674983,
    "per_order": {
      "ABC": 0.09250861475334068,
      "BCA": 0.044537088497250646,
      "CAB": 0.05313404409965815
    },
    "conditional_95pct_interval": [
      0.04180865957698348,
      0.08542323437599209
    ]
  },
  "seq_new_learning": {
    "mean": 0.06610519736347671,
    "per_order": {
      "ABC": 0.07852005839127611,
      "BCA": 0.054647364118853584,
      "CAB": 0.06514816958030044
    },
    "conditional_95pct_interval": [
      0.05106281714990433,
      0.08172766877779199
    ]
  },
  "new_label_parses": {
    "train": 0,
    "valid": 0,
    "heldout": 0,
    "owners": 0
  },
  "formal_texts_or_weights_loaded": false,
  "limitations": [
    "No label-dependent AP/MAP recomputation; saved matrices are the authorized collection.",
    "No refit, native model rerun or full history payload read; execution evidence and summary bindings checked.",
    "Conditional 5000-draw intervals, reused 60 development groups, one training seed.",
    "No per-domain noninferiority, new method qualification or independent heldout claim."
  ]
}
