{
  "status": "PASS_148_NARRATIVE_NUMBERS_AND_DISCLOSURES",
  "narrative_numeric_values": 148,
  "maximum_rounding_error": 4.920983640854804e-07,
  "narrative_rounding_tolerance": 5.00001e-07,
  "unresolved_document_links": [
    {
      "line": 30,
      "label": "实际观测",
      "target": "../reports/seller_alias_continual/20261001/bge_continual_result/observation.json",
      "resolved": "reports/seller_alias_continual/20261001/bge_continual_result/observation.json",
      "present_or_manifest_mapped": false,
      "mapped_archive": null
    }
  ],
  "clip_threshold": 1.0,
  "later_stage_clipped_updates": 5184,
  "all_clipped_updates": 6030,
  "all_updates": 6048,
  "calibration_negative_workpoint_max_probabilities": {
    "ABC_er_stage3": 0.43746531371585967,
    "BCA_er_stage3": 0.4127321919404494,
    "CAB_er_stage3": 0.37115141978073024
  },
  "formal_new_acceptance_rules": 0,
  "formal_label_access": 0,
  "elapsed_seconds": 0.011735970000017915
}
FIRST LEARNING
[
  {
    "order": "ABC",
    "domain": "A",
    "initial_map": 0.1577208913156746,
    "first_map": 0.47715296576840044,
    "initial_recall5": 0.17678571428571427,
    "first_recall5": 0.6026785714285714,
    "F_first_map": 0.09250861475334071,
    "G_map": 0.07852005839127621,
    "stage2_first_domain_map": 0.41322704738292054,
    "stage3_first_domain_map": 0.3846443510150598
  },
  {
    "order": "BCA",
    "domain": "B",
    "initial_map": 0.13528233899401665,
    "first_map": 0.4933079483490084,
    "initial_recall5": 0.14732142857142855,
    "first_recall5": 0.6482142857142856,
    "F_first_map": 0.044537088497250577,
    "G_map": 0.05464736411885365,
    "stage2_first_domain_map": 0.4886783755980287,
    "stage3_first_domain_map": 0.4487708598517578
  },
  {
    "order": "CAB",
    "domain": "C",
    "initial_map": 0.14871586083131422,
    "first_map": 0.4946557637653274,
    "initial_recall5": 0.15357142857142858,
    "first_recall5": 0.6214285714285714,
    "F_first_map": 0.05313404409965816,
    "G_map": 0.06514816958030042,
    "stage2_first_domain_map": 0.43307423006280066,
    "stage3_first_domain_map": 0.4415217196656693
  }
]
FINAL FIXED POINTS
[
  {
    "method": "seq",
    "records": [
      {
        "point": "ABC_seq_stage3",
        "role": "stage-cal",
        "min_score": -7.1833209158221765,
        "max_score": 0.5854789015616282,
        "positive_predictions": 122,
        "tp": 86,
        "fp": 36,
        "fn": 1114,
        "tn": 21444
      },
      {
        "point": "BCA_seq_stage3",
        "role": "stage-cal",
        "min_score": -7.494791318451872,
        "max_score": 0.45722442290416687,
        "positive_predictions": 119,
        "tp": 82,
        "fp": 37,
        "fn": 1118,
        "tn": 21443
      },
      {
        "point": "CAB_seq_stage3",
        "role": "stage-cal",
        "min_score": -7.1618927469096505,
        "max_score": 0.324910991001378,
        "positive_predictions": 82,
        "tp": 64,
        "fp": 18,
        "fn": 1136,
        "tn": 21462
      }
    ],
    "descriptive_reused_60_group_three_model_ledger": {
      "tp": 232,
      "fp": 91,
      "fn": 3368,
      "tn": 64349
    },
    "group_macro_precision": 0.6233333333333334,
    "group_macro_recall": 0.06444444444444446,
    "pooled_precision": 0.718266253869969,
    "pooled_recall": 0.06444444444444444,
    "pooled_fpr": 0.0014121663563004345,
    "recall_at_5": 0.5620039682539683,
    "scope": "Pooling is descriptive across model evaluations; not 180 independent groups."
  },
  {
    "method": "er",
    "records": [
      {
        "point": "ABC_er_stage3",
        "role": "stage-cal",
        "min_score": -8.330292067306871,
        "max_score": -0.25145537696310294,
        "positive_predictions": 0,
        "tp": 0,
        "fp": 0,
        "fn": 1200,
        "tn": 21480
      },
      {
        "point": "BCA_er_stage3",
        "role": "stage-cal",
        "min_score": -7.988475662374897,
        "max_score": -0.3526820106095681,
        "positive_predictions": 0,
        "tp": 0,
        "fp": 0,
        "fn": 1200,
        "tn": 21480
      },
      {
        "point": "CAB_er_stage3",
        "role": "stage-cal",
        "min_score": -6.958670404412053,
        "max_score": -0.5272803778372973,
        "positive_predictions": 0,
        "tp": 0,
        "fp": 0,
        "fn": 1200,
        "tn": 21480
      }
    ],
    "descriptive_reused_60_group_three_model_ledger": {
      "tp": 0,
      "fp": 0,
      "fn": 3600,
      "tn": 64440
    },
    "group_macro_precision": 0.0,
    "group_macro_recall": 0.0,
    "pooled_precision": 0.0,
    "pooled_recall": 0.0,
    "pooled_fpr": 0.0,
    "recall_at_5": 0.4976190476190476,
    "scope": "Pooling is descriptive across model evaluations; not 180 independent groups."
  },
  {
    "method": "logit",
    "records": [
      {
        "point": "ABC_logit_stage3",
        "role": "stage-cal",
        "min_score": -7.174600299807098,
        "max_score": 0.010149992008225979,
        "positive_predictions": 8,
        "tp": 8,
        "fp": 0,
        "fn": 1192,
        "tn": 21480
      },
      {
        "point": "BCA_logit_stage3",
        "role": "stage-cal",
        "min_score": -8.106834756285322,
        "max_score": 0.017674625950888926,
        "positive_predictions": 63,
        "tp": 53,
        "fp": 10,
        "fn": 1147,
        "tn": 21470
      },
      {
        "point": "CAB_logit_stage3",
        "role": "stage-cal",
        "min_score": -7.030703979805179,
        "max_score": 0.41843112561621776,
        "positive_predictions": 65,
        "tp": 48,
        "fp": 17,
        "fn": 1152,
        "tn": 21463
      }
    ],
    "descriptive_reused_60_group_three_model_ledger": {
      "tp": 109,
      "fp": 27,
      "fn": 3491,
      "tn": 64413
    },
    "group_macro_precision": 0.40370370370370373,
    "group_macro_recall": 0.030277777777777782,
    "pooled_precision": 0.8014705882352942,
    "pooled_recall": 0.03027777777777778,
    "pooled_fpr": 0.0004189944134078212,
    "recall_at_5": 0.5450396825396825,
    "scope": "Pooling is descriptive across model evaluations; not 180 independent groups."
  }
]
