{
  "status": "PASS",
  "handmade_cases": 6,
  "metric_comparisons": 132,
  "maximum_error": 1.1102230246251565e-15,
  "cases": [
    {
      "name": "all_tied",
      "metrics": {
        "average_precision": 0.05291005291005291,
        "trapezoidal_pr_auc": 0.5264550264550265,
        "roc_auc": 0.5,
        "recall_at_fpr_1pct": 0.0,
        "brier": 0.25,
        "log_loss": 0.6931471805599452,
        "precision": 0.05291005291005291,
        "recall": 1.0,
        "f1": 0.10050251256281408,
        "specificity": 0.0,
        "balanced_accuracy": 0.5,
        "mcc": 0.0,
        "map": 0.20833469221293002,
        "mrr": 0.1901760651257315,
        "recall_at_1": 0.05357142857142857,
        "ndcg_at_1": 0.10714285714285714,
        "recall_at_3": 0.10714285714285714,
        "ndcg_at_3": 0.10714285714285714,
        "recall_at_5": 0.21428571428571427,
        "ndcg_at_5": 0.1608499109294879,
        "recall_at_10": 0.375,
        "ndcg_at_10": 0.2224622060712527
      },
      "hit_at_k_not_recall": {
        "1": 0.10714285714285714,
        "3": 0.10714285714285714,
        "5": 0.21428571428571427,
        "10": 0.42857142857142855
      },
      "confusion": {
        "tp": 20,
        "fp": 358,
        "fn": 0,
        "tn": 0
      },
      "max_absolute_error": 2.220446049250313e-16,
      "differences": {
        "average_precision": 0.0,
        "trapezoidal_pr_auc": 0.0,
        "roc_auc": 0.0,
        "recall_at_fpr_1pct": 0.0,
        "brier": 0.0,
        "log_loss": 2.220446049250313e-16,
        "precision": 0.0,
        "recall": 0.0,
        "f1": 0.0,
        "specificity": 0.0,
        "balanced_accuracy": 0.0,
        "mcc": 0.0,
        "map": 0.0,
        "mrr": 0.0,
        "recall_at_1": 0.0,
        "recall_at_3": 0.0,
        "recall_at_5": 0.0,
        "recall_at_10": 0.0,
        "ndcg_at_1": 0.0,
        "ndcg_at_3": 0.0,
        "ndcg_at_5": 0.0,
        "ndcg_at_10": 0.0
      }
    },
    {
      "name": "continuous",
      "metrics": {
        "average_precision": 0.1273288142123209,
        "trapezoidal_pr_auc": 0.1165965151378255,
        "roc_auc": 0.7189944134078219,
        "recall_at_fpr_1pct": 0.0,
        "brier": 0.3254233494898568,
        "log_loss": 0.991069900186049,
        "precision": 0.08465608465608465,
        "recall": 0.8,
        "f1": 0.15311004784688995,
        "specificity": 0.5167597765363129,
        "balanced_accuracy": 0.6583798882681564,
        "mcc": 0.14181583777411966,
        "map": 0.3136406089935934,
        "mrr": 0.367344302522874,
        "recall_at_1": 0.125,
        "ndcg_at_1": 0.17857142857142858,
        "recall_at_3": 0.30357142857142855,
        "ndcg_at_3": 0.24957692473835116,
        "recall_at_5": 0.5,
        "ndcg_at_5": 0.3343455775500316,
        "recall_at_10": 0.7321428571428571,
        "ndcg_at_10": 0.41643576032759944
      },
      "hit_at_k_not_recall": {
        "1": 0.17857142857142858,
        "3": 0.42857142857142855,
        "5": 0.6428571428571429,
        "10": 0.8571428571428571
      },
      "confusion": {
        "tp": 16,
        "fp": 173,
        "fn": 4,
        "tn": 185
      },
      "max_absolute_error": 6.661338147750939e-16,
      "differences": {
        "average_precision": 0.0,
        "trapezoidal_pr_auc": 1.3877787807814457e-17,
        "roc_auc": -6.661338147750939e-16,
        "recall_at_fpr_1pct": 0.0,
        "brier": 0.0,
        "log_loss": -1.1102230246251565e-16,
        "precision": 0.0,
        "recall": 0.0,
        "f1": 0.0,
        "specificity": 0.0,
        "balanced_accuracy": 0.0,
        "mcc": 0.0,
        "map": 0.0,
        "mrr": -5.551115123125783e-17,
        "recall_at_1": 0.0,
        "recall_at_3": 0.0,
        "recall_at_5": 0.0,
        "recall_at_10": 0.0,
        "ndcg_at_1": 0.0,
        "ndcg_at_3": 0.0,
        "ndcg_at_5": 0.0,
        "ndcg_at_10": 0.0
      }
    },
    {
      "name": "partial_ties",
      "metrics": {
        "average_precision": 0.12197004641558269,
        "trapezoidal_pr_auc": 0.11885646250123408,
        "roc_auc": 0.5752793296089385,
        "recall_at_fpr_1pct": 0.05,
        "brier": 0.31444845358255624,
        "log_loss": 0.8535600710853694,
        "precision": 0.06511627906976744,
        "recall": 0.7,
        "f1": 0.11914893617021277,
        "specificity": 0.43854748603351956,
        "balanced_accuracy": 0.5692737430167598,
        "mcc": 0.062624191041616,
        "map": 0.20843429701042485,
        "mrr": 0.23365188539530646,
        "recall_at_1": 0.07142857142857142,
        "ndcg_at_1": 0.07142857142857142,
        "recall_at_3": 0.21428571428571427,
        "ndcg_at_3": 0.1595404292173698,
        "recall_at_5": 0.25,
        "ndcg_at_5": 0.17744278047958004,
        "recall_at_10": 0.48214285714285715,
        "ndcg_at_10": 0.2568294783685079
      },
      "hit_at_k_not_recall": {
        "1": 0.07142857142857142,
        "3": 0.2857142857142857,
        "5": 0.35714285714285715,
        "10": 0.6428571428571429
      },
      "confusion": {
        "tp": 14,
        "fp": 201,
        "fn": 6,
        "tn": 157
      },
      "max_absolute_error": 5.551115123125783e-17,
      "differences": {
        "average_precision": -1.3877787807814457e-17,
        "trapezoidal_pr_auc": 0.0,
        "roc_auc": 0.0,
        "recall_at_fpr_1pct": 0.0,
        "brier": 0.0,
        "log_loss": 0.0,
        "precision": 0.0,
        "recall": 0.0,
        "f1": 0.0,
        "specificity": 0.0,
        "balanced_accuracy": 0.0,
        "mcc": 0.0,
        "map": -5.551115123125783e-17,
        "mrr": -2.7755575615628914e-17,
        "recall_at_1": 0.0,
        "recall_at_3": 0.0,
        "recall_at_5": 0.0,
        "recall_at_10": 0.0,
        "ndcg_at_1": 0.0,
        "ndcg_at_3": 0.0,
        "ndcg_at_5": 0.0,
        "ndcg_at_10": -5.551115123125783e-17
      }
    },
    {
      "name": "extreme",
      "metrics": {
        "average_precision": 0.13485809017494257,
        "trapezoidal_pr_auc": 0.12680787616137273,
        "roc_auc": 0.537988826815644,
        "recall_at_fpr_1pct": 0.05,
        "brier": 0.4897225814918001,
        "log_loss": 14.159784914130267,
        "precision": 0.0582010582010582,
        "recall": 0.55,
        "f1": 0.10526315789473684,
        "specificity": 0.5027932960893855,
        "balanced_accuracy": 0.5263966480446928,
        "mcc": 0.023635972962353275,
        "map": 0.17412074133393096,
        "mrr": 0.16485324392248032,
        "recall_at_1": 0.07142857142857142,
        "ndcg_at_1": 0.07142857142857142,
        "recall_at_3": 0.14285714285714285,
        "ndcg_at_3": 0.10714285714285714,
        "recall_at_5": 0.21428571428571427,
        "ndcg_at_5": 0.13477520051675299,
        "recall_at_10": 0.35714285714285715,
        "ndcg_at_10": 0.18008686687370398
      },
      "hit_at_k_not_recall": {
        "1": 0.07142857142857142,
        "3": 0.14285714285714285,
        "5": 0.21428571428571427,
        "10": 0.35714285714285715
      },
      "confusion": {
        "tp": 11,
        "fp": 178,
        "fn": 9,
        "tn": 180
      },
      "max_absolute_error": 1.1102230246251565e-15,
      "differences": {
        "average_precision": 0.0,
        "trapezoidal_pr_auc": 0.0,
        "roc_auc": -1.1102230246251565e-15,
        "recall_at_fpr_1pct": 0.0,
        "brier": 1.1102230246251565e-16,
        "log_loss": 0.0,
        "precision": 0.0,
        "recall": 0.0,
        "f1": 0.0,
        "specificity": 0.0,
        "balanced_accuracy": 0.0,
        "mcc": 0.0,
        "map": 0.0,
        "mrr": 0.0,
        "recall_at_1": 0.0,
        "recall_at_3": 0.0,
        "recall_at_5": 0.0,
        "recall_at_10": 0.0,
        "ndcg_at_1": 0.0,
        "ndcg_at_3": 0.0,
        "ndcg_at_5": 0.0,
        "ndcg_at_10": 0.0
      }
    },
    {
      "name": "all_negative",
      "metrics": {
        "average_precision": 0.05291005291005291,
        "trapezoidal_pr_auc": 0.5264550264550265,
        "roc_auc": 0.5,
        "recall_at_fpr_1pct": 0.0,
        "brier": 0.054505323706217634,
        "log_loss": 0.23274811686307828,
        "precision": 0.0,
        "recall": 0.0,
        "f1": 0.0,
        "specificity": 1.0,
        "balanced_accuracy": 0.5,
        "mcc": 0.0,
        "map": 0.20833469221293002,
        "mrr": 0.1901760651257315,
        "recall_at_1": 0.05357142857142857,
        "ndcg_at_1": 0.10714285714285714,
        "recall_at_3": 0.10714285714285714,
        "ndcg_at_3": 0.10714285714285714,
        "recall_at_5": 0.21428571428571427,
        "ndcg_at_5": 0.1608499109294879,
        "recall_at_10": 0.375,
        "ndcg_at_10": 0.2224622060712527
      },
      "hit_at_k_not_recall": {
        "1": 0.10714285714285714,
        "3": 0.10714285714285714,
        "5": 0.21428571428571427,
        "10": 0.42857142857142855
      },
      "confusion": {
        "tp": 0,
        "fp": 0,
        "fn": 20,
        "tn": 358
      },
      "max_absolute_error": 2.7755575615628914e-17,
      "differences": {
        "average_precision": 0.0,
        "trapezoidal_pr_auc": 0.0,
        "roc_auc": 0.0,
        "recall_at_fpr_1pct": 0.0,
        "brier": 0.0,
        "log_loss": -2.7755575615628914e-17,
        "precision": 0.0,
        "recall": 0.0,
        "f1": 0.0,
        "specificity": 0.0,
        "balanced_accuracy": 0.0,
        "mcc": 0.0,
        "map": 0.0,
        "mrr": 0.0,
        "recall_at_1": 0.0,
        "recall_at_3": 0.0,
        "recall_at_5": 0.0,
        "recall_at_10": 0.0,
        "ndcg_at_1": 0.0,
        "ndcg_at_3": 0.0,
        "ndcg_at_5": 0.0,
        "ndcg_at_10": 0.0
      }
    },
    {
      "name": "perfect_positive_top",
      "metrics": {
        "average_precision": 1.0,
        "trapezoidal_pr_auc": 1.0,
        "roc_auc": 1.0,
        "recall_at_fpr_1pct": 1.0,
        "brier": 0.07232948812851325,
        "log_loss": 0.3132616875182228,
        "precision": 1.0,
        "recall": 1.0,
        "f1": 1.0,
        "specificity": 1.0,
        "balanced_accuracy": 1.0,
        "mcc": 1.0,
        "map": 1.0,
        "mrr": 1.0,
        "recall_at_1": 0.7857142857142857,
        "ndcg_at_1": 1.0,
        "recall_at_3": 1.0,
        "ndcg_at_3": 1.0,
        "recall_at_5": 1.0,
        "ndcg_at_5": 1.0,
        "recall_at_10": 1.0,
        "ndcg_at_10": 1.0
      },
      "hit_at_k_not_recall": {
        "1": 1.0,
        "3": 1.0,
        "5": 1.0,
        "10": 1.0
      },
      "confusion": {
        "tp": 20,
        "fp": 0,
        "fn": 0,
        "tn": 358
      },
      "max_absolute_error": 5.551115123125783e-17,
      "differences": {
        "average_precision": 0.0,
        "trapezoidal_pr_auc": 0.0,
        "roc_auc": 0.0,
        "recall_at_fpr_1pct": 0.0,
        "brier": 0.0,
        "log_loss": -5.551115123125783e-17,
        "precision": 0.0,
        "recall": 0.0,
        "f1": 0.0,
        "specificity": 0.0,
        "balanced_accuracy": 0.0,
        "mcc": 0.0,
        "map": 0.0,
        "mrr": 0.0,
        "recall_at_1": 0.0,
        "recall_at_3": 0.0,
        "recall_at_5": 0.0,
        "recall_at_10": 0.0,
        "ndcg_at_1": 0.0,
        "ndcg_at_3": 0.0,
        "ndcg_at_5": 0.0,
        "ndcg_at_10": 0.0
      }
    }
  ],
  "probability_numeric_scope": "Frozen np.exp(-np.logaddexp(0.,-z)) and clipped log-loss probabilities deliberately same; independent aggregation/curves/counts/ranking",
  "formal_input_label_model_access": false
}
