{"event":"updates","independent_scope":"handmade CPU; not formal resource measurement","logical_updates":24,"method":"seq","order":"ABC","stage":1,"stage_updates":24}

{"event":"updates","independent_scope":"handmade CPU; not formal resource measurement","logical_updates":48,"method":"seq","order":"ABC","stage":1,"stage_updates":48}

{"event":"updates","independent_scope":"handmade CPU; not formal resource measurement","logical_updates":72,"method":"seq","order":"ABC","stage":1,"stage_updates":72}

{"event":"updates","independent_scope":"handmade CPU; not formal resource measurement","logical_updates":96,"method":"seq","order":"ABC","stage":1,"stage_updates":96}

{"event":"updates","independent_scope":"handmade CPU; not formal resource measurement","logical_updates":120,"method":"seq","order":"ABC","stage":1,"stage_updates":120}

{"event":"updates","independent_scope":"handmade CPU; not formal resource measurement","logical_updates":144,"method":"seq","order":"ABC","stage":1,"stage_updates":144}

{"event":"updates","independent_scope":"handmade CPU; not formal resource measurement","logical_updates":168,"method":"seq","order":"ABC","stage":1,"stage_updates":168}

{"event":"updates","independent_scope":"handmade CPU; not formal resource measurement","logical_updates":192,"method":"seq","order":"ABC","stage":1,"stage_updates":192}

{"event":"updates","independent_scope":"handmade CPU; not formal resource measurement","logical_updates":216,"method":"seq","order":"ABC","stage":1,"stage_updates":216}

{"event":"updates","independent_scope":"handmade CPU; not formal resource measurement","logical_updates":240,"method":"seq","order":"ABC","stage":1,"stage_updates":240}

{"event":"updates","independent_scope":"handmade CPU; not formal resource measurement","logical_updates":264,"method":"seq","order":"ABC","stage":1,"stage_updates":264}

{"event":"updates","independent_scope":"handmade CPU; not formal resource measurement","logical_updates":288,"method":"seq","order":"ABC","stage":1,"stage_updates":288}

{
  "status": "FAILED",
  "counts": {
    "run": 10,
    "passed": 9,
    "failures": 1,
    "errors": 0,
    "skipped": 0
  },
  "runtime_seconds": 20.41624488499997
}
