{
  "status": "PASS",
  "bound_source_count": 18,
  "AST_files": 13,
  "budget_arithmetic": {
    "physical_updates": 6048,
    "historical_presentations": 3456,
    "gradient_group_presentations": 9504,
    "distinct_endpoints": 21,
    "matrices": 64,
    "score_files_expected": 85,
    "active_inference_weight_files_expected": 21,
    "retained_shared_model_Adam_files": 3,
    "reference_numeric_bytes": 9072,
    "local_positive_encoder_steps": 287,
    "physical_positive_encoder_steps": 6027,
    "lr_area_per_stage": 0.00144,
    "lr_area_three_stages": 0.00432,
    "old_864_area": 0.00432,
    "not_equal_optimization_trajectory": true,
    "current_calibration_pairs": 4536,
    "current_calibration_positives": 240,
    "epochs_per_current_group": 6,
    "expected_draws_per_memory_group": 48.0,
    "memory_group_expected_repeat_ratio_to_current": 8.0,
    "formal_resource_actuals_not_measured": true
  }
}
