test_actual_288_calls_last_encoder_zero_and_adam_continues (test_step28_bge_continual_contracts.ContinualContracts.test_actual_288_calls_last_encoder_zero_and_adam_continues) ... ok
test_actual_checkpoint_path_calibration_and_branch_restore (test_step28_bge_continual_contracts.ContinualContracts.test_actual_checkpoint_path_calibration_and_branch_restore) ... ok
test_actual_domain_bootstrap_against_frequency_reference (test_step28_bge_continual_contracts.ContinualContracts.test_actual_domain_bootstrap_against_frequency_reference) ... ok
test_array_identity_and_schema_before_use (test_step28_bge_continual_contracts.ContinualContracts.test_array_identity_and_schema_before_use) ... ok
test_blind_gate_complete_then_rejects_changed_weight_and_wrong_current_domain (test_step28_bge_continual_contracts.ContinualContracts.test_blind_gate_complete_then_rejects_changed_weight_and_wrong_current_domain) ... ok
test_blind_gate_rejects_old_calibration_and_wrong_history_draw (test_step28_bge_continual_contracts.ContinualContracts.test_blind_gate_rejects_old_calibration_and_wrong_history_draw) ... ok
test_collection_survives_first_bootstrap_failure (test_step28_bge_continual_contracts.ContinualContracts.test_collection_survives_first_bootstrap_failure) ... ok
test_complete_memory_bytes_not_just_reference_array (test_step28_bge_continual_contracts.ContinualContracts.test_complete_memory_bytes_not_just_reference_array) ... ok
test_confirmed_contract_and_stage_schedule (test_step28_bge_continual_contracts.ContinualContracts.test_confirmed_contract_and_stage_schedule) ... ok
test_current_forward_same_with_or_without_replay (test_step28_bge_continual_contracts.ContinualContracts.test_current_forward_same_with_or_without_replay) ... ok
test_current_schedule_and_dropout_are_paired (test_step28_bge_continual_contracts.ContinualContracts.test_current_schedule_and_dropout_are_paired) ... ok
test_endpoint_group_weights_with_interleaved_domains (test_step28_bge_continual_contracts.ContinualContracts.test_endpoint_group_weights_with_interleaved_domains) ... ok
test_finalization_never_replaces_existing_different_bytes (test_step28_bge_continual_contracts.ContinualContracts.test_finalization_never_replaces_existing_different_bytes) ... ok
test_forgetting_loss_sign_and_frozen_zero (test_step28_bge_continual_contracts.ContinualContracts.test_forgetting_loss_sign_and_frozen_zero) ... ok
test_full_disk_adam_rng_branch_next_update (test_step28_bge_continual_contracts.ContinualContracts.test_full_disk_adam_rng_branch_next_update) ... ok
test_history_logit_term_has_its_own_encoder_and_head_gradient (test_step28_bge_continual_contracts.ContinualContracts.test_history_logit_term_has_its_own_encoder_and_head_gradient) ... ok
test_latest_domain_each_guard_cannot_be_masked_by_N (test_step28_bge_continual_contracts.ContinualContracts.test_latest_domain_each_guard_cannot_be_masked_by_N) ... ok
test_live_combined_gradient_matches_independent_graph (test_step28_bge_continual_contracts.ContinualContracts.test_live_combined_gradient_matches_independent_graph) ... ok
test_reservoir_pairing_restore_and_nonrefresh (test_step28_bge_continual_contracts.ContinualContracts.test_reservoir_pairing_restore_and_nonrefresh) ... ok
test_same_path_gate_is_not_same_transition_claim (test_step28_bge_continual_contracts.ContinualContracts.test_same_path_gate_is_not_same_transition_claim) ... ok
test_single_parse_attempt_written_before_loader (test_step28_bge_continual_contracts.ContinualContracts.test_single_parse_attempt_written_before_loader) ... ok
test_supply_cannot_rewind_or_skip (test_step28_bge_continual_contracts.ContinualContracts.test_supply_cannot_rewind_or_skip) ... ok

----------------------------------------------------------------------
Ran 22 tests in 6.479s

OK
