	Command being timed: "timeout --signal=TERM --kill-after=30s 3h python -u -B scripts/step28_continual_expression_run.py train --out /home/yongpeng/cross-lingual/reports/seller_alias_continual/20260910/expression_execution/20260910_154137/run"
	User time (seconds): 4146.39
	System time (seconds): 402.87
	Percent of CPU this job got: 100%
	Elapsed (wall clock) time (h:mm:ss or m:ss): 1:15:47
	Average shared text size (kbytes): 0
	Average unshared data size (kbytes): 0
	Average stack size (kbytes): 0
	Average total size (kbytes): 0
	Maximum resident set size (kbytes): 10997876
	Average resident set size (kbytes): 0
	Major (requiring I/O) page faults: 0
	Minor (reclaiming a frame) page faults: 172930088
	Voluntary context switches: 59018
	Involuntary context switches: 23591
	Swaps: 0
	File system inputs: 248
	File system outputs: 139959088
	Socket messages sent: 0
	Socket messages received: 0
	Signals delivered: 0
	Page size (bytes): 4096
	Exit status: 0
