/home/yongpeng/cross-lingual/scripts/step28_continual_population.py:65: FutureWarning: The `get_sentence_embedding_dimension` method has been renamed to `get_embedding_dimension`.
  if encoder.get_sentence_embedding_dimension() != config["model"]["embedding_dim"]:
{"elapsed_seconds":69.37632619962096,"event":"point_reloaded","inference_seconds_including_replay":46.53754978533834,"peak_observed_bytes":1887042885,"point":"initial","total_point_seconds":63.183346616104245}

{"completed":30,"elapsed_seconds":131.71714009484276,"event":"updates","peak_observed_bytes":1887042885,"segment":"ABC_shared","total":180}

{"completed":60,"elapsed_seconds":178.54815524769947,"event":"updates","peak_observed_bytes":1887042885,"segment":"ABC_shared","total":180}

{"completed":90,"elapsed_seconds":227.08330607088283,"event":"updates","peak_observed_bytes":1887042885,"segment":"ABC_shared","total":180}

{"completed":120,"elapsed_seconds":276.51877970295027,"event":"updates","peak_observed_bytes":1887042885,"segment":"ABC_shared","total":180}

{"completed":150,"elapsed_seconds":325.19853593362495,"event":"updates","peak_observed_bytes":1887042885,"segment":"ABC_shared","total":180}

{"completed":180,"elapsed_seconds":375.63484959769994,"event":"updates","peak_observed_bytes":1887042885,"segment":"ABC_shared","total":180}

{"elapsed_seconds":476.2332083620131,"event":"point_reloaded","inference_seconds_including_replay":54.940148467198014,"peak_observed_bytes":7543252908,"point":"ABC_shared","total_point_seconds":100.59772214479744}

{"completed":30,"elapsed_seconds":572.9758952576667,"event":"updates","peak_observed_bytes":7543252908,"segment":"ABC_stage2","total":180}

{"completed":60,"elapsed_seconds":619.9070713417605,"event":"updates","peak_observed_bytes":7543252908,"segment":"ABC_stage2","total":180}

{"completed":90,"elapsed_seconds":666.6116064176895,"event":"updates","peak_observed_bytes":7543252908,"segment":"ABC_stage2","total":180}

{"completed":120,"elapsed_seconds":715.076516397763,"event":"updates","peak_observed_bytes":7543252908,"segment":"ABC_stage2","total":180}

{"completed":150,"elapsed_seconds":763.0377067937516,"event":"updates","peak_observed_bytes":7543252908,"segment":"ABC_stage2","total":180}

{"completed":180,"elapsed_seconds":810.4371503470466,"event":"updates","peak_observed_bytes":7543252908,"segment":"ABC_stage2","total":180}

{"elapsed_seconds":910.8309494326822,"event":"point_reloaded","inference_seconds_including_replay":54.60593131976202,"peak_observed_bytes":9430340403,"point":"ABC_stage2","total_point_seconds":100.3931660791859}

{"completed":30,"elapsed_seconds":963.3753641028889,"event":"updates","peak_observed_bytes":9430340403,"segment":"ABC_stage3","total":180}

{"completed":60,"elapsed_seconds":1011.6896099108271,"event":"updates","peak_observed_bytes":9430340403,"segment":"ABC_stage3","total":180}

{"completed":90,"elapsed_seconds":1059.2025882760063,"event":"updates","peak_observed_bytes":9430340403,"segment":"ABC_stage3","total":180}

{"completed":120,"elapsed_seconds":1107.2069211998023,"event":"updates","peak_observed_bytes":9430340403,"segment":"ABC_stage3","total":180}

{"completed":150,"elapsed_seconds":1155.008740295656,"event":"updates","peak_observed_bytes":9430340403,"segment":"ABC_stage3","total":180}

{"completed":180,"elapsed_seconds":1203.9676070879214,"event":"updates","peak_observed_bytes":9430340403,"segment":"ABC_stage3","total":180}

{"elapsed_seconds":1301.6441417457536,"event":"point_reloaded","inference_seconds_including_replay":54.83267255872488,"peak_observed_bytes":9430438737,"point":"ABC_stage3","total_point_seconds":97.67578002810478}

{"completed":30,"elapsed_seconds":1379.2264362168498,"event":"updates","peak_observed_bytes":9430438737,"segment":"BCA_shared","total":180}

{"completed":60,"elapsed_seconds":1425.7217114106752,"event":"updates","peak_observed_bytes":9430438737,"segment":"BCA_shared","total":180}

{"completed":90,"elapsed_seconds":1472.8285468239337,"event":"updates","peak_observed_bytes":9430438737,"segment":"BCA_shared","total":180}

{"completed":120,"elapsed_seconds":1520.355902121868,"event":"updates","peak_observed_bytes":9430438737,"segment":"BCA_shared","total":180}

{"completed":150,"elapsed_seconds":1567.4005682449788,"event":"updates","peak_observed_bytes":9430438737,"segment":"BCA_shared","total":180}

{"completed":180,"elapsed_seconds":1615.325272211805,"event":"updates","peak_observed_bytes":9430438737,"segment":"BCA_shared","total":180}

{"elapsed_seconds":1714.3887855838984,"event":"point_reloaded","inference_seconds_including_replay":53.78170230286196,"peak_observed_bytes":11317486621,"point":"BCA_shared","total_point_seconds":99.06276580272242}

{"completed":30,"elapsed_seconds":1808.2223829487339,"event":"updates","peak_observed_bytes":11317486621,"segment":"BCA_stage2","total":180}

{"completed":60,"elapsed_seconds":1857.3974960176274,"event":"updates","peak_observed_bytes":11317486621,"segment":"BCA_stage2","total":180}

{"completed":90,"elapsed_seconds":1903.9690442187712,"event":"updates","peak_observed_bytes":11317486621,"segment":"BCA_stage2","total":180}

{"completed":120,"elapsed_seconds":1951.5548122688197,"event":"updates","peak_observed_bytes":11317486621,"segment":"BCA_stage2","total":180}

{"completed":150,"elapsed_seconds":1997.811813191045,"event":"updates","peak_observed_bytes":11317486621,"segment":"BCA_stage2","total":180}

{"completed":180,"elapsed_seconds":2044.859764173627,"event":"updates","peak_observed_bytes":11317486621,"segment":"BCA_stage2","total":180}

{"elapsed_seconds":2145.2318960158154,"event":"point_reloaded","inference_seconds_including_replay":53.989205873105675,"peak_observed_bytes":13204534658,"point":"BCA_stage2","total_point_seconds":100.37143045803532}

{"completed":30,"elapsed_seconds":2197.728505861014,"event":"updates","peak_observed_bytes":13204534658,"segment":"BCA_stage3","total":180}

{"completed":60,"elapsed_seconds":2240.0875057280064,"event":"updates","peak_observed_bytes":13204534658,"segment":"BCA_stage3","total":180}

{"completed":90,"elapsed_seconds":2284.15478424076,"event":"updates","peak_observed_bytes":13204534658,"segment":"BCA_stage3","total":180}

{"completed":120,"elapsed_seconds":2329.1711168317124,"event":"updates","peak_observed_bytes":13204534658,"segment":"BCA_stage3","total":180}

{"completed":150,"elapsed_seconds":2373.348758751061,"event":"updates","peak_observed_bytes":13204534658,"segment":"BCA_stage3","total":180}

{"completed":180,"elapsed_seconds":2417.176363120787,"event":"updates","peak_observed_bytes":13204534658,"segment":"BCA_stage3","total":180}

{"elapsed_seconds":2497.1846891436726,"event":"point_reloaded","inference_seconds_including_replay":34.67829962121323,"peak_observed_bytes":13204632994,"point":"BCA_stage3","total_point_seconds":80.00758402701467}

{"completed":30,"elapsed_seconds":2569.7372558689676,"event":"updates","peak_observed_bytes":13204632994,"segment":"CAB_shared","total":180}

{"completed":60,"elapsed_seconds":2612.3207950298674,"event":"updates","peak_observed_bytes":13204632994,"segment":"CAB_shared","total":180}

{"completed":90,"elapsed_seconds":2655.3431728496216,"event":"updates","peak_observed_bytes":13204632994,"segment":"CAB_shared","total":180}

{"completed":120,"elapsed_seconds":2699.237640646752,"event":"updates","peak_observed_bytes":13204632994,"segment":"CAB_shared","total":180}

{"completed":150,"elapsed_seconds":2741.967146312818,"event":"updates","peak_observed_bytes":13204632994,"segment":"CAB_shared","total":180}

{"completed":180,"elapsed_seconds":2786.2306178240106,"event":"updates","peak_observed_bytes":13204632994,"segment":"CAB_shared","total":180}

{"elapsed_seconds":2867.708680261858,"event":"point_reloaded","inference_seconds_including_replay":34.38375379983336,"peak_observed_bytes":15091680875,"point":"CAB_shared","total_point_seconds":81.47727866610512}

{"completed":30,"elapsed_seconds":2963.4764802646823,"event":"updates","peak_observed_bytes":15091680875,"segment":"CAB_stage2","total":180}

{"completed":60,"elapsed_seconds":3006.8944364627823,"event":"updates","peak_observed_bytes":15091680875,"segment":"CAB_stage2","total":180}

{"completed":90,"elapsed_seconds":3050.6345818508416,"event":"updates","peak_observed_bytes":15091680875,"segment":"CAB_stage2","total":180}

{"completed":120,"elapsed_seconds":3095.494623090606,"event":"updates","peak_observed_bytes":15091680875,"segment":"CAB_stage2","total":180}

{"completed":150,"elapsed_seconds":3140.1198947667144,"event":"updates","peak_observed_bytes":15091680875,"segment":"CAB_stage2","total":180}

{"completed":180,"elapsed_seconds":3184.0987355737016,"event":"updates","peak_observed_bytes":15091680875,"segment":"CAB_stage2","total":180}

{"elapsed_seconds":3265.2361070048064,"event":"point_reloaded","inference_seconds_including_replay":34.26926050381735,"peak_observed_bytes":16978728914,"point":"CAB_stage2","total_point_seconds":81.13661582488567}

{"completed":30,"elapsed_seconds":3316.0511909569614,"event":"updates","peak_observed_bytes":16978728914,"segment":"CAB_stage3","total":180}

{"completed":60,"elapsed_seconds":3358.0143781527877,"event":"updates","peak_observed_bytes":16978728914,"segment":"CAB_stage3","total":180}

{"completed":90,"elapsed_seconds":3403.310135821812,"event":"updates","peak_observed_bytes":16978728914,"segment":"CAB_stage3","total":180}

{"completed":120,"elapsed_seconds":3445.304450037889,"event":"updates","peak_observed_bytes":16978728914,"segment":"CAB_stage3","total":180}

{"completed":150,"elapsed_seconds":3491.942612902727,"event":"updates","peak_observed_bytes":16978728914,"segment":"CAB_stage3","total":180}

{"completed":180,"elapsed_seconds":3532.8383240466937,"event":"updates","peak_observed_bytes":16978728914,"segment":"CAB_stage3","total":180}

{"elapsed_seconds":3614.927289520856,"event":"point_reloaded","inference_seconds_including_replay":36.51368786394596,"peak_observed_bytes":16978827248,"point":"CAB_stage3","total_point_seconds":82.08807488903403}

{"completed":30,"elapsed_seconds":3692.001247794833,"event":"updates","peak_observed_bytes":16978827248,"segment":"joint","total":540}

{"completed":60,"elapsed_seconds":3734.45634404663,"event":"updates","peak_observed_bytes":16978827248,"segment":"joint","total":540}

{"completed":90,"elapsed_seconds":3777.0904197809286,"event":"updates","peak_observed_bytes":16978827248,"segment":"joint","total":540}

{"completed":120,"elapsed_seconds":3821.2409171690233,"event":"updates","peak_observed_bytes":16978827248,"segment":"joint","total":540}

{"completed":150,"elapsed_seconds":3864.47009972902,"event":"updates","peak_observed_bytes":16978827248,"segment":"joint","total":540}

{"completed":180,"elapsed_seconds":3907.4405323248357,"event":"updates","peak_observed_bytes":16978827248,"segment":"joint","total":540}

{"completed":210,"elapsed_seconds":3950.436169520952,"event":"updates","peak_observed_bytes":16978827248,"segment":"joint","total":540}

{"completed":240,"elapsed_seconds":3992.6106224847026,"event":"updates","peak_observed_bytes":16978827248,"segment":"joint","total":540}

{"completed":270,"elapsed_seconds":4035.2127077407204,"event":"updates","peak_observed_bytes":16978827248,"segment":"joint","total":540}

{"completed":300,"elapsed_seconds":4078.7018291787244,"event":"updates","peak_observed_bytes":16978827248,"segment":"joint","total":540}

{"completed":330,"elapsed_seconds":4122.2633886248805,"event":"updates","peak_observed_bytes":16978827248,"segment":"joint","total":540}

{"completed":360,"elapsed_seconds":4166.220448541921,"event":"updates","peak_observed_bytes":16978827248,"segment":"joint","total":540}

{"completed":390,"elapsed_seconds":4209.6862899228,"event":"updates","peak_observed_bytes":16978827248,"segment":"joint","total":540}

{"completed":420,"elapsed_seconds":4253.504505638033,"event":"updates","peak_observed_bytes":16978827248,"segment":"joint","total":540}

{"completed":450,"elapsed_seconds":4296.307171025779,"event":"updates","peak_observed_bytes":16978827248,"segment":"joint","total":540}

{"completed":480,"elapsed_seconds":4339.520832479,"event":"updates","peak_observed_bytes":16978827248,"segment":"joint","total":540}

{"completed":510,"elapsed_seconds":4382.627428007778,"event":"updates","peak_observed_bytes":16978827248,"segment":"joint","total":540}

{"completed":540,"elapsed_seconds":4425.051830390003,"event":"updates","peak_observed_bytes":16978827248,"segment":"joint","total":540}

{"elapsed_seconds":4506.7481406410225,"event":"point_reloaded","inference_seconds_including_replay":34.7280263681896,"peak_observed_bytes":18865857910,"point":"joint","total_point_seconds":81.69528564112261}

{"out":"/home/yongpeng/cross-lingual/reports/seller_alias_continual/20260910/expression_execution/20260910_154137/run","status":"COMPLETE_EXPRESSION_PILOT_2160_VALID_BLIND"}

