LINUX MODEL RECEIPT {'status': 'LINUX_ACTUAL_FILES_VERIFIED', 'observed_at': '2026-09-24T14:45:43.421851+08:00', 'archive_path': '/home/yongpeng/cross-lingual/models/step7/embeddings/bge_large_zh', 'model_id': 'BAAI/bge-large-zh-v1.5', 'revision': '79e7739b6ab944e86d6171e44d24c997fc1e0116', 'file_count': 12, 'total_size_bytes': 1302803319, 'content_sha256': '26d94141907d840eb6890ce9fa690bc3e32229f16704e7a794ae2218fd9685cd', 'download_manifest_sha256': '1c9d4003fe602ce393013e4e5f8494352f3c578e4b49316f42124e65b4f61e63'}
{
  "status": "CHECKED",
  "native_to_final": {
    "native_sha256": "111b4f3c052cfdb941348d1763cd2b78721ede64ca5d15da1250f0c81f8634b1",
    "final_sha256": "2b298459235d05d0934a0c822a14f8b91014e5d3797038b080eec5d9230225cc",
    "changed_functions": [
      "evaluate",
      "train_arm"
    ],
    "added_functions": [
      "fixed_classification"
    ],
    "unchanged_function_count": 29,
    "unchanged_functions": [
      "account_vectors",
      "automatic_comparison",
      "automatic_report",
      "binary_counts",
      "calibrate",
      "checkpoint_point",
      "contract",
      "historical_reference",
      "load_array",
      "load_model",
      "logits",
      "main",
      "metric_comparison",
      "model_config",
      "objectives",
      "partition",
      "pool_channels",
      "pooling_modes",
      "preflight_model",
      "rates",
      "record_texts",
      "require_cpu_contracts",
      "run",
      "schedule",
      "score",
      "sources",
      "update",
      "validated_run",
      "verify_models"
    ],
    "nonfunction_module_ast_identical": true,
    "removed_functions": []
  },
  "reported_sha_typo": {
    "reported": "2b298459235d05d0934a0c822a14f8b91014e5dd3797038b080eec5d9230225cc",
    "length": 65,
    "actual": "2b298459235d05d0934a0c822a14f8b91014e5d3797038b080eec5d9230225cc",
    "actual_length": 64,
    "locations": [
      "reports/seller_alias_continual/20260924/chinese_implementation/review_disposition.json",
      "reports/seller_alias_continual/20260924/chinese_implementation/supplement_request.zh.md"
    ]
  },
  "max_rank_abs_error": 5.500759359122753e-08,
  "linux_model_receipt": {
    "status": "LINUX_ACTUAL_FILES_VERIFIED",
    "observed_at": "2026-09-24T14:45:43.421851+08:00",
    "archive_path": "/home/yongpeng/cross-lingual/models/step7/embeddings/bge_large_zh",
    "model_id": "BAAI/bge-large-zh-v1.5",
    "revision": "79e7739b6ab944e86d6171e44d24c997fc1e0116",
    "file_count": 12,
    "total_size_bytes": 1302803319,
    "content_sha256": "26d94141907d840eb6890ce9fa690bc3e32229f16704e7a794ae2218fd9685cd",
    "download_manifest_sha256": "1c9d4003fe602ce393013e4e5f8494352f3c578e4b49316f42124e65b4f61e63"
  },
  "limits": "All model/archive/native assertions cross-check submitted source-bound receipts, not an independent rerun of BGE or a rehash of remote weights."
}
{"arm": "mean_bce", "parameter_count": 325784833, "probes": 29, "query_layers": 24, "seconds": 81.23297969205305, "bce": 0.7258453369140625, "rank": 3.2957959175109863, "total": 0.7258453369140625, "bce_abs_error": 1.983332720278952e-09, "rank_abs_error": 5.500759359122753e-08, "total_abs_error": 1.983332720278952e-09, "cls_abs_error": 0.0, "logit_change_max": 0.03818438574671745, "max_rss_kib": 7762288}
{"arm": "mean_rank", "parameter_count": 325784833, "probes": 29, "query_layers": 24, "seconds": 80.91219192696735, "bce": 0.7258453369140625, "rank": 3.2957959175109863, "total": 4.021641254425049, "bce_abs_error": 1.983332720278952e-09, "rank_abs_error": 5.500759359122753e-08, "total_abs_error": 5.302426098197088e-08, "cls_abs_error": 0.0, "logit_change_max": 0.04486238211393356, "max_rss_kib": 7741568}
{"arm": "split_bce", "parameter_count": 326571265, "probes": 29, "query_layers": 24, "seconds": 111.91373009304516, "bce": 0.6890268325805664, "rank": 3.29573130607605, "total": 0.6890268325805664, "bce_abs_error": 7.72815267335858e-09, "rank_abs_error": 4.824993826701984e-08, "total_abs_error": 7.72815267335858e-09, "cls_abs_error": 0.0, "logit_change_max": 0.07581700384616852, "max_rss_kib": 7852316}
{"arm": "split_rank", "parameter_count": 326571265, "probes": 29, "query_layers": 24, "seconds": 110.58920907205902, "bce": 0.6890268325805664, "rank": 3.29573130607605, "total": 3.984758138656616, "bce_abs_error": 7.72815267335858e-09, "rank_abs_error": 4.824993826701984e-08, "total_abs_error": 4.052178548263896e-08, "cls_abs_error": 0.0, "logit_change_max": 0.07117320597171783, "max_rss_kib": 7885252}
