/home/yongpeng/cross-lingual/reports/seller_alias_continual/20261003/risk_execution/20261003_191000/workspace/scripts/step28_chinese_base.py:124: FutureWarning: The `get_sentence_embedding_dimension` method has been renamed to `get_embedding_dimension`.
  if pooling_modes(pool) != [m["pooling"]] or encoder.get_sentence_embedding_dimension() != m["embedding_dim"]:
{"arm":"risk","elapsed_seconds":343.6192718539387,"event":"updates","logical_updates":312,"order":"ABC","peak_observed_bytes":27732,"stage":2,"stage_updates":24}

{"arm":"risk","elapsed_seconds":599.0097123498563,"event":"updates","logical_updates":336,"order":"ABC","peak_observed_bytes":27895,"stage":2,"stage_updates":48}

{"arm":"risk","elapsed_seconds":849.8267551120371,"event":"updates","logical_updates":360,"order":"ABC","peak_observed_bytes":28058,"stage":2,"stage_updates":72}

{"arm":"risk","elapsed_seconds":1095.2584281908348,"event":"updates","logical_updates":384,"order":"ABC","peak_observed_bytes":28221,"stage":2,"stage_updates":96}

{"arm":"risk","elapsed_seconds":1347.8325390429236,"event":"updates","logical_updates":408,"order":"ABC","peak_observed_bytes":28385,"stage":2,"stage_updates":120}

{"arm":"risk","elapsed_seconds":1593.922589748865,"event":"updates","logical_updates":432,"order":"ABC","peak_observed_bytes":28550,"stage":2,"stage_updates":144}

{"arm":"risk","elapsed_seconds":1843.7019030528609,"event":"updates","logical_updates":456,"order":"ABC","peak_observed_bytes":28714,"stage":2,"stage_updates":168}

{"arm":"risk","elapsed_seconds":2090.698755103862,"event":"updates","logical_updates":480,"order":"ABC","peak_observed_bytes":28879,"stage":2,"stage_updates":192}

{"arm":"risk","elapsed_seconds":2341.975569223985,"event":"updates","logical_updates":504,"order":"ABC","peak_observed_bytes":29043,"stage":2,"stage_updates":216}

{"arm":"risk","elapsed_seconds":2593.1383177319076,"event":"updates","logical_updates":528,"order":"ABC","peak_observed_bytes":29207,"stage":2,"stage_updates":240}

{"arm":"risk","elapsed_seconds":2843.3157589549664,"event":"updates","logical_updates":552,"order":"ABC","peak_observed_bytes":29372,"stage":2,"stage_updates":264}

{"arm":"risk","elapsed_seconds":3091.3649515870493,"event":"updates","logical_updates":576,"order":"ABC","peak_observed_bytes":29537,"stage":2,"stage_updates":288}

{"arm":"risk","elapsed_seconds":3522.0334459668957,"event":"updates","logical_updates":600,"order":"ABC","peak_observed_bytes":3911089248,"stage":3,"stage_updates":24}

{"arm":"risk","elapsed_seconds":3776.196114651859,"event":"updates","logical_updates":624,"order":"ABC","peak_observed_bytes":3911089248,"stage":3,"stage_updates":48}

{"arm":"risk","elapsed_seconds":4029.2627393780276,"event":"updates","logical_updates":648,"order":"ABC","peak_observed_bytes":3911089248,"stage":3,"stage_updates":72}

{"arm":"risk","elapsed_seconds":4281.830963328015,"event":"updates","logical_updates":672,"order":"ABC","peak_observed_bytes":3911089248,"stage":3,"stage_updates":96}

{"arm":"risk","elapsed_seconds":4534.034123905003,"event":"updates","logical_updates":696,"order":"ABC","peak_observed_bytes":3911089248,"stage":3,"stage_updates":120}

{"arm":"risk","elapsed_seconds":4785.302303045988,"event":"updates","logical_updates":720,"order":"ABC","peak_observed_bytes":3911089248,"stage":3,"stage_updates":144}

{"arm":"risk","elapsed_seconds":5034.890617572004,"event":"updates","logical_updates":744,"order":"ABC","peak_observed_bytes":3911089248,"stage":3,"stage_updates":168}

{"arm":"risk","elapsed_seconds":5289.308505228953,"event":"updates","logical_updates":768,"order":"ABC","peak_observed_bytes":3911089248,"stage":3,"stage_updates":192}

{"arm":"risk","elapsed_seconds":5541.696804168867,"event":"updates","logical_updates":792,"order":"ABC","peak_observed_bytes":3911089248,"stage":3,"stage_updates":216}

{"arm":"risk","elapsed_seconds":5792.379415659001,"event":"updates","logical_updates":816,"order":"ABC","peak_observed_bytes":3911089248,"stage":3,"stage_updates":240}

{"arm":"risk","elapsed_seconds":6044.580993595999,"event":"updates","logical_updates":840,"order":"ABC","peak_observed_bytes":3911089248,"stage":3,"stage_updates":264}

{"arm":"risk","elapsed_seconds":6297.435791401891,"event":"updates","logical_updates":864,"order":"ABC","peak_observed_bytes":3911089248,"stage":3,"stage_updates":288}

/home/yongpeng/cross-lingual/reports/seller_alias_continual/20261003/risk_execution/20261003_191000/workspace/scripts/step28_chinese_base.py:124: FutureWarning: The `get_sentence_embedding_dimension` method has been renamed to `get_embedding_dimension`.
  if pooling_modes(pool) != [m["pooling"]] or encoder.get_sentence_embedding_dimension() != m["embedding_dim"]:
{"arm":"risk","elapsed_seconds":6794.203565459,"event":"updates","logical_updates":312,"order":"BCA","peak_observed_bytes":5218363277,"stage":2,"stage_updates":24}

{"arm":"risk","elapsed_seconds":7049.1634368689265,"event":"updates","logical_updates":336,"order":"BCA","peak_observed_bytes":5218363277,"stage":2,"stage_updates":48}

{"arm":"risk","elapsed_seconds":7299.428710110951,"event":"updates","logical_updates":360,"order":"BCA","peak_observed_bytes":5218363277,"stage":2,"stage_updates":72}

{"arm":"risk","elapsed_seconds":7558.1990185568575,"event":"updates","logical_updates":384,"order":"BCA","peak_observed_bytes":5218363277,"stage":2,"stage_updates":96}

{"arm":"risk","elapsed_seconds":7817.059654694982,"event":"updates","logical_updates":408,"order":"BCA","peak_observed_bytes":5218363277,"stage":2,"stage_updates":120}

{"arm":"risk","elapsed_seconds":8065.7972913470585,"event":"updates","logical_updates":432,"order":"BCA","peak_observed_bytes":5218363277,"stage":2,"stage_updates":144}

{"arm":"risk","elapsed_seconds":8317.118137490004,"event":"updates","logical_updates":456,"order":"BCA","peak_observed_bytes":5218363277,"stage":2,"stage_updates":168}

{"arm":"risk","elapsed_seconds":8571.265520266956,"event":"updates","logical_updates":480,"order":"BCA","peak_observed_bytes":5218363277,"stage":2,"stage_updates":192}

{"arm":"risk","elapsed_seconds":8819.320202335017,"event":"updates","logical_updates":504,"order":"BCA","peak_observed_bytes":5218363277,"stage":2,"stage_updates":216}

{"arm":"risk","elapsed_seconds":9071.739309232915,"event":"updates","logical_updates":528,"order":"BCA","peak_observed_bytes":5218363277,"stage":2,"stage_updates":240}

{"arm":"risk","elapsed_seconds":9324.908118439838,"event":"updates","logical_updates":552,"order":"BCA","peak_observed_bytes":5218363277,"stage":2,"stage_updates":264}

{"arm":"risk","elapsed_seconds":9578.971895719878,"event":"updates","logical_updates":576,"order":"BCA","peak_observed_bytes":5218363277,"stage":2,"stage_updates":288}

{"arm":"risk","elapsed_seconds":10001.274157503853,"event":"updates","logical_updates":600,"order":"BCA","peak_observed_bytes":6525410761,"stage":3,"stage_updates":24}

{"arm":"risk","elapsed_seconds":10255.556615803856,"event":"updates","logical_updates":624,"order":"BCA","peak_observed_bytes":6525410761,"stage":3,"stage_updates":48}

{"arm":"risk","elapsed_seconds":10505.611360899871,"event":"updates","logical_updates":648,"order":"BCA","peak_observed_bytes":6525410761,"stage":3,"stage_updates":72}

{"arm":"risk","elapsed_seconds":10752.370980403852,"event":"updates","logical_updates":672,"order":"BCA","peak_observed_bytes":6525410761,"stage":3,"stage_updates":96}

{"arm":"risk","elapsed_seconds":11001.302503820043,"event":"updates","logical_updates":696,"order":"BCA","peak_observed_bytes":6525410761,"stage":3,"stage_updates":120}

{"arm":"risk","elapsed_seconds":11249.998046839843,"event":"updates","logical_updates":720,"order":"BCA","peak_observed_bytes":6525410761,"stage":3,"stage_updates":144}

{"arm":"risk","elapsed_seconds":11500.573352681007,"event":"updates","logical_updates":744,"order":"BCA","peak_observed_bytes":6525410761,"stage":3,"stage_updates":168}

{"arm":"risk","elapsed_seconds":11753.213203867897,"event":"updates","logical_updates":768,"order":"BCA","peak_observed_bytes":6525410761,"stage":3,"stage_updates":192}

{"arm":"risk","elapsed_seconds":12001.409015293,"event":"updates","logical_updates":792,"order":"BCA","peak_observed_bytes":6525410761,"stage":3,"stage_updates":216}

{"arm":"risk","elapsed_seconds":12246.492889917921,"event":"updates","logical_updates":816,"order":"BCA","peak_observed_bytes":6525410761,"stage":3,"stage_updates":240}

{"arm":"risk","elapsed_seconds":12492.682093920885,"event":"updates","logical_updates":840,"order":"BCA","peak_observed_bytes":6525410761,"stage":3,"stage_updates":264}

{"arm":"risk","elapsed_seconds":12738.24611823284,"event":"updates","logical_updates":864,"order":"BCA","peak_observed_bytes":6525410761,"stage":3,"stage_updates":288}

/home/yongpeng/cross-lingual/reports/seller_alias_continual/20261003/risk_execution/20261003_191000/workspace/scripts/step28_chinese_base.py:124: FutureWarning: The `get_sentence_embedding_dimension` method has been renamed to `get_embedding_dimension`.
  if pooling_modes(pool) != [m["pooling"]] or encoder.get_sentence_embedding_dimension() != m["embedding_dim"]:
{"arm":"risk","elapsed_seconds":13232.477376773953,"event":"updates","logical_updates":312,"order":"CAB","peak_observed_bytes":7832675533,"stage":2,"stage_updates":24}

{"arm":"risk","elapsed_seconds":13476.013846897986,"event":"updates","logical_updates":336,"order":"CAB","peak_observed_bytes":7832675533,"stage":2,"stage_updates":48}

{"arm":"risk","elapsed_seconds":13717.63468451798,"event":"updates","logical_updates":360,"order":"CAB","peak_observed_bytes":7832675533,"stage":2,"stage_updates":72}

{"arm":"risk","elapsed_seconds":13960.531553511042,"event":"updates","logical_updates":384,"order":"CAB","peak_observed_bytes":7832675533,"stage":2,"stage_updates":96}

{"arm":"risk","elapsed_seconds":14201.447279695887,"event":"updates","logical_updates":408,"order":"CAB","peak_observed_bytes":7832675533,"stage":2,"stage_updates":120}

{"arm":"risk","elapsed_seconds":14445.939303181833,"event":"updates","logical_updates":432,"order":"CAB","peak_observed_bytes":7832675533,"stage":2,"stage_updates":144}

{"arm":"risk","elapsed_seconds":14691.884628044907,"event":"updates","logical_updates":456,"order":"CAB","peak_observed_bytes":7832675533,"stage":2,"stage_updates":168}

{"arm":"risk","elapsed_seconds":14930.84972638404,"event":"updates","logical_updates":480,"order":"CAB","peak_observed_bytes":7832675533,"stage":2,"stage_updates":192}

{"arm":"risk","elapsed_seconds":15172.338106466923,"event":"updates","logical_updates":504,"order":"CAB","peak_observed_bytes":7832675533,"stage":2,"stage_updates":216}

{"arm":"risk","elapsed_seconds":15414.51113252691,"event":"updates","logical_updates":528,"order":"CAB","peak_observed_bytes":7832675533,"stage":2,"stage_updates":240}

{"arm":"risk","elapsed_seconds":15654.45364934695,"event":"updates","logical_updates":552,"order":"CAB","peak_observed_bytes":7832675533,"stage":2,"stage_updates":264}

{"arm":"risk","elapsed_seconds":15901.188022630988,"event":"updates","logical_updates":576,"order":"CAB","peak_observed_bytes":7832675533,"stage":2,"stage_updates":288}

{"arm":"risk","elapsed_seconds":16323.088459006976,"event":"updates","logical_updates":600,"order":"CAB","peak_observed_bytes":9139723145,"stage":3,"stage_updates":24}

{"arm":"risk","elapsed_seconds":16575.06675148802,"event":"updates","logical_updates":624,"order":"CAB","peak_observed_bytes":9139723145,"stage":3,"stage_updates":48}

{"arm":"risk","elapsed_seconds":16816.318716865033,"event":"updates","logical_updates":648,"order":"CAB","peak_observed_bytes":9139723145,"stage":3,"stage_updates":72}

{"arm":"risk","elapsed_seconds":17066.821961171925,"event":"updates","logical_updates":672,"order":"CAB","peak_observed_bytes":9139723145,"stage":3,"stage_updates":96}

{"arm":"risk","elapsed_seconds":17310.28791963705,"event":"updates","logical_updates":696,"order":"CAB","peak_observed_bytes":9139723145,"stage":3,"stage_updates":120}

{"arm":"risk","elapsed_seconds":17558.011077692034,"event":"updates","logical_updates":720,"order":"CAB","peak_observed_bytes":9139723145,"stage":3,"stage_updates":144}

{"arm":"risk","elapsed_seconds":17806.888521750923,"event":"updates","logical_updates":744,"order":"CAB","peak_observed_bytes":9139723145,"stage":3,"stage_updates":168}

{"arm":"risk","elapsed_seconds":18048.861921390053,"event":"updates","logical_updates":768,"order":"CAB","peak_observed_bytes":9139723145,"stage":3,"stage_updates":192}

{"arm":"risk","elapsed_seconds":18295.277578114998,"event":"updates","logical_updates":792,"order":"CAB","peak_observed_bytes":9139723145,"stage":3,"stage_updates":216}

{"arm":"risk","elapsed_seconds":18540.33676075586,"event":"updates","logical_updates":816,"order":"CAB","peak_observed_bytes":9139723145,"stage":3,"stage_updates":240}

{"arm":"risk","elapsed_seconds":18788.66602484486,"event":"updates","logical_updates":840,"order":"CAB","peak_observed_bytes":9139723145,"stage":3,"stage_updates":264}

{"arm":"risk","elapsed_seconds":19033.89519182197,"event":"updates","logical_updates":864,"order":"CAB","peak_observed_bytes":9139723145,"stage":3,"stage_updates":288}

{"out":"/home/yongpeng/cross-lingual/reports/seller_alias_continual/20261003/risk_execution/20261003_191000/workspace/reports/job","status":"COMPLETE_RISK_REPLAY_DEVELOPMENT_COMPARISON"}

