	Command being timed: "timeout --signal=TERM --kill-after=30s 1h python -u -B scripts/step28_er_weight_check.py --study low --out /home/yongpeng/cross-lingual/reports/seller_alias_continual/20261002/er_low_execution/20261002_124018/cpu/audit.json"
	User time (seconds): 349.11
	System time (seconds): 14.63
	Percent of CPU this job got: 99%
	Elapsed (wall clock) time (h:mm:ss or m:ss): 6:04.25
	Average shared text size (kbytes): 0
	Average unshared data size (kbytes): 0
	Average stack size (kbytes): 0
	Average total size (kbytes): 0
	Maximum resident set size (kbytes): 10365728
	Average resident set size (kbytes): 0
	Major (requiring I/O) page faults: 1
	Minor (reclaiming a frame) page faults: 14817465
	Voluntary context switches: 4154
	Involuntary context switches: 1980
	Swaps: 0
	File system inputs: 119400
	File system outputs: 193248
	Socket messages sent: 0
	Socket messages received: 0
	Signals delivered: 0
	Page size (bytes): 4096
	Exit status: 0
