return record sample {'path': 'reports/seller_alias_continual/20260928/calibration_execution/20260928_140128/exit_status.txt', 'bytes': 2, 'sha256': '4355a46b19d348dc2f57c046f8ef63d4538ebb936000f3c9ee954a27460dd865'}
{
  "status": "PASS",
  "zip_bytes": 4717975,
  "zip_sha256": "819361383e6692c16aafce16439f7a3b21e9fb439ff23795ecd063c5cb9c95c2",
  "zip_members": 291,
  "source_count": 290,
  "source_bytes": 6737866,
  "nested_sources_verified": 102,
  "returned_records_count": 82,
  "returned_records_bytes": 2397392,
  "alignments": {
    "calibration": {
      "groups": 36,
      "seller_count": 1008
    },
    "development": {
      "groups": 60,
      "seller_count": 1680
    }
  }
}
