{"written":"train","domain":"A"}
{"written":"train","domain":"B"}
{"written":"train","domain":"C"}
{"written":"development","domain":"A"}
{"written":"development","domain":"B"}
{"written":"development","domain":"C"}
{"written":"heldout","domain":"A"}
{"written":"heldout","domain":"B"}
{"written":"heldout","domain":"C"}
{
  "status": "PASS_GENERATION_CONTRACT_NOT_MODEL_QUALIFICATION",
  "counts": {
    "groups": 360,
    "controllers": 4320,
    "accounts": 10080,
    "items": 36368,
    "pairs": 136080,
    "positive_pairs": 7200,
    "negative_pairs": 128880
  },
  "item_count_histogram": {
    "2": 5721,
    "3": 959,
    "4": 711,
    "5": 428,
    "6": 386,
    "7": 251,
    "8": 1624
  },
  "maximum_text_characters": {
    "title": 19,
    "description": 80
  },
  "maximum_item_metadata_bytes": 176,
  "directory_bytes_at_verification": 29171563,
  "small_record_bytes_at_verification": 61544,
  "domain_observations": {
    "A": {
      "items": 12103,
      "topic_counts": {
        "数据资料": 7160,
        "数字账号": 2478,
        "软件服务": 2465
      },
      "topic_proportions": {
        "数据资料": 0.591588862265554,
        "数字账号": 0.20474262579525737,
        "软件服务": 0.20366851193918864
      },
      "theoretical_topic_proportions": [
        0.5895975232198142,
        0.20520123839009288,
        0.20520123839009288
      ],
      "subcategory_counts": {
        "企业资料": 1775,
        "教育资料": 1770,
        "行业名录": 1786,
        "商品目录": 1829,
        "社交账号": 667,
        "内容平台账号": 613,
        "游戏账号": 629,
        "工具平台账号": 569,
        "资料整理": 586,
        "格式转换": 587,
        "检索辅助": 670,
        "维护支持": 622
      }
    },
    "B": {
      "items": 12155,
      "topic_counts": {
        "数据资料": 2530,
        "数字账号": 7239,
        "软件服务": 2386
      },
      "topic_proportions": {
        "数据资料": 0.2081447963800905,
        "数字账号": 0.5955573837926779,
        "软件服务": 0.1962978198272316
      },
      "theoretical_topic_proportions": [
        0.20520123839009288,
        0.5895975232198142,
        0.20520123839009288
      ],
      "subcategory_counts": {
        "企业资料": 676,
        "教育资料": 659,
        "行业名录": 613,
        "商品目录": 582,
        "社交账号": 1804,
        "内容平台账号": 1777,
        "游戏账号": 1850,
        "工具平台账号": 1808,
        "资料整理": 590,
        "格式转换": 546,
        "检索辅助": 638,
        "维护支持": 612
      }
    },
    "C": {
      "items": 12110,
      "topic_counts": {
        "数据资料": 2497,
        "数字账号": 2534,
        "软件服务": 7079
      },
      "topic_proportions": {
        "数据资料": 0.20619322873658133,
        "数字账号": 0.2092485549132948,
        "软件服务": 0.5845582163501238
      },
      "theoretical_topic_proportions": [
        0.20520123839009288,
        0.20520123839009288,
        0.5895975232198142
      ],
      "subcategory_counts": {
        "企业资料": 646,
        "教育资料": 622,
        "行业名录": 614,
        "商品目录": 615,
        "社交账号": 616,
        "内容平台账号": 571,
        "游戏账号": 671,
        "工具平台账号": 676,
        "资料整理": 1619,
        "格式转换": 1854,
        "检索辅助": 1863,
        "维护支持": 1743
      }
    }
  },
  "domain_split_observations": {
    "B/train": {
      "groups": 60,
      "items": 6005,
      "topic_counts": [
        1223,
        3580,
        1202
      ]
    },
    "C/train": {
      "groups": 60,
      "items": 6065,
      "topic_counts": [
        1298,
        1182,
        3585
      ]
    },
    "A/train": {
      "groups": 60,
      "items": 6111,
      "topic_counts": [
        3611,
        1264,
        1236
      ]
    },
    "A/development": {
      "groups": 20,
      "items": 1938,
      "topic_counts": [
        1208,
        362,
        368
      ]
    },
    "C/development": {
      "groups": 20,
      "items": 1993,
      "topic_counts": [
        447,
        479,
        1067
      ]
    },
    "B/development": {
      "groups": 20,
      "items": 1991,
      "topic_counts": [
        410,
        1218,
        363
      ]
    },
    "A/heldout": {
      "groups": 40,
      "items": 4054,
      "topic_counts": [
        2341,
        852,
        861
      ]
    },
    "B/heldout": {
      "groups": 40,
      "items": 4159,
      "topic_counts": [
        897,
        2441,
        821
      ]
    },
    "C/heldout": {
      "groups": 40,
      "items": 4052,
      "topic_counts": [
        752,
        873,
        2427
      ]
    }
  },
  "duplicate_text": {
    "item_text_unique": 36368,
    "item_text_extra_occurrences": 0,
    "item_text_types_shared_across_splits": 0,
    "account_text_extra_occurrences": 0,
    "account_text_types_shared_across_splits": 0
  },
  "observed_pair_overlap": {
    "0": {
      "pairs": 128880,
      "mean_topic_set_jaccard": 0.5068422822263606,
      "style_axis_agreement": [
        0.12040657976412167,
        0.12188081936685288,
        0.12046865301055246
      ]
    },
    "1": {
      "pairs": 7200,
      "mean_topic_set_jaccard": 0.591527777777778,
      "style_axis_agreement": [
        0.36069444444444443,
        0.3798611111111111,
        0.36680555555555555
      ]
    }
  },
  "expression_domain_split_observations": {
    "B/train": {
      "accounts": 1680,
      "public_subset_membership_counts": [
        759,
        546,
        1183
      ],
      "style_counts": [
        [
          221,
          281,
          257,
          98,
          101,
          107,
          108,
          98,
          83,
          112,
          114,
          100
        ],
        [
          186,
          185,
          175,
          119,
          131,
          126,
          115,
          150,
          147,
          126,
          105,
          115
        ],
        [
          415,
          385,
          383,
          55,
          76,
          47,
          46,
          59,
          51,
          56,
          53,
          54
        ]
      ],
      "pair_counts": [
        21480,
        1200
      ],
      "same_axis_counts": [
        [
          2125,
          1943,
          3666
        ],
        [
          424,
          626,
          320
        ]
      ],
      "public_subset_membership_rates": [
        0.4517857142857143,
        0.325,
        0.7041666666666667
      ],
      "theoretical_public_subset_membership": [
        0.475,
        0.325,
        0.7
      ],
      "theoretical_pair_agreement": [
        {
          "different_controller": 0.10583333333333333,
          "same_controller": 0.3584895833333333,
          "difference": 0.25265624999999997
        },
        {
          "different_controller": 0.08583333333333333,
          "same_controller": 0.5034895833333334,
          "difference": 0.41765625000000006
        },
        {
          "different_controller": 0.17333333333333334,
          "same_controller": 0.25583333333333336,
          "difference": 0.08250000000000002
        }
      ],
      "observed_pair_agreement": [
        [
          0.0989292364990689,
          0.09045623836126629,
          0.17067039106145251
        ],
        [
          0.35333333333333333,
          0.5216666666666666,
          0.26666666666666666
        ]
      ]
    },
    "C/train": {
      "accounts": 1680,
      "public_subset_membership_counts": [
        1192,
        781,
        554
      ],
      "style_counts": [
        [
          378,
          400,
          414,
          59,
          53,
          52,
          47,
          61,
          54,
          60,
          46,
          56
        ],
        [
          265,
          260,
          256,
          89,
          97,
          94,
          101,
          87,
          100,
          116,
          102,
          113
        ],
        [
          164,
          215,
          175,
          120,
          129,
          136,
          130,
          114,
          118,
          130,
          125,
          124
        ]
      ],
      "pair_counts": [
        21480,
        1200
      ],
      "same_axis_counts": [
        [
          3750,
          2169,
          1915
        ],
        [
          299,
          423,
          623
        ]
      ],
      "public_subset_membership_rates": [
        0.7095238095238096,
        0.4648809523809524,
        0.32976190476190476
      ],
      "theoretical_public_subset_membership": [
        0.7,
        0.475,
        0.325
      ],
      "theoretical_pair_agreement": [
        {
          "different_controller": 0.17333333333333334,
          "same_controller": 0.25583333333333336,
          "difference": 0.08250000000000002
        },
        {
          "different_controller": 0.10583333333333333,
          "same_controller": 0.3584895833333333,
          "difference": 0.25265624999999997
        },
        {
          "different_controller": 0.08583333333333333,
          "same_controller": 0.5034895833333334,
          "difference": 0.41765625000000006
        }
      ],
      "observed_pair_agreement": [
        [
          0.17458100558659218,
          0.10097765363128491,
          0.08915270018621974
        ],
        [
          0.24916666666666668,
          0.3525,
          0.5191666666666667
        ]
      ]
    },
    "A/train": {
      "accounts": 1680,
      "public_subset_membership_counts": [
        570,
        1166,
        808
      ],
      "style_counts": [
        [
          174,
          208,
          188,
          112,
          119,
          108,
          101,
          119,
          129,
          138,
          147,
          137
        ],
        [
          399,
          405,
          362,
          43,
          64,
          56,
          64,
          50,
          51,
          65,
          67,
          54
        ],
        [
          270,
          277,
          261,
          106,
          91,
          94,
          102,
          89,
          113,
          96,
          82,
          99
        ]
      ],
      "pair_counts": [
        21480,
        1200
      ],
      "same_axis_counts": [
        [
          1771,
          3634,
          2264
        ],
        [
          583,
          306,
          397
        ]
      ],
      "public_subset_membership_rates": [
        0.3392857142857143,
        0.694047619047619,
        0.48095238095238096
      ],
      "theoretical_public_subset_membership": [
        0.325,
        0.7,
        0.475
      ],
      "theoretical_pair_agreement": [
        {
          "different_controller": 0.08583333333333333,
          "same_controller": 0.5034895833333334,
          "difference": 0.41765625000000006
        },
        {
          "different_controller": 0.17333333333333334,
          "same_controller": 0.25583333333333336,
          "difference": 0.08250000000000002
        },
        {
          "different_controller": 0.10583333333333333,
          "same_controller": 0.3584895833333333,
          "difference": 0.25265624999999997
        }
      ],
      "observed_pair_agreement": [
        [
          0.0824487895716946,
          0.1691806331471136,
          0.10540037243947858
        ],
        [
          0.48583333333333334,
          0.255,
          0.3308333333333333
        ]
      ]
    },
    "A/development": {
      "accounts": 560,
      "public_subset_membership_counts": [
        190,
        394,
        267
      ],
      "style_counts": [
        [
          73,
          51,
          66,
          49,
          50,
          35,
          38,
          39,
          45,
          44,
          43,
          27
        ],
        [
          127,
          134,
          133,
          27,
          25,
          11,
          19,
          17,
          24,
          15,
          11,
          17
        ],
        [
          81,
          98,
          88,
          37,
          34,
          14,
          27,
          43,
          41,
          29,
          27,
          41
        ]
      ],
      "pair_counts": [
        7160,
        400
      ],
      "same_axis_counts": [
        [
          581,
          1232,
          727
        ],
        [
          209,
          92,
          135
        ]
      ],
      "public_subset_membership_rates": [
        0.3392857142857143,
        0.7035714285714286,
        0.4767857142857143
      ],
      "theoretical_public_subset_membership": [
        0.325,
        0.7,
        0.475
      ],
      "theoretical_pair_agreement": [
        {
          "different_controller": 0.08583333333333333,
          "same_controller": 0.5034895833333334,
          "difference": 0.41765625000000006
        },
        {
          "different_controller": 0.17333333333333334,
          "same_controller": 0.25583333333333336,
          "difference": 0.08250000000000002
        },
        {
          "different_controller": 0.10583333333333333,
          "same_controller": 0.3584895833333333,
          "difference": 0.25265624999999997
        }
      ],
      "observed_pair_agreement": [
        [
          0.08114525139664805,
          0.17206703910614526,
          0.10153631284916201
        ],
        [
          0.5225,
          0.23,
          0.3375
        ]
      ]
    },
    "C/development": {
      "accounts": 560,
      "public_subset_membership_counts": [
        410,
        270,
        166
      ],
      "style_counts": [
        [
          134,
          126,
          150,
          22,
          21,
          13,
          20,
          17,
          15,
          12,
          14,
          16
        ],
        [
          79,
          101,
          90,
          37,
          31,
          36,
          23,
          39,
          27,
          20,
          43,
          34
        ],
        [
          50,
          59,
          57,
          38,
          60,
          50,
          38,
          34,
          29,
          52,
          39,
          54
        ]
      ],
      "pair_counts": [
        7160,
        400
      ],
      "same_axis_counts": [
        [
          1385,
          721,
          560
        ],
        [
          83,
          154,
          178
        ]
      ],
      "public_subset_membership_rates": [
        0.7321428571428571,
        0.48214285714285715,
        0.29642857142857143
      ],
      "theoretical_public_subset_membership": [
        0.7,
        0.475,
        0.325
      ],
      "theoretical_pair_agreement": [
        {
          "different_controller": 0.17333333333333334,
          "same_controller": 0.25583333333333336,
          "difference": 0.08250000000000002
        },
        {
          "different_controller": 0.10583333333333333,
          "same_controller": 0.3584895833333333,
          "difference": 0.25265624999999997
        },
        {
          "different_controller": 0.08583333333333333,
          "same_controller": 0.5034895833333334,
          "difference": 0.41765625000000006
        }
      ],
      "observed_pair_agreement": [
        [
          0.19343575418994413,
          0.10069832402234637,
          0.0782122905027933
        ],
        [
          0.2075,
          0.385,
          0.445
        ]
      ]
    },
    "B/development": {
      "accounts": 560,
      "public_subset_membership_counts": [
        270,
        191,
        384
      ],
      "style_counts": [
        [
          86,
          89,
          95,
          33,
          32,
          32,
          32,
          33,
          39,
          32,
          31,
          26
        ],
        [
          71,
          61,
          59,
          41,
          34,
          56,
          34,
          54,
          44,
          30,
          38,
          38
        ],
        [
          140,
          123,
          121,
          22,
          19,
          13,
          34,
          26,
          18,
          8,
          11,
          25
        ]
      ],
      "pair_counts": [
        7160,
        400
      ],
      "same_axis_counts": [
        [
          720,
          649,
          1194
        ],
        [
          138,
          196,
          106
        ]
      ],
      "public_subset_membership_rates": [
        0.48214285714285715,
        0.3410714285714286,
        0.6857142857142857
      ],
      "theoretical_public_subset_membership": [
        0.475,
        0.325,
        0.7
      ],
      "theoretical_pair_agreement": [
        {
          "different_controller": 0.10583333333333333,
          "same_controller": 0.3584895833333333,
          "difference": 0.25265624999999997
        },
        {
          "different_controller": 0.08583333333333333,
          "same_controller": 0.5034895833333334,
          "difference": 0.41765625000000006
        },
        {
          "different_controller": 0.17333333333333334,
          "same_controller": 0.25583333333333336,
          "difference": 0.08250000000000002
        }
      ],
      "observed_pair_agreement": [
        [
          0.1005586592178771,
          0.09064245810055865,
          0.16675977653631285
        ],
        [
          0.345,
          0.49,
          0.265
        ]
      ]
    },
    "A/heldout": {
      "accounts": 1120,
      "public_subset_membership_counts": [
        355,
        784,
        524
      ],
      "style_counts": [
        [
          120,
          115,
          120,
          82,
          92,
          108,
          88,
          86,
          75,
          68,
          96,
          70
        ],
        [
          248,
          275,
          261,
          36,
          26,
          33,
          39,
          48,
          33,
          37,
          45,
          39
        ],
        [
          166,
          190,
          168,
          56,
          68,
          48,
          82,
          75,
          66,
          57,
          64,
          80
        ]
      ],
      "pair_counts": [
        14320,
        800
      ],
      "same_axis_counts": [
        [
          1216,
          2521,
          1510
        ],
        [
          395,
          205,
          268
        ]
      ],
      "public_subset_membership_rates": [
        0.3169642857142857,
        0.7,
        0.46785714285714286
      ],
      "theoretical_public_subset_membership": [
        0.325,
        0.7,
        0.475
      ],
      "theoretical_pair_agreement": [
        {
          "different_controller": 0.08583333333333333,
          "same_controller": 0.5034895833333334,
          "difference": 0.41765625000000006
        },
        {
          "different_controller": 0.17333333333333334,
          "same_controller": 0.25583333333333336,
          "difference": 0.08250000000000002
        },
        {
          "different_controller": 0.10583333333333333,
          "same_controller": 0.3584895833333333,
          "difference": 0.25265624999999997
        }
      ],
      "observed_pair_agreement": [
        [
          0.08491620111731843,
          0.17604748603351955,
          0.10544692737430168
        ],
        [
          0.49375,
          0.25625,
          0.335
        ]
      ]
    },
    "B/heldout": {
      "accounts": 1120,
      "public_subset_membership_counts": [
        563,
        362,
        788
      ],
      "style_counts": [
        [
          195,
          159,
          209,
          65,
          71,
          54,
          53,
          60,
          80,
          70,
          56,
          48
        ],
        [
          145,
          105,
          112,
          107,
          69,
          82,
          96,
          94,
          64,
          82,
          83,
          81
        ],
        [
          257,
          279,
          252,
          33,
          46,
          34,
          29,
          32,
          45,
          35,
          38,
          40
        ]
      ],
      "pair_counts": [
        14320,
        800
      ],
      "same_axis_counts": [
        [
          1620,
          1291,
          2493
        ],
        [
          267,
          414,
          199
        ]
      ],
      "public_subset_membership_rates": [
        0.5026785714285714,
        0.32321428571428573,
        0.7035714285714286
      ],
      "theoretical_public_subset_membership": [
        0.475,
        0.325,
        0.7
      ],
      "theoretical_pair_agreement": [
        {
          "different_controller": 0.10583333333333333,
          "same_controller": 0.3584895833333333,
          "difference": 0.25265624999999997
        },
        {
          "different_controller": 0.08583333333333333,
          "same_controller": 0.5034895833333334,
          "difference": 0.41765625000000006
        },
        {
          "different_controller": 0.17333333333333334,
          "same_controller": 0.25583333333333336,
          "difference": 0.08250000000000002
        }
      ],
      "observed_pair_agreement": [
        [
          0.11312849162011174,
          0.0901536312849162,
          0.1740921787709497
        ],
        [
          0.33375,
          0.5175,
          0.24875
        ]
      ]
    },
    "C/heldout": {
      "accounts": 1120,
      "public_subset_membership_counts": [
        767,
        540,
        346
      ],
      "style_counts": [
        [
          268,
          259,
          240,
          44,
          39,
          41,
          45,
          35,
          49,
          27,
          32,
          41
        ],
        [
          180,
          184,
          176,
          88,
          49,
          66,
          75,
          55,
          63,
          58,
          68,
          58
        ],
        [
          133,
          114,
          99,
          101,
          105,
          84,
          97,
          86,
          72,
          76,
          76,
          77
        ]
      ],
      "pair_counts": [
        14320,
        800
      ],
      "same_axis_counts": [
        [
          2350,
          1548,
          1197
        ],
        [
          199,
          319,
          415
        ]
      ],
      "public_subset_membership_rates": [
        0.6848214285714286,
        0.48214285714285715,
        0.30892857142857144
      ],
      "theoretical_public_subset_membership": [
        0.7,
        0.475,
        0.325
      ],
      "theoretical_pair_agreement": [
        {
          "different_controller": 0.17333333333333334,
          "same_controller": 0.25583333333333336,
          "difference": 0.08250000000000002
        },
        {
          "different_controller": 0.10583333333333333,
          "same_controller": 0.3584895833333333,
          "difference": 0.25265624999999997
        },
        {
          "different_controller": 0.08583333333333333,
          "same_controller": 0.5034895833333334,
          "difference": 0.41765625000000006
        }
      ],
      "observed_pair_agreement": [
        [
          0.16410614525139663,
          0.10810055865921787,
          0.08358938547486033
        ],
        [
          0.24875,
          0.39875,
          0.51875
        ]
      ]
    }
  },
  "checks": [
    "All payload hashes and sizes match the source manifest",
    "360 independent groups; controller/account/item IDs isolated",
    "New pair supervision equals complete ownership equivalence relation",
    "Every account has one fixed collection of 2-8 nonempty records",
    "Rendered product and all wording match the common catalog",
    "Account title/layout/service axes are constant across its records",
    "Only title and description are model inputs; IDs remain metadata",
    "27 candidates/query and 1 or 2 positives; no model was evaluated",
    "Actual category counts and overlap reported without reseeding or significance gates"
  ],
  "limits": [
    "Generator correctness and observed distribution shift do not establish learnability or forgetting.",
    "Public subset membership does not recover the latent public-override coin.",
    "Duplicate common text may occur; counts are descriptive, not an automatic leakage verdict.",
    "No old labels, qrels, Audit A/B, Linux, GPU or model loading used."
  ]
}
