	Command being timed: "python /mnt/data/ranking_result_reaudit_20260928/evidence/independent_result_audit.py --root /mnt/data/ranking_result_reaudit_20260928/submitted --out /mnt/data/ranking_result_reaudit_20260928/evidence/independent_analysis"
	User time (seconds): 1.77
	System time (seconds): 0.22
	Percent of CPU this job got: 99%
	Elapsed (wall clock) time (h:mm:ss or m:ss): 0:02.00
	Average shared text size (kbytes): 0
	Average unshared data size (kbytes): 0
	Average stack size (kbytes): 0
	Average total size (kbytes): 0
	Maximum resident set size (kbytes): 187068
	Average resident set size (kbytes): 0
	Major (requiring I/O) page faults: 0
	Minor (reclaiming a frame) page faults: 35211
	Voluntary context switches: 6
	Involuntary context switches: 33
	Swaps: 0
	File system inputs: 0
	File system outputs: 2280
	Socket messages sent: 0
	Socket messages received: 0
	Signals delivered: 0
	Page size (bytes): 4096
	Exit status: 0
