{
  "status": "PASS_INDEPENDENT_SAVED_RESULT_AUDIT",
  "acceptance_passed": false,
  "checks_passed": 9,
  "checks_total": 13,
  "counts": {
    "numerical_values": 161516,
    "max_numeric_difference": 4.440892098500626e-16,
    "blind_positive_count_rows": 5184,
    "unique_score_arrays": 54,
    "metric_matrices": 54,
    "loss_rows": 7776,
    "max_loss_float64_roundoff": 2.980232238769531e-07,
    "float32_loss_compositions_exact": true,
    "log_update_events": 324,
    "weight_record_chains": 18,
    "observed_update_steps": 45,
    "module_observations": 90
  },
  "versions": {
    "python": "3.13.5",
    "numpy": "2.3.5",
    "platform": "Linux-6.18.44-x86_64-with-glibc2.41",
    "cpu_affinity": [
      0
    ],
    "proc_threads": [
      "Threads:\t1"
    ]
  },
  "operations": {
    "formal_label_reads": 0,
    "formal_text_reads": 0,
    "model_loads": 0,
    "training_updates": 0,
    "project_modules_imported": false,
    "new_packages_installed": false,
    "remote_server_access": false
  },
  "resource": {
    "started": "2026-09-27T11:50:06+08:00",
    "finished": "2026-09-28T02:15:28+08:00",
    "timestamp_seconds": 51922.0,
    "budget": {
      "elapsed_seconds": 51919.57913995604,
      "peak_observed_bytes": 27435480672
    },
    "conservative_coexistence_bytes": 27436077439,
    "weights_bytes": 23516221872,
    "max_temporary_full_checkpoint_bytes": 3910960965,
    "job_small_bytes": 8894602,
    "peak_allocated_bytes": 8540458496,
    "peak_reserved_bytes": 9472835584
  }
}
PRIMARY {
  "map": {
    "mean": 0.016499599269651683,
    "per_seed": [
      0.014608013464832901,
      0.020900122651831075,
      0.013990661692291089
    ],
    "by_domain": {
      "A": 0.021518367188866867,
      "B": 0.012599219196909562,
      "C": 0.015381211423178632
    },
    "conditional_95pct_interval": [
      0.010473378355829652,
      0.02245746932267719
    ],
    "reference_mean": 0.48645312967175725,
    "candidate_mean": 0.502952728941409
  },
  "recall_at_5": {
    "mean": 0.016369047619047616,
    "per_seed": [
      0.009821428571428564,
      0.030952380952380953,
      0.008333333333333331
    ],
    "by_domain": {
      "A": 0.021428571428571415,
      "B": 0.01309523809523809,
      "C": 0.014583333333333332
    },
    "conditional_95pct_interval": [
      0.0047594246031745936,
      0.027480158730158726
    ],
    "reference_mean": 0.6195436507936508,
    "candidate_mean": 0.6359126984126985
  },
  "average_precision": {
    "mean": 0.01827729173407745,
    "per_seed": [
      0.017464372890062585,
      0.02510086749873232,
      0.01226663481343745
    ],
    "by_domain": {
      "A": 0.024397634605490975,
      "B": 0.01571399908473238,
      "C": 0.014720241512008994
    },
    "conditional_95pct_interval": [
      0.01221953785055279,
      0.024165552166421855
    ],
    "reference_mean": 0.33919735917227556,
    "candidate_mean": 0.357474650906353
  },
  "roc_auc": {
    "mean": 0.009085583488516442,
    "per_seed": [
      0.008647579143389195,
      0.016102188081936673,
      0.0025069832402234648
    ],
    "by_domain": {
      "A": 0.010169925512104265,
      "B": 0.008101722532588456,
      "C": 0.00898510242085661
    },
    "conditional_95pct_interval": [
      0.0041237294382371155,
      0.01405301443202979
    ],
    "reference_mean": 0.7799802141527004,
    "candidate_mean": 0.7890657976412166
  },
  "brier": {
    "mean": 0.00032087593549226816,
    "per_seed": [
      0.0005028986045428125,
      -0.0005598163165922779,
      0.00101954551852627
    ],
    "by_domain": {
      "A": 0.00012283987825376512,
      "B": 0.00012430800315957148,
      "C": 0.0007154799250634681
    },
    "conditional_95pct_interval": [
      0.00011546282276795111,
      0.0005206092791210942
    ],
    "reference_mean": 0.044006086791462354,
    "candidate_mean": 0.044326962726954626
  },
  "log_loss": {
    "mean": 0.0018788409455724189,
    "per_seed": [
      0.005692199813968817,
      -0.0045868424879190834,
      0.004531165510667523
    ],
    "by_domain": {
      "A": 0.0006018548279290832,
      "B": 0.001789628314631601,
      "C": 0.003245039694156573
    },
    "conditional_95pct_interval": [
      0.0005275302939369549,
      0.003324208023272915
    ],
    "reference_mean": 0.18759195381957913,
    "candidate_mean": 0.18947079476515152
  }
}
