{
  "zip_bytes": 7579246,
  "zip_sha256": "6d01ada467bc705044d31008302fb6a96aa6fd9fbb7817db4166dd06254c9474",
  "zip_members": 253,
  "verified_sources": 252,
  "job_members": 161,
  "job_bytes": 8894602,
  "python": "3.13.5 (main, Jul 15 2026, 20:25:40) [GCC 14.2.0]",
  "platform": "Linux-6.18.44-x86_64-with-glibc2.41"
}
ALL MEMBER PATHS:
AGENTS.md
docs/AI_RESEARCH_HANDOFF.zh.md
docs/RESEARCH_DISCIPLINE.zh.md
docs/RESEARCH_DISCUSSION.zh.md
docs/RESEARCH_PLAN.md
docs/SELLER_ALIAS_CONTINUAL_DATA.zh.md
docs/SELLER_ALIAS_EXPRESSION_DATA_RESULT.zh.md
docs/SELLER_ALIAS_RANKING_IMPLEMENTATION.zh.md
docs/SELLER_ALIAS_RANKING_RESULT.zh.md
docs/SELLER_ALIAS_RANKING.zh.md
reports/documentation/20260927/ranking_plan/decision.json
reports/seller_alias_continual/20260927/ranking_execution/20260927_114646/job/completion.json
reports/seller_alias_continual/20260927/ranking_execution/20260927_114646/job/evaluation/access.json
reports/seller_alias_continual/20260927/ranking_execution/20260927_114646/job/evaluation/collected.json
reports/seller_alias_continual/20260927/ranking_execution/20260927_114646/job/evaluation/evaluation.json
reports/seller_alias_continual/20260927/ranking_execution/20260927_114646/job/evaluation/preparse_verification.json
reports/seller_alias_continual/20260927/ranking_execution/20260927_114646/job/evaluation/s0_d/epoch3_metrics.npy
reports/seller_alias_continual/20260927/ranking_execution/20260927_114646/job/evaluation/s0_d/epoch6_metrics.npy
reports/seller_alias_continual/20260927/ranking_execution/20260927_114646/job/evaluation/s0_hard/epoch3_metrics.npy
reports/seller_alias_continual/20260927/ranking_execution/20260927_114646/job/evaluation/s0_hard/epoch6_metrics.npy
reports/seller_alias_continual/20260927/ranking_execution/20260927_114646/job/evaluation/s0_schedule/epoch3_metrics.npy
reports/seller_alias_continual/20260927/ranking_execution/20260927_114646/job/evaluation/s0_schedule/epoch6_metrics.npy
reports/seller_alias_continual/20260927/ranking_execution/20260927_114646/job/evaluation/s1_d/epoch3_metrics.npy
reports/seller_alias_continual/20260927/ranking_execution/20260927_114646/job/evaluation/s1_d/epoch6_metrics.npy
reports/seller_alias_continual/20260927/ranking_execution/20260927_114646/job/evaluation/s1_hard/epoch3_metrics.npy
reports/seller_alias_continual/20260927/ranking_execution/20260927_114646/job/evaluation/s1_hard/epoch6_metrics.npy
reports/seller_alias_continual/20260927/ranking_execution/20260927_114646/job/evaluation/s1_schedule/epoch3_metrics.npy
reports/seller_alias_continual/20260927/ranking_execution/20260927_114646/job/evaluation/s1_schedule/epoch6_metrics.npy
reports/seller_alias_continual/20260927/ranking_execution/20260927_114646/job/evaluation/s2_d/epoch3_metrics.npy
reports/seller_alias_continual/20260927/ranking_execution/20260927_114646/job/evaluation/s2_d/epoch6_metrics.npy
reports/seller_alias_continual/20260927/ranking_execution/20260927_114646/job/evaluation/s2_hard/epoch3_metrics.npy
reports/seller_alias_continual/20260927/ranking_execution/20260927_114646/job/evaluation/s2_hard/epoch6_metrics.npy
reports/seller_alias_continual/20260927/ranking_execution/20260927_114646/job/evaluation/s2_schedule/epoch3_metrics.npy
reports/seller_alias_continual/20260927/ranking_execution/20260927_114646/job/evaluation/s2_schedule/epoch6_metrics.npy
reports/seller_alias_continual/20260927/ranking_execution/20260927_114646/job/exit_status.txt
reports/seller_alias_continual/20260927/ranking_execution/20260927_114646/job/finished.txt
reports/seller_alias_continual/20260927/ranking_execution/20260927_114646/job/resource_usage.log
reports/seller_alias_continual/20260927/ranking_execution/20260927_114646/job/run/access.json
reports/seller_alias_continual/20260927/ranking_execution/20260927_114646/job/run/completion.json
reports/seller_alias_continual/20260927/ranking_execution/20260927_114646/job/run/manifest.json
reports/seller_alias_continual/20260927/ranking_execution/20260927_114646/job/run/partition.json
reports/seller_alias_continual/20260927/ranking_execution/20260927_114646/job/run/preflight.json
reports/seller_alias_continual/20260927/ranking_execution/20260927_114646/job/run/progress.json
reports/seller_alias_continual/20260927/ranking_execution/20260927_114646/job/run/s0_d/calibration.json
reports/seller_alias_continual/20260927/ranking_execution/20260927_114646/job/run/s0_d/manifest.json
reports/seller_alias_continual/20260927/ranking_execution/20260927_114646/job/run/s0_d/progress.json
reports/seller_alias_continual/20260927/ranking_execution/20260927_114646/job/run/s0_d/scores/epoch3_calibration_metrics.npy
reports/seller_alias_continual/20260927/ranking_execution/20260927_114646/job/run/s0_d/scores/epoch3_calibration.npy
reports/seller_alias_continual/20260927/ranking_execution/20260927_114646/job/run/s0_d/scores/epoch3_development.npy
reports/seller_alias_continual/20260927/ranking_execution/20260927_114646/job/run/s0_d/scores/epoch3_fit_metrics.npy
reports/seller_alias_continual/20260927/ranking_execution/20260927_114646/job/run/s0_d/scores/epoch3_fit.npy
reports/seller_alias_continual/20260927/ranking_execution/20260927_114646/job/run/s0_d/scores/epoch6_calibration_metrics.npy
reports/seller_alias_continual/20260927/ranking_execution/20260927_114646/job/run/s0_d/scores/epoch6_calibration.npy
reports/seller_alias_continual/20260927/ranking_execution/20260927_114646/job/run/s0_d/scores/epoch6_development.npy
reports/seller_alias_continual/20260927/ranking_execution/20260927_114646/job/run/s0_d/scores/epoch6_fit_metrics.npy
reports/seller_alias_continual/20260927/ranking_execution/20260927_114646/job/run/s0_d/scores/epoch6_fit.npy
reports/seller_alias_continual/20260927/ranking_execution/20260927_114646/job/run/s0_d/updates.npy
reports/seller_alias_continual/20260927/ranking_execution/20260927_114646/job/run/s0_hard/calibration.json
reports/seller_alias_continual/20260927/ranking_execution/20260927_114646/job/run/s0_hard/manifest.json
reports/seller_alias_continual/20260927/ranking_execution/20260927_114646/job/run/s0_hard/progress.json
reports/seller_alias_continual/20260927/ranking_execution/20260927_114646/job/run/s0_hard/scores/epoch3_calibration_metrics.npy
reports/seller_alias_continual/20260927/ranking_execution/20260927_114646/job/run/s0_hard/scores/epoch3_calibration.npy
reports/seller_alias_continual/20260927/ranking_execution/20260927_114646/job/run/s0_hard/scores/epoch3_development.npy
reports/seller_alias_continual/20260927/ranking_execution/20260927_114646/job/run/s0_hard/scores/epoch3_fit_metrics.npy
reports/seller_alias_continual/20260927/ranking_execution/20260927_114646/job/run/s0_hard/scores/epoch3_fit.npy
reports/seller_alias_continual/20260927/ranking_execution/20260927_114646/job/run/s0_hard/scores/epoch6_calibration_metrics.npy
reports/seller_alias_continual/20260927/ranking_execution/20260927_114646/job/run/s0_hard/scores/epoch6_calibration.npy
reports/seller_alias_continual/20260927/ranking_execution/20260927_114646/job/run/s0_hard/scores/epoch6_development.npy
reports/seller_alias_continual/20260927/ranking_execution/20260927_114646/job/run/s0_hard/scores/epoch6_fit_metrics.npy
reports/seller_alias_continual/20260927/ranking_execution/20260927_114646/job/run/s0_hard/scores/epoch6_fit.npy
reports/seller_alias_continual/20260927/ranking_execution/20260927_114646/job/run/s0_hard/updates.npy
reports/seller_alias_continual/20260927/ranking_execution/20260927_114646/job/run/s0_schedule/calibration.json
reports/seller_alias_continual/20260927/ranking_execution/20260927_114646/job/run/s0_schedule/manifest.json
reports/seller_alias_continual/20260927/ranking_execution/20260927_114646/job/run/s0_schedule/progress.json
reports/seller_alias_continual/20260927/ranking_execution/20260927_114646/job/run/s0_schedule/scores/epoch3_calibration_metrics.npy
reports/seller_alias_continual/20260927/ranking_execution/20260927_114646/job/run/s0_schedule/scores/epoch3_calibration.npy
reports/seller_alias_continual/20260927/ranking_execution/20260927_114646/job/run/s0_schedule/scores/epoch3_development.npy
reports/seller_alias_continual/20260927/ranking_execution/20260927_114646/job/run/s0_schedule/scores/epoch3_fit_metrics.npy
reports/seller_alias_continual/20260927/ranking_execution/20260927_114646/job/run/s0_schedule/scores/epoch3_fit.npy
reports/seller_alias_continual/20260927/ranking_execution/20260927_114646/job/run/s0_schedule/scores/epoch6_calibration_metrics.npy
reports/seller_alias_continual/20260927/ranking_execution/20260927_114646/job/run/s0_schedule/scores/epoch6_calibration.npy
reports/seller_alias_continual/20260927/ranking_execution/20260927_114646/job/run/s0_schedule/scores/epoch6_development.npy
reports/seller_alias_continual/20260927/ranking_execution/20260927_114646/job/run/s0_schedule/scores/epoch6_fit_metrics.npy
reports/seller_alias_continual/20260927/ranking_execution/20260927_114646/job/run/s0_schedule/scores/epoch6_fit.npy
reports/seller_alias_continual/20260927/ranking_execution/20260927_114646/job/run/s0_schedule/updates.npy
reports/seller_alias_continual/20260927/ranking_execution/20260927_114646/job/run/s1_d/calibration.json
reports/seller_alias_continual/20260927/ranking_execution/20260927_114646/job/run/s1_d/manifest.json
reports/seller_alias_continual/20260927/ranking_execution/20260927_114646/job/run/s1_d/progress.json
reports/seller_alias_continual/20260927/ranking_execution/20260927_114646/job/run/s1_d/scores/epoch3_calibration_metrics.npy
reports/seller_alias_continual/20260927/ranking_execution/20260927_114646/job/run/s1_d/scores/epoch3_calibration.npy
reports/seller_alias_continual/20260927/ranking_execution/20260927_114646/job/run/s1_d/scores/epoch3_development.npy
reports/seller_alias_continual/20260927/ranking_execution/20260927_114646/job/run/s1_d/scores/epoch3_fit_metrics.npy
reports/seller_alias_continual/20260927/ranking_execution/20260927_114646/job/run/s1_d/scores/epoch3_fit.npy
reports/seller_alias_continual/20260927/ranking_execution/20260927_114646/job/run/s1_d/scores/epoch6_calibration_metrics.npy
reports/seller_alias_continual/20260927/ranking_execution/20260927_114646/job/run/s1_d/scores/epoch6_calibration.npy
reports/seller_alias_continual/20260927/ranking_execution/20260927_114646/job/run/s1_d/scores/epoch6_development.npy
reports/seller_alias_continual/20260927/ranking_execution/20260927_114646/job/run/s1_d/scores/epoch6_fit_metrics.npy
reports/seller_alias_continual/20260927/ranking_execution/20260927_114646/job/run/s1_d/scores/epoch6_fit.npy
reports/seller_alias_continual/20260927/ranking_execution/20260927_114646/job/run/s1_d/updates.npy
reports/seller_alias_continual/20260927/ranking_execution/20260927_114646/job/run/s1_hard/calibration.json
reports/seller_alias_continual/20260927/ranking_execution/20260927_114646/job/run/s1_hard/manifest.json
reports/seller_alias_continual/20260927/ranking_execution/20260927_114646/job/run/s1_hard/progress.json
reports/seller_alias_continual/20260927/ranking_execution/20260927_114646/job/run/s1_hard/scores/epoch3_calibration_metrics.npy
reports/seller_alias_continual/20260927/ranking_execution/20260927_114646/job/run/s1_hard/scores/epoch3_calibration.npy
reports/seller_alias_continual/20260927/ranking_execution/20260927_114646/job/run/s1_hard/scores/epoch3_development.npy
reports/seller_alias_continual/20260927/ranking_execution/20260927_114646/job/run/s1_hard/scores/epoch3_fit_metrics.npy
reports/seller_alias_continual/20260927/ranking_execution/20260927_114646/job/run/s1_hard/scores/epoch3_fit.npy
reports/seller_alias_continual/20260927/ranking_execution/20260927_114646/job/run/s1_hard/scores/epoch6_calibration_metrics.npy
reports/seller_alias_continual/20260927/ranking_execution/20260927_114646/job/run/s1_hard/scores/epoch6_calibration.npy
reports/seller_alias_continual/20260927/ranking_execution/20260927_114646/job/run/s1_hard/scores/epoch6_development.npy
reports/seller_alias_continual/20260927/ranking_execution/20260927_114646/job/run/s1_hard/scores/epoch6_fit_metrics.npy
reports/seller_alias_continual/20260927/ranking_execution/20260927_114646/job/run/s1_hard/scores/epoch6_fit.npy
reports/seller_alias_continual/20260927/ranking_execution/20260927_114646/job/run/s1_hard/updates.npy
reports/seller_alias_continual/20260927/ranking_execution/20260927_114646/job/run/s1_schedule/calibration.json
reports/seller_alias_continual/20260927/ranking_execution/20260927_114646/job/run/s1_schedule/manifest.json
reports/seller_alias_continual/20260927/ranking_execution/20260927_114646/job/run/s1_schedule/progress.json
reports/seller_alias_continual/20260927/ranking_execution/20260927_114646/job/run/s1_schedule/scores/epoch3_calibration_metrics.npy
reports/seller_alias_continual/20260927/ranking_execution/20260927_114646/job/run/s1_schedule/scores/epoch3_calibration.npy
reports/seller_alias_continual/20260927/ranking_execution/20260927_114646/job/run/s1_schedule/scores/epoch3_development.npy
reports/seller_alias_continual/20260927/ranking_execution/20260927_114646/job/run/s1_schedule/scores/epoch3_fit_metrics.npy
reports/seller_alias_continual/20260927/ranking_execution/20260927_114646/job/run/s1_schedule/scores/epoch3_fit.npy
reports/seller_alias_continual/20260927/ranking_execution/20260927_114646/job/run/s1_schedule/scores/epoch6_calibration_metrics.npy
reports/seller_alias_continual/20260927/ranking_execution/20260927_114646/job/run/s1_schedule/scores/epoch6_calibration.npy
reports/seller_alias_continual/20260927/ranking_execution/20260927_114646/job/run/s1_schedule/scores/epoch6_development.npy
reports/seller_alias_continual/20260927/ranking_execution/20260927_114646/job/run/s1_schedule/scores/epoch6_fit_metrics.npy
reports/seller_alias_continual/20260927/ranking_execution/20260927_114646/job/run/s1_schedule/scores/epoch6_fit.npy
reports/seller_alias_continual/20260927/ranking_execution/20260927_114646/job/run/s1_schedule/updates.npy
reports/seller_alias_continual/20260927/ranking_execution/20260927_114646/job/run/s2_d/calibration.json
reports/seller_alias_continual/20260927/ranking_execution/20260927_114646/job/run/s2_d/manifest.json
reports/seller_alias_continual/20260927/ranking_execution/20260927_114646/job/run/s2_d/progress.json
reports/seller_alias_continual/20260927/ranking_execution/20260927_114646/job/run/s2_d/scores/epoch3_calibration_metrics.npy
reports/seller_alias_continual/20260927/ranking_execution/20260927_114646/job/run/s2_d/scores/epoch3_calibration.npy
reports/seller_alias_continual/20260927/ranking_execution/20260927_114646/job/run/s2_d/scores/epoch3_development.npy
reports/seller_alias_continual/20260927/ranking_execution/20260927_114646/job/run/s2_d/scores/epoch3_fit_metrics.npy
reports/seller_alias_continual/20260927/ranking_execution/20260927_114646/job/run/s2_d/scores/epoch3_fit.npy
reports/seller_alias_continual/20260927/ranking_execution/20260927_114646/job/run/s2_d/scores/epoch6_calibration_metrics.npy
reports/seller_alias_continual/20260927/ranking_execution/20260927_114646/job/run/s2_d/scores/epoch6_calibration.npy
reports/seller_alias_continual/20260927/ranking_execution/20260927_114646/job/run/s2_d/scores/epoch6_development.npy
reports/seller_alias_continual/20260927/ranking_execution/20260927_114646/job/run/s2_d/scores/epoch6_fit_metrics.npy
reports/seller_alias_continual/20260927/ranking_execution/20260927_114646/job/run/s2_d/scores/epoch6_fit.npy
reports/seller_alias_continual/20260927/ranking_execution/20260927_114646/job/run/s2_d/updates.npy
reports/seller_alias_continual/20260927/ranking_execution/20260927_114646/job/run/s2_hard/calibration.json
reports/seller_alias_continual/20260927/ranking_execution/20260927_114646/job/run/s2_hard/manifest.json
reports/seller_alias_continual/20260927/ranking_execution/20260927_114646/job/run/s2_hard/progress.json
reports/seller_alias_continual/20260927/ranking_execution/20260927_114646/job/run/s2_hard/scores/epoch3_calibration_metrics.npy
reports/seller_alias_continual/20260927/ranking_execution/20260927_114646/job/run/s2_hard/scores/epoch3_calibration.npy
reports/seller_alias_continual/20260927/ranking_execution/20260927_114646/job/run/s2_hard/scores/epoch3_development.npy
reports/seller_alias_continual/20260927/ranking_execution/20260927_114646/job/run/s2_hard/scores/epoch3_fit_metrics.npy
reports/seller_alias_continual/20260927/ranking_execution/20260927_114646/job/run/s2_hard/scores/epoch3_fit.npy
reports/seller_alias_continual/20260927/ranking_execution/20260927_114646/job/run/s2_hard/scores/epoch6_calibration_metrics.npy
reports/seller_alias_continual/20260927/ranking_execution/20260927_114646/job/run/s2_hard/scores/epoch6_calibration.npy
reports/seller_alias_continual/20260927/ranking_execution/20260927_114646/job/run/s2_hard/scores/epoch6_development.npy
reports/seller_alias_continual/20260927/ranking_execution/20260927_114646/job/run/s2_hard/scores/epoch6_fit_metrics.npy
reports/seller_alias_continual/20260927/ranking_execution/20260927_114646/job/run/s2_hard/scores/epoch6_fit.npy
reports/seller_alias_continual/20260927/ranking_execution/20260927_114646/job/run/s2_hard/updates.npy
reports/seller_alias_continual/20260927/ranking_execution/20260927_114646/job/run/s2_schedule/calibration.json
reports/seller_alias_continual/20260927/ranking_execution/20260927_114646/job/run/s2_schedule/manifest.json
reports/seller_alias_continual/20260927/ranking_execution/20260927_114646/job/run/s2_schedule/progress.json
reports/seller_alias_continual/20260927/ranking_execution/20260927_114646/job/run/s2_schedule/scores/epoch3_calibration_metrics.npy
reports/seller_alias_continual/20260927/ranking_execution/20260927_114646/job/run/s2_schedule/scores/epoch3_calibration.npy
reports/seller_alias_continual/20260927/ranking_execution/20260927_114646/job/run/s2_schedule/scores/epoch3_development.npy
reports/seller_alias_continual/20260927/ranking_execution/20260927_114646/job/run/s2_schedule/scores/epoch3_fit_metrics.npy
reports/seller_alias_continual/20260927/ranking_execution/20260927_114646/job/run/s2_schedule/scores/epoch3_fit.npy
reports/seller_alias_continual/20260927/ranking_execution/20260927_114646/job/run/s2_schedule/scores/epoch6_calibration_metrics.npy
reports/seller_alias_continual/20260927/ranking_execution/20260927_114646/job/run/s2_schedule/scores/epoch6_calibration.npy
reports/seller_alias_continual/20260927/ranking_execution/20260927_114646/job/run/s2_schedule/scores/epoch6_development.npy
reports/seller_alias_continual/20260927/ranking_execution/20260927_114646/job/run/s2_schedule/scores/epoch6_fit_metrics.npy
reports/seller_alias_continual/20260927/ranking_execution/20260927_114646/job/run/s2_schedule/scores/epoch6_fit.npy
reports/seller_alias_continual/20260927/ranking_execution/20260927_114646/job/run/s2_schedule/updates.npy
reports/seller_alias_continual/20260927/ranking_execution/20260927_114646/job/run/startup.json
reports/seller_alias_continual/20260927/ranking_execution/20260927_114646/job/started.txt
reports/seller_alias_continual/20260927/ranking_execution/20260927_114646/job/train.log
reports/seller_alias_continual/20260927/ranking_execution/authorization.json
reports/seller_alias_continual/20260927/ranking_implementation/cpu/20260927_105450/audit.json
reports/seller_alias_continual/20260927/ranking_implementation/cpu/20260927_105450/contracts.json
reports/seller_alias_continual/20260927/ranking_implementation/cpu/20260927_105450/exit_status.txt
reports/seller_alias_continual/20260927/ranking_implementation/cpu/20260927_105450/finished.txt
reports/seller_alias_continual/20260927/ranking_implementation/cpu/20260927_105450/hard.json
reports/seller_alias_continual/20260927/ranking_implementation/cpu/20260927_105450/original_d.json
reports/seller_alias_continual/20260927/ranking_implementation/cpu/20260927_105450/primary_check.json
reports/seller_alias_continual/20260927/ranking_implementation/cpu/20260927_105450/resource_usage.log
reports/seller_alias_continual/20260927/ranking_implementation/cpu/20260927_105450/return_inventory.json
reports/seller_alias_continual/20260927/ranking_implementation/cpu/20260927_105450/schedule.json
reports/seller_alias_continual/20260927/ranking_implementation/cpu/20260927_105450/started.txt
reports/seller_alias_continual/20260927/ranking_implementation/cpu/20260927_105450/stderr.log
reports/seller_alias_continual/20260927/ranking_implementation/cpu/20260927_105450/stdout.log
reports/seller_alias_continual/20260927/ranking_implementation/cpu/20260927_105450/wrapped_d.json
reports/seller_alias_continual/20260927/ranking_implementation/review/disposition.json
reports/seller_alias_continual/20260927/ranking_implementation/review/external/contract_results.json
reports/seller_alias_continual/20260927/ranking_implementation/review/external/contracts.exit.txt
reports/seller_alias_continual/20260927/ranking_implementation/review/external/contracts.resource.log
reports/seller_alias_continual/20260927/ranking_implementation/review/external/contracts.stderr.log
reports/seller_alias_continual/20260927/ranking_implementation/review/external/contracts.stdout.log
reports/seller_alias_continual/20260927/ranking_implementation/review/external/evidence_manifest.json
reports/seller_alias_continual/20260927/ranking_implementation/review/external/final_source_check.json
reports/seller_alias_continual/20260927/ranking_implementation/review/external/final_verify.exit.txt
reports/seller_alias_continual/20260927/ranking_implementation/review/external/final_verify.py
reports/seller_alias_continual/20260927/ranking_implementation/review/external/final_verify.stderr.log
reports/seller_alias_continual/20260927/ranking_implementation/review/external/final_verify.stdout.log
reports/seller_alias_continual/20260927/ranking_implementation/review/external/independent_results.json
reports/seller_alias_continual/20260927/ranking_implementation/review/external/independent_tests.py
reports/seller_alias_continual/20260927/ranking_implementation/review/external/independent.exit.txt
reports/seller_alias_continual/20260927/ranking_implementation/review/external/independent.resource.log
reports/seller_alias_continual/20260927/ranking_implementation/review/external/independent.stderr.log
reports/seller_alias_continual/20260927/ranking_implementation/review/external/independent.stdout.log
reports/seller_alias_continual/20260927/ranking_implementation/review/external/package_cpu_crosscheck.json
reports/seller_alias_continual/20260927/ranking_implementation/review/external/package_cpu.exit.txt
reports/seller_alias_continual/20260927/ranking_implementation/review/external/package_cpu.stderr.log
reports/seller_alias_continual/20260927/ranking_implementation/review/external/package_cpu.stdout.log
reports/seller_alias_continual/20260927/ranking_implementation/review/external/ranking_review_report.zh.md
reports/seller_alias_continual/20260927/ranking_implementation/review/external/README.zh.md
reports/seller_alias_continual/20260927/ranking_implementation/review/external/review_summary.json
reports/seller_alias_continual/20260927/ranking_implementation/review/external/run_contracts.py
reports/seller_alias_continual/20260927/ranking_implementation/review/external/source_verification.json
reports/seller_alias_continual/20260927/ranking_implementation/review/external/verify_package_and_cpu.py
reports/seller_alias_continual/20260927/ranking_implementation/review/response.zh.md
reports/seller_alias_continual/20260928/ranking_result/analysis_execution.json
reports/seller_alias_continual/20260928/ranking_result/analysis_exit.txt
reports/seller_alias_continual/20260928/ranking_result/analysis_finished.txt
reports/seller_alias_continual/20260928/ranking_result/analysis_inventory.json
reports/seller_alias_continual/20260928/ranking_result/analysis_resource.log
reports/seller_alias_continual/20260928/ranking_result/analysis_started.txt
reports/seller_alias_continual/20260928/ranking_result/analysis.log
reports/seller_alias_continual/20260928/ranking_result/analysis/analysis.json
reports/seller_alias_continual/20260928/ranking_result/analysis/comparisons.csv
reports/seller_alias_continual/20260928/ranking_result/analysis/metrics.csv
reports/seller_alias_continual/20260928/ranking_result/analysis/primary_bootstrap.npy
reports/seller_alias_continual/20260928/ranking_result/analysis/trajectory.csv
reports/seller_alias_continual/20260928/ranking_result/retention_verification.json
reports/seller_alias_continual/20260928/ranking_result/return_inventory.json
reports/seller_alias_continual/20260928/ranking_result/review/request.zh.md
reports/seller_alias_continual/20260928/ranking_result/sync.json
reports/seller_alias_continual/20260928/ranking_result/weight_inventory.json
reports/seller_alias_continual/20260928/ranking_result/weight_retention.json
schema/step28_alias_ranking_policy.json
schema/step28_chinese_base_policy.json
scripts/run_step28_alias_ranking_linux_20260927.sh
scripts/run_step28_chinese_base_linux_20260924.sh
scripts/step28_alias_pooling_result.py
scripts/step28_alias_ranking_audit.py
scripts/step28_alias_ranking_result.py
scripts/step28_alias_ranking_run.py
scripts/step28_alias_ranking.py
scripts/step28_chinese_base_audit.py
scripts/step28_chinese_base.py
scripts/step28_continual_expression_run.py
scripts/step28_continual_population_data.py
scripts/step28_continual_population_evaluate.py
scripts/step28_continual_population_run.py
scripts/step28_continual_population.py
tests/test_step28_alias_ranking_contracts.py
tests/test_step28_chinese_base_contracts.py
source_inventory.json
