	Command being timed: "python /mnt/data/ranking_result_reaudit_20260928/submitted/scripts/step28_alias_ranking_result.py --job /mnt/data/ranking_result_reaudit_20260928/submitted/reports/seller_alias_continual/20260927/ranking_execution/20260927_114646/job --out /mnt/data/ranking_result_reaudit_20260928/submitted/reports/seller_alias_continual/20260928/ranking_result/reviewer_analysis"
	User time (seconds): 1.98
	System time (seconds): 0.15
	Percent of CPU this job got: 99%
	Elapsed (wall clock) time (h:mm:ss or m:ss): 0:02.14
	Average shared text size (kbytes): 0
	Average unshared data size (kbytes): 0
	Average stack size (kbytes): 0
	Average total size (kbytes): 0
	Maximum resident set size (kbytes): 107976
	Average resident set size (kbytes): 0
	Major (requiring I/O) page faults: 0
	Minor (reclaiming a frame) page faults: 29853
	Voluntary context switches: 1
	Involuntary context switches: 26
	Swaps: 0
	File system inputs: 0
	File system outputs: 2248
	Socket messages sent: 0
	Socket messages received: 0
	Signals delivered: 0
	Page size (bytes): 4096
	Exit status: 0
