	Command being timed: "nice -n 10 python -u -B scripts/step28_continual_text_check.py check --output reports/seller_alias_continual/20260907/text_check/20260907_181341/check"
	User time (seconds): 46.36
	System time (seconds): 10.99
	Percent of CPU this job got: 99%
	Elapsed (wall clock) time (h:mm:ss or m:ss): 0:57.36
	Average shared text size (kbytes): 0
	Average unshared data size (kbytes): 0
	Average stack size (kbytes): 0
	Average total size (kbytes): 0
	Maximum resident set size (kbytes): 8035972
	Average resident set size (kbytes): 0
	Major (requiring I/O) page faults: 73
	Minor (reclaiming a frame) page faults: 3708855
	Voluntary context switches: 910
	Involuntary context switches: 423
	Swaps: 0
	File system inputs: 20400
	File system outputs: 11042680
	Socket messages sent: 0
	Socket messages received: 0
	Signals delivered: 0
	Page size (bytes): 4096
	Exit status: 0
