test_calibration_strict_ties_and_domain_gates (test_step28_chinese_base_contracts.ScientificContracts) ... ok
test_complete_four_arm_gate_and_changed_model (test_step28_chinese_base_contracts.ScientificContracts) ... ok
test_evaluation_saves_all_matrices_with_one_parse (test_step28_chinese_base_contracts.ScientificContracts) ... ok
test_inputs_only_text_and_exact_channel_order (test_step28_chinese_base_contracts.ScientificContracts) ... ok
test_partition_and_schedule_keep_calibration_out (test_step28_chinese_base_contracts.ScientificContracts) ... ok
test_account_permutation_and_pair_symmetry (test_step28_chinese_base_contracts.TorchContracts) ... ok
test_all_four_updates_and_real_model_adam_restore_on_tiny_encoder (test_step28_chinese_base_contracts.TorchContracts) ... ok
test_native_pooling_api_modes_do_not_override_model (test_step28_chinese_base_contracts.TorchContracts) ... ok
test_population_moments_hand_case_permutation_and_duplication (test_step28_chinese_base_contracts.TorchContracts) ... ok
test_rank_matches_independent_scalar_and_analytic_edge_gradient (test_step28_chinese_base_contracts.TorchContracts) ... ok
test_uniform_logits_have_log27_rank_and_log2_bce (test_step28_chinese_base_contracts.TorchContracts) ... ok
test_weight_changes_actual_gradient_and_bad_supervision_rejected (test_step28_chinese_base_contracts.TorchContracts) ... ok

----------------------------------------------------------------------
Ran 12 tests in 1.516s

OK
/home/yongpeng/cross-lingual/scripts/step28_chinese_base.py:124: FutureWarning: The `get_sentence_embedding_dimension` method has been renamed to `get_embedding_dimension`.
  if pooling_modes(pool) != [m["pooling"]] or encoder.get_sentence_embedding_dimension() != m["embedding_dim"]:
/home/yongpeng/cross-lingual/scripts/step28_chinese_base.py:124: FutureWarning: The `get_sentence_embedding_dimension` method has been renamed to `get_embedding_dimension`.
  if pooling_modes(pool) != [m["pooling"]] or encoder.get_sentence_embedding_dimension() != m["embedding_dim"]:
/home/yongpeng/cross-lingual/scripts/step28_chinese_base.py:124: FutureWarning: The `get_sentence_embedding_dimension` method has been renamed to `get_embedding_dimension`.
  if pooling_modes(pool) != [m["pooling"]] or encoder.get_sentence_embedding_dimension() != m["embedding_dim"]:
/home/yongpeng/cross-lingual/scripts/step28_chinese_base.py:124: FutureWarning: The `get_sentence_embedding_dimension` method has been renamed to `get_embedding_dimension`.
  if pooling_modes(pool) != [m["pooling"]] or encoder.get_sentence_embedding_dimension() != m["embedding_dim"]:
/home/yongpeng/cross-lingual/scripts/step28_chinese_base.py:124: FutureWarning: The `get_sentence_embedding_dimension` method has been renamed to `get_embedding_dimension`.
  if pooling_modes(pool) != [m["pooling"]] or encoder.get_sentence_embedding_dimension() != m["embedding_dim"]:
{"arm":"mean_bce","completed":24,"elapsed_seconds":100.09730677003972,"event":"updates","peak_observed_bytes":42448}

