	Command being timed: "timeout --signal=TERM --kill-after=30s 12h python -u -B scripts/step28_alias_pooling_run.py execute --out /home/yongpeng/cross-lingual/reports/seller_alias_continual/20260925/pooling_execution/20260925_125203/job --audit /home/yongpeng/cross-lingual/reports/seller_alias_continual/20260925/pooling_implementation/cpu_20260925_111800/audit.json"
	User time (seconds): 27359.84
	System time (seconds): 109.75
	Percent of CPU this job got: 100%
	Elapsed (wall clock) time (h:mm:ss or m:ss): 7:37:34
	Average shared text size (kbytes): 0
	Average unshared data size (kbytes): 0
	Average stack size (kbytes): 0
	Average total size (kbytes): 0
	Maximum resident set size (kbytes): 7047116
	Average resident set size (kbytes): 0
	Major (requiring I/O) page faults: 17
	Minor (reclaiming a frame) page faults: 40061724
	Voluntary context switches: 353775
	Involuntary context switches: 146738
	Swaps: 0
	File system inputs: 4885120
	File system outputs: 101938912
	Socket messages sent: 0
	Socket messages received: 0
	Signals delivered: 0
	Page size (bytes): 4096
	Exit status: 0
