/home/yongpeng/cross-lingual/scripts/step28_chinese_base.py:124: FutureWarning: The `get_sentence_embedding_dimension` method has been renamed to `get_embedding_dimension`.
  if pooling_modes(pool) != [m["pooling"]] or encoder.get_sentence_embedding_dimension() != m["embedding_dim"]:
/home/yongpeng/cross-lingual/scripts/step28_chinese_base.py:124: FutureWarning: The `get_sentence_embedding_dimension` method has been renamed to `get_embedding_dimension`.
  if pooling_modes(pool) != [m["pooling"]] or encoder.get_sentence_embedding_dimension() != m["embedding_dim"]:
/home/yongpeng/cross-lingual/scripts/step28_chinese_base.py:124: FutureWarning: The `get_sentence_embedding_dimension` method has been renamed to `get_embedding_dimension`.
  if pooling_modes(pool) != [m["pooling"]] or encoder.get_sentence_embedding_dimension() != m["embedding_dim"]:
/home/yongpeng/cross-lingual/scripts/step28_chinese_base.py:124: FutureWarning: The `get_sentence_embedding_dimension` method has been renamed to `get_embedding_dimension`.
  if pooling_modes(pool) != [m["pooling"]] or encoder.get_sentence_embedding_dimension() != m["embedding_dim"]:
/home/yongpeng/cross-lingual/scripts/step28_chinese_base.py:124: FutureWarning: The `get_sentence_embedding_dimension` method has been renamed to `get_embedding_dimension`.
  if pooling_modes(pool) != [m["pooling"]] or encoder.get_sentence_embedding_dimension() != m["embedding_dim"]:
/home/yongpeng/cross-lingual/scripts/step28_chinese_base.py:124: FutureWarning: The `get_sentence_embedding_dimension` method has been renamed to `get_embedding_dimension`.
  if pooling_modes(pool) != [m["pooling"]] or encoder.get_sentence_embedding_dimension() != m["embedding_dim"]:
{"completed":24,"elapsed_seconds":158.72827039193362,"event":"updates","peak_observed_bytes":37565,"run_id":"s0_weighted"}

{"completed":48,"elapsed_seconds":283.44262415589765,"event":"updates","peak_observed_bytes":37689,"run_id":"s0_weighted"}

{"completed":72,"elapsed_seconds":407.69548083795235,"event":"updates","peak_observed_bytes":37813,"run_id":"s0_weighted"}

{"completed":96,"elapsed_seconds":530.9422520619119,"event":"updates","peak_observed_bytes":37937,"run_id":"s0_weighted"}

{"completed":120,"elapsed_seconds":652.8731830948964,"event":"updates","peak_observed_bytes":38060,"run_id":"s0_weighted"}

{"completed":144,"elapsed_seconds":780.9971356629394,"event":"updates","peak_observed_bytes":38184,"run_id":"s0_weighted"}

{"completed":168,"elapsed_seconds":903.3377487569815,"event":"updates","peak_observed_bytes":38308,"run_id":"s0_weighted"}

{"completed":192,"elapsed_seconds":1033.8505174069433,"event":"updates","peak_observed_bytes":38432,"run_id":"s0_weighted"}

{"completed":216,"elapsed_seconds":1155.5789042859105,"event":"updates","peak_observed_bytes":38557,"run_id":"s0_weighted"}

{"completed":240,"elapsed_seconds":1277.3584559549345,"event":"updates","peak_observed_bytes":38682,"run_id":"s0_weighted"}

{"completed":264,"elapsed_seconds":1398.7955368479015,"event":"updates","peak_observed_bytes":38807,"run_id":"s0_weighted"}

{"completed":288,"elapsed_seconds":1523.5016593718901,"event":"updates","peak_observed_bytes":38932,"run_id":"s0_weighted"}

{"completed":312,"elapsed_seconds":1645.8525003989926,"event":"updates","peak_observed_bytes":39057,"run_id":"s0_weighted"}

{"completed":336,"elapsed_seconds":1769.5223885379964,"event":"updates","peak_observed_bytes":39182,"run_id":"s0_weighted"}

{"completed":360,"elapsed_seconds":1893.0991081709508,"event":"updates","peak_observed_bytes":39307,"run_id":"s0_weighted"}

{"completed":384,"elapsed_seconds":2014.8728928379714,"event":"updates","peak_observed_bytes":39432,"run_id":"s0_weighted"}

{"completed":408,"elapsed_seconds":2139.2610447369516,"event":"updates","peak_observed_bytes":39557,"run_id":"s0_weighted"}

{"completed":432,"elapsed_seconds":2266.191729607992,"event":"updates","peak_observed_bytes":39682,"run_id":"s0_weighted"}

{"completed":456,"elapsed_seconds":2887.606297587976,"event":"updates","peak_observed_bytes":5219924346,"run_id":"s0_weighted"}

{"completed":480,"elapsed_seconds":3006.1841029719217,"event":"updates","peak_observed_bytes":5219924346,"run_id":"s0_weighted"}

{"completed":504,"elapsed_seconds":3128.031021538889,"event":"updates","peak_observed_bytes":5219924346,"run_id":"s0_weighted"}

{"completed":528,"elapsed_seconds":3252.4369139219634,"event":"updates","peak_observed_bytes":5219924346,"run_id":"s0_weighted"}

{"completed":552,"elapsed_seconds":3379.79666500492,"event":"updates","peak_observed_bytes":5219924346,"run_id":"s0_weighted"}

{"completed":576,"elapsed_seconds":3507.208402572898,"event":"updates","peak_observed_bytes":5219924346,"run_id":"s0_weighted"}

{"completed":600,"elapsed_seconds":3632.895665320917,"event":"updates","peak_observed_bytes":5219924346,"run_id":"s0_weighted"}

{"completed":624,"elapsed_seconds":3760.987237010966,"event":"updates","peak_observed_bytes":5219924346,"run_id":"s0_weighted"}

{"completed":648,"elapsed_seconds":3883.835880596889,"event":"updates","peak_observed_bytes":5219924346,"run_id":"s0_weighted"}

{"completed":672,"elapsed_seconds":4006.6681021898985,"event":"updates","peak_observed_bytes":5219924346,"run_id":"s0_weighted"}

{"completed":696,"elapsed_seconds":4126.697391950991,"event":"updates","peak_observed_bytes":5219924346,"run_id":"s0_weighted"}

{"completed":720,"elapsed_seconds":4250.663930442999,"event":"updates","peak_observed_bytes":5219924346,"run_id":"s0_weighted"}

{"completed":744,"elapsed_seconds":4373.563796267961,"event":"updates","peak_observed_bytes":5219924346,"run_id":"s0_weighted"}

{"completed":768,"elapsed_seconds":4497.866980515886,"event":"updates","peak_observed_bytes":5219924346,"run_id":"s0_weighted"}

{"completed":792,"elapsed_seconds":4623.678275136976,"event":"updates","peak_observed_bytes":5219924346,"run_id":"s0_weighted"}

{"completed":816,"elapsed_seconds":4748.725498138927,"event":"updates","peak_observed_bytes":5219924346,"run_id":"s0_weighted"}

{"completed":840,"elapsed_seconds":4874.219560282887,"event":"updates","peak_observed_bytes":5219924346,"run_id":"s0_weighted"}

{"completed":864,"elapsed_seconds":4994.346696392982,"event":"updates","peak_observed_bytes":5219924346,"run_id":"s0_weighted"}

/home/yongpeng/cross-lingual/scripts/step28_chinese_base.py:124: FutureWarning: The `get_sentence_embedding_dimension` method has been renamed to `get_embedding_dimension`.
  if pooling_modes(pool) != [m["pooling"]] or encoder.get_sentence_embedding_dimension() != m["embedding_dim"]:
{"completed":24,"elapsed_seconds":5616.780310292961,"event":"updates","peak_observed_bytes":6527326243,"run_id":"s1_d"}

{"completed":48,"elapsed_seconds":5737.445307155955,"event":"updates","peak_observed_bytes":6527326243,"run_id":"s1_d"}

{"completed":72,"elapsed_seconds":5862.55476078589,"event":"updates","peak_observed_bytes":6527326243,"run_id":"s1_d"}

{"completed":96,"elapsed_seconds":5988.937296993914,"event":"updates","peak_observed_bytes":6527326243,"run_id":"s1_d"}

{"completed":120,"elapsed_seconds":6112.946972406935,"event":"updates","peak_observed_bytes":6527326243,"run_id":"s1_d"}

{"completed":144,"elapsed_seconds":6239.184646869893,"event":"updates","peak_observed_bytes":6527326243,"run_id":"s1_d"}

{"completed":168,"elapsed_seconds":6365.002774067922,"event":"updates","peak_observed_bytes":6527326243,"run_id":"s1_d"}

{"completed":192,"elapsed_seconds":6495.216216791887,"event":"updates","peak_observed_bytes":6527326243,"run_id":"s1_d"}

{"completed":216,"elapsed_seconds":6615.2353397529805,"event":"updates","peak_observed_bytes":6527326243,"run_id":"s1_d"}

{"completed":240,"elapsed_seconds":6740.332538371906,"event":"updates","peak_observed_bytes":6527326243,"run_id":"s1_d"}

{"completed":264,"elapsed_seconds":6858.2632866739295,"event":"updates","peak_observed_bytes":6527326243,"run_id":"s1_d"}

{"completed":288,"elapsed_seconds":6980.221877143951,"event":"updates","peak_observed_bytes":6527326243,"run_id":"s1_d"}

{"completed":312,"elapsed_seconds":7106.5506627109135,"event":"updates","peak_observed_bytes":6527326243,"run_id":"s1_d"}

{"completed":336,"elapsed_seconds":7230.718905142974,"event":"updates","peak_observed_bytes":6527326243,"run_id":"s1_d"}

{"completed":360,"elapsed_seconds":7351.345606474904,"event":"updates","peak_observed_bytes":6527326243,"run_id":"s1_d"}

{"completed":384,"elapsed_seconds":7471.961098117987,"event":"updates","peak_observed_bytes":6527326243,"run_id":"s1_d"}

{"completed":408,"elapsed_seconds":7596.308478979976,"event":"updates","peak_observed_bytes":6527326243,"run_id":"s1_d"}

{"completed":432,"elapsed_seconds":7717.140998131945,"event":"updates","peak_observed_bytes":6527326243,"run_id":"s1_d"}

{"completed":456,"elapsed_seconds":8336.333865218912,"event":"updates","peak_observed_bytes":7832654951,"run_id":"s1_d"}

{"completed":480,"elapsed_seconds":8455.771692024893,"event":"updates","peak_observed_bytes":7832654951,"run_id":"s1_d"}

{"completed":504,"elapsed_seconds":8579.089798411936,"event":"updates","peak_observed_bytes":7832654951,"run_id":"s1_d"}

{"completed":528,"elapsed_seconds":8700.272029286949,"event":"updates","peak_observed_bytes":7832654951,"run_id":"s1_d"}

{"completed":552,"elapsed_seconds":8824.021769861924,"event":"updates","peak_observed_bytes":7832654951,"run_id":"s1_d"}

{"completed":576,"elapsed_seconds":8950.255863017985,"event":"updates","peak_observed_bytes":7832654951,"run_id":"s1_d"}

{"completed":600,"elapsed_seconds":9072.666360525996,"event":"updates","peak_observed_bytes":7832654951,"run_id":"s1_d"}

{"completed":624,"elapsed_seconds":9193.188046882977,"event":"updates","peak_observed_bytes":7832654951,"run_id":"s1_d"}

{"completed":648,"elapsed_seconds":9316.97334689193,"event":"updates","peak_observed_bytes":7832654951,"run_id":"s1_d"}

{"completed":672,"elapsed_seconds":9440.871498673921,"event":"updates","peak_observed_bytes":7832654951,"run_id":"s1_d"}

{"completed":696,"elapsed_seconds":9564.33614164195,"event":"updates","peak_observed_bytes":7832654951,"run_id":"s1_d"}

{"completed":720,"elapsed_seconds":9686.91768986592,"event":"updates","peak_observed_bytes":7832654951,"run_id":"s1_d"}

{"completed":744,"elapsed_seconds":9809.823728438001,"event":"updates","peak_observed_bytes":7832654951,"run_id":"s1_d"}

{"completed":768,"elapsed_seconds":9929.731958696968,"event":"updates","peak_observed_bytes":7832654951,"run_id":"s1_d"}

{"completed":792,"elapsed_seconds":10056.938317822991,"event":"updates","peak_observed_bytes":7832654951,"run_id":"s1_d"}

{"completed":816,"elapsed_seconds":10179.488970622886,"event":"updates","peak_observed_bytes":7832654951,"run_id":"s1_d"}

{"completed":840,"elapsed_seconds":10302.252153085894,"event":"updates","peak_observed_bytes":7832654951,"run_id":"s1_d"}

{"completed":864,"elapsed_seconds":10423.605723227956,"event":"updates","peak_observed_bytes":7832654951,"run_id":"s1_d"}

/home/yongpeng/cross-lingual/scripts/step28_chinese_base.py:124: FutureWarning: The `get_sentence_embedding_dimension` method has been renamed to `get_embedding_dimension`.
  if pooling_modes(pool) != [m["pooling"]] or encoder.get_sentence_embedding_dimension() != m["embedding_dim"]:
{"completed":24,"elapsed_seconds":11045.19700469193,"event":"updates","peak_observed_bytes":9139530471,"run_id":"s1_weighted"}

{"completed":48,"elapsed_seconds":11165.340919415,"event":"updates","peak_observed_bytes":9139530471,"run_id":"s1_weighted"}

{"completed":72,"elapsed_seconds":11289.682638988947,"event":"updates","peak_observed_bytes":9139530471,"run_id":"s1_weighted"}

{"completed":96,"elapsed_seconds":11415.36545023194,"event":"updates","peak_observed_bytes":9139530471,"run_id":"s1_weighted"}

{"completed":120,"elapsed_seconds":11538.893783557927,"event":"updates","peak_observed_bytes":9139530471,"run_id":"s1_weighted"}

{"completed":144,"elapsed_seconds":11664.390382809914,"event":"updates","peak_observed_bytes":9139530471,"run_id":"s1_weighted"}

{"completed":168,"elapsed_seconds":11789.774432937964,"event":"updates","peak_observed_bytes":9139530471,"run_id":"s1_weighted"}

{"completed":192,"elapsed_seconds":11919.354399958975,"event":"updates","peak_observed_bytes":9139530471,"run_id":"s1_weighted"}

{"completed":216,"elapsed_seconds":12038.743669786956,"event":"updates","peak_observed_bytes":9139530471,"run_id":"s1_weighted"}

{"completed":240,"elapsed_seconds":12163.033629388898,"event":"updates","peak_observed_bytes":9139530471,"run_id":"s1_weighted"}

{"completed":264,"elapsed_seconds":12280.894307867973,"event":"updates","peak_observed_bytes":9139530471,"run_id":"s1_weighted"}

{"completed":288,"elapsed_seconds":12402.96203976695,"event":"updates","peak_observed_bytes":9139530471,"run_id":"s1_weighted"}

{"completed":312,"elapsed_seconds":12529.566705900943,"event":"updates","peak_observed_bytes":9139530471,"run_id":"s1_weighted"}

{"completed":336,"elapsed_seconds":12654.073011678993,"event":"updates","peak_observed_bytes":9139530471,"run_id":"s1_weighted"}

{"completed":360,"elapsed_seconds":12775.08992978395,"event":"updates","peak_observed_bytes":9139530471,"run_id":"s1_weighted"}

{"completed":384,"elapsed_seconds":12895.997809795896,"event":"updates","peak_observed_bytes":9139530471,"run_id":"s1_weighted"}

{"completed":408,"elapsed_seconds":13020.302553849993,"event":"updates","peak_observed_bytes":9139530471,"run_id":"s1_weighted"}

{"completed":432,"elapsed_seconds":13141.416149645927,"event":"updates","peak_observed_bytes":9139530471,"run_id":"s1_weighted"}

{"completed":456,"elapsed_seconds":13763.512667599949,"event":"updates","peak_observed_bytes":10448528088,"run_id":"s1_weighted"}

{"completed":480,"elapsed_seconds":13883.001282544923,"event":"updates","peak_observed_bytes":10448528088,"run_id":"s1_weighted"}

{"completed":504,"elapsed_seconds":14006.657871151925,"event":"updates","peak_observed_bytes":10448528088,"run_id":"s1_weighted"}

{"completed":528,"elapsed_seconds":14128.52638623491,"event":"updates","peak_observed_bytes":10448528088,"run_id":"s1_weighted"}

{"completed":552,"elapsed_seconds":14253.565677711973,"event":"updates","peak_observed_bytes":10448528088,"run_id":"s1_weighted"}

{"completed":576,"elapsed_seconds":14380.703797422,"event":"updates","peak_observed_bytes":10448528088,"run_id":"s1_weighted"}

{"completed":600,"elapsed_seconds":14504.195865728892,"event":"updates","peak_observed_bytes":10448528088,"run_id":"s1_weighted"}

{"completed":624,"elapsed_seconds":14625.98690138699,"event":"updates","peak_observed_bytes":10448528088,"run_id":"s1_weighted"}

{"completed":648,"elapsed_seconds":14750.916009674896,"event":"updates","peak_observed_bytes":10448528088,"run_id":"s1_weighted"}

{"completed":672,"elapsed_seconds":14876.001238189987,"event":"updates","peak_observed_bytes":10448528088,"run_id":"s1_weighted"}

{"completed":696,"elapsed_seconds":15000.324401461985,"event":"updates","peak_observed_bytes":10448528088,"run_id":"s1_weighted"}

{"completed":720,"elapsed_seconds":15124.154532302986,"event":"updates","peak_observed_bytes":10448528088,"run_id":"s1_weighted"}

{"completed":744,"elapsed_seconds":15248.034302197979,"event":"updates","peak_observed_bytes":10448528088,"run_id":"s1_weighted"}

{"completed":768,"elapsed_seconds":15369.111088605947,"event":"updates","peak_observed_bytes":10448528088,"run_id":"s1_weighted"}

{"completed":792,"elapsed_seconds":15497.617589867907,"event":"updates","peak_observed_bytes":10448528088,"run_id":"s1_weighted"}

{"completed":816,"elapsed_seconds":15621.454550268943,"event":"updates","peak_observed_bytes":10448528088,"run_id":"s1_weighted"}

{"completed":840,"elapsed_seconds":15745.136903254897,"event":"updates","peak_observed_bytes":10448528088,"run_id":"s1_weighted"}

{"completed":864,"elapsed_seconds":15867.151901377947,"event":"updates","peak_observed_bytes":10448528088,"run_id":"s1_weighted"}

/home/yongpeng/cross-lingual/scripts/step28_chinese_base.py:124: FutureWarning: The `get_sentence_embedding_dimension` method has been renamed to `get_embedding_dimension`.
  if pooling_modes(pool) != [m["pooling"]] or encoder.get_sentence_embedding_dimension() != m["embedding_dim"]:
{"completed":24,"elapsed_seconds":16492.30865776993,"event":"updates","peak_observed_bytes":11755930013,"run_id":"s2_d"}

{"completed":48,"elapsed_seconds":16613.456571933,"event":"updates","peak_observed_bytes":11755930013,"run_id":"s2_d"}

{"completed":72,"elapsed_seconds":16737.917634845944,"event":"updates","peak_observed_bytes":11755930013,"run_id":"s2_d"}

{"completed":96,"elapsed_seconds":16859.76724039798,"event":"updates","peak_observed_bytes":11755930013,"run_id":"s2_d"}

{"completed":120,"elapsed_seconds":16987.20850556891,"event":"updates","peak_observed_bytes":11755930013,"run_id":"s2_d"}

{"completed":144,"elapsed_seconds":17107.352727511898,"event":"updates","peak_observed_bytes":11755930013,"run_id":"s2_d"}

{"completed":168,"elapsed_seconds":17235.53858499392,"event":"updates","peak_observed_bytes":11755930013,"run_id":"s2_d"}

{"completed":192,"elapsed_seconds":17360.335372287896,"event":"updates","peak_observed_bytes":11755930013,"run_id":"s2_d"}

{"completed":216,"elapsed_seconds":17479.97070254595,"event":"updates","peak_observed_bytes":11755930013,"run_id":"s2_d"}

{"completed":240,"elapsed_seconds":17602.441786173964,"event":"updates","peak_observed_bytes":11755930013,"run_id":"s2_d"}

{"completed":264,"elapsed_seconds":17722.71993193496,"event":"updates","peak_observed_bytes":11755930013,"run_id":"s2_d"}

{"completed":288,"elapsed_seconds":17846.886699611903,"event":"updates","peak_observed_bytes":11755930013,"run_id":"s2_d"}

{"completed":312,"elapsed_seconds":17968.899890727946,"event":"updates","peak_observed_bytes":11755930013,"run_id":"s2_d"}

{"completed":336,"elapsed_seconds":18092.977730389917,"event":"updates","peak_observed_bytes":11755930013,"run_id":"s2_d"}

{"completed":360,"elapsed_seconds":18214.10163268994,"event":"updates","peak_observed_bytes":11755930013,"run_id":"s2_d"}

{"completed":384,"elapsed_seconds":18339.491565152886,"event":"updates","peak_observed_bytes":11755930013,"run_id":"s2_d"}

{"completed":408,"elapsed_seconds":18461.706179513945,"event":"updates","peak_observed_bytes":11755930013,"run_id":"s2_d"}

{"completed":432,"elapsed_seconds":18586.551170159946,"event":"updates","peak_observed_bytes":11755930013,"run_id":"s2_d"}

{"completed":456,"elapsed_seconds":19211.21099121694,"event":"updates","peak_observed_bytes":13061246434,"run_id":"s2_d"}

{"completed":480,"elapsed_seconds":19337.206115626963,"event":"updates","peak_observed_bytes":13061246434,"run_id":"s2_d"}

{"completed":504,"elapsed_seconds":19465.24568086397,"event":"updates","peak_observed_bytes":13061246434,"run_id":"s2_d"}

{"completed":528,"elapsed_seconds":19593.85605015594,"event":"updates","peak_observed_bytes":13061246434,"run_id":"s2_d"}

{"completed":552,"elapsed_seconds":19714.838885338977,"event":"updates","peak_observed_bytes":13061246434,"run_id":"s2_d"}

{"completed":576,"elapsed_seconds":19842.345488943974,"event":"updates","peak_observed_bytes":13061246434,"run_id":"s2_d"}

{"completed":600,"elapsed_seconds":19969.821011525928,"event":"updates","peak_observed_bytes":13061246434,"run_id":"s2_d"}

{"completed":624,"elapsed_seconds":20098.840132977,"event":"updates","peak_observed_bytes":13061246434,"run_id":"s2_d"}

{"completed":648,"elapsed_seconds":20228.29437235999,"event":"updates","peak_observed_bytes":13061246434,"run_id":"s2_d"}

{"completed":672,"elapsed_seconds":20349.119717152906,"event":"updates","peak_observed_bytes":13061246434,"run_id":"s2_d"}

{"completed":696,"elapsed_seconds":20474.54623051698,"event":"updates","peak_observed_bytes":13061246434,"run_id":"s2_d"}

{"completed":720,"elapsed_seconds":20600.02355955995,"event":"updates","peak_observed_bytes":13061246434,"run_id":"s2_d"}

{"completed":744,"elapsed_seconds":20725.452838217956,"event":"updates","peak_observed_bytes":13061246434,"run_id":"s2_d"}

{"completed":768,"elapsed_seconds":20849.802054223954,"event":"updates","peak_observed_bytes":13061246434,"run_id":"s2_d"}

{"completed":792,"elapsed_seconds":20978.382732470986,"event":"updates","peak_observed_bytes":13061246434,"run_id":"s2_d"}

{"completed":816,"elapsed_seconds":21105.627547023934,"event":"updates","peak_observed_bytes":13061246434,"run_id":"s2_d"}

{"completed":840,"elapsed_seconds":21231.477365346975,"event":"updates","peak_observed_bytes":13061246434,"run_id":"s2_d"}

{"completed":864,"elapsed_seconds":21355.723591891932,"event":"updates","peak_observed_bytes":13061246434,"run_id":"s2_d"}

/home/yongpeng/cross-lingual/scripts/step28_chinese_base.py:124: FutureWarning: The `get_sentence_embedding_dimension` method has been renamed to `get_embedding_dimension`.
  if pooling_modes(pool) != [m["pooling"]] or encoder.get_sentence_embedding_dimension() != m["embedding_dim"]:
{"completed":24,"elapsed_seconds":22001.91642783594,"event":"updates","peak_observed_bytes":14368121978,"run_id":"s2_weighted"}

{"completed":48,"elapsed_seconds":22125.919987618923,"event":"updates","peak_observed_bytes":14368121978,"run_id":"s2_weighted"}

{"completed":72,"elapsed_seconds":22253.028727292898,"event":"updates","peak_observed_bytes":14368121978,"run_id":"s2_weighted"}

{"completed":96,"elapsed_seconds":22377.785559326992,"event":"updates","peak_observed_bytes":14368121978,"run_id":"s2_weighted"}

{"completed":120,"elapsed_seconds":22508.045894776937,"event":"updates","peak_observed_bytes":14368121978,"run_id":"s2_weighted"}

{"completed":144,"elapsed_seconds":22630.604639345896,"event":"updates","peak_observed_bytes":14368121978,"run_id":"s2_weighted"}

{"completed":168,"elapsed_seconds":22761.69195803092,"event":"updates","peak_observed_bytes":14368121978,"run_id":"s2_weighted"}

{"completed":192,"elapsed_seconds":22889.22586284799,"event":"updates","peak_observed_bytes":14368121978,"run_id":"s2_weighted"}

{"completed":216,"elapsed_seconds":23011.425391625962,"event":"updates","peak_observed_bytes":14368121978,"run_id":"s2_weighted"}

{"completed":240,"elapsed_seconds":23136.70246097294,"event":"updates","peak_observed_bytes":14368121978,"run_id":"s2_weighted"}

{"completed":264,"elapsed_seconds":23259.657712394954,"event":"updates","peak_observed_bytes":14368121978,"run_id":"s2_weighted"}

{"completed":288,"elapsed_seconds":23386.784401199897,"event":"updates","peak_observed_bytes":14368121978,"run_id":"s2_weighted"}

{"completed":312,"elapsed_seconds":23511.29709614895,"event":"updates","peak_observed_bytes":14368121978,"run_id":"s2_weighted"}

{"completed":336,"elapsed_seconds":23637.771225732984,"event":"updates","peak_observed_bytes":14368121978,"run_id":"s2_weighted"}

{"completed":360,"elapsed_seconds":23761.216400623904,"event":"updates","peak_observed_bytes":14368121978,"run_id":"s2_weighted"}

{"completed":384,"elapsed_seconds":23889.220955058932,"event":"updates","peak_observed_bytes":14368121978,"run_id":"s2_weighted"}

{"completed":408,"elapsed_seconds":24013.701083276886,"event":"updates","peak_observed_bytes":14368121978,"run_id":"s2_weighted"}

{"completed":432,"elapsed_seconds":24140.99843504594,"event":"updates","peak_observed_bytes":14368121978,"run_id":"s2_weighted"}

{"completed":456,"elapsed_seconds":24780.36945335695,"event":"updates","peak_observed_bytes":15677119605,"run_id":"s2_weighted"}

{"completed":480,"elapsed_seconds":24905.397443830967,"event":"updates","peak_observed_bytes":15677119605,"run_id":"s2_weighted"}

{"completed":504,"elapsed_seconds":25032.23505795491,"event":"updates","peak_observed_bytes":15677119605,"run_id":"s2_weighted"}

{"completed":528,"elapsed_seconds":25159.612315674894,"event":"updates","peak_observed_bytes":15677119605,"run_id":"s2_weighted"}

{"completed":552,"elapsed_seconds":25279.50581755,"event":"updates","peak_observed_bytes":15677119605,"run_id":"s2_weighted"}

{"completed":576,"elapsed_seconds":25405.932786366902,"event":"updates","peak_observed_bytes":15677119605,"run_id":"s2_weighted"}

{"completed":600,"elapsed_seconds":25532.84697857895,"event":"updates","peak_observed_bytes":15677119605,"run_id":"s2_weighted"}

{"completed":624,"elapsed_seconds":25661.29767869995,"event":"updates","peak_observed_bytes":15677119605,"run_id":"s2_weighted"}

{"completed":648,"elapsed_seconds":25789.92556003295,"event":"updates","peak_observed_bytes":15677119605,"run_id":"s2_weighted"}

{"completed":672,"elapsed_seconds":25910.382025268977,"event":"updates","peak_observed_bytes":15677119605,"run_id":"s2_weighted"}

{"completed":696,"elapsed_seconds":26035.704828432994,"event":"updates","peak_observed_bytes":15677119605,"run_id":"s2_weighted"}

{"completed":720,"elapsed_seconds":26160.868654260994,"event":"updates","peak_observed_bytes":15677119605,"run_id":"s2_weighted"}

{"completed":744,"elapsed_seconds":26286.316603418905,"event":"updates","peak_observed_bytes":15677119605,"run_id":"s2_weighted"}

{"completed":768,"elapsed_seconds":26410.8795593729,"event":"updates","peak_observed_bytes":15677119605,"run_id":"s2_weighted"}

{"completed":792,"elapsed_seconds":26539.62994178594,"event":"updates","peak_observed_bytes":15677119605,"run_id":"s2_weighted"}

{"completed":816,"elapsed_seconds":26666.908690643962,"event":"updates","peak_observed_bytes":15677119605,"run_id":"s2_weighted"}

{"completed":840,"elapsed_seconds":26792.590251545887,"event":"updates","peak_observed_bytes":15677119605,"run_id":"s2_weighted"}

{"completed":864,"elapsed_seconds":26917.15026317595,"event":"updates","peak_observed_bytes":15677119605,"run_id":"s2_weighted"}

{"out":"/home/yongpeng/cross-lingual/reports/seller_alias_continual/20260925/pooling_execution/20260925_125203/job","status":"COMPLETE_POOLING_TRAIN_AND_VALID"}

