	Command being timed: "timeout --signal=TERM --kill-after=15s 20m bash -c 
for arm in labse multilingual_e5_large bge_m3; do
 nice -n 10 python -u -B scripts/step28_base_model_audit.py \
  --arm "$arm" \
  --out "reports/seller_alias_continual/20260918/base_implementation/native_fix/$arm.json" || exit "$?"
done
"
	User time (seconds): 137.51
	System time (seconds): 38.66
	Percent of CPU this job got: 95%
	Elapsed (wall clock) time (h:mm:ss or m:ss): 3:05.31
	Average shared text size (kbytes): 0
	Average unshared data size (kbytes): 0
	Average stack size (kbytes): 0
	Average total size (kbytes): 0
	Maximum resident set size (kbytes): 13313076
	Average resident set size (kbytes): 0
	Major (requiring I/O) page faults: 55
	Minor (reclaiming a frame) page faults: 29220821
	Voluntary context switches: 23416
	Involuntary context switches: 730
	Swaps: 0
	File system inputs: 8915816
	File system outputs: 168
	Socket messages sent: 0
	Socket messages received: 0
	Signals delivered: 0
	Page size (bytes): 4096
	Exit status: 0
