Command exited with non-zero status 1
	Command being timed: "timeout --signal=TERM --kill-after=30s 45m nice -n 10 python -u -B scripts/step28_continual_cause_probe.py score --out reports/seller_alias_continual/20260910/cause_execution/20260910_110624/run"
	User time (seconds): 1.04
	System time (seconds): 0.45
	Percent of CPU this job got: 98%
	Elapsed (wall clock) time (h:mm:ss or m:ss): 0:01.52
	Average shared text size (kbytes): 0
	Average unshared data size (kbytes): 0
	Average stack size (kbytes): 0
	Average total size (kbytes): 0
	Maximum resident set size (kbytes): 767128
	Average resident set size (kbytes): 0
	Major (requiring I/O) page faults: 1
	Minor (reclaiming a frame) page faults: 88488
	Voluntary context switches: 110
	Involuntary context switches: 53
	Swaps: 0
	File system inputs: 184
	File system outputs: 16
	Socket messages sent: 0
	Socket messages received: 0
	Signals delivered: 0
	Page size (bytes): 4096
	Exit status: 1
