	Command being timed: "timeout --signal=TERM --kill-after=30s 1h python -u -B scripts/step28_continual_replay_probe.py score --out /home/yongpeng/cross-lingual/reports/seller_alias_continual/20260915/replay_probe_execution/20260915_141813/job/run"
	User time (seconds): 361.78
	System time (seconds): 53.75
	Percent of CPU this job got: 99%
	Elapsed (wall clock) time (h:mm:ss or m:ss): 6:56.49
	Average shared text size (kbytes): 0
	Average unshared data size (kbytes): 0
	Average stack size (kbytes): 0
	Average total size (kbytes): 0
	Maximum resident set size (kbytes): 6857176
	Average resident set size (kbytes): 0
	Major (requiring I/O) page faults: 9
	Minor (reclaiming a frame) page faults: 32362349
	Voluntary context switches: 33840
	Involuntary context switches: 2161
	Swaps: 0
	File system inputs: 22112736
	File system outputs: 4472
	Socket messages sent: 0
	Socket messages received: 0
	Signals delivered: 0
	Page size (bytes): 4096
	Exit status: 0
