Command exited with non-zero status 1
	Command being timed: "timeout --signal=TERM --kill-after=30s 3h python -u -B scripts/step28_continual_replay.py train --out /home/yongpeng/cross-lingual/reports/seller_alias_continual/20260913/replay_execution/20260913_170801/job/run"
	User time (seconds): 1.15
	System time (seconds): 0.22
	Percent of CPU this job got: 99%
	Elapsed (wall clock) time (h:mm:ss or m:ss): 0:01.38
	Average shared text size (kbytes): 0
	Average unshared data size (kbytes): 0
	Average stack size (kbytes): 0
	Average total size (kbytes): 0
	Maximum resident set size (kbytes): 655008
	Average resident set size (kbytes): 0
	Major (requiring I/O) page faults: 1
	Minor (reclaiming a frame) page faults: 76202
	Voluntary context switches: 59
	Involuntary context switches: 53
	Swaps: 0
	File system inputs: 504
	File system outputs: 16
	Socket messages sent: 0
	Socket messages received: 0
	Signals delivered: 0
	Page size (bytes): 4096
	Exit status: 1
