Token indices sequence length is longer than the specified maximum sequence length for this model (333 > 256). Running this sequence through the model will result in indexing errors
Token indices sequence length is longer than the specified maximum sequence length for this model (333 > 256). Running this sequence through the model will result in indexing errors
v6_correct seed=20260904 来源轮次 1/20：开发AP=0.801487，累计更新=39
v6_correct seed=20260904 来源轮次 2/20：开发AP=0.788608，累计更新=78
v6_correct seed=20260904 来源轮次 3/20：开发AP=0.752988，累计更新=117
v6_correct seed=20260904 来源轮次 4/20：开发AP=0.724827，累计更新=156
v6_correct seed=20260904 来源轮次 5/20：开发AP=0.710441，累计更新=195
v6_correct seed=20260904 来源轮次 6/20：开发AP=0.716065，累计更新=234
v6_correct seed=20260904 来源轮次 7/20：开发AP=0.675921，累计更新=273
v6_correct seed=20260904 来源轮次 8/20：开发AP=0.671877，累计更新=312
v6_correct seed=20260904 来源轮次 9/20：开发AP=0.683063，累计更新=351
v6_correct seed=20260904 来源轮次 10/20：开发AP=0.665379，累计更新=390
v6_correct seed=20260904 来源轮次 11/20：开发AP=0.673340，累计更新=429
v6_correct seed=20260904 来源轮次 12/20：开发AP=0.685784，累计更新=468
v6_correct seed=20260904 来源轮次 13/20：开发AP=0.622933，累计更新=507
v6_correct seed=20260904 来源轮次 14/20：开发AP=0.658702，累计更新=546
v6_correct seed=20260904 来源轮次 15/20：开发AP=0.661018，累计更新=585
v6_correct seed=20260904 来源轮次 16/20：开发AP=0.629337，累计更新=624
v6_correct seed=20260904 来源轮次 17/20：开发AP=0.662011，累计更新=663
v6_correct seed=20260904 来源轮次 18/20：开发AP=0.642590，累计更新=702
v6_correct seed=20260904 来源轮次 19/20：开发AP=0.646725，累计更新=741
v6_correct seed=20260904 来源轮次 20/20：开发AP=0.646828，累计更新=780
Token indices sequence length is longer than the specified maximum sequence length for this model (417 > 256). Running this sequence through the model will result in indexing errors
风格流分块：5000/14000
风格流分块：10000/14000
中文零样本推理：50/500 世界
中文零样本推理：100/500 世界
中文零样本推理：150/500 世界
中文零样本推理：200/500 世界
中文零样本推理：250/500 世界
中文零样本推理：300/500 世界
中文零样本推理：350/500 世界
中文零样本推理：400/500 世界
中文零样本推理：450/500 世界
中文零样本推理：500/500 世界
开始来源确认模型：v6_correct_seed_20260911
Token indices sequence length is longer than the specified maximum sequence length for this model (333 > 256). Running this sequence through the model will result in indexing errors
v6_correct seed=20260911 来源轮次 1/1：开发AP=0.782326，累计更新=39
中文零样本推理：50/500 世界
中文零样本推理：100/500 世界
中文零样本推理：150/500 世界
中文零样本推理：200/500 世界
中文零样本推理：250/500 世界
中文零样本推理：300/500 世界
中文零样本推理：350/500 世界
中文零样本推理：400/500 世界
中文零样本推理：450/500 世界
中文零样本推理：500/500 世界
开始来源确认模型：v6_correct_seed_20260912
Token indices sequence length is longer than the specified maximum sequence length for this model (333 > 256). Running this sequence through the model will result in indexing errors
v6_correct seed=20260912 来源轮次 1/1：开发AP=0.792842，累计更新=39
中文零样本推理：50/500 世界
中文零样本推理：100/500 世界
中文零样本推理：150/500 世界
中文零样本推理：200/500 世界
中文零样本推理：250/500 世界
中文零样本推理：300/500 世界
中文零样本推理：350/500 世界
中文零样本推理：400/500 世界
中文零样本推理：450/500 世界
中文零样本推理：500/500 世界
开始来源确认模型：v6_correct_seed_20260913
Token indices sequence length is longer than the specified maximum sequence length for this model (333 > 256). Running this sequence through the model will result in indexing errors
v6_correct seed=20260913 来源轮次 1/1：开发AP=0.783011，累计更新=39
中文零样本推理：50/500 世界
中文零样本推理：100/500 世界
中文零样本推理：150/500 世界
中文零样本推理：200/500 世界
中文零样本推理：250/500 世界
中文零样本推理：300/500 世界
中文零样本推理：350/500 世界
中文零样本推理：400/500 世界
中文零样本推理：450/500 世界
中文零样本推理：500/500 世界
开始来源确认模型：v6_permuted_seed_20260911
Token indices sequence length is longer than the specified maximum sequence length for this model (461 > 256). Running this sequence through the model will result in indexing errors
v6_permuted seed=20260911 来源轮次 1/1：开发AP=0.687414，累计更新=39
中文零样本推理：50/500 世界
中文零样本推理：100/500 世界
中文零样本推理：150/500 世界
中文零样本推理：200/500 世界
中文零样本推理：250/500 世界
中文零样本推理：300/500 世界
中文零样本推理：350/500 世界
中文零样本推理：400/500 世界
中文零样本推理：450/500 世界
中文零样本推理：500/500 世界
开始来源确认模型：v6_permuted_seed_20260912
Token indices sequence length is longer than the specified maximum sequence length for this model (326 > 256). Running this sequence through the model will result in indexing errors
v6_permuted seed=20260912 来源轮次 1/1：开发AP=0.741166，累计更新=39
中文零样本推理：50/500 世界
中文零样本推理：100/500 世界
中文零样本推理：150/500 世界
中文零样本推理：200/500 世界
中文零样本推理：250/500 世界
中文零样本推理：300/500 世界
中文零样本推理：350/500 世界
中文零样本推理：400/500 世界
中文零样本推理：450/500 世界
中文零样本推理：500/500 世界
开始来源确认模型：v6_permuted_seed_20260913
Token indices sequence length is longer than the specified maximum sequence length for this model (993 > 256). Running this sequence through the model will result in indexing errors
v6_permuted seed=20260913 来源轮次 1/1：开发AP=0.742641，累计更新=39
中文零样本推理：50/500 世界
中文零样本推理：100/500 世界
中文零样本推理：150/500 世界
中文零样本推理：200/500 世界
中文零样本推理：250/500 世界
中文零样本推理：300/500 世界
中文零样本推理：350/500 世界
中文零样本推理：400/500 世界
中文零样本推理：450/500 世界
中文零样本推理：500/500 世界
开始来源确认模型：v6_order_format_mass_ablated_seed_20260911
v6_order_format_mass_ablated seed=20260911 来源轮次 1/1：开发AP=0.714816，累计更新=39
中文零样本推理：50/500 世界
中文零样本推理：100/500 世界
中文零样本推理：150/500 世界
中文零样本推理：200/500 世界
中文零样本推理：250/500 世界
中文零样本推理：300/500 世界
中文零样本推理：350/500 世界
中文零样本推理：400/500 世界
中文零样本推理：450/500 世界
中文零样本推理：500/500 世界
开始来源确认模型：v6_order_format_mass_ablated_seed_20260912
v6_order_format_mass_ablated seed=20260912 来源轮次 1/1：开发AP=0.678081，累计更新=39
中文零样本推理：50/500 世界
中文零样本推理：100/500 世界
中文零样本推理：150/500 世界
中文零样本推理：200/500 世界
中文零样本推理：250/500 世界
中文零样本推理：300/500 世界
中文零样本推理：350/500 世界
中文零样本推理：400/500 世界
中文零样本推理：450/500 世界
中文零样本推理：500/500 世界
开始来源确认模型：v6_order_format_mass_ablated_seed_20260913
v6_order_format_mass_ablated seed=20260913 来源轮次 1/1：开发AP=0.717217，累计更新=39
中文零样本推理：50/500 世界
中文零样本推理：100/500 世界
中文零样本推理：150/500 世界
中文零样本推理：200/500 世界
中文零样本推理：250/500 世界
中文零样本推理：300/500 世界
中文零样本推理：350/500 世界
中文零样本推理：400/500 世界
中文零样本推理：450/500 世界
中文零样本推理：500/500 世界
{
  "audit_a_truth_reads": 0,
  "audit_b_truth_reads": 0,
  "elapsed_seconds": 505.1369128227234,
  "models": [
    "generic",
    "v6_correct_seed_20260911",
    "v6_correct_seed_20260912",
    "v6_correct_seed_20260913",
    "v6_permuted_seed_20260911",
    "v6_permuted_seed_20260912",
    "v6_permuted_seed_20260913",
    "v6_order_format_mass_ablated_seed_20260911",
    "v6_order_format_mass_ablated_seed_20260912",
    "v6_order_format_mass_ablated_seed_20260913"
  ],
  "policy_canonical_self_hash": "a4fb3f18267b821437e6c687ef3ba6dc3094b4d99ce7a94a818e3e91d9a30279",
  "selected_source_epochs": 1,
  "source_gate_confirmed": false,
  "static_input_validation": {
    "audit_a_truth_reads": 0,
    "audit_b_truth_reads": 0,
    "chinese": {
      "development": {
        "sellers": 14000,
        "worlds": 500
      },
      "train": {
        "sellers": 14000,
        "worlds": 500
      }
    },
    "policy_canonical_self_hash": "a4fb3f18267b821437e6c687ef3ba6dc3094b4d99ce7a94a818e3e91d9a30279",
    "status": "PASSED_V6_STYLE_TRANSFER_STATIC_INPUTS",
    "v5_accounts": 82,
    "v6_accounts": 1015,
    "v6_pairs": 1950,
    "v6_train_components": 310,
    "v6_updates_per_epoch": 39
  },
  "status": "COMPLETED_V6_STYLE_SOURCE_AND_CHINESE_DEVELOPMENT_ZERO_SHOT"
}
