test_acceptance_guards_basic_identification_and_fixed_s0 (test_step28_alias_pooling_contracts.PoolingContracts) ... ok
test_all_text_pairing_and_no_identity_input (test_step28_alias_pooling_contracts.PoolingContracts) ... ok
test_bootstrap_averages_seeds_before_groups_hand_case (test_step28_alias_pooling_contracts.PoolingContracts) ... ok
test_checkpoint_restores_aggregation_and_adam_not_only_encoder (test_step28_alias_pooling_contracts.PoolingContracts) ... ok
test_collection_saved_before_uncertainty_failure (test_step28_alias_pooling_contracts.PoolingContracts) ... ok
test_joint_permutation_and_weight_bounds (test_step28_alias_pooling_contracts.PoolingContracts) ... /home/yongpeng/cross-lingual/tests/test_step28_alias_pooling_contracts.py:108: UserWarning: Converting a tensor with requires_grad=True to a scalar may lead to unexpected behavior.
Consider using tensor.detach() first. (Triggered internally at /pytorch/torch/csrc/autograd/generated/python_variable_methods.cpp:836.)
  self.assertAlmostEqual(float(w.sum()), 1., places=6)
ok
test_new_module_optimizer_gradients_and_two_real_updates (test_step28_alias_pooling_contracts.PoolingContracts) ... ok
test_original_d_and_wrapper_really_match_one_adam_update (test_step28_alias_pooling_contracts.PoolingContracts) ... ok
test_shared_common_initialization_and_fixed_partition (test_step28_alias_pooling_contracts.PoolingContracts) ... ok
test_uniform_initialization_rng_and_parameter_count (test_step28_alias_pooling_contracts.PoolingContracts) ... ok
test_weighted_moments_against_independent_scalar_formula (test_step28_alias_pooling_contracts.PoolingContracts) ... ok

----------------------------------------------------------------------
Ran 11 tests in 0.854s

OK
/home/yongpeng/cross-lingual/scripts/step28_chinese_base.py:124: FutureWarning: The `get_sentence_embedding_dimension` method has been renamed to `get_embedding_dimension`.
  if pooling_modes(pool) != [m["pooling"]] or encoder.get_sentence_embedding_dimension() != m["embedding_dim"]:
{"event":"native_handmade_update","kind":"original_d","seconds":70.88122326205485,"step":1}

/home/yongpeng/cross-lingual/scripts/step28_chinese_base.py:124: FutureWarning: The `get_sentence_embedding_dimension` method has been renamed to `get_embedding_dimension`.
  if pooling_modes(pool) != [m["pooling"]] or encoder.get_sentence_embedding_dimension() != m["embedding_dim"]:
{"event":"native_handmade_update","kind":"wrapped_d","seconds":67.35465940798167,"step":1}

/home/yongpeng/cross-lingual/scripts/step28_chinese_base.py:124: FutureWarning: The `get_sentence_embedding_dimension` method has been renamed to `get_embedding_dimension`.
  if pooling_modes(pool) != [m["pooling"]] or encoder.get_sentence_embedding_dimension() != m["embedding_dim"]:
{"event":"native_handmade_update","kind":"weighted","seconds":125.55412813194562,"step":1}

{"event":"native_handmade_update","kind":"weighted","seconds":182.2135127040092,"step":2}

{"max_rss_kib":9292084,"native_handmade_updates":4,"seconds":363.56750865711365,"status":"PASS_POOLING_NATIVE_AND_CONTRACTS"}

