	Command being timed: "timeout --signal=TERM --kill-after=30s 1h /home/yongpeng/miniconda3/envs/py310/bin/python -u -B scripts/step28_alias_pooling_audit.py --out reports/seller_alias_continual/20260925/pooling_implementation/cpu_20260925_111800/audit.json"
	User time (seconds): 347.47
	System time (seconds): 18.03
	Percent of CPU this job got: 99%
	Elapsed (wall clock) time (h:mm:ss or m:ss): 6:05.60
	Average shared text size (kbytes): 0
	Average unshared data size (kbytes): 0
	Average stack size (kbytes): 0
	Average total size (kbytes): 0
	Maximum resident set size (kbytes): 9292084
	Average resident set size (kbytes): 0
	Major (requiring I/O) page faults: 11
	Minor (reclaiming a frame) page faults: 17342149
	Voluntary context switches: 121
	Involuntary context switches: 2015
	Swaps: 0
	File system inputs: 5272
	File system outputs: 944
	Socket messages sent: 0
	Socket messages received: 0
	Signals delivered: 0
	Page size (bytes): 4096
	Exit status: 0
