{"written":"train","domain":"A"}
{"written":"train","domain":"B"}
{"written":"train","domain":"C"}
{"written":"development","domain":"A"}
{"written":"development","domain":"B"}
{"written":"development","domain":"C"}
{"written":"heldout","domain":"A"}
{"written":"heldout","domain":"B"}
{"written":"heldout","domain":"C"}
{
  "status": "PASS_GENERATION_CONTRACT_NOT_MODEL_QUALIFICATION",
  "counts": {
    "groups": 360,
    "controllers": 4320,
    "accounts": 10080,
    "items": 36602,
    "pairs": 136080,
    "positive_pairs": 7200,
    "negative_pairs": 128880
  },
  "item_count_histogram": {
    "2": 5630,
    "3": 1035,
    "4": 647,
    "5": 464,
    "6": 438,
    "7": 227,
    "8": 1639
  },
  "maximum_text_characters": {
    "title": 15,
    "description": 76
  },
  "maximum_item_metadata_bytes": 173,
  "directory_bytes_at_verification": 28796180,
  "small_record_bytes_at_verification": 54018,
  "domain_observations": {
    "A": {
      "items": 12093,
      "topic_counts": {
        "数据资料": 7312,
        "数字账号": 2393,
        "软件服务": 2388
      },
      "topic_proportions": {
        "数据资料": 0.604647316629455,
        "数字账号": 0.19788307285206316,
        "软件服务": 0.19746961051848178
      },
      "theoretical_topic_proportions": [
        0.5895975232198142,
        0.20520123839009288,
        0.20520123839009288
      ],
      "subcategory_counts": {
        "企业资料": 1806,
        "教育资料": 1773,
        "行业名录": 1840,
        "商品目录": 1893,
        "社交账号": 567,
        "内容平台账号": 604,
        "游戏账号": 598,
        "工具平台账号": 624,
        "资料整理": 562,
        "格式转换": 594,
        "检索辅助": 650,
        "维护支持": 582
      }
    },
    "B": {
      "items": 12231,
      "topic_counts": {
        "数据资料": 2542,
        "数字账号": 7182,
        "软件服务": 2507
      },
      "topic_proportions": {
        "数据资料": 0.2078325566184286,
        "数字账号": 0.58719646799117,
        "软件服务": 0.20497097539040143
      },
      "theoretical_topic_proportions": [
        0.20520123839009288,
        0.5895975232198142,
        0.20520123839009288
      ],
      "subcategory_counts": {
        "企业资料": 665,
        "教育资料": 677,
        "行业名录": 614,
        "商品目录": 586,
        "社交账号": 1848,
        "内容平台账号": 1845,
        "游戏账号": 1774,
        "工具平台账号": 1715,
        "资料整理": 631,
        "格式转换": 605,
        "检索辅助": 724,
        "维护支持": 547
      }
    },
    "C": {
      "items": 12278,
      "topic_counts": {
        "数据资料": 2524,
        "数字账号": 2629,
        "软件服务": 7125
      },
      "topic_proportions": {
        "数据资料": 0.20557093989249065,
        "数字账号": 0.2141228213064017,
        "软件服务": 0.5803062388011077
      },
      "theoretical_topic_proportions": [
        0.20520123839009288,
        0.20520123839009288,
        0.5895975232198142
      ],
      "subcategory_counts": {
        "企业资料": 646,
        "教育资料": 693,
        "行业名录": 558,
        "商品目录": 627,
        "社交账号": 672,
        "内容平台账号": 658,
        "游戏账号": 665,
        "工具平台账号": 634,
        "资料整理": 1834,
        "格式转换": 1724,
        "检索辅助": 1828,
        "维护支持": 1739
      }
    }
  },
  "domain_split_observations": {
    "C/train": {
      "groups": 60,
      "items": 6176,
      "topic_counts": [
        1266,
        1331,
        3579
      ]
    },
    "B/train": {
      "groups": 60,
      "items": 6119,
      "topic_counts": [
        1278,
        3589,
        1252
      ]
    },
    "A/train": {
      "groups": 60,
      "items": 6048,
      "topic_counts": [
        3651,
        1190,
        1207
      ]
    },
    "A/development": {
      "groups": 20,
      "items": 2045,
      "topic_counts": [
        1269,
        404,
        372
      ]
    },
    "C/development": {
      "groups": 20,
      "items": 2026,
      "topic_counts": [
        415,
        404,
        1207
      ]
    },
    "B/development": {
      "groups": 20,
      "items": 2049,
      "topic_counts": [
        442,
        1199,
        408
      ]
    },
    "C/heldout": {
      "groups": 40,
      "items": 4076,
      "topic_counts": [
        843,
        894,
        2339
      ]
    },
    "A/heldout": {
      "groups": 40,
      "items": 4000,
      "topic_counts": [
        2392,
        799,
        809
      ]
    },
    "B/heldout": {
      "groups": 40,
      "items": 4063,
      "topic_counts": [
        822,
        2394,
        847
      ]
    }
  },
  "duplicate_text": {
    "item_text_unique": 36584,
    "item_text_extra_occurrences": 18,
    "item_text_types_shared_across_splits": 12,
    "account_text_extra_occurrences": 0,
    "account_text_types_shared_across_splits": 0
  },
  "observed_pair_overlap": {
    "0": {
      "pairs": 128880,
      "mean_topic_set_jaccard": 0.5054792571901511,
      "style_axis_agreement": [
        0.33519553072625696,
        0.33867939168218497,
        0.25427529484792055
      ]
    },
    "1": {
      "pairs": 7200,
      "mean_topic_set_jaccard": 0.5850462962962962,
      "style_axis_agreement": [
        0.7072222222222222,
        0.7072222222222222,
        0.6651388888888888
      ]
    }
  },
  "checks": [
    "All payload hashes and sizes match the source manifest",
    "360 independent groups; controller/account/item IDs isolated",
    "New pair supervision equals complete ownership equivalence relation",
    "Every account has one fixed collection of 2-8 nonempty records",
    "Rendered product and all wording match the common catalog",
    "Account title/layout/service axes are constant across its records",
    "Only title and description are model inputs; IDs remain metadata",
    "27 candidates/query and 1 or 2 positives; no model was evaluated",
    "Actual category counts and overlap reported without reseeding or significance gates"
  ],
  "limits": [
    "Generator correctness and observed distribution shift do not establish learnability or forgetting.",
    "Duplicate common text may occur; counts are descriptive, not an automatic leakage verdict.",
    "No old labels, qrels, Audit A/B, Linux, GPU or model loading used."
  ]
}
