{
  "at_utc": "2026-10-02T04:00:04.293818+00:00",
  "original": {
    "path": "/mnt/data/er_low_review.zip",
    "bytes": 2024711,
    "sha256": "bb6d99cd2cce7b72230a8f84df50e96c74454a3a4a498898bc993aa9e8549aef",
    "expected_bytes": 2024711,
    "expected_sha256": "bb6d99cd2cce7b72230a8f84df50e96c74454a3a4a498898bc993aa9e8549aef",
    "members": 294,
    "crc_bad_member": null,
    "duplicate_names": []
  },
  "payload_file_count": 293,
  "payload_total_bytes": 5997573,
  "declared_payload_bytes": 5997573,
  "unlisted": [],
  "missing": [],
  "payload_mismatches": [],
  "freeze_count": 31,
  "freeze_mismatches": [],
  "changed_prior_count": 7,
  "prior_unchanged_count": 21,
  "prior_unchanged_mismatches": [],
  "policy_digest": "201c7a766965df127803be89a9f3b7b1a5246053d95b2bcafa4dcc08cfa08c3d",
  "freeze_policy_digest": "201c7a766965df127803be89a9f3b7b1a5246053d95b2bcafa4dcc08cfa08c3d"
}
{
  "sys_version": "3.13.5 (main, Jul 15 2026, 20:25:40) [GCC 14.2.0]",
  "executable": "/opt/pyvenv/bin/python",
  "platform": "Linux-6.18.44-x86_64-with-glibc2.41",
  "machine": "x86_64",
  "numpy": "2.3.5",
  "torch": "2.10.0+cpu",
  "cuda_build": null,
  "cuda_available": false,
  "torch_threads": 1,
  "cpu_affinity": [
    0
  ]
}
