	Command being timed: "nice -n 10 python -u -B scripts/step28_continual_population_run.py --out reports/seller_alias_continual/20260909/population_execution/20260909_162607/run"
	User time (seconds): 11972.24
	System time (seconds): 724.63
	Percent of CPU this job got: 100%
	Elapsed (wall clock) time (h:mm:ss or m:ss): 3:31:29
	Average shared text size (kbytes): 0
	Average unshared data size (kbytes): 0
	Average stack size (kbytes): 0
	Average total size (kbytes): 0
	Maximum resident set size (kbytes): 11008592
	Average resident set size (kbytes): 0
	Major (requiring I/O) page faults: 2
	Minor (reclaiming a frame) page faults: 361176530
	Voluntary context switches: 166061
	Involuntary context switches: 49048
	Swaps: 0
	File system inputs: 832
	File system outputs: 302023240
	Socket messages sent: 0
	Socket messages received: 0
	Signals delivered: 0
	Page size (bytes): 4096
	Exit status: 0
