/home/yongpeng/cross-lingual/scripts/step28_continual_population.py:65: FutureWarning: The `get_sentence_embedding_dimension` method has been renamed to `get_embedding_dimension`.
  if encoder.get_sentence_embedding_dimension() != config["model"]["embedding_dim"]:
test_real_torch_save_fresh_reload_adam_next_update_and_token_limit (test_step28_continual_population_contracts.TorchContracts) ... ok
test_record_multiplicity_symmetric_pairs_and_encoder_gradient (test_step28_continual_population_contracts.TorchContracts) ... ok
test_separate_branches_match_independent_sum_and_one_adam_update (test_step28_continual_population_contracts.TorchContracts) ... ok

----------------------------------------------------------------------
Ran 3 tests in 0.046s

OK
{"elapsed_seconds":65.48163191927597,"event":"point_reloaded","inference_seconds_including_replay":1.105697838589549,"peak_observed_bytes":7543231490,"point":"runtime","total_point_seconds":42.49128334084526}

{"elapsed_seconds":195.94968542596325,"event":"point_reloaded","inference_seconds_including_replay":98.84075243398547,"peak_observed_bytes":7543231490,"point":"ABC_initial","total_point_seconds":114.57827440137044}

{"arm":"sequential","completed":30,"elapsed_seconds":236.5145377232693,"event":"updates","order":"ABC","peak_observed_bytes":7543231490,"stage":1,"stage_training_seconds":40.5636430317536,"total":180}

{"arm":"sequential","completed":60,"elapsed_seconds":277.5180032402277,"event":"updates","order":"ABC","peak_observed_bytes":7543231490,"stage":1,"stage_training_seconds":81.56710593774915,"total":180}

{"arm":"sequential","completed":90,"elapsed_seconds":318.3521473342553,"event":"updates","order":"ABC","peak_observed_bytes":7543231490,"stage":1,"stage_training_seconds":122.40125627676025,"total":180}

{"arm":"sequential","completed":120,"elapsed_seconds":358.8611923963763,"event":"updates","order":"ABC","peak_observed_bytes":7543231490,"stage":1,"stage_training_seconds":162.91030397964641,"total":180}

{"arm":"sequential","completed":150,"elapsed_seconds":399.2212867932394,"event":"updates","order":"ABC","peak_observed_bytes":7543231490,"stage":1,"stage_training_seconds":203.27040431974456,"total":180}

{"arm":"sequential","completed":180,"elapsed_seconds":440.33075829409063,"event":"updates","order":"ABC","peak_observed_bytes":7543231490,"stage":1,"stage_training_seconds":244.37994961673394,"total":180}

{"elapsed_seconds":579.9567817631178,"event":"point_reloaded","inference_seconds_including_replay":99.12347586872056,"peak_observed_bytes":7543949627,"point":"ABC_shared","total_point_seconds":139.6183618530631}

{"arm":"sequential","completed":30,"elapsed_seconds":658.4135155463591,"event":"updates","order":"ABC","peak_observed_bytes":9430899225,"stage":2,"stage_training_seconds":42.1425591907464,"total":180}

{"arm":"sequential","completed":60,"elapsed_seconds":698.991900310386,"event":"updates","order":"ABC","peak_observed_bytes":9430899225,"stage":2,"stage_training_seconds":82.7208705949597,"total":180}

{"arm":"sequential","completed":90,"elapsed_seconds":740.5285604451783,"event":"updates","order":"ABC","peak_observed_bytes":9430899225,"stage":2,"stage_training_seconds":124.25761332595721,"total":180}

{"arm":"sequential","completed":120,"elapsed_seconds":781.5378487054259,"event":"updates","order":"ABC","peak_observed_bytes":9430899225,"stage":2,"stage_training_seconds":165.266902144067,"total":180}

{"arm":"sequential","completed":150,"elapsed_seconds":823.7344643562101,"event":"updates","order":"ABC","peak_observed_bytes":9430899225,"stage":2,"stage_training_seconds":207.46344406483695,"total":180}

{"arm":"sequential","completed":180,"elapsed_seconds":864.2140101529658,"event":"updates","order":"ABC","peak_observed_bytes":9430899225,"stage":2,"stage_training_seconds":247.94306838372722,"total":180}

{"elapsed_seconds":1003.9425194943324,"event":"point_reloaded","inference_seconds_including_replay":99.22381760179996,"peak_observed_bytes":15087300156,"point":"ABC_sequential_stage2","total_point_seconds":139.7279083696194}

{"arm":"sequential","completed":30,"elapsed_seconds":1045.6035461169668,"event":"updates","order":"ABC","peak_observed_bytes":15087300156,"stage":3,"stage_training_seconds":41.17927899118513,"total":180}

{"arm":"sequential","completed":60,"elapsed_seconds":1087.6495694862679,"event":"updates","order":"ABC","peak_observed_bytes":15087300156,"stage":3,"stage_training_seconds":83.22521445015445,"total":180}

{"arm":"sequential","completed":90,"elapsed_seconds":1129.3419759580866,"event":"updates","order":"ABC","peak_observed_bytes":15087300156,"stage":3,"stage_training_seconds":124.91770098917186,"total":180}

{"arm":"sequential","completed":120,"elapsed_seconds":1170.8791864342056,"event":"updates","order":"ABC","peak_observed_bytes":15087300156,"stage":3,"stage_training_seconds":166.45483624283224,"total":180}

{"arm":"sequential","completed":150,"elapsed_seconds":1213.1616334263235,"event":"updates","order":"ABC","peak_observed_bytes":15087300156,"stage":3,"stage_training_seconds":208.73728293413296,"total":180}

{"arm":"sequential","completed":180,"elapsed_seconds":1253.9731773771346,"event":"updates","order":"ABC","peak_observed_bytes":15087300156,"stage":3,"stage_training_seconds":249.54889883706346,"total":180}

{"elapsed_seconds":1393.5814417633228,"event":"point_reloaded","inference_seconds_including_replay":99.11782631697133,"peak_observed_bytes":15087572572,"point":"ABC_sequential_stage3","total_point_seconds":139.60766494786367}

{"arm":"er","completed":30,"elapsed_seconds":1509.130252091214,"event":"updates","order":"ABC","peak_observed_bytes":15087572572,"stage":2,"stage_training_seconds":79.44040979770944,"total":180}

{"arm":"er","completed":60,"elapsed_seconds":1587.560785651207,"event":"updates","order":"ABC","peak_observed_bytes":15087572572,"stage":2,"stage_training_seconds":157.87095895968378,"total":180}

{"arm":"er","completed":90,"elapsed_seconds":1666.9143990720622,"event":"updates","order":"ABC","peak_observed_bytes":15087572572,"stage":2,"stage_training_seconds":237.2245662319474,"total":180}

{"arm":"er","completed":120,"elapsed_seconds":1745.7818763600662,"event":"updates","order":"ABC","peak_observed_bytes":15087572572,"stage":2,"stage_training_seconds":316.09204452391714,"total":180}

{"arm":"er","completed":150,"elapsed_seconds":1826.7580950763077,"event":"updates","order":"ABC","peak_observed_bytes":15087572572,"stage":2,"stage_training_seconds":397.06826802669093,"total":180}

{"arm":"er","completed":180,"elapsed_seconds":1905.5664728414267,"event":"updates","order":"ABC","peak_observed_bytes":15087572572,"stage":2,"stage_training_seconds":475.8766419040039,"total":180}

{"elapsed_seconds":2045.5896672680974,"event":"point_reloaded","inference_seconds_including_replay":98.99385869503021,"peak_observed_bytes":16974957452,"point":"ABC_er_stage2","total_point_seconds":140.01526738796383}

{"arm":"er","completed":30,"elapsed_seconds":2126.371612461284,"event":"updates","order":"ABC","peak_observed_bytes":16974957452,"stage":3,"stage_training_seconds":80.29466232284904,"total":180}

{"arm":"er","completed":60,"elapsed_seconds":2207.0967426979914,"event":"updates","order":"ABC","peak_observed_bytes":16974957452,"stage":3,"stage_training_seconds":161.01980540296063,"total":180}

{"arm":"er","completed":90,"elapsed_seconds":2287.737978205085,"event":"updates","order":"ABC","peak_observed_bytes":16974957452,"stage":3,"stage_training_seconds":241.66104508098215,"total":180}

{"arm":"er","completed":120,"elapsed_seconds":2367.031154273078,"event":"updates","order":"ABC","peak_observed_bytes":16974957452,"stage":3,"stage_training_seconds":320.95421689003706,"total":180}

{"arm":"er","completed":150,"elapsed_seconds":2447.5906451530755,"event":"updates","order":"ABC","peak_observed_bytes":16974957452,"stage":3,"stage_training_seconds":401.5137082231231,"total":180}

{"arm":"er","completed":180,"elapsed_seconds":2529.2487958651036,"event":"updates","order":"ABC","peak_observed_bytes":16974957452,"stage":3,"stage_training_seconds":483.17186009604484,"total":180}

{"elapsed_seconds":2668.63802820025,"event":"point_reloaded","inference_seconds_including_replay":98.93819723697379,"peak_observed_bytes":16975407272,"point":"ABC_er_stage3","total_point_seconds":139.3812267333269}

{"arm":"cumulative","completed":30,"elapsed_seconds":2753.854827119969,"event":"updates","order":"ABC","peak_observed_bytes":16975407272,"stage":2,"stage_training_seconds":41.457829813007265,"total":360}

{"arm":"cumulative","completed":60,"elapsed_seconds":2794.319238926284,"event":"updates","order":"ABC","peak_observed_bytes":16975407272,"stage":2,"stage_training_seconds":81.92215709621087,"total":360}

{"arm":"cumulative","completed":90,"elapsed_seconds":2834.780416750349,"event":"updates","order":"ABC","peak_observed_bytes":16975407272,"stage":2,"stage_training_seconds":122.38332603219897,"total":360}

{"arm":"cumulative","completed":120,"elapsed_seconds":2876.884858489968,"event":"updates","order":"ABC","peak_observed_bytes":16975407272,"stage":2,"stage_training_seconds":164.4877744289115,"total":360}

{"arm":"cumulative","completed":150,"elapsed_seconds":2916.3449475360103,"event":"updates","order":"ABC","peak_observed_bytes":16975407272,"stage":2,"stage_training_seconds":203.9478578530252,"total":360}

{"arm":"cumulative","completed":180,"elapsed_seconds":2958.447410691995,"event":"updates","order":"ABC","peak_observed_bytes":16975407272,"stage":2,"stage_training_seconds":246.05032570799813,"total":360}

{"arm":"cumulative","completed":210,"elapsed_seconds":3000.1954192933626,"event":"updates","order":"ABC","peak_observed_bytes":16975407272,"stage":2,"stage_training_seconds":287.7983353231102,"total":360}

{"arm":"cumulative","completed":240,"elapsed_seconds":3041.242415267974,"event":"updates","order":"ABC","peak_observed_bytes":16975407272,"stage":2,"stage_training_seconds":328.8453182359226,"total":360}

{"arm":"cumulative","completed":270,"elapsed_seconds":3081.8080965480767,"event":"updates","order":"ABC","peak_observed_bytes":16975407272,"stage":2,"stage_training_seconds":369.4110126472078,"total":360}

{"arm":"cumulative","completed":300,"elapsed_seconds":3122.398381609004,"event":"updates","order":"ABC","peak_observed_bytes":16975407272,"stage":2,"stage_training_seconds":410.0012859199196,"total":360}

{"arm":"cumulative","completed":330,"elapsed_seconds":3163.2563383742236,"event":"updates","order":"ABC","peak_observed_bytes":16975407272,"stage":2,"stage_training_seconds":450.85924988007173,"total":360}

{"arm":"cumulative","completed":360,"elapsed_seconds":3205.4468034682795,"event":"updates","order":"ABC","peak_observed_bytes":16975407272,"stage":2,"stage_training_seconds":493.0497177229263,"total":360}

{"elapsed_seconds":3346.395463996101,"event":"point_reloaded","inference_seconds_including_replay":99.27498128078878,"peak_observed_bytes":18862628666,"point":"ABC_cumulative_stage2","total_point_seconds":140.94786116294563}

{"arm":"cumulative","completed":30,"elapsed_seconds":3395.5362092764117,"event":"updates","order":"ABC","peak_observed_bytes":18862628666,"stage":3,"stage_training_seconds":41.26413493324071,"total":540}

{"arm":"cumulative","completed":60,"elapsed_seconds":3436.17509901803,"event":"updates","order":"ABC","peak_observed_bytes":18862628666,"stage":3,"stage_training_seconds":81.90302266133949,"total":540}

{"arm":"cumulative","completed":90,"elapsed_seconds":3477.394079477992,"event":"updates","order":"ABC","peak_observed_bytes":18862628666,"stage":3,"stage_training_seconds":123.1221024361439,"total":540}

{"arm":"cumulative","completed":120,"elapsed_seconds":3518.4638537471183,"event":"updates","order":"ABC","peak_observed_bytes":18862628666,"stage":3,"stage_training_seconds":164.19177687633783,"total":540}

{"arm":"cumulative","completed":150,"elapsed_seconds":3560.7927781292237,"event":"updates","order":"ABC","peak_observed_bytes":18862628666,"stage":3,"stage_training_seconds":206.52071405900642,"total":540}

{"arm":"cumulative","completed":180,"elapsed_seconds":3601.921974242199,"event":"updates","order":"ABC","peak_observed_bytes":18862628666,"stage":3,"stage_training_seconds":247.6499856300652,"total":540}

{"arm":"cumulative","completed":210,"elapsed_seconds":3642.587936223019,"event":"updates","order":"ABC","peak_observed_bytes":18862628666,"stage":3,"stage_training_seconds":288.31585884839296,"total":540}

{"arm":"cumulative","completed":240,"elapsed_seconds":3684.3247207221575,"event":"updates","order":"ABC","peak_observed_bytes":18862628666,"stage":3,"stage_training_seconds":330.0527368513867,"total":540}

{"arm":"cumulative","completed":270,"elapsed_seconds":3725.8650494134054,"event":"updates","order":"ABC","peak_observed_bytes":18862628666,"stage":3,"stage_training_seconds":371.59306293027475,"total":540}

{"arm":"cumulative","completed":300,"elapsed_seconds":3766.8921191301197,"event":"updates","order":"ABC","peak_observed_bytes":18862628666,"stage":3,"stage_training_seconds":412.62012693611905,"total":540}

{"arm":"cumulative","completed":330,"elapsed_seconds":3807.0425509251654,"event":"updates","order":"ABC","peak_observed_bytes":18862628666,"stage":3,"stage_training_seconds":452.77046795841306,"total":540}

{"arm":"cumulative","completed":360,"elapsed_seconds":3849.5957286581397,"event":"updates","order":"ABC","peak_observed_bytes":18862628666,"stage":3,"stage_training_seconds":495.3236581971869,"total":540}

{"arm":"cumulative","completed":390,"elapsed_seconds":3891.288471708074,"event":"updates","order":"ABC","peak_observed_bytes":18862628666,"stage":3,"stage_training_seconds":537.0164855741896,"total":540}

{"arm":"cumulative","completed":420,"elapsed_seconds":3933.0823418423533,"event":"updates","order":"ABC","peak_observed_bytes":18862628666,"stage":3,"stage_training_seconds":578.8102695881389,"total":540}

{"arm":"cumulative","completed":450,"elapsed_seconds":3973.22630308941,"event":"updates","order":"ABC","peak_observed_bytes":18862628666,"stage":3,"stage_training_seconds":618.9542369600385,"total":540}

{"arm":"cumulative","completed":480,"elapsed_seconds":4014.8322298442945,"event":"updates","order":"ABC","peak_observed_bytes":18862628666,"stage":3,"stage_training_seconds":660.5601668222807,"total":540}

{"arm":"cumulative","completed":510,"elapsed_seconds":4056.009152297396,"event":"updates","order":"ABC","peak_observed_bytes":18862628666,"stage":3,"stage_training_seconds":701.7370813260786,"total":540}

{"arm":"cumulative","completed":540,"elapsed_seconds":4097.307939313352,"event":"updates","order":"ABC","peak_observed_bytes":18862628666,"stage":3,"stage_training_seconds":743.0359531054273,"total":540}

{"elapsed_seconds":4238.3304956983775,"event":"point_reloaded","inference_seconds_including_replay":99.58727782731876,"peak_observed_bytes":18862901082,"point":"ABC_cumulative_stage3","total_point_seconds":141.0216362569481}

{"elapsed_seconds":4380.474244233221,"event":"point_reloaded","inference_seconds_including_replay":99.11142252478749,"peak_observed_bytes":18862901082,"point":"BCA_initial","total_point_seconds":115.20646391296759}

{"arm":"sequential","completed":30,"elapsed_seconds":4422.634591080248,"event":"updates","order":"BCA","peak_observed_bytes":18862901082,"stage":1,"stage_training_seconds":42.158940883819014,"total":180}

{"arm":"sequential","completed":60,"elapsed_seconds":4463.1194250644185,"event":"updates","order":"BCA","peak_observed_bytes":18862901082,"stage":1,"stage_training_seconds":82.64378950791433,"total":180}

{"arm":"sequential","completed":90,"elapsed_seconds":4504.430018830113,"event":"updates","order":"BCA","peak_observed_bytes":18862901082,"stage":1,"stage_training_seconds":123.95447670482099,"total":180}

{"arm":"sequential","completed":120,"elapsed_seconds":4545.702974020969,"event":"updates","order":"BCA","peak_observed_bytes":18862901082,"stage":1,"stage_training_seconds":165.22734042303637,"total":180}

{"arm":"sequential","completed":150,"elapsed_seconds":4587.391344424337,"event":"updates","order":"BCA","peak_observed_bytes":18862901082,"stage":1,"stage_training_seconds":206.91571764601395,"total":180}

{"arm":"sequential","completed":180,"elapsed_seconds":4628.302999606356,"event":"updates","order":"BCA","peak_observed_bytes":18862901082,"stage":1,"stage_training_seconds":247.82745057391003,"total":180}

{"elapsed_seconds":4769.448113337159,"event":"point_reloaded","inference_seconds_including_replay":99.74959563696757,"peak_observed_bytes":18862901082,"point":"BCA_shared","total_point_seconds":141.1373001150787}

{"arm":"sequential","completed":30,"elapsed_seconds":4847.670569021255,"event":"updates","order":"BCA","peak_observed_bytes":18862901082,"stage":2,"stage_training_seconds":42.08263400569558,"total":180}

{"arm":"sequential","completed":60,"elapsed_seconds":4889.066333301365,"event":"updates","order":"BCA","peak_observed_bytes":18862901082,"stage":2,"stage_training_seconds":83.47840170096606,"total":180}

{"arm":"sequential","completed":90,"elapsed_seconds":4929.794586514123,"event":"updates","order":"BCA","peak_observed_bytes":18862901082,"stage":2,"stage_training_seconds":124.20663098292425,"total":180}

{"arm":"sequential","completed":120,"elapsed_seconds":4972.366757469252,"event":"updates","order":"BCA","peak_observed_bytes":18862901082,"stage":2,"stage_training_seconds":166.7788160406053,"total":180}

{"arm":"sequential","completed":150,"elapsed_seconds":5014.0240331362,"event":"updates","order":"BCA","peak_observed_bytes":18862901082,"stage":2,"stage_training_seconds":208.4360967068933,"total":180}

{"arm":"sequential","completed":180,"elapsed_seconds":5055.483662045095,"event":"updates","order":"BCA","peak_observed_bytes":18862901082,"stage":2,"stage_training_seconds":249.89571798080578,"total":180}

{"elapsed_seconds":5195.02264198428,"event":"point_reloaded","inference_seconds_including_replay":99.18214120855555,"peak_observed_bytes":22637875864,"point":"BCA_sequential_stage2","total_point_seconds":139.5382191920653}

{"arm":"sequential","completed":30,"elapsed_seconds":5236.419025931973,"event":"updates","order":"BCA","peak_observed_bytes":22637875864,"stage":3,"stage_training_seconds":40.90904324129224,"total":180}

{"arm":"sequential","completed":60,"elapsed_seconds":5277.017731911968,"event":"updates","order":"BCA","peak_observed_bytes":22637875864,"stage":3,"stage_training_seconds":81.50772858597338,"total":180}

{"arm":"sequential","completed":90,"elapsed_seconds":5317.962549162097,"event":"updates","order":"BCA","peak_observed_bytes":22637875864,"stage":3,"stage_training_seconds":122.45255977893248,"total":180}

{"arm":"sequential","completed":120,"elapsed_seconds":5358.391106321011,"event":"updates","order":"BCA","peak_observed_bytes":22637875864,"stage":3,"stage_training_seconds":162.88110231421888,"total":180}

{"arm":"sequential","completed":150,"elapsed_seconds":5399.273054606281,"event":"updates","order":"BCA","peak_observed_bytes":22637875864,"stage":3,"stage_training_seconds":203.7630602219142,"total":180}

{"arm":"sequential","completed":180,"elapsed_seconds":5439.693087283988,"event":"updates","order":"BCA","peak_observed_bytes":22637875864,"stage":3,"stage_training_seconds":244.18310346407816,"total":180}

{"elapsed_seconds":5579.172589197289,"event":"point_reloaded","inference_seconds_including_replay":98.98417994752526,"peak_observed_bytes":22638148280,"point":"BCA_sequential_stage3","total_point_seconds":139.47873204387724}

{"arm":"er","completed":30,"elapsed_seconds":5695.807973396964,"event":"updates","order":"BCA","peak_observed_bytes":22638148280,"stage":2,"stage_training_seconds":80.52691818587482,"total":180}

{"arm":"er","completed":60,"elapsed_seconds":5776.408666255418,"event":"updates","order":"BCA","peak_observed_bytes":22638148280,"stage":2,"stage_training_seconds":161.127639206592,"total":180}

{"arm":"er","completed":90,"elapsed_seconds":5855.988960400224,"event":"updates","order":"BCA","peak_observed_bytes":22638148280,"stage":2,"stage_training_seconds":240.7079298235476,"total":180}

{"arm":"er","completed":120,"elapsed_seconds":5937.240490921307,"event":"updates","order":"BCA","peak_observed_bytes":22638148280,"stage":2,"stage_training_seconds":321.9594600899145,"total":180}

{"arm":"er","completed":150,"elapsed_seconds":6018.327385667246,"event":"updates","order":"BCA","peak_observed_bytes":22638148280,"stage":2,"stage_training_seconds":403.04635530756786,"total":180}

{"arm":"er","completed":180,"elapsed_seconds":6099.685820466373,"event":"updates","order":"BCA","peak_observed_bytes":22638148280,"stage":2,"stage_training_seconds":484.40477929264307,"total":180}

{"elapsed_seconds":6239.57979952218,"event":"point_reloaded","inference_seconds_including_replay":98.95425928663462,"peak_observed_bytes":24525535416,"point":"BCA_er_stage2","total_point_seconds":139.88578889798373}

{"arm":"er","completed":30,"elapsed_seconds":6321.402263709344,"event":"updates","order":"BCA","peak_observed_bytes":24525535416,"stage":3,"stage_training_seconds":81.3341512507759,"total":180}

{"arm":"er","completed":60,"elapsed_seconds":6402.858409528155,"event":"updates","order":"BCA","peak_observed_bytes":24525535416,"stage":3,"stage_training_seconds":162.79019189905375,"total":180}

{"arm":"er","completed":90,"elapsed_seconds":6484.1316946242005,"event":"updates","order":"BCA","peak_observed_bytes":24525535416,"stage":3,"stage_training_seconds":244.0633876658976,"total":180}

{"arm":"er","completed":120,"elapsed_seconds":6565.016847691033,"event":"updates","order":"BCA","peak_observed_bytes":24525535416,"stage":3,"stage_training_seconds":324.94862211868167,"total":180}

{"arm":"er","completed":150,"elapsed_seconds":6646.562583634164,"event":"updates","order":"BCA","peak_observed_bytes":24525535416,"stage":3,"stage_training_seconds":406.4943584459834,"total":180}

{"arm":"er","completed":180,"elapsed_seconds":6727.200272839051,"event":"updates","order":"BCA","peak_observed_bytes":24525535416,"stage":3,"stage_training_seconds":487.1320582428016,"total":180}

{"elapsed_seconds":6866.3261673334055,"event":"point_reloaded","inference_seconds_including_replay":98.95054728910327,"peak_observed_bytes":24525965028,"point":"BCA_er_stage3","total_point_seconds":139.11780376173556}

{"arm":"cumulative","completed":30,"elapsed_seconds":6950.17303625308,"event":"updates","order":"BCA","peak_observed_bytes":24525965028,"stage":2,"stage_training_seconds":40.39579249313101,"total":360}

{"arm":"cumulative","completed":60,"elapsed_seconds":6991.730739742983,"event":"updates","order":"BCA","peak_observed_bytes":24525965028,"stage":2,"stage_training_seconds":81.95358133409172,"total":360}

{"arm":"cumulative","completed":90,"elapsed_seconds":7033.670269730035,"event":"updates","order":"BCA","peak_observed_bytes":24525965028,"stage":2,"stage_training_seconds":123.89302202221006,"total":360}

{"arm":"cumulative","completed":120,"elapsed_seconds":7075.218386079185,"event":"updates","order":"BCA","peak_observed_bytes":24525965028,"stage":2,"stage_training_seconds":165.44113608216867,"total":360}

{"arm":"cumulative","completed":150,"elapsed_seconds":7115.157449682243,"event":"updates","order":"BCA","peak_observed_bytes":24525965028,"stage":2,"stage_training_seconds":205.38019528519362,"total":360}

{"arm":"cumulative","completed":180,"elapsed_seconds":7157.963830627035,"event":"updates","order":"BCA","peak_observed_bytes":24525965028,"stage":2,"stage_training_seconds":248.18656937591732,"total":360}

{"arm":"cumulative","completed":210,"elapsed_seconds":7198.434091428295,"event":"updates","order":"BCA","peak_observed_bytes":24525965028,"stage":2,"stage_training_seconds":288.656839304138,"total":360}

{"arm":"cumulative","completed":240,"elapsed_seconds":7240.727910601068,"event":"updates","order":"BCA","peak_observed_bytes":24525965028,"stage":2,"stage_training_seconds":330.95065443590283,"total":360}

{"arm":"cumulative","completed":270,"elapsed_seconds":7281.76168573508,"event":"updates","order":"BCA","peak_observed_bytes":24525965028,"stage":2,"stage_training_seconds":371.98452509893104,"total":360}

{"arm":"cumulative","completed":300,"elapsed_seconds":7322.538194867317,"event":"updates","order":"BCA","peak_observed_bytes":24525965028,"stage":2,"stage_training_seconds":412.76103135291487,"total":360}

{"arm":"cumulative","completed":330,"elapsed_seconds":7365.005513292272,"event":"updates","order":"BCA","peak_observed_bytes":24525965028,"stage":2,"stage_training_seconds":455.2282449542545,"total":360}

{"arm":"cumulative","completed":360,"elapsed_seconds":7406.428194934037,"event":"updates","order":"BCA","peak_observed_bytes":24525965028,"stage":2,"stage_training_seconds":496.65102419722825,"total":360}

{"elapsed_seconds":7546.1152327740565,"event":"point_reloaded","inference_seconds_including_replay":98.76945043215528,"peak_observed_bytes":26413186422,"point":"BCA_cumulative_stage2","total_point_seconds":139.68608704721555}

{"arm":"cumulative","completed":30,"elapsed_seconds":7594.7133441204205,"event":"updates","order":"BCA","peak_observed_bytes":26413186422,"stage":3,"stage_training_seconds":40.81731326226145,"total":540}

{"arm":"cumulative","completed":60,"elapsed_seconds":7635.6478270920925,"event":"updates","order":"BCA","peak_observed_bytes":26413186422,"stage":3,"stage_training_seconds":81.75190185708925,"total":540}

{"arm":"cumulative","completed":90,"elapsed_seconds":7676.155361098237,"event":"updates","order":"BCA","peak_observed_bytes":26413186422,"stage":3,"stage_training_seconds":122.25915136840194,"total":540}

{"arm":"cumulative","completed":120,"elapsed_seconds":7717.831045940053,"event":"updates","order":"BCA","peak_observed_bytes":26413186422,"stage":3,"stage_training_seconds":163.93512188224122,"total":540}

{"arm":"cumulative","completed":150,"elapsed_seconds":7759.046217061114,"event":"updates","order":"BCA","peak_observed_bytes":26413186422,"stage":3,"stage_training_seconds":205.1503075202927,"total":540}

{"arm":"cumulative","completed":180,"elapsed_seconds":7800.606127394363,"event":"updates","order":"BCA","peak_observed_bytes":26413186422,"stage":3,"stage_training_seconds":246.7101108804345,"total":540}

{"arm":"cumulative","completed":210,"elapsed_seconds":7840.846404469106,"event":"updates","order":"BCA","peak_observed_bytes":26413186422,"stage":3,"stage_training_seconds":286.9503843514249,"total":540}

{"arm":"cumulative","completed":240,"elapsed_seconds":7881.341762857046,"event":"updates","order":"BCA","peak_observed_bytes":26413186422,"stage":3,"stage_training_seconds":327.44574068812653,"total":540}

{"arm":"cumulative","completed":270,"elapsed_seconds":7923.394582604058,"event":"updates","order":"BCA","peak_observed_bytes":26413186422,"stage":3,"stage_training_seconds":369.49856094503775,"total":540}

{"arm":"cumulative","completed":300,"elapsed_seconds":7965.721578991972,"event":"updates","order":"BCA","peak_observed_bytes":26413186422,"stage":3,"stage_training_seconds":411.82555228611454,"total":540}

{"arm":"cumulative","completed":330,"elapsed_seconds":8005.97112626303,"event":"updates","order":"BCA","peak_observed_bytes":26413186422,"stage":3,"stage_training_seconds":452.07505392935127,"total":540}

{"arm":"cumulative","completed":360,"elapsed_seconds":8047.226586832199,"event":"updates","order":"BCA","peak_observed_bytes":26413186422,"stage":3,"stage_training_seconds":493.3306652000174,"total":540}

{"arm":"cumulative","completed":390,"elapsed_seconds":8087.011987394188,"event":"updates","order":"BCA","peak_observed_bytes":26413186422,"stage":3,"stage_training_seconds":533.1159736462869,"total":540}

{"arm":"cumulative","completed":420,"elapsed_seconds":8129.198156917002,"event":"updates","order":"BCA","peak_observed_bytes":26413186422,"stage":3,"stage_training_seconds":575.302131313365,"total":540}

{"arm":"cumulative","completed":450,"elapsed_seconds":8170.209610790014,"event":"updates","order":"BCA","peak_observed_bytes":26413186422,"stage":3,"stage_training_seconds":616.3136861422099,"total":540}

{"arm":"cumulative","completed":480,"elapsed_seconds":8211.547796581406,"event":"updates","order":"BCA","peak_observed_bytes":26413186422,"stage":3,"stage_training_seconds":657.6518852780573,"total":540}

{"arm":"cumulative","completed":510,"elapsed_seconds":8253.431937559973,"event":"updates","order":"BCA","peak_observed_bytes":26413186422,"stage":3,"stage_training_seconds":699.5359232951887,"total":540}

{"arm":"cumulative","completed":540,"elapsed_seconds":8294.02941891132,"event":"updates","order":"BCA","peak_observed_bytes":26413186422,"stage":3,"stage_training_seconds":740.1334955631755,"total":540}

{"elapsed_seconds":8433.562646066304,"event":"point_reloaded","inference_seconds_including_replay":99.02457210887223,"peak_observed_bytes":26413458838,"point":"BCA_cumulative_stage3","total_point_seconds":139.53212103201076}

{"elapsed_seconds":8575.542645215057,"event":"point_reloaded","inference_seconds_including_replay":99.14551845612004,"peak_observed_bytes":26413458838,"point":"CAB_initial","total_point_seconds":115.21057984000072}

{"arm":"sequential","completed":30,"elapsed_seconds":8617.559892530087,"event":"updates","order":"CAB","peak_observed_bytes":26413458838,"stage":1,"stage_training_seconds":42.015752476640046,"total":180}

{"arm":"sequential","completed":60,"elapsed_seconds":8658.934914528392,"event":"updates","order":"CAB","peak_observed_bytes":26413458838,"stage":1,"stage_training_seconds":83.39087334880605,"total":180}

{"arm":"sequential","completed":90,"elapsed_seconds":8700.978254793212,"event":"updates","order":"CAB","peak_observed_bytes":26413458838,"stage":1,"stage_training_seconds":125.43411868391559,"total":180}

{"arm":"sequential","completed":120,"elapsed_seconds":8742.13632851839,"event":"updates","order":"CAB","peak_observed_bytes":26413458838,"stage":1,"stage_training_seconds":166.59228417370468,"total":180}

{"arm":"sequential","completed":150,"elapsed_seconds":8783.238405186217,"event":"updates","order":"CAB","peak_observed_bytes":26413458838,"stage":1,"stage_training_seconds":207.6943694469519,"total":180}

{"arm":"sequential","completed":180,"elapsed_seconds":8825.353791878093,"event":"updates","order":"CAB","peak_observed_bytes":26413458838,"stage":1,"stage_training_seconds":249.80965329194441,"total":180}

{"elapsed_seconds":8965.007999608293,"event":"point_reloaded","inference_seconds_including_replay":98.9598531969823,"peak_observed_bytes":26413458838,"point":"CAB_shared","total_point_seconds":139.64569290913641}

{"arm":"sequential","completed":30,"elapsed_seconds":9041.501038623042,"event":"updates","order":"CAB","peak_observed_bytes":26413458838,"stage":2,"stage_training_seconds":40.75776984496042,"total":180}

{"arm":"sequential","completed":60,"elapsed_seconds":9082.31304442836,"event":"updates","order":"CAB","peak_observed_bytes":26413458838,"stage":2,"stage_training_seconds":81.5696803596802,"total":180}

{"arm":"sequential","completed":90,"elapsed_seconds":9124.047442932148,"event":"updates","order":"CAB","peak_observed_bytes":26413458838,"stage":2,"stage_training_seconds":123.30417261272669,"total":180}

{"arm":"sequential","completed":120,"elapsed_seconds":9163.747980818152,"event":"updates","order":"CAB","peak_observed_bytes":26413458838,"stage":2,"stage_training_seconds":163.00460693472996,"total":180}

{"arm":"sequential","completed":150,"elapsed_seconds":9205.042365602218,"event":"updates","order":"CAB","peak_observed_bytes":26413458838,"stage":2,"stage_training_seconds":204.29898343980312,"total":180}

{"arm":"sequential","completed":180,"elapsed_seconds":9245.079333769158,"event":"updates","order":"CAB","peak_observed_bytes":26413458838,"stage":2,"stage_training_seconds":244.33595444867387,"total":180}

{"elapsed_seconds":9384.737763138022,"event":"point_reloaded","inference_seconds_including_replay":99.52289440482855,"peak_observed_bytes":30188447668,"point":"CAB_sequential_stage2","total_point_seconds":139.6574935792014}

{"arm":"sequential","completed":30,"elapsed_seconds":9426.793493079022,"event":"updates","order":"CAB","peak_observed_bytes":30188447668,"stage":3,"stage_training_seconds":41.590935525950044,"total":180}

{"arm":"sequential","completed":60,"elapsed_seconds":9467.67893739324,"event":"updates","order":"CAB","peak_observed_bytes":30188447668,"stage":3,"stage_training_seconds":82.47627466125414,"total":180}

{"arm":"sequential","completed":90,"elapsed_seconds":9509.225261236075,"event":"updates","order":"CAB","peak_observed_bytes":30188447668,"stage":3,"stage_training_seconds":124.022710041143,"total":180}

{"arm":"sequential","completed":120,"elapsed_seconds":9549.977629349101,"event":"updates","order":"CAB","peak_observed_bytes":30188447668,"stage":3,"stage_training_seconds":164.77508242893964,"total":180}

{"arm":"sequential","completed":150,"elapsed_seconds":9591.315299054142,"event":"updates","order":"CAB","peak_observed_bytes":30188447668,"stage":3,"stage_training_seconds":206.11263248929754,"total":180}

{"arm":"sequential","completed":180,"elapsed_seconds":9632.295604285318,"event":"updates","order":"CAB","peak_observed_bytes":30188447668,"stage":3,"stage_training_seconds":247.09293734887615,"total":180}

{"elapsed_seconds":9771.835074314382,"event":"point_reloaded","inference_seconds_including_replay":99.20492664026096,"peak_observed_bytes":30188720084,"point":"CAB_sequential_stage3","total_point_seconds":139.53855661768466}

{"arm":"er","completed":30,"elapsed_seconds":9892.918420690112,"event":"updates","order":"CAB","peak_observed_bytes":30188720084,"stage":2,"stage_training_seconds":85.06465874705464,"total":180}

{"arm":"er","completed":60,"elapsed_seconds":9977.930260752328,"event":"updates","order":"CAB","peak_observed_bytes":30188720084,"stage":2,"stage_training_seconds":170.0764819374308,"total":180}

{"arm":"er","completed":90,"elapsed_seconds":10062.901564802043,"event":"updates","order":"CAB","peak_observed_bytes":30188720084,"stage":2,"stage_training_seconds":255.04778840299696,"total":180}

{"arm":"er","completed":120,"elapsed_seconds":10146.291025322396,"event":"updates","order":"CAB","peak_observed_bytes":30188720084,"stage":2,"stage_training_seconds":338.4372418690473,"total":180}

{"arm":"er","completed":150,"elapsed_seconds":10231.122278439347,"event":"updates","order":"CAB","peak_observed_bytes":30188720084,"stage":2,"stage_training_seconds":423.26849981117994,"total":180}

{"arm":"er","completed":180,"elapsed_seconds":10315.754107731394,"event":"updates","order":"CAB","peak_observed_bytes":30188720084,"stage":2,"stage_training_seconds":507.90033405739814,"total":180}

{"elapsed_seconds":10455.918226095382,"event":"point_reloaded","inference_seconds_including_replay":99.18605324067175,"peak_observed_bytes":32076112898,"point":"CAB_er_stage2","total_point_seconds":140.15542320394889}

{"arm":"er","completed":30,"elapsed_seconds":10540.917058675084,"event":"updates","order":"CAB","peak_observed_bytes":32076112898,"stage":3,"stage_training_seconds":84.36374353896827,"total":180}

{"arm":"er","completed":60,"elapsed_seconds":10625.092823479325,"event":"updates","order":"CAB","peak_observed_bytes":32076112898,"stage":3,"stage_training_seconds":168.5395139530301,"total":180}

{"arm":"er","completed":90,"elapsed_seconds":10707.500102047343,"event":"updates","order":"CAB","peak_observed_bytes":32076112898,"stage":3,"stage_training_seconds":250.94689599517733,"total":180}

{"arm":"er","completed":120,"elapsed_seconds":10791.893094424158,"event":"updates","order":"CAB","peak_observed_bytes":32076112898,"stage":3,"stage_training_seconds":335.3397862929851,"total":180}

{"arm":"er","completed":150,"elapsed_seconds":10875.250077017117,"event":"updates","order":"CAB","peak_observed_bytes":32076112898,"stage":3,"stage_training_seconds":418.69677596213296,"total":180}

{"arm":"er","completed":180,"elapsed_seconds":10958.224306507036,"event":"updates","order":"CAB","peak_observed_bytes":32076112898,"stage":3,"stage_training_seconds":501.67109500523657,"total":180}

{"elapsed_seconds":11098.012415212113,"event":"point_reloaded","inference_seconds_including_replay":99.45270017394796,"peak_observed_bytes":32076556614,"point":"CAB_er_stage3","total_point_seconds":139.65405650809407}

{"arm":"cumulative","completed":30,"elapsed_seconds":11182.973317871336,"event":"updates","order":"CAB","peak_observed_bytes":32076556614,"stage":2,"stage_training_seconds":41.48692290438339,"total":360}

{"arm":"cumulative","completed":60,"elapsed_seconds":11224.217354330234,"event":"updates","order":"CAB","peak_observed_bytes":32076556614,"stage":2,"stage_training_seconds":82.7310743574053,"total":360}

{"arm":"cumulative","completed":90,"elapsed_seconds":11265.993331477046,"event":"updates","order":"CAB","peak_observed_bytes":32076556614,"stage":2,"stage_training_seconds":124.50691616116092,"total":360}

{"arm":"cumulative","completed":120,"elapsed_seconds":11306.307069810107,"event":"updates","order":"CAB","peak_observed_bytes":32076556614,"stage":2,"stage_training_seconds":164.8206794373691,"total":360}

{"arm":"cumulative","completed":150,"elapsed_seconds":11347.63414796535,"event":"updates","order":"CAB","peak_observed_bytes":32076556614,"stage":2,"stage_training_seconds":206.1477713510394,"total":360}

{"arm":"cumulative","completed":180,"elapsed_seconds":11388.003223884385,"event":"updates","order":"CAB","peak_observed_bytes":32076556614,"stage":2,"stage_training_seconds":246.5168363293633,"total":360}

{"arm":"cumulative","completed":210,"elapsed_seconds":11429.219798358157,"event":"updates","order":"CAB","peak_observed_bytes":32076556614,"stage":2,"stage_training_seconds":287.7335257031955,"total":360}

{"arm":"cumulative","completed":240,"elapsed_seconds":11471.009252193384,"event":"updates","order":"CAB","peak_observed_bytes":32076556614,"stage":2,"stage_training_seconds":329.5228779800236,"total":360}

{"arm":"cumulative","completed":270,"elapsed_seconds":11512.672336752992,"event":"updates","order":"CAB","peak_observed_bytes":32076556614,"stage":2,"stage_training_seconds":371.1860531424172,"total":360}

{"arm":"cumulative","completed":300,"elapsed_seconds":11553.631122622173,"event":"updates","order":"CAB","peak_observed_bytes":32076556614,"stage":2,"stage_training_seconds":412.14473195932806,"total":360}

{"arm":"cumulative","completed":330,"elapsed_seconds":11593.242085564416,"event":"updates","order":"CAB","peak_observed_bytes":32076556614,"stage":2,"stage_training_seconds":451.7557071694173,"total":360}

{"arm":"cumulative","completed":360,"elapsed_seconds":11635.52983289631,"event":"updates","order":"CAB","peak_observed_bytes":32076556614,"stage":2,"stage_training_seconds":494.0434605642222,"total":360}

{"elapsed_seconds":11775.052757692989,"event":"point_reloaded","inference_seconds_including_replay":98.80748754413798,"peak_observed_bytes":33963778008,"point":"CAB_cumulative_stage2","total_point_seconds":139.5217969431542}

{"arm":"cumulative","completed":30,"elapsed_seconds":11823.39023917215,"event":"updates","order":"CAB","peak_observed_bytes":33963778008,"stage":3,"stage_training_seconds":40.60465509397909,"total":540}

{"arm":"cumulative","completed":60,"elapsed_seconds":11864.758779952303,"event":"updates","order":"CAB","peak_observed_bytes":33963778008,"stage":3,"stage_training_seconds":81.97330502420664,"total":540}

{"arm":"cumulative","completed":90,"elapsed_seconds":11906.272569318302,"event":"updates","order":"CAB","peak_observed_bytes":33963778008,"stage":3,"stage_training_seconds":123.48698593024164,"total":540}

{"arm":"cumulative","completed":120,"elapsed_seconds":11949.191131344065,"event":"updates","order":"CAB","peak_observed_bytes":33963778008,"stage":3,"stage_training_seconds":166.40555125894025,"total":540}

{"arm":"cumulative","completed":150,"elapsed_seconds":11988.713935729116,"event":"updates","order":"CAB","peak_observed_bytes":33963778008,"stage":3,"stage_training_seconds":205.92835202021524,"total":540}

{"arm":"cumulative","completed":180,"elapsed_seconds":12029.896722252015,"event":"updates","order":"CAB","peak_observed_bytes":33963778008,"stage":3,"stage_training_seconds":247.1112387101166,"total":540}

{"arm":"cumulative","completed":210,"elapsed_seconds":12071.259611495305,"event":"updates","order":"CAB","peak_observed_bytes":33963778008,"stage":3,"stage_training_seconds":288.47413709014654,"total":540}

{"arm":"cumulative","completed":240,"elapsed_seconds":12112.277100119274,"event":"updates","order":"CAB","peak_observed_bytes":33963778008,"stage":3,"stage_training_seconds":329.49161495501176,"total":540}

{"arm":"cumulative","completed":270,"elapsed_seconds":12153.425923420116,"event":"updates","order":"CAB","peak_observed_bytes":33963778008,"stage":3,"stage_training_seconds":370.64045402314514,"total":540}

{"arm":"cumulative","completed":300,"elapsed_seconds":12193.550090067089,"event":"updates","order":"CAB","peak_observed_bytes":33963778008,"stage":3,"stage_training_seconds":410.76450473535806,"total":540}

{"arm":"cumulative","completed":330,"elapsed_seconds":12235.774145096075,"event":"updates","order":"CAB","peak_observed_bytes":33963778008,"stage":3,"stage_training_seconds":452.9885534369387,"total":540}

{"arm":"cumulative","completed":360,"elapsed_seconds":12276.95552498009,"event":"updates","order":"CAB","peak_observed_bytes":33963778008,"stage":3,"stage_training_seconds":494.1700450209901,"total":540}

{"arm":"cumulative","completed":390,"elapsed_seconds":12318.114304148126,"event":"updates","order":"CAB","peak_observed_bytes":33963778008,"stage":3,"stage_training_seconds":535.3287122752517,"total":540}

{"arm":"cumulative","completed":420,"elapsed_seconds":12358.785174746066,"event":"updates","order":"CAB","peak_observed_bytes":33963778008,"stage":3,"stage_training_seconds":575.9997088909149,"total":540}

{"arm":"cumulative","completed":450,"elapsed_seconds":12401.330470373388,"event":"updates","order":"CAB","peak_observed_bytes":33963778008,"stage":3,"stage_training_seconds":618.5448873541318,"total":540}

{"arm":"cumulative","completed":480,"elapsed_seconds":12443.02039379999,"event":"updates","order":"CAB","peak_observed_bytes":33963778008,"stage":3,"stage_training_seconds":660.2348117232323,"total":540}

{"arm":"cumulative","completed":510,"elapsed_seconds":12482.731061231345,"event":"updates","order":"CAB","peak_observed_bytes":33963778008,"stage":3,"stage_training_seconds":699.9454775643535,"total":540}

{"arm":"cumulative","completed":540,"elapsed_seconds":12523.852972560097,"event":"updates","order":"CAB","peak_observed_bytes":33963778008,"stage":3,"stage_training_seconds":741.0673858793452,"total":540}

{"elapsed_seconds":12663.28646776732,"event":"point_reloaded","inference_seconds_including_replay":98.9449008628726,"peak_observed_bytes":33964050424,"point":"CAB_cumulative_stage3","total_point_seconds":139.4322451837361}

{"budget":{"elapsed_seconds":12687.12224731734,"peak_observed_bytes":33964050424},"output":"/home/yongpeng/cross-lingual/reports/seller_alias_continual/20260909/population_execution/20260909_162607/run","status":"COMPLETE_BLIND_SCORES_RELOADED_VALID_AND_TEST_LABELS_UNREAD"}

