	Command being timed: "timeout --signal=TERM --kill-after=30s 12h python -u -B scripts/step28_er_weight_run.py execute --out /home/yongpeng/cross-lingual/reports/seller_alias_continual/20261003/logit_low_execution/20261003_150000/workspace/reports/job --study logit_low --audit /home/yongpeng/cross-lingual/reports/seller_alias_continual/20261003/logit_low_execution/20261003_150000/workspace/reports/cpu/audit.json --authorization /home/yongpeng/cross-lingual/reports/seller_alias_continual/20261003/logit_low_execution/20261003_150000/workspace/reports/authorization.json"
	User time (seconds): 19300.33
	System time (seconds): 62.08
	Percent of CPU this job got: 99%
	Elapsed (wall clock) time (h:mm:ss or m:ss): 5:22:45
	Average shared text size (kbytes): 0
	Average unshared data size (kbytes): 0
	Average stack size (kbytes): 0
	Average total size (kbytes): 0
	Maximum resident set size (kbytes): 7107336
	Average resident set size (kbytes): 0
	Major (requiring I/O) page faults: 0
	Minor (reclaiming a frame) page faults: 25069542
	Voluntary context switches: 248815
	Involuntary context switches: 376724
	Swaps: 0
	File system inputs: 5056
	File system outputs: 61161864
	Socket messages sent: 0
	Socket messages received: 0
	Signals delivered: 0
	Page size (bytes): 4096
	Exit status: 0
