/home/yongpeng/cross-lingual/reports/seller_alias_continual/20261003/logit_low_execution/20261003_150000/workspace/scripts/step28_chinese_base.py:124: FutureWarning: The `get_sentence_embedding_dimension` method has been renamed to `get_embedding_dimension`.
  if pooling_modes(pool) != [m["pooling"]] or encoder.get_sentence_embedding_dimension() != m["embedding_dim"]:
{"arm":"logit_tenth","elapsed_seconds":333.1771465439815,"event":"updates","logical_updates":312,"order":"ABC","peak_observed_bytes":29273,"stage":2,"stage_updates":24}

{"arm":"logit_tenth","elapsed_seconds":590.972073467914,"event":"updates","logical_updates":336,"order":"ABC","peak_observed_bytes":29443,"stage":2,"stage_updates":48}

{"arm":"logit_tenth","elapsed_seconds":844.2749520489015,"event":"updates","logical_updates":360,"order":"ABC","peak_observed_bytes":29612,"stage":2,"stage_updates":72}

{"arm":"logit_tenth","elapsed_seconds":1091.9959232320543,"event":"updates","logical_updates":384,"order":"ABC","peak_observed_bytes":29782,"stage":2,"stage_updates":96}

{"arm":"logit_tenth","elapsed_seconds":1346.77832741593,"event":"updates","logical_updates":408,"order":"ABC","peak_observed_bytes":29953,"stage":2,"stage_updates":120}

{"arm":"logit_tenth","elapsed_seconds":1594.9981004679576,"event":"updates","logical_updates":432,"order":"ABC","peak_observed_bytes":30123,"stage":2,"stage_updates":144}

{"arm":"logit_tenth","elapsed_seconds":1847.1472294940613,"event":"updates","logical_updates":456,"order":"ABC","peak_observed_bytes":30295,"stage":2,"stage_updates":168}

{"arm":"logit_tenth","elapsed_seconds":2096.5186781189404,"event":"updates","logical_updates":480,"order":"ABC","peak_observed_bytes":30467,"stage":2,"stage_updates":192}

{"arm":"logit_tenth","elapsed_seconds":2350.0389957819134,"event":"updates","logical_updates":504,"order":"ABC","peak_observed_bytes":30639,"stage":2,"stage_updates":216}

{"arm":"logit_tenth","elapsed_seconds":2603.3460489339195,"event":"updates","logical_updates":528,"order":"ABC","peak_observed_bytes":30811,"stage":2,"stage_updates":240}

{"arm":"logit_tenth","elapsed_seconds":2855.708968929015,"event":"updates","logical_updates":552,"order":"ABC","peak_observed_bytes":30983,"stage":2,"stage_updates":264}

{"arm":"logit_tenth","elapsed_seconds":3106.0192776490003,"event":"updates","logical_updates":576,"order":"ABC","peak_observed_bytes":31154,"stage":2,"stage_updates":288}

{"arm":"logit_tenth","elapsed_seconds":3532.884251666954,"event":"updates","logical_updates":600,"order":"ABC","peak_observed_bytes":3911094220,"stage":3,"stage_updates":24}

{"arm":"logit_tenth","elapsed_seconds":3789.458900962025,"event":"updates","logical_updates":624,"order":"ABC","peak_observed_bytes":3911094220,"stage":3,"stage_updates":48}

{"arm":"logit_tenth","elapsed_seconds":4044.976477408083,"event":"updates","logical_updates":648,"order":"ABC","peak_observed_bytes":3911094220,"stage":3,"stage_updates":72}

{"arm":"logit_tenth","elapsed_seconds":4300.194583791075,"event":"updates","logical_updates":672,"order":"ABC","peak_observed_bytes":3911094220,"stage":3,"stage_updates":96}

{"arm":"logit_tenth","elapsed_seconds":4560.055934256874,"event":"updates","logical_updates":696,"order":"ABC","peak_observed_bytes":3911094220,"stage":3,"stage_updates":120}

{"arm":"logit_tenth","elapsed_seconds":4822.539626580896,"event":"updates","logical_updates":720,"order":"ABC","peak_observed_bytes":3911094220,"stage":3,"stage_updates":144}

{"arm":"logit_tenth","elapsed_seconds":5074.43800135795,"event":"updates","logical_updates":744,"order":"ABC","peak_observed_bytes":3911094220,"stage":3,"stage_updates":168}

{"arm":"logit_tenth","elapsed_seconds":5331.471393826883,"event":"updates","logical_updates":768,"order":"ABC","peak_observed_bytes":3911094220,"stage":3,"stage_updates":192}

{"arm":"logit_tenth","elapsed_seconds":5586.38522802596,"event":"updates","logical_updates":792,"order":"ABC","peak_observed_bytes":3911094220,"stage":3,"stage_updates":216}

{"arm":"logit_tenth","elapsed_seconds":5839.540431414032,"event":"updates","logical_updates":816,"order":"ABC","peak_observed_bytes":3911094220,"stage":3,"stage_updates":240}

{"arm":"logit_tenth","elapsed_seconds":6094.310824895045,"event":"updates","logical_updates":840,"order":"ABC","peak_observed_bytes":3911094220,"stage":3,"stage_updates":264}

{"arm":"logit_tenth","elapsed_seconds":6349.854547126917,"event":"updates","logical_updates":864,"order":"ABC","peak_observed_bytes":3911094220,"stage":3,"stage_updates":288}

/home/yongpeng/cross-lingual/reports/seller_alias_continual/20261003/logit_low_execution/20261003_150000/workspace/scripts/step28_chinese_base.py:124: FutureWarning: The `get_sentence_embedding_dimension` method has been renamed to `get_embedding_dimension`.
  if pooling_modes(pool) != [m["pooling"]] or encoder.get_sentence_embedding_dimension() != m["embedding_dim"]:
{"arm":"logit_tenth","elapsed_seconds":6838.059804405086,"event":"updates","logical_updates":312,"order":"BCA","peak_observed_bytes":5218397877,"stage":2,"stage_updates":24}

{"arm":"logit_tenth","elapsed_seconds":7095.715672970051,"event":"updates","logical_updates":336,"order":"BCA","peak_observed_bytes":5218397877,"stage":2,"stage_updates":48}

{"arm":"logit_tenth","elapsed_seconds":7348.506646775873,"event":"updates","logical_updates":360,"order":"BCA","peak_observed_bytes":5218397877,"stage":2,"stage_updates":72}

{"arm":"logit_tenth","elapsed_seconds":7610.089543114882,"event":"updates","logical_updates":384,"order":"BCA","peak_observed_bytes":5218397877,"stage":2,"stage_updates":96}

{"arm":"logit_tenth","elapsed_seconds":7871.26733751595,"event":"updates","logical_updates":408,"order":"BCA","peak_observed_bytes":5218397877,"stage":2,"stage_updates":120}

{"arm":"logit_tenth","elapsed_seconds":8122.526215818012,"event":"updates","logical_updates":432,"order":"BCA","peak_observed_bytes":5218397877,"stage":2,"stage_updates":144}

{"arm":"logit_tenth","elapsed_seconds":8376.44727057009,"event":"updates","logical_updates":456,"order":"BCA","peak_observed_bytes":5218397877,"stage":2,"stage_updates":168}

{"arm":"logit_tenth","elapsed_seconds":8633.021297958912,"event":"updates","logical_updates":480,"order":"BCA","peak_observed_bytes":5218397877,"stage":2,"stage_updates":192}

{"arm":"logit_tenth","elapsed_seconds":8883.598380503012,"event":"updates","logical_updates":504,"order":"BCA","peak_observed_bytes":5218397877,"stage":2,"stage_updates":216}

{"arm":"logit_tenth","elapsed_seconds":9138.776833784068,"event":"updates","logical_updates":528,"order":"BCA","peak_observed_bytes":5218397877,"stage":2,"stage_updates":240}

{"arm":"logit_tenth","elapsed_seconds":9394.447304545902,"event":"updates","logical_updates":552,"order":"BCA","peak_observed_bytes":5218397877,"stage":2,"stage_updates":264}

{"arm":"logit_tenth","elapsed_seconds":9651.26684018597,"event":"updates","logical_updates":576,"order":"BCA","peak_observed_bytes":5218397877,"stage":2,"stage_updates":288}

{"arm":"logit_tenth","elapsed_seconds":10070.62170964107,"event":"updates","logical_updates":600,"order":"BCA","peak_observed_bytes":6525440481,"stage":3,"stage_updates":24}

{"arm":"logit_tenth","elapsed_seconds":10327.621356902877,"event":"updates","logical_updates":624,"order":"BCA","peak_observed_bytes":6525440481,"stage":3,"stage_updates":48}

{"arm":"logit_tenth","elapsed_seconds":10580.03364839498,"event":"updates","logical_updates":648,"order":"BCA","peak_observed_bytes":6525440481,"stage":3,"stage_updates":72}

{"arm":"logit_tenth","elapsed_seconds":10829.274629938882,"event":"updates","logical_updates":672,"order":"BCA","peak_observed_bytes":6525440481,"stage":3,"stage_updates":96}

{"arm":"logit_tenth","elapsed_seconds":11080.501641904004,"event":"updates","logical_updates":696,"order":"BCA","peak_observed_bytes":6525440481,"stage":3,"stage_updates":120}

{"arm":"logit_tenth","elapsed_seconds":11331.766969382996,"event":"updates","logical_updates":720,"order":"BCA","peak_observed_bytes":6525440481,"stage":3,"stage_updates":144}

{"arm":"logit_tenth","elapsed_seconds":11584.640509925084,"event":"updates","logical_updates":744,"order":"BCA","peak_observed_bytes":6525440481,"stage":3,"stage_updates":168}

{"arm":"logit_tenth","elapsed_seconds":11848.589274266968,"event":"updates","logical_updates":768,"order":"BCA","peak_observed_bytes":6525440481,"stage":3,"stage_updates":192}

{"arm":"logit_tenth","elapsed_seconds":12105.048430546885,"event":"updates","logical_updates":792,"order":"BCA","peak_observed_bytes":6525440481,"stage":3,"stage_updates":216}

{"arm":"logit_tenth","elapsed_seconds":12352.327467303956,"event":"updates","logical_updates":816,"order":"BCA","peak_observed_bytes":6525440481,"stage":3,"stage_updates":240}

{"arm":"logit_tenth","elapsed_seconds":12601.196742675966,"event":"updates","logical_updates":840,"order":"BCA","peak_observed_bytes":6525440481,"stage":3,"stage_updates":264}

{"arm":"logit_tenth","elapsed_seconds":12849.161494171945,"event":"updates","logical_updates":864,"order":"BCA","peak_observed_bytes":6525440481,"stage":3,"stage_updates":288}

/home/yongpeng/cross-lingual/reports/seller_alias_continual/20261003/logit_low_execution/20261003_150000/workspace/scripts/step28_chinese_base.py:124: FutureWarning: The `get_sentence_embedding_dimension` method has been renamed to `get_embedding_dimension`.
  if pooling_modes(pool) != [m["pooling"]] or encoder.get_sentence_embedding_dimension() != m["embedding_dim"]:
{"arm":"logit_tenth","elapsed_seconds":13336.426031566923,"event":"updates","logical_updates":312,"order":"CAB","peak_observed_bytes":7832734017,"stage":2,"stage_updates":24}

{"arm":"logit_tenth","elapsed_seconds":13582.307367173024,"event":"updates","logical_updates":336,"order":"CAB","peak_observed_bytes":7832734017,"stage":2,"stage_updates":48}

{"arm":"logit_tenth","elapsed_seconds":13826.174597450066,"event":"updates","logical_updates":360,"order":"CAB","peak_observed_bytes":7832734017,"stage":2,"stage_updates":72}

{"arm":"logit_tenth","elapsed_seconds":14071.49350750097,"event":"updates","logical_updates":384,"order":"CAB","peak_observed_bytes":7832734017,"stage":2,"stage_updates":96}

{"arm":"logit_tenth","elapsed_seconds":14314.3627110729,"event":"updates","logical_updates":408,"order":"CAB","peak_observed_bytes":7832734017,"stage":2,"stage_updates":120}

{"arm":"logit_tenth","elapsed_seconds":14561.309927449096,"event":"updates","logical_updates":432,"order":"CAB","peak_observed_bytes":7832734017,"stage":2,"stage_updates":144}

{"arm":"logit_tenth","elapsed_seconds":14809.892299825093,"event":"updates","logical_updates":456,"order":"CAB","peak_observed_bytes":7832734017,"stage":2,"stage_updates":168}

{"arm":"logit_tenth","elapsed_seconds":15051.168115335982,"event":"updates","logical_updates":480,"order":"CAB","peak_observed_bytes":7832734017,"stage":2,"stage_updates":192}

{"arm":"logit_tenth","elapsed_seconds":15294.861530310009,"event":"updates","logical_updates":504,"order":"CAB","peak_observed_bytes":7832734017,"stage":2,"stage_updates":216}

{"arm":"logit_tenth","elapsed_seconds":15539.578066722024,"event":"updates","logical_updates":528,"order":"CAB","peak_observed_bytes":7832734017,"stage":2,"stage_updates":240}

{"arm":"logit_tenth","elapsed_seconds":15782.16095937998,"event":"updates","logical_updates":552,"order":"CAB","peak_observed_bytes":7832734017,"stage":2,"stage_updates":264}

{"arm":"logit_tenth","elapsed_seconds":16031.456001519924,"event":"updates","logical_updates":576,"order":"CAB","peak_observed_bytes":7832734017,"stage":2,"stage_updates":288}

{"arm":"logit_tenth","elapsed_seconds":16451.65123421303,"event":"updates","logical_updates":600,"order":"CAB","peak_observed_bytes":9139776990,"stage":3,"stage_updates":24}

{"arm":"logit_tenth","elapsed_seconds":16706.213106324896,"event":"updates","logical_updates":624,"order":"CAB","peak_observed_bytes":9139776990,"stage":3,"stage_updates":48}

{"arm":"logit_tenth","elapsed_seconds":16949.864692509873,"event":"updates","logical_updates":648,"order":"CAB","peak_observed_bytes":9139776990,"stage":3,"stage_updates":72}

{"arm":"logit_tenth","elapsed_seconds":17202.978399161017,"event":"updates","logical_updates":672,"order":"CAB","peak_observed_bytes":9139776990,"stage":3,"stage_updates":96}

{"arm":"logit_tenth","elapsed_seconds":17448.59171098005,"event":"updates","logical_updates":696,"order":"CAB","peak_observed_bytes":9139776990,"stage":3,"stage_updates":120}

{"arm":"logit_tenth","elapsed_seconds":17698.656937564025,"event":"updates","logical_updates":720,"order":"CAB","peak_observed_bytes":9139776990,"stage":3,"stage_updates":144}

{"arm":"logit_tenth","elapsed_seconds":17950.203575704945,"event":"updates","logical_updates":744,"order":"CAB","peak_observed_bytes":9139776990,"stage":3,"stage_updates":168}

{"arm":"logit_tenth","elapsed_seconds":18194.380370089086,"event":"updates","logical_updates":768,"order":"CAB","peak_observed_bytes":9139776990,"stage":3,"stage_updates":192}

{"arm":"logit_tenth","elapsed_seconds":18443.151662149,"event":"updates","logical_updates":792,"order":"CAB","peak_observed_bytes":9139776990,"stage":3,"stage_updates":216}

{"arm":"logit_tenth","elapsed_seconds":18690.96666148305,"event":"updates","logical_updates":816,"order":"CAB","peak_observed_bytes":9139776990,"stage":3,"stage_updates":240}

{"arm":"logit_tenth","elapsed_seconds":18941.77622221806,"event":"updates","logical_updates":840,"order":"CAB","peak_observed_bytes":9139776990,"stage":3,"stage_updates":264}

{"arm":"logit_tenth","elapsed_seconds":19189.273217035923,"event":"updates","logical_updates":864,"order":"CAB","peak_observed_bytes":9139776990,"stage":3,"stage_updates":288}

{"out":"/home/yongpeng/cross-lingual/reports/seller_alias_continual/20261003/logit_low_execution/20261003_150000/workspace/reports/job","status":"COMPLETE_LOGIT_WEIGHT_DEVELOPMENT_COMPARISON"}

