4717975 819361383e6692c16aafce16439f7a3b21e9fb439ff23795ecd063c5cb9c95c2
members 291 CRC None
AGENTS.md
docs/AI_RESEARCH_HANDOFF.zh.md
docs/RESEARCH_DISCIPLINE.zh.md
docs/RESEARCH_PLAN.md
docs/SELLER_ALIAS_CALIBRATION_IMPLEMENTATION.zh.md
docs/SELLER_ALIAS_CALIBRATION_RESULT.zh.md
docs/SELLER_ALIAS_CALIBRATION.zh.md
docs/SELLER_ALIAS_RANKING_RESULT.zh.md
docs/SELLER_ALIAS_RANKING.zh.md
reports/documentation/20260927/ranking_plan/decision.json
reports/documentation/20260928/calibration_plan/decision.json
reports/seller_alias_continual/20260910/expression_generation/20260910_150500/data/manifest.json
reports/seller_alias_continual/20260910/expression_generation/20260910_150500/data/validation.json
reports/seller_alias_continual/20260927/ranking_execution/20260927_114646/job/completion.json
reports/seller_alias_continual/20260927/ranking_execution/20260927_114646/job/evaluation/collected.json
reports/seller_alias_continual/20260927/ranking_execution/20260927_114646/job/evaluation/s0_d/epoch6_metrics.npy
reports/seller_alias_continual/20260927/ranking_execution/20260927_114646/job/evaluation/s0_hard/epoch6_metrics.npy
reports/seller_alias_continual/20260927/ranking_execution/20260927_114646/job/evaluation/s1_d/epoch6_metrics.npy
reports/seller_alias_continual/20260927/ranking_execution/20260927_114646/job/evaluation/s1_hard/epoch6_metrics.npy
reports/seller_alias_continual/20260927/ranking_execution/20260927_114646/job/evaluation/s2_d/epoch6_metrics.npy
reports/seller_alias_continual/20260927/ranking_execution/20260927_114646/job/evaluation/s2_hard/epoch6_metrics.npy
reports/seller_alias_continual/20260927/ranking_execution/20260927_114646/job/run/manifest.json
reports/seller_alias_continual/20260927/ranking_execution/20260927_114646/job/run/partition.json
reports/seller_alias_continual/20260927/ranking_execution/20260927_114646/job/run/s0_d/calibration.json
reports/seller_alias_continual/20260927/ranking_execution/20260927_114646/job/run/s0_d/manifest.json
reports/seller_alias_continual/20260927/ranking_execution/20260927_114646/job/run/s0_d/scores/epoch6_calibration_metrics.npy
reports/seller_alias_continual/20260927/ranking_execution/20260927_114646/job/run/s0_d/scores/epoch6_calibration.npy
reports/seller_alias_continual/20260927/ranking_execution/20260927_114646/job/run/s0_d/scores/epoch6_development.npy
reports/seller_alias_continual/20260927/ranking_execution/20260927_114646/job/run/s0_hard/calibration.json
reports/seller_alias_continual/20260927/ranking_execution/20260927_114646/job/run/s0_hard/manifest.json
reports/seller_alias_continual/20260927/ranking_execution/20260927_114646/job/run/s0_hard/scores/epoch6_calibration_metrics.npy
reports/seller_alias_continual/20260927/ranking_execution/20260927_114646/job/run/s0_hard/scores/epoch6_calibration.npy
reports/seller_alias_continual/20260927/ranking_execution/20260927_114646/job/run/s0_hard/scores/epoch6_development.npy
reports/seller_alias_continual/20260927/ranking_execution/20260927_114646/job/run/s1_d/calibration.json
reports/seller_alias_continual/20260927/ranking_execution/20260927_114646/job/run/s1_d/manifest.json
