	Command being timed: "taskset -c 0 /home/yongpeng/miniconda3/envs/py310/bin/python -B scripts/step28_alias_calibration_result.py --job /home/yongpeng/cross-lingual/reports/seller_alias_continual/20260928/calibration_execution/20260928_140752/job --out /home/yongpeng/cross-lingual/reports/seller_alias_continual/20260928/calibration_result/analysis"
	User time (seconds): 0.40
	System time (seconds): 0.02
	Percent of CPU this job got: 99%
	Elapsed (wall clock) time (h:mm:ss or m:ss): 0:00.43
	Average shared text size (kbytes): 0
	Average unshared data size (kbytes): 0
	Average stack size (kbytes): 0
	Average total size (kbytes): 0
	Maximum resident set size (kbytes): 48744
	Average resident set size (kbytes): 0
	Major (requiring I/O) page faults: 0
	Minor (reclaiming a frame) page faults: 9441
	Voluntary context switches: 1
	Involuntary context switches: 18
	Swaps: 0
	File system inputs: 0
	File system outputs: 168
	Socket messages sent: 0
	Socket messages received: 0
	Signals delivered: 0
	Page size (bytes): 4096
	Exit status: 0
