	Command being timed: "timeout 10m python -B -m unittest discover -s tests -p test_step28_base_model_contracts.py -v"
	User time (seconds): 2.18
	System time (seconds): 0.20
	Percent of CPU this job got: 99%
	Elapsed (wall clock) time (h:mm:ss or m:ss): 0:02.40
	Average shared text size (kbytes): 0
	Average unshared data size (kbytes): 0
	Average stack size (kbytes): 0
	Average total size (kbytes): 0
	Maximum resident set size (kbytes): 781184
	Average resident set size (kbytes): 0
	Major (requiring I/O) page faults: 14
	Minor (reclaiming a frame) page faults: 91042
	Voluntary context switches: 79
	Involuntary context switches: 61
	Swaps: 0
	File system inputs: 4120
	File system outputs: 20328
	Socket messages sent: 0
	Socket messages received: 0
	Signals delivered: 0
	Page size (bytes): 4096
	Exit status: 0
