	Command being timed: "python -B -m unittest discover -s tests -p test_step28_base_model_contracts.py -v"
	User time (seconds): 2.51
	System time (seconds): 0.26
	Percent of CPU this job got: 99%
	Elapsed (wall clock) time (h:mm:ss or m:ss): 0:02.78
	Average shared text size (kbytes): 0
	Average unshared data size (kbytes): 0
	Average stack size (kbytes): 0
	Average total size (kbytes): 0
	Maximum resident set size (kbytes): 780704
	Average resident set size (kbytes): 0
	Major (requiring I/O) page faults: 0
	Minor (reclaiming a frame) page faults: 112440
	Voluntary context switches: 57
	Involuntary context switches: 85
	Swaps: 0
	File system inputs: 0
	File system outputs: 30352
	Socket messages sent: 0
	Socket messages received: 0
	Signals delivered: 0
	Page size (bytes): 4096
	Exit status: 0
