	Command being timed: "timeout --signal=TERM --kill-after=30s 1h python -u -B scripts/step28_bge_continual_check.py --out /home/yongpeng/cross-lingual/reports/seller_alias_continual/20260930/bge_continual_cpu/20260930_142608/job/audit.json"
	User time (seconds): 533.05
	System time (seconds): 20.91
	Percent of CPU this job got: 99%
	Elapsed (wall clock) time (h:mm:ss or m:ss): 9:14.18
	Average shared text size (kbytes): 0
	Average unshared data size (kbytes): 0
	Average stack size (kbytes): 0
	Average total size (kbytes): 0
	Maximum resident set size (kbytes): 10342296
	Average resident set size (kbytes): 0
	Major (requiring I/O) page faults: 1
	Minor (reclaiming a frame) page faults: 21935446
	Voluntary context switches: 67
	Involuntary context switches: 5577
	Swaps: 0
	File system inputs: 416
	File system outputs: 51200
	Socket messages sent: 0
	Socket messages received: 0
	Signals delivered: 0
	Page size (bytes): 4096
	Exit status: 0
