{
  "method_runs": [
    "s0_d",
    "s0_hard",
    "s1_d",
    "s1_hard",
    "s2_d",
    "s2_hard"
  ],
  "partition": {
    "fit": {
      "groups": 144,
      "domain_counts": {
        "A": 48,
        "B": 48,
        "C": 48
      }
    },
    "calibration": {
      "groups": 36,
      "domain_counts": {
        "A": 12,
        "B": 12,
        "C": 12
      }
    },
    "development": {
      "groups": 60,
      "domain_counts": {
        "A": 20,
        "B": 20,
        "C": 20
      }
    }
  },
  "raw_score_files_hashed": 12,
  "old_metric_files_hashed": 12,
  "formal_arrays_parsed": 0,
  "formal_labels_parsed": 0,
  "model_payloads_opened": 0,
  "dataset_manifest_and_validation_hashes_match": true,
  "identical_handmade_cross_environment_max_abs_difference": {
    "a": 7.771561172376096e-16,
    "b": 1.7763568394002505e-15,
    "initial_nll": 2.7755575615628914e-17,
    "final_nll": 0.0,
    "projected_gradient_max": 1.8993233395676368e-17
  },
  "identical_handmade_iteration_call_counts_match": true,
  "non_gtol_convergence_example": {
    "run": "s0_d_handmade_only",
    "termination": "CONVERGENCE: RELATIVE REDUCTION OF F <= FACTR*EPSMCH",
    "projected_gradient_max": 2.3535252196002663e-08,
    "solver_gtol": 1e-08,
    "explicit_fit_acceptance_limit": 1e-06
  }
}
