test_chunk_plan_reconstructs_long_original_text (test_step28_continual_text_contracts.TextMemoryContracts) ... ok
test_columns_and_first_only_scaler_reference (test_step28_continual_text_contracts.TextMemoryContracts) ... ok
test_current_world_requires_all_378_edges (test_step28_continual_text_contracts.TextMemoryContracts) ... ok
test_full_fields_preserve_text_and_canonicalize_duplicates (test_step28_continual_text_contracts.TextMemoryContracts) ... ok
test_memory_restore_preserves_future_sampling_and_selection (test_step28_continual_text_contracts.TextMemoryContracts) ... ok
test_missing_history_and_conflicting_endpoint_fail (test_step28_continual_text_contracts.TextMemoryContracts) ... ok
test_oversized_full_edge_and_truncated_memory_fail (test_step28_continual_text_contracts.TextMemoryContracts) ... ok
test_selection_does_not_use_labels_or_optimization_repetitions (test_step28_continual_text_contracts.TextMemoryContracts) ... ok
test_sparse_edge_roundtrip_is_self_contained_and_float64_exact (test_step28_continual_text_contracts.TextMemoryContracts) ... ok
test_streaming_random_prefix_matches_independent_full_history_reference (test_step28_continual_text_contracts.TextMemoryContracts) ... ok
test_affine_preserves_dynamic_gradient_and_column_order (test_step28_continual_text_contracts.TextTrainingContracts) ... ok
test_extra_history_forward_does_not_change_current_dropout (test_step28_continual_text_contracts.TextTrainingContracts) ... ok
test_hierarchy_and_derivative_match_independent_numpy (test_step28_continual_text_contracts.TextTrainingContracts) ... ok
test_initial_eval_scaler_does_not_train_or_use_labels (test_step28_continual_text_contracts.TextTrainingContracts) ... ok
test_nonempty_optimizer_and_memory_reload_reproduce_next_update (test_step28_continual_text_contracts.TextTrainingContracts) ... ok
test_sequential_backward_matches_summed_objective_and_full_update (test_step28_continual_text_contracts.TextTrainingContracts) ... ok
test_stage_schedule_retains_only_prior_memory_and_pairs_current_order (test_step28_continual_text_contracts.TextTrainingContracts) ... ok

----------------------------------------------------------------------
Ran 17 tests in 1.326s

OK
