	Command being timed: "timeout --signal=TERM --kill-after=30s 36h python -u -B scripts/step28_bge_continual_run.py execute --out /home/yongpeng/cross-lingual/reports/seller_alias_continual/20260930/bge_continual_execution/20260930_143700/job --audit /home/yongpeng/cross-lingual/reports/seller_alias_continual/20260930/bge_continual_cpu/20260930_142608/job/audit.json --authorization /home/yongpeng/cross-lingual/reports/seller_alias_continual/20260930/bge_continual_execution/20260930_143700/authorization.json"
	User time (seconds): 55323.28
	System time (seconds): 250.78
	Percent of CPU this job got: 100%
	Elapsed (wall clock) time (h:mm:ss or m:ss): 15:25:51
	Average shared text size (kbytes): 0
	Average unshared data size (kbytes): 0
	Average stack size (kbytes): 0
	Average total size (kbytes): 0
	Maximum resident set size (kbytes): 7084352
	Average resident set size (kbytes): 0
	Major (requiring I/O) page faults: 0
	Minor (reclaiming a frame) page faults: 86399621
	Voluntary context switches: 714690
	Involuntary context switches: 710981
	Swaps: 0
	File system inputs: 272
	File system outputs: 214038256
	Socket messages sent: 0
	Socket messages received: 0
	Signals delivered: 0
	Page size (bytes): 4096
	Exit status: 0
