/home/yongpeng/cross-lingual/scripts/step28_chinese_base.py:124: FutureWarning: The `get_sentence_embedding_dimension` method has been renamed to `get_embedding_dimension`.
  if pooling_modes(pool) != [m["pooling"]] or encoder.get_sentence_embedding_dimension() != m["embedding_dim"]:
/home/yongpeng/cross-lingual/scripts/step28_chinese_base.py:124: FutureWarning: The `get_sentence_embedding_dimension` method has been renamed to `get_embedding_dimension`.
  if pooling_modes(pool) != [m["pooling"]] or encoder.get_sentence_embedding_dimension() != m["embedding_dim"]:
{"elapsed_seconds":197.63524162303656,"event":"updates","logical_updates":24,"method":"seq","order":"ABC","peak_observed_bytes":114365,"stage":1,"stage_updates":24}

{"elapsed_seconds":334.66390143497847,"event":"updates","logical_updates":48,"method":"seq","order":"ABC","peak_observed_bytes":114531,"stage":1,"stage_updates":48}

{"elapsed_seconds":462.3681008880958,"event":"updates","logical_updates":72,"method":"seq","order":"ABC","peak_observed_bytes":114697,"stage":1,"stage_updates":72}

{"elapsed_seconds":591.6899341619574,"event":"updates","logical_updates":96,"method":"seq","order":"ABC","peak_observed_bytes":114862,"stage":1,"stage_updates":96}

{"elapsed_seconds":724.6192065929063,"event":"updates","logical_updates":120,"method":"seq","order":"ABC","peak_observed_bytes":115027,"stage":1,"stage_updates":120}

{"elapsed_seconds":848.5477892849594,"event":"updates","logical_updates":144,"method":"seq","order":"ABC","peak_observed_bytes":115194,"stage":1,"stage_updates":144}

{"elapsed_seconds":976.0103790380526,"event":"updates","logical_updates":168,"method":"seq","order":"ABC","peak_observed_bytes":115361,"stage":1,"stage_updates":168}

{"elapsed_seconds":1104.8370001779404,"event":"updates","logical_updates":192,"method":"seq","order":"ABC","peak_observed_bytes":115528,"stage":1,"stage_updates":192}

{"elapsed_seconds":1234.0921813719906,"event":"updates","logical_updates":216,"method":"seq","order":"ABC","peak_observed_bytes":115696,"stage":1,"stage_updates":216}

{"elapsed_seconds":1361.4581727299374,"event":"updates","logical_updates":240,"method":"seq","order":"ABC","peak_observed_bytes":115864,"stage":1,"stage_updates":240}

{"elapsed_seconds":1488.7616725750268,"event":"updates","logical_updates":264,"method":"seq","order":"ABC","peak_observed_bytes":116032,"stage":1,"stage_updates":264}

{"elapsed_seconds":1622.0756118840072,"event":"updates","logical_updates":288,"method":"seq","order":"ABC","peak_observed_bytes":116200,"stage":1,"stage_updates":288}

/home/yongpeng/cross-lingual/scripts/step28_chinese_base.py:124: FutureWarning: The `get_sentence_embedding_dimension` method has been renamed to `get_embedding_dimension`.
  if pooling_modes(pool) != [m["pooling"]] or encoder.get_sentence_embedding_dimension() != m["embedding_dim"]:
{"elapsed_seconds":1941.7628891270142,"event":"updates","logical_updates":312,"method":"seq","order":"ABC","peak_observed_bytes":5218568176,"stage":2,"stage_updates":24}

{"elapsed_seconds":2072.946383401053,"event":"updates","logical_updates":336,"method":"seq","order":"ABC","peak_observed_bytes":5218568347,"stage":2,"stage_updates":48}

{"elapsed_seconds":2201.4710223560687,"event":"updates","logical_updates":360,"method":"seq","order":"ABC","peak_observed_bytes":5218568517,"stage":2,"stage_updates":72}

{"elapsed_seconds":2324.601890403079,"event":"updates","logical_updates":384,"method":"seq","order":"ABC","peak_observed_bytes":5218568688,"stage":2,"stage_updates":96}

{"elapsed_seconds":2454.264724196866,"event":"updates","logical_updates":408,"method":"seq","order":"ABC","peak_observed_bytes":5218568858,"stage":2,"stage_updates":120}

{"elapsed_seconds":2578.503233891912,"event":"updates","logical_updates":432,"method":"seq","order":"ABC","peak_observed_bytes":5218569029,"stage":2,"stage_updates":144}

{"elapsed_seconds":2705.1649484420195,"event":"updates","logical_updates":456,"method":"seq","order":"ABC","peak_observed_bytes":5218569200,"stage":2,"stage_updates":168}

{"elapsed_seconds":2830.095697253011,"event":"updates","logical_updates":480,"method":"seq","order":"ABC","peak_observed_bytes":5218569372,"stage":2,"stage_updates":192}

{"elapsed_seconds":2953.8321876560804,"event":"updates","logical_updates":504,"method":"seq","order":"ABC","peak_observed_bytes":5218569543,"stage":2,"stage_updates":216}

{"elapsed_seconds":3104.6491645839997,"event":"updates","logical_updates":528,"method":"seq","order":"ABC","peak_observed_bytes":5218569715,"stage":2,"stage_updates":240}

{"elapsed_seconds":3265.8704776528757,"event":"updates","logical_updates":552,"method":"seq","order":"ABC","peak_observed_bytes":5218569887,"stage":2,"stage_updates":264}

{"elapsed_seconds":3424.6225556910504,"event":"updates","logical_updates":576,"method":"seq","order":"ABC","peak_observed_bytes":5218570059,"stage":2,"stage_updates":288}

{"elapsed_seconds":3797.134076474933,"event":"updates","logical_updates":600,"method":"seq","order":"ABC","peak_observed_bytes":9129604517,"stage":3,"stage_updates":24}

{"elapsed_seconds":3947.7879360038787,"event":"updates","logical_updates":624,"method":"seq","order":"ABC","peak_observed_bytes":9129604517,"stage":3,"stage_updates":48}

{"elapsed_seconds":4078.0901260240935,"event":"updates","logical_updates":648,"method":"seq","order":"ABC","peak_observed_bytes":9129604517,"stage":3,"stage_updates":72}

{"elapsed_seconds":4205.53375534201,"event":"updates","logical_updates":672,"method":"seq","order":"ABC","peak_observed_bytes":9129604517,"stage":3,"stage_updates":96}

{"elapsed_seconds":4333.783699427033,"event":"updates","logical_updates":696,"method":"seq","order":"ABC","peak_observed_bytes":9129604517,"stage":3,"stage_updates":120}

{"elapsed_seconds":4460.696610148065,"event":"updates","logical_updates":720,"method":"seq","order":"ABC","peak_observed_bytes":9129604517,"stage":3,"stage_updates":144}

{"elapsed_seconds":4585.981210425962,"event":"updates","logical_updates":744,"method":"seq","order":"ABC","peak_observed_bytes":9129604517,"stage":3,"stage_updates":168}

{"elapsed_seconds":4716.0595343140885,"event":"updates","logical_updates":768,"method":"seq","order":"ABC","peak_observed_bytes":9129604517,"stage":3,"stage_updates":192}

{"elapsed_seconds":4845.452966369921,"event":"updates","logical_updates":792,"method":"seq","order":"ABC","peak_observed_bytes":9129604517,"stage":3,"stage_updates":216}

{"elapsed_seconds":4972.724279728951,"event":"updates","logical_updates":816,"method":"seq","order":"ABC","peak_observed_bytes":9129604517,"stage":3,"stage_updates":240}

{"elapsed_seconds":5105.421814640053,"event":"updates","logical_updates":840,"method":"seq","order":"ABC","peak_observed_bytes":9129604517,"stage":3,"stage_updates":264}

{"elapsed_seconds":5235.155531859025,"event":"updates","logical_updates":864,"method":"seq","order":"ABC","peak_observed_bytes":9129604517,"stage":3,"stage_updates":288}

/home/yongpeng/cross-lingual/scripts/step28_chinese_base.py:124: FutureWarning: The `get_sentence_embedding_dimension` method has been renamed to `get_embedding_dimension`.
  if pooling_modes(pool) != [m["pooling"]] or encoder.get_sentence_embedding_dimension() != m["embedding_dim"]:
{"elapsed_seconds":5687.970771122957,"event":"updates","logical_updates":312,"method":"er","order":"ABC","peak_observed_bytes":10436625776,"stage":2,"stage_updates":24}

{"elapsed_seconds":5967.009940881981,"event":"updates","logical_updates":336,"method":"er","order":"ABC","peak_observed_bytes":10436625776,"stage":2,"stage_updates":48}

{"elapsed_seconds":6227.793443866074,"event":"updates","logical_updates":360,"method":"er","order":"ABC","peak_observed_bytes":10436625776,"stage":2,"stage_updates":72}

{"elapsed_seconds":6529.9963544080965,"event":"updates","logical_updates":384,"method":"er","order":"ABC","peak_observed_bytes":10436625776,"stage":2,"stage_updates":96}

{"elapsed_seconds":6853.802420062013,"event":"updates","logical_updates":408,"method":"er","order":"ABC","peak_observed_bytes":10436625776,"stage":2,"stage_updates":120}

{"elapsed_seconds":7137.463134583086,"event":"updates","logical_updates":432,"method":"er","order":"ABC","peak_observed_bytes":10436625776,"stage":2,"stage_updates":144}

{"elapsed_seconds":7426.930048695998,"event":"updates","logical_updates":456,"method":"er","order":"ABC","peak_observed_bytes":10436625776,"stage":2,"stage_updates":168}

{"elapsed_seconds":7718.908762112027,"event":"updates","logical_updates":480,"method":"er","order":"ABC","peak_observed_bytes":10436625776,"stage":2,"stage_updates":192}

{"elapsed_seconds":8014.735049044946,"event":"updates","logical_updates":504,"method":"er","order":"ABC","peak_observed_bytes":10436625776,"stage":2,"stage_updates":216}

{"elapsed_seconds":8315.115417093039,"event":"updates","logical_updates":528,"method":"er","order":"ABC","peak_observed_bytes":10436625776,"stage":2,"stage_updates":240}

{"elapsed_seconds":8589.61527794809,"event":"updates","logical_updates":552,"method":"er","order":"ABC","peak_observed_bytes":10436625776,"stage":2,"stage_updates":264}

{"elapsed_seconds":8848.284201442963,"event":"updates","logical_updates":576,"method":"er","order":"ABC","peak_observed_bytes":10436625776,"stage":2,"stage_updates":288}

{"elapsed_seconds":9327.435877602082,"event":"updates","logical_updates":600,"method":"er","order":"ABC","peak_observed_bytes":11743655465,"stage":3,"stage_updates":24}

{"elapsed_seconds":9659.300236667972,"event":"updates","logical_updates":624,"method":"er","order":"ABC","peak_observed_bytes":11743655465,"stage":3,"stage_updates":48}

{"elapsed_seconds":9988.12120070192,"event":"updates","logical_updates":648,"method":"er","order":"ABC","peak_observed_bytes":11743655465,"stage":3,"stage_updates":72}

{"elapsed_seconds":10318.431617151946,"event":"updates","logical_updates":672,"method":"er","order":"ABC","peak_observed_bytes":11743655465,"stage":3,"stage_updates":96}

{"elapsed_seconds":10614.229092760012,"event":"updates","logical_updates":696,"method":"er","order":"ABC","peak_observed_bytes":11743655465,"stage":3,"stage_updates":120}

{"elapsed_seconds":10883.546919919085,"event":"updates","logical_updates":720,"method":"er","order":"ABC","peak_observed_bytes":11743655465,"stage":3,"stage_updates":144}

{"elapsed_seconds":11142.320273231016,"event":"updates","logical_updates":744,"method":"er","order":"ABC","peak_observed_bytes":11743655465,"stage":3,"stage_updates":168}

{"elapsed_seconds":11407.049064740073,"event":"updates","logical_updates":768,"method":"er","order":"ABC","peak_observed_bytes":11743655465,"stage":3,"stage_updates":192}

{"elapsed_seconds":11669.758305606898,"event":"updates","logical_updates":792,"method":"er","order":"ABC","peak_observed_bytes":11743655465,"stage":3,"stage_updates":216}

{"elapsed_seconds":11930.751801437931,"event":"updates","logical_updates":816,"method":"er","order":"ABC","peak_observed_bytes":11743655465,"stage":3,"stage_updates":240}

{"elapsed_seconds":12192.557037123013,"event":"updates","logical_updates":840,"method":"er","order":"ABC","peak_observed_bytes":11743655465,"stage":3,"stage_updates":264}

{"elapsed_seconds":12455.868804175872,"event":"updates","logical_updates":864,"method":"er","order":"ABC","peak_observed_bytes":11743655465,"stage":3,"stage_updates":288}

/home/yongpeng/cross-lingual/scripts/step28_chinese_base.py:124: FutureWarning: The `get_sentence_embedding_dimension` method has been renamed to `get_embedding_dimension`.
  if pooling_modes(pool) != [m["pooling"]] or encoder.get_sentence_embedding_dimension() != m["embedding_dim"]:
{"elapsed_seconds":12911.109612352913,"event":"updates","logical_updates":312,"method":"logit","order":"ABC","peak_observed_bytes":13050892480,"stage":2,"stage_updates":24}

{"elapsed_seconds":13181.640626752982,"event":"updates","logical_updates":336,"method":"logit","order":"ABC","peak_observed_bytes":13050892480,"stage":2,"stage_updates":48}

{"elapsed_seconds":13447.768878574017,"event":"updates","logical_updates":360,"method":"logit","order":"ABC","peak_observed_bytes":13050892480,"stage":2,"stage_updates":72}

{"elapsed_seconds":13708.248164786026,"event":"updates","logical_updates":384,"method":"logit","order":"ABC","peak_observed_bytes":13050892480,"stage":2,"stage_updates":96}

{"elapsed_seconds":13973.29472509888,"event":"updates","logical_updates":408,"method":"logit","order":"ABC","peak_observed_bytes":13050892480,"stage":2,"stage_updates":120}

{"elapsed_seconds":14229.304423819995,"event":"updates","logical_updates":432,"method":"logit","order":"ABC","peak_observed_bytes":13050892480,"stage":2,"stage_updates":144}

{"elapsed_seconds":14488.932787684025,"event":"updates","logical_updates":456,"method":"logit","order":"ABC","peak_observed_bytes":13050892480,"stage":2,"stage_updates":168}

{"elapsed_seconds":14743.888062047074,"event":"updates","logical_updates":480,"method":"logit","order":"ABC","peak_observed_bytes":13050892480,"stage":2,"stage_updates":192}

{"elapsed_seconds":15003.832780676894,"event":"updates","logical_updates":504,"method":"logit","order":"ABC","peak_observed_bytes":13050892480,"stage":2,"stage_updates":216}

{"elapsed_seconds":15263.154294471024,"event":"updates","logical_updates":528,"method":"logit","order":"ABC","peak_observed_bytes":13050892480,"stage":2,"stage_updates":240}

{"elapsed_seconds":15521.542994041927,"event":"updates","logical_updates":552,"method":"logit","order":"ABC","peak_observed_bytes":13050892480,"stage":2,"stage_updates":264}

{"elapsed_seconds":15777.76943788398,"event":"updates","logical_updates":576,"method":"logit","order":"ABC","peak_observed_bytes":13050892480,"stage":2,"stage_updates":288}

{"elapsed_seconds":16215.85043993406,"event":"updates","logical_updates":600,"method":"logit","order":"ABC","peak_observed_bytes":14357930077,"stage":3,"stage_updates":24}

{"elapsed_seconds":16477.72117693606,"event":"updates","logical_updates":624,"method":"logit","order":"ABC","peak_observed_bytes":14357930077,"stage":3,"stage_updates":48}

{"elapsed_seconds":16738.860720053082,"event":"updates","logical_updates":648,"method":"logit","order":"ABC","peak_observed_bytes":14357930077,"stage":3,"stage_updates":72}

{"elapsed_seconds":16999.061716822907,"event":"updates","logical_updates":672,"method":"logit","order":"ABC","peak_observed_bytes":14357930077,"stage":3,"stage_updates":96}

{"elapsed_seconds":17259.375793640967,"event":"updates","logical_updates":696,"method":"logit","order":"ABC","peak_observed_bytes":14357930077,"stage":3,"stage_updates":120}

{"elapsed_seconds":17518.638811168028,"event":"updates","logical_updates":720,"method":"logit","order":"ABC","peak_observed_bytes":14357930077,"stage":3,"stage_updates":144}

{"elapsed_seconds":17775.12139836303,"event":"updates","logical_updates":744,"method":"logit","order":"ABC","peak_observed_bytes":14357930077,"stage":3,"stage_updates":168}

{"elapsed_seconds":18037.95784152695,"event":"updates","logical_updates":768,"method":"logit","order":"ABC","peak_observed_bytes":14357930077,"stage":3,"stage_updates":192}

{"elapsed_seconds":18298.235633566044,"event":"updates","logical_updates":792,"method":"logit","order":"ABC","peak_observed_bytes":14357930077,"stage":3,"stage_updates":216}

{"elapsed_seconds":18557.036974930903,"event":"updates","logical_updates":816,"method":"logit","order":"ABC","peak_observed_bytes":14357930077,"stage":3,"stage_updates":240}

{"elapsed_seconds":18816.79125197488,"event":"updates","logical_updates":840,"method":"logit","order":"ABC","peak_observed_bytes":14357930077,"stage":3,"stage_updates":264}

{"elapsed_seconds":19077.536966128042,"event":"updates","logical_updates":864,"method":"logit","order":"ABC","peak_observed_bytes":14357930077,"stage":3,"stage_updates":288}

/home/yongpeng/cross-lingual/scripts/step28_chinese_base.py:124: FutureWarning: The `get_sentence_embedding_dimension` method has been renamed to `get_embedding_dimension`.
  if pooling_modes(pool) != [m["pooling"]] or encoder.get_sentence_embedding_dimension() != m["embedding_dim"]:
{"elapsed_seconds":19378.739481864963,"event":"updates","logical_updates":24,"method":"seq","order":"BCA","peak_observed_bytes":15665213880,"stage":1,"stage_updates":24}

{"elapsed_seconds":19510.31953243399,"event":"updates","logical_updates":48,"method":"seq","order":"BCA","peak_observed_bytes":15665213880,"stage":1,"stage_updates":48}

{"elapsed_seconds":19636.667578424094,"event":"updates","logical_updates":72,"method":"seq","order":"BCA","peak_observed_bytes":15665213880,"stage":1,"stage_updates":72}

{"elapsed_seconds":19762.231213857885,"event":"updates","logical_updates":96,"method":"seq","order":"BCA","peak_observed_bytes":15665213880,"stage":1,"stage_updates":96}

{"elapsed_seconds":19891.089339999016,"event":"updates","logical_updates":120,"method":"seq","order":"BCA","peak_observed_bytes":15665213880,"stage":1,"stage_updates":120}

{"elapsed_seconds":20013.887537820032,"event":"updates","logical_updates":144,"method":"seq","order":"BCA","peak_observed_bytes":15665213880,"stage":1,"stage_updates":144}

{"elapsed_seconds":20139.09741913597,"event":"updates","logical_updates":168,"method":"seq","order":"BCA","peak_observed_bytes":15665213880,"stage":1,"stage_updates":168}

{"elapsed_seconds":20264.86905291304,"event":"updates","logical_updates":192,"method":"seq","order":"BCA","peak_observed_bytes":15665213880,"stage":1,"stage_updates":192}

{"elapsed_seconds":20391.423638575943,"event":"updates","logical_updates":216,"method":"seq","order":"BCA","peak_observed_bytes":15665213880,"stage":1,"stage_updates":216}

{"elapsed_seconds":20515.639342990005,"event":"updates","logical_updates":240,"method":"seq","order":"BCA","peak_observed_bytes":15665213880,"stage":1,"stage_updates":240}

{"elapsed_seconds":20642.509752329905,"event":"updates","logical_updates":264,"method":"seq","order":"BCA","peak_observed_bytes":15665213880,"stage":1,"stage_updates":264}

{"elapsed_seconds":20769.007717523957,"event":"updates","logical_updates":288,"method":"seq","order":"BCA","peak_observed_bytes":15665213880,"stage":1,"stage_updates":288}

/home/yongpeng/cross-lingual/scripts/step28_chinese_base.py:124: FutureWarning: The `get_sentence_embedding_dimension` method has been renamed to `get_embedding_dimension`.
  if pooling_modes(pool) != [m["pooling"]] or encoder.get_sentence_embedding_dimension() != m["embedding_dim"]:
{"elapsed_seconds":21092.376118340064,"event":"updates","logical_updates":312,"method":"seq","order":"BCA","peak_observed_bytes":18279677703,"stage":2,"stage_updates":24}

{"elapsed_seconds":21225.85735575389,"event":"updates","logical_updates":336,"method":"seq","order":"BCA","peak_observed_bytes":18279677875,"stage":2,"stage_updates":48}

{"elapsed_seconds":21351.945641615894,"event":"updates","logical_updates":360,"method":"seq","order":"BCA","peak_observed_bytes":18279678046,"stage":2,"stage_updates":72}

{"elapsed_seconds":21480.75557594397,"event":"updates","logical_updates":384,"method":"seq","order":"BCA","peak_observed_bytes":18279678218,"stage":2,"stage_updates":96}

{"elapsed_seconds":21611.26071001496,"event":"updates","logical_updates":408,"method":"seq","order":"BCA","peak_observed_bytes":18279678389,"stage":2,"stage_updates":120}

{"elapsed_seconds":21735.156853049062,"event":"updates","logical_updates":432,"method":"seq","order":"BCA","peak_observed_bytes":18279678561,"stage":2,"stage_updates":144}

{"elapsed_seconds":21861.156022955896,"event":"updates","logical_updates":456,"method":"seq","order":"BCA","peak_observed_bytes":18279678734,"stage":2,"stage_updates":168}

{"elapsed_seconds":21989.551704519894,"event":"updates","logical_updates":480,"method":"seq","order":"BCA","peak_observed_bytes":18279678907,"stage":2,"stage_updates":192}

{"elapsed_seconds":22117.917998208897,"event":"updates","logical_updates":504,"method":"seq","order":"BCA","peak_observed_bytes":18279679080,"stage":2,"stage_updates":216}

{"elapsed_seconds":22243.95303953602,"event":"updates","logical_updates":528,"method":"seq","order":"BCA","peak_observed_bytes":18279679253,"stage":2,"stage_updates":240}

{"elapsed_seconds":22374.471363626886,"event":"updates","logical_updates":552,"method":"seq","order":"BCA","peak_observed_bytes":18279679425,"stage":2,"stage_updates":264}

{"elapsed_seconds":22500.759149726946,"event":"updates","logical_updates":576,"method":"seq","order":"BCA","peak_observed_bytes":18279679598,"stage":2,"stage_updates":288}

{"elapsed_seconds":22803.543213583995,"event":"updates","logical_updates":600,"method":"seq","order":"BCA","peak_observed_bytes":22190714057,"stage":3,"stage_updates":24}

{"elapsed_seconds":22937.892687255982,"event":"updates","logical_updates":624,"method":"seq","order":"BCA","peak_observed_bytes":22190714057,"stage":3,"stage_updates":48}

{"elapsed_seconds":23067.578294984065,"event":"updates","logical_updates":648,"method":"seq","order":"BCA","peak_observed_bytes":22190714057,"stage":3,"stage_updates":72}

{"elapsed_seconds":23195.992338999873,"event":"updates","logical_updates":672,"method":"seq","order":"BCA","peak_observed_bytes":22190714057,"stage":3,"stage_updates":96}

{"elapsed_seconds":23326.093433250906,"event":"updates","logical_updates":696,"method":"seq","order":"BCA","peak_observed_bytes":22190714057,"stage":3,"stage_updates":120}

{"elapsed_seconds":23454.58940826496,"event":"updates","logical_updates":720,"method":"seq","order":"BCA","peak_observed_bytes":22190714057,"stage":3,"stage_updates":144}

{"elapsed_seconds":23583.088865767,"event":"updates","logical_updates":744,"method":"seq","order":"BCA","peak_observed_bytes":22190714057,"stage":3,"stage_updates":168}

{"elapsed_seconds":23712.90821761987,"event":"updates","logical_updates":768,"method":"seq","order":"BCA","peak_observed_bytes":22190714057,"stage":3,"stage_updates":192}

{"elapsed_seconds":23841.866727102082,"event":"updates","logical_updates":792,"method":"seq","order":"BCA","peak_observed_bytes":22190714057,"stage":3,"stage_updates":216}

{"elapsed_seconds":23971.192183491075,"event":"updates","logical_updates":816,"method":"seq","order":"BCA","peak_observed_bytes":22190714057,"stage":3,"stage_updates":240}

{"elapsed_seconds":24101.552561748074,"event":"updates","logical_updates":840,"method":"seq","order":"BCA","peak_observed_bytes":22190714057,"stage":3,"stage_updates":264}

{"elapsed_seconds":24231.52063301904,"event":"updates","logical_updates":864,"method":"seq","order":"BCA","peak_observed_bytes":22190714057,"stage":3,"stage_updates":288}

/home/yongpeng/cross-lingual/scripts/step28_chinese_base.py:124: FutureWarning: The `get_sentence_embedding_dimension` method has been renamed to `get_embedding_dimension`.
  if pooling_modes(pool) != [m["pooling"]] or encoder.get_sentence_embedding_dimension() != m["embedding_dim"]:
{"elapsed_seconds":24675.803948041983,"event":"updates","logical_updates":312,"method":"er","order":"BCA","peak_observed_bytes":23497735355,"stage":2,"stage_updates":24}

{"elapsed_seconds":24939.04266509204,"event":"updates","logical_updates":336,"method":"er","order":"BCA","peak_observed_bytes":23497735355,"stage":2,"stage_updates":48}

{"elapsed_seconds":25197.147502667038,"event":"updates","logical_updates":360,"method":"er","order":"BCA","peak_observed_bytes":23497735355,"stage":2,"stage_updates":72}

{"elapsed_seconds":25464.094065228943,"event":"updates","logical_updates":384,"method":"er","order":"BCA","peak_observed_bytes":23497735355,"stage":2,"stage_updates":96}

{"elapsed_seconds":25730.791579254903,"event":"updates","logical_updates":408,"method":"er","order":"BCA","peak_observed_bytes":23497735355,"stage":2,"stage_updates":120}

{"elapsed_seconds":25987.201880991925,"event":"updates","logical_updates":432,"method":"er","order":"BCA","peak_observed_bytes":23497735355,"stage":2,"stage_updates":144}

{"elapsed_seconds":26245.413934333017,"event":"updates","logical_updates":456,"method":"er","order":"BCA","peak_observed_bytes":23497735355,"stage":2,"stage_updates":168}

{"elapsed_seconds":26506.912218780024,"event":"updates","logical_updates":480,"method":"er","order":"BCA","peak_observed_bytes":23497735355,"stage":2,"stage_updates":192}

{"elapsed_seconds":26761.40803079703,"event":"updates","logical_updates":504,"method":"er","order":"BCA","peak_observed_bytes":23497735355,"stage":2,"stage_updates":216}

{"elapsed_seconds":27021.26338434103,"event":"updates","logical_updates":528,"method":"er","order":"BCA","peak_observed_bytes":23497735355,"stage":2,"stage_updates":240}

{"elapsed_seconds":27282.33063815208,"event":"updates","logical_updates":552,"method":"er","order":"BCA","peak_observed_bytes":23497735355,"stage":2,"stage_updates":264}

{"elapsed_seconds":27544.241031097015,"event":"updates","logical_updates":576,"method":"er","order":"BCA","peak_observed_bytes":23497735355,"stage":2,"stage_updates":288}

{"elapsed_seconds":27972.48202083097,"event":"updates","logical_updates":600,"method":"er","order":"BCA","peak_observed_bytes":24804765655,"stage":3,"stage_updates":24}

{"elapsed_seconds":28234.666447001044,"event":"updates","logical_updates":624,"method":"er","order":"BCA","peak_observed_bytes":24804765655,"stage":3,"stage_updates":48}

{"elapsed_seconds":28492.182006652,"event":"updates","logical_updates":648,"method":"er","order":"BCA","peak_observed_bytes":24804765655,"stage":3,"stage_updates":72}

{"elapsed_seconds":28746.216432288988,"event":"updates","logical_updates":672,"method":"er","order":"BCA","peak_observed_bytes":24804765655,"stage":3,"stage_updates":96}

{"elapsed_seconds":29002.568701910088,"event":"updates","logical_updates":696,"method":"er","order":"BCA","peak_observed_bytes":24804765655,"stage":3,"stage_updates":120}

{"elapsed_seconds":29258.471879123943,"event":"updates","logical_updates":720,"method":"er","order":"BCA","peak_observed_bytes":24804765655,"stage":3,"stage_updates":144}

{"elapsed_seconds":29515.419207274914,"event":"updates","logical_updates":744,"method":"er","order":"BCA","peak_observed_bytes":24804765655,"stage":3,"stage_updates":168}

{"elapsed_seconds":29774.76556334598,"event":"updates","logical_updates":768,"method":"er","order":"BCA","peak_observed_bytes":24804765655,"stage":3,"stage_updates":192}

{"elapsed_seconds":30030.56712480192,"event":"updates","logical_updates":792,"method":"er","order":"BCA","peak_observed_bytes":24804765655,"stage":3,"stage_updates":216}

{"elapsed_seconds":30282.5077588649,"event":"updates","logical_updates":816,"method":"er","order":"BCA","peak_observed_bytes":24804765655,"stage":3,"stage_updates":240}

{"elapsed_seconds":30535.999637420056,"event":"updates","logical_updates":840,"method":"er","order":"BCA","peak_observed_bytes":24804765655,"stage":3,"stage_updates":264}

{"elapsed_seconds":30788.489936914062,"event":"updates","logical_updates":864,"method":"er","order":"BCA","peak_observed_bytes":24804765655,"stage":3,"stage_updates":288}

/home/yongpeng/cross-lingual/scripts/step28_chinese_base.py:124: FutureWarning: The `get_sentence_embedding_dimension` method has been renamed to `get_embedding_dimension`.
  if pooling_modes(pool) != [m["pooling"]] or encoder.get_sentence_embedding_dimension() != m["embedding_dim"]:
{"elapsed_seconds":31235.546517329058,"event":"updates","logical_updates":312,"method":"logit","order":"BCA","peak_observed_bytes":26112000658,"stage":2,"stage_updates":24}

{"elapsed_seconds":31501.551235106075,"event":"updates","logical_updates":336,"method":"logit","order":"BCA","peak_observed_bytes":26112000658,"stage":2,"stage_updates":48}

{"elapsed_seconds":31759.46871721605,"event":"updates","logical_updates":360,"method":"logit","order":"BCA","peak_observed_bytes":26112000658,"stage":2,"stage_updates":72}

{"elapsed_seconds":32026.238889237866,"event":"updates","logical_updates":384,"method":"logit","order":"BCA","peak_observed_bytes":26112000658,"stage":2,"stage_updates":96}

{"elapsed_seconds":32292.641259694006,"event":"updates","logical_updates":408,"method":"logit","order":"BCA","peak_observed_bytes":26112000658,"stage":2,"stage_updates":120}

{"elapsed_seconds":32549.013988069026,"event":"updates","logical_updates":432,"method":"logit","order":"BCA","peak_observed_bytes":26112000658,"stage":2,"stage_updates":144}

{"elapsed_seconds":32808.088354256004,"event":"updates","logical_updates":456,"method":"logit","order":"BCA","peak_observed_bytes":26112000658,"stage":2,"stage_updates":168}

{"elapsed_seconds":33069.65819541388,"event":"updates","logical_updates":480,"method":"logit","order":"BCA","peak_observed_bytes":26112000658,"stage":2,"stage_updates":192}

{"elapsed_seconds":33325.19651852688,"event":"updates","logical_updates":504,"method":"logit","order":"BCA","peak_observed_bytes":26112000658,"stage":2,"stage_updates":216}

{"elapsed_seconds":33585.45513557992,"event":"updates","logical_updates":528,"method":"logit","order":"BCA","peak_observed_bytes":26112000658,"stage":2,"stage_updates":240}

{"elapsed_seconds":33846.189537436934,"event":"updates","logical_updates":552,"method":"logit","order":"BCA","peak_observed_bytes":26112000658,"stage":2,"stage_updates":264}

{"elapsed_seconds":34107.74208483496,"event":"updates","logical_updates":576,"method":"logit","order":"BCA","peak_observed_bytes":26112000658,"stage":2,"stage_updates":288}

{"elapsed_seconds":34539.95628538495,"event":"updates","logical_updates":600,"method":"logit","order":"BCA","peak_observed_bytes":27419038219,"stage":3,"stage_updates":24}

{"elapsed_seconds":34801.80586800887,"event":"updates","logical_updates":624,"method":"logit","order":"BCA","peak_observed_bytes":27419038219,"stage":3,"stage_updates":48}

{"elapsed_seconds":35059.18085044506,"event":"updates","logical_updates":648,"method":"logit","order":"BCA","peak_observed_bytes":27419038219,"stage":3,"stage_updates":72}

{"elapsed_seconds":35313.18468312989,"event":"updates","logical_updates":672,"method":"logit","order":"BCA","peak_observed_bytes":27419038219,"stage":3,"stage_updates":96}

{"elapsed_seconds":35569.43158918107,"event":"updates","logical_updates":696,"method":"logit","order":"BCA","peak_observed_bytes":27419038219,"stage":3,"stage_updates":120}

{"elapsed_seconds":35825.545931735076,"event":"updates","logical_updates":720,"method":"logit","order":"BCA","peak_observed_bytes":27419038219,"stage":3,"stage_updates":144}

{"elapsed_seconds":36083.418730139034,"event":"updates","logical_updates":744,"method":"logit","order":"BCA","peak_observed_bytes":27419038219,"stage":3,"stage_updates":168}

{"elapsed_seconds":36343.650983534055,"event":"updates","logical_updates":768,"method":"logit","order":"BCA","peak_observed_bytes":27419038219,"stage":3,"stage_updates":192}

{"elapsed_seconds":36599.210456807865,"event":"updates","logical_updates":792,"method":"logit","order":"BCA","peak_observed_bytes":27419038219,"stage":3,"stage_updates":216}

{"elapsed_seconds":36854.854215845,"event":"updates","logical_updates":816,"method":"logit","order":"BCA","peak_observed_bytes":27419038219,"stage":3,"stage_updates":240}

{"elapsed_seconds":37108.40198561107,"event":"updates","logical_updates":840,"method":"logit","order":"BCA","peak_observed_bytes":27419038219,"stage":3,"stage_updates":264}

{"elapsed_seconds":37360.986031537876,"event":"updates","logical_updates":864,"method":"logit","order":"BCA","peak_observed_bytes":27419038219,"stage":3,"stage_updates":288}

/home/yongpeng/cross-lingual/scripts/step28_chinese_base.py:124: FutureWarning: The `get_sentence_embedding_dimension` method has been renamed to `get_embedding_dimension`.
  if pooling_modes(pool) != [m["pooling"]] or encoder.get_sentence_embedding_dimension() != m["embedding_dim"]:
{"elapsed_seconds":37670.02845280897,"event":"updates","logical_updates":24,"method":"seq","order":"CAB","peak_observed_bytes":28726319545,"stage":1,"stage_updates":24}

{"elapsed_seconds":37799.26250730897,"event":"updates","logical_updates":48,"method":"seq","order":"CAB","peak_observed_bytes":28726319545,"stage":1,"stage_updates":48}

{"elapsed_seconds":37928.85811011004,"event":"updates","logical_updates":72,"method":"seq","order":"CAB","peak_observed_bytes":28726319545,"stage":1,"stage_updates":72}

{"elapsed_seconds":38052.80396022694,"event":"updates","logical_updates":96,"method":"seq","order":"CAB","peak_observed_bytes":28726319545,"stage":1,"stage_updates":96}

{"elapsed_seconds":38182.74357707193,"event":"updates","logical_updates":120,"method":"seq","order":"CAB","peak_observed_bytes":28726319545,"stage":1,"stage_updates":120}

{"elapsed_seconds":38306.55915036099,"event":"updates","logical_updates":144,"method":"seq","order":"CAB","peak_observed_bytes":28726319545,"stage":1,"stage_updates":144}

{"elapsed_seconds":38433.97832795698,"event":"updates","logical_updates":168,"method":"seq","order":"CAB","peak_observed_bytes":28726319545,"stage":1,"stage_updates":168}

{"elapsed_seconds":38560.59743174608,"event":"updates","logical_updates":192,"method":"seq","order":"CAB","peak_observed_bytes":28726319545,"stage":1,"stage_updates":192}

{"elapsed_seconds":38688.383357627084,"event":"updates","logical_updates":216,"method":"seq","order":"CAB","peak_observed_bytes":28726319545,"stage":1,"stage_updates":216}

{"elapsed_seconds":38814.60061982903,"event":"updates","logical_updates":240,"method":"seq","order":"CAB","peak_observed_bytes":28726319545,"stage":1,"stage_updates":240}

{"elapsed_seconds":38940.03443951998,"event":"updates","logical_updates":264,"method":"seq","order":"CAB","peak_observed_bytes":28726319545,"stage":1,"stage_updates":264}

{"elapsed_seconds":39071.03688791208,"event":"updates","logical_updates":288,"method":"seq","order":"CAB","peak_observed_bytes":28726319545,"stage":1,"stage_updates":288}

/home/yongpeng/cross-lingual/scripts/step28_chinese_base.py:124: FutureWarning: The `get_sentence_embedding_dimension` method has been renamed to `get_embedding_dimension`.
  if pooling_modes(pool) != [m["pooling"]] or encoder.get_sentence_embedding_dimension() != m["embedding_dim"]:
{"elapsed_seconds":39401.58624639595,"event":"updates","logical_updates":312,"method":"seq","order":"CAB","peak_observed_bytes":31340740757,"stage":2,"stage_updates":24}

{"elapsed_seconds":39533.02404269297,"event":"updates","logical_updates":336,"method":"seq","order":"CAB","peak_observed_bytes":31340740928,"stage":2,"stage_updates":48}

{"elapsed_seconds":39661.03968552407,"event":"updates","logical_updates":360,"method":"seq","order":"CAB","peak_observed_bytes":31340741099,"stage":2,"stage_updates":72}

{"elapsed_seconds":39790.95232564001,"event":"updates","logical_updates":384,"method":"seq","order":"CAB","peak_observed_bytes":31340741270,"stage":2,"stage_updates":96}

{"elapsed_seconds":39918.37688919809,"event":"updates","logical_updates":408,"method":"seq","order":"CAB","peak_observed_bytes":31340741441,"stage":2,"stage_updates":120}

{"elapsed_seconds":40048.755403052084,"event":"updates","logical_updates":432,"method":"seq","order":"CAB","peak_observed_bytes":31340741613,"stage":2,"stage_updates":144}

{"elapsed_seconds":40180.57174352696,"event":"updates","logical_updates":456,"method":"seq","order":"CAB","peak_observed_bytes":31340741786,"stage":2,"stage_updates":168}

{"elapsed_seconds":40306.68567711604,"event":"updates","logical_updates":480,"method":"seq","order":"CAB","peak_observed_bytes":31340741958,"stage":2,"stage_updates":192}

{"elapsed_seconds":40434.759288992966,"event":"updates","logical_updates":504,"method":"seq","order":"CAB","peak_observed_bytes":31340742130,"stage":2,"stage_updates":216}

{"elapsed_seconds":40564.40672424203,"event":"updates","logical_updates":528,"method":"seq","order":"CAB","peak_observed_bytes":31340742303,"stage":2,"stage_updates":240}

{"elapsed_seconds":40691.51580902608,"event":"updates","logical_updates":552,"method":"seq","order":"CAB","peak_observed_bytes":31340742475,"stage":2,"stage_updates":264}

{"elapsed_seconds":40824.78000713,"event":"updates","logical_updates":576,"method":"seq","order":"CAB","peak_observed_bytes":31340742647,"stage":2,"stage_updates":288}

{"elapsed_seconds":41123.2902177989,"event":"updates","logical_updates":600,"method":"seq","order":"CAB","peak_observed_bytes":35251777101,"stage":3,"stage_updates":24}

{"elapsed_seconds":41255.34260659595,"event":"updates","logical_updates":624,"method":"seq","order":"CAB","peak_observed_bytes":35251777101,"stage":3,"stage_updates":48}

{"elapsed_seconds":41377.042736314936,"event":"updates","logical_updates":648,"method":"seq","order":"CAB","peak_observed_bytes":35251777101,"stage":3,"stage_updates":72}

{"elapsed_seconds":41507.41077760095,"event":"updates","logical_updates":672,"method":"seq","order":"CAB","peak_observed_bytes":35251777101,"stage":3,"stage_updates":96}

{"elapsed_seconds":41631.41174168,"event":"updates","logical_updates":696,"method":"seq","order":"CAB","peak_observed_bytes":35251777101,"stage":3,"stage_updates":120}

{"elapsed_seconds":41759.485781722,"event":"updates","logical_updates":720,"method":"seq","order":"CAB","peak_observed_bytes":35251777101,"stage":3,"stage_updates":144}

{"elapsed_seconds":41888.19289471698,"event":"updates","logical_updates":744,"method":"seq","order":"CAB","peak_observed_bytes":35251777101,"stage":3,"stage_updates":168}

{"elapsed_seconds":42011.67709305091,"event":"updates","logical_updates":768,"method":"seq","order":"CAB","peak_observed_bytes":35251777101,"stage":3,"stage_updates":192}

{"elapsed_seconds":42138.974644606,"event":"updates","logical_updates":792,"method":"seq","order":"CAB","peak_observed_bytes":35251777101,"stage":3,"stage_updates":216}

{"elapsed_seconds":42263.912947769044,"event":"updates","logical_updates":816,"method":"seq","order":"CAB","peak_observed_bytes":35251777101,"stage":3,"stage_updates":240}

{"elapsed_seconds":42392.796036957065,"event":"updates","logical_updates":840,"method":"seq","order":"CAB","peak_observed_bytes":35251777101,"stage":3,"stage_updates":264}

{"elapsed_seconds":42518.20966547006,"event":"updates","logical_updates":864,"method":"seq","order":"CAB","peak_observed_bytes":35251777101,"stage":3,"stage_updates":288}

/home/yongpeng/cross-lingual/scripts/step28_chinese_base.py:124: FutureWarning: The `get_sentence_embedding_dimension` method has been renamed to `get_embedding_dimension`.
  if pooling_modes(pool) != [m["pooling"]] or encoder.get_sentence_embedding_dimension() != m["embedding_dim"]:
{"elapsed_seconds":42963.560153083876,"event":"updates","logical_updates":312,"method":"er","order":"CAB","peak_observed_bytes":36558798072,"stage":2,"stage_updates":24}

{"elapsed_seconds":43214.1689115779,"event":"updates","logical_updates":336,"method":"er","order":"CAB","peak_observed_bytes":36558798072,"stage":2,"stage_updates":48}

{"elapsed_seconds":43462.61457303306,"event":"updates","logical_updates":360,"method":"er","order":"CAB","peak_observed_bytes":36558798072,"stage":2,"stage_updates":72}

{"elapsed_seconds":43712.79158386588,"event":"updates","logical_updates":384,"method":"er","order":"CAB","peak_observed_bytes":36558798072,"stage":2,"stage_updates":96}

{"elapsed_seconds":43960.4241313159,"event":"updates","logical_updates":408,"method":"er","order":"CAB","peak_observed_bytes":36558798072,"stage":2,"stage_updates":120}

{"elapsed_seconds":44212.08258965309,"event":"updates","logical_updates":432,"method":"er","order":"CAB","peak_observed_bytes":36558798072,"stage":2,"stage_updates":144}

{"elapsed_seconds":44465.48443006794,"event":"updates","logical_updates":456,"method":"er","order":"CAB","peak_observed_bytes":36558798072,"stage":2,"stage_updates":168}

{"elapsed_seconds":44711.63030797709,"event":"updates","logical_updates":480,"method":"er","order":"CAB","peak_observed_bytes":36558798072,"stage":2,"stage_updates":192}

{"elapsed_seconds":44960.0607972329,"event":"updates","logical_updates":504,"method":"er","order":"CAB","peak_observed_bytes":36558798072,"stage":2,"stage_updates":216}

{"elapsed_seconds":45209.55165715306,"event":"updates","logical_updates":528,"method":"er","order":"CAB","peak_observed_bytes":36558798072,"stage":2,"stage_updates":240}

{"elapsed_seconds":45456.813837907044,"event":"updates","logical_updates":552,"method":"er","order":"CAB","peak_observed_bytes":36558798072,"stage":2,"stage_updates":264}

{"elapsed_seconds":45710.629006325034,"event":"updates","logical_updates":576,"method":"er","order":"CAB","peak_observed_bytes":36558798072,"stage":2,"stage_updates":288}

{"elapsed_seconds":46136.38665397093,"event":"updates","logical_updates":600,"method":"er","order":"CAB","peak_observed_bytes":37865828275,"stage":3,"stage_updates":24}

{"elapsed_seconds":46395.64541777107,"event":"updates","logical_updates":624,"method":"er","order":"CAB","peak_observed_bytes":37865828275,"stage":3,"stage_updates":48}

{"elapsed_seconds":46644.131663457956,"event":"updates","logical_updates":648,"method":"er","order":"CAB","peak_observed_bytes":37865828275,"stage":3,"stage_updates":72}

{"elapsed_seconds":46902.14574162499,"event":"updates","logical_updates":672,"method":"er","order":"CAB","peak_observed_bytes":37865828275,"stage":3,"stage_updates":96}

{"elapsed_seconds":47152.9396465749,"event":"updates","logical_updates":696,"method":"er","order":"CAB","peak_observed_bytes":37865828275,"stage":3,"stage_updates":120}

{"elapsed_seconds":47411.70041636494,"event":"updates","logical_updates":720,"method":"er","order":"CAB","peak_observed_bytes":37865828275,"stage":3,"stage_updates":144}

{"elapsed_seconds":47668.28817913099,"event":"updates","logical_updates":744,"method":"er","order":"CAB","peak_observed_bytes":37865828275,"stage":3,"stage_updates":168}

{"elapsed_seconds":47917.33685155003,"event":"updates","logical_updates":768,"method":"er","order":"CAB","peak_observed_bytes":37865828275,"stage":3,"stage_updates":192}

{"elapsed_seconds":48170.8660483649,"event":"updates","logical_updates":792,"method":"er","order":"CAB","peak_observed_bytes":37865828275,"stage":3,"stage_updates":216}

{"elapsed_seconds":48423.44916303409,"event":"updates","logical_updates":816,"method":"er","order":"CAB","peak_observed_bytes":37865828275,"stage":3,"stage_updates":240}

{"elapsed_seconds":48679.14760466106,"event":"updates","logical_updates":840,"method":"er","order":"CAB","peak_observed_bytes":37865828275,"stage":3,"stage_updates":264}

{"elapsed_seconds":48931.43626331794,"event":"updates","logical_updates":864,"method":"er","order":"CAB","peak_observed_bytes":37865828275,"stage":3,"stage_updates":288}

/home/yongpeng/cross-lingual/scripts/step28_chinese_base.py:124: FutureWarning: The `get_sentence_embedding_dimension` method has been renamed to `get_embedding_dimension`.
  if pooling_modes(pool) != [m["pooling"]] or encoder.get_sentence_embedding_dimension() != m["embedding_dim"]:
{"elapsed_seconds":49378.12064953288,"event":"updates","logical_updates":312,"method":"logit","order":"CAB","peak_observed_bytes":39173059110,"stage":2,"stage_updates":24}

{"elapsed_seconds":49629.441674523056,"event":"updates","logical_updates":336,"method":"logit","order":"CAB","peak_observed_bytes":39173059110,"stage":2,"stage_updates":48}

{"elapsed_seconds":49878.575118520064,"event":"updates","logical_updates":360,"method":"logit","order":"CAB","peak_observed_bytes":39173059110,"stage":2,"stage_updates":72}

{"elapsed_seconds":50128.55101595307,"event":"updates","logical_updates":384,"method":"logit","order":"CAB","peak_observed_bytes":39173059110,"stage":2,"stage_updates":96}

{"elapsed_seconds":50376.34723158507,"event":"updates","logical_updates":408,"method":"logit","order":"CAB","peak_observed_bytes":39173059110,"stage":2,"stage_updates":120}

{"elapsed_seconds":50628.378175260965,"event":"updates","logical_updates":432,"method":"logit","order":"CAB","peak_observed_bytes":39173059110,"stage":2,"stage_updates":144}

{"elapsed_seconds":50881.751886537066,"event":"updates","logical_updates":456,"method":"logit","order":"CAB","peak_observed_bytes":39173059110,"stage":2,"stage_updates":168}

{"elapsed_seconds":51128.00085266796,"event":"updates","logical_updates":480,"method":"logit","order":"CAB","peak_observed_bytes":39173059110,"stage":2,"stage_updates":192}

{"elapsed_seconds":51376.93269724096,"event":"updates","logical_updates":504,"method":"logit","order":"CAB","peak_observed_bytes":39173059110,"stage":2,"stage_updates":216}

{"elapsed_seconds":51626.37232381408,"event":"updates","logical_updates":528,"method":"logit","order":"CAB","peak_observed_bytes":39173059110,"stage":2,"stage_updates":240}

{"elapsed_seconds":51873.770628603874,"event":"updates","logical_updates":552,"method":"logit","order":"CAB","peak_observed_bytes":39173059110,"stage":2,"stage_updates":264}

{"elapsed_seconds":52128.29026268702,"event":"updates","logical_updates":576,"method":"logit","order":"CAB","peak_observed_bytes":39173059110,"stage":2,"stage_updates":288}

{"elapsed_seconds":52558.36308092903,"event":"updates","logical_updates":600,"method":"logit","order":"CAB","peak_observed_bytes":40480096686,"stage":3,"stage_updates":24}

{"elapsed_seconds":52816.87289425195,"event":"updates","logical_updates":624,"method":"logit","order":"CAB","peak_observed_bytes":40480096686,"stage":3,"stage_updates":48}

{"elapsed_seconds":53064.73709441698,"event":"updates","logical_updates":648,"method":"logit","order":"CAB","peak_observed_bytes":40480096686,"stage":3,"stage_updates":72}

{"elapsed_seconds":53322.597549157916,"event":"updates","logical_updates":672,"method":"logit","order":"CAB","peak_observed_bytes":40480096686,"stage":3,"stage_updates":96}

{"elapsed_seconds":53573.16561642988,"event":"updates","logical_updates":696,"method":"logit","order":"CAB","peak_observed_bytes":40480096686,"stage":3,"stage_updates":120}

{"elapsed_seconds":53828.31787611707,"event":"updates","logical_updates":720,"method":"logit","order":"CAB","peak_observed_bytes":40480096686,"stage":3,"stage_updates":144}

{"elapsed_seconds":54084.71949555003,"event":"updates","logical_updates":744,"method":"logit","order":"CAB","peak_observed_bytes":40480096686,"stage":3,"stage_updates":168}

{"elapsed_seconds":54333.71062397887,"event":"updates","logical_updates":768,"method":"logit","order":"CAB","peak_observed_bytes":40480096686,"stage":3,"stage_updates":192}

{"elapsed_seconds":54587.490327026,"event":"updates","logical_updates":792,"method":"logit","order":"CAB","peak_observed_bytes":40480096686,"stage":3,"stage_updates":216}

{"elapsed_seconds":54839.81603490398,"event":"updates","logical_updates":816,"method":"logit","order":"CAB","peak_observed_bytes":40480096686,"stage":3,"stage_updates":240}

{"elapsed_seconds":55095.449240342015,"event":"updates","logical_updates":840,"method":"logit","order":"CAB","peak_observed_bytes":40480096686,"stage":3,"stage_updates":264}

{"elapsed_seconds":55347.04276485089,"event":"updates","logical_updates":864,"method":"logit","order":"CAB","peak_observed_bytes":40480096686,"stage":3,"stage_updates":288}

{"out":"/home/yongpeng/cross-lingual/reports/seller_alias_continual/20260930/bge_continual_execution/20260930_143700/job","status":"COMPLETE_BGE_CONTINUAL_DIAGNOSTIC"}

