Command exited with non-zero status 1
	Command being timed: "timeout --signal=TERM --kill-after=10s 1h taskset -c 0 python -u -B scripts/step28_alias_calibration_run.py execute --out /home/yongpeng/cross-lingual/reports/seller_alias_continual/20260928/calibration_execution/20260928_140128/job --authorization reports/seller_alias_continual/20260928/calibration_execution/authorization.json"
	User time (seconds): 0.09
	System time (seconds): 0.01
	Percent of CPU this job got: 98%
	Elapsed (wall clock) time (h:mm:ss or m:ss): 0:00.11
	Average shared text size (kbytes): 0
	Average unshared data size (kbytes): 0
	Average stack size (kbytes): 0
	Average total size (kbytes): 0
	Maximum resident set size (kbytes): 37936
	Average resident set size (kbytes): 0
	Major (requiring I/O) page faults: 0
	Minor (reclaiming a frame) page faults: 6148
	Voluntary context switches: 5
	Involuntary context switches: 4
	Swaps: 0
	File system inputs: 104
	File system outputs: 8
	Socket messages sent: 0
	Socket messages received: 0
	Signals delivered: 0
	Page size (bytes): 4096
	Exit status: 1
