test_low_logit_scope_and_wrong_supervision_rejected (test_step28_er_weight_contracts.LogitLowContracts) ... ok
test_saved_three_comparisons_use_63_reference_sets (test_step28_er_weight_contracts.LogitLowContracts) ... ok
test_two_reference_sources_and_changed_start_rejected (test_step28_er_weight_contracts.LogitLowContracts) ... ok
test_invalid_logit_reference_rejected_before_update (test_step28_er_weight_contracts.LogitWeightContracts) ... ok
test_logit_complete_saved_comparisons_reuse_45_sets (test_step28_er_weight_contracts.LogitWeightContracts) ... ok
test_logit_real_continuation_checkpoint_and_unrefreshing_memory (test_step28_er_weight_contracts.LogitWeightContracts) ... ok
test_matched_scope_and_gate_rejects_wrong_mse_and_target_origin (test_step28_er_weight_contracts.LogitWeightContracts) ... ok
test_matched_supervision_and_half_mse_independent_gradients_adam (test_step28_er_weight_contracts.LogitWeightContracts) ... ok
test_original_logit_exact_parity_and_two_forwards_one_clip (test_step28_er_weight_contracts.LogitWeightContracts) ... ok
test_candidate_views_and_paired_endpoint_arithmetic (test_step28_er_weight_contracts.WeightContracts) ... ok
test_collect_requires_every_point_and_preserves_36_sets (test_step28_er_weight_contracts.WeightContracts) ... ok
test_complete_blind_gate_and_missing_endpoint (test_step28_er_weight_contracts.WeightContracts) ... ok
test_confirmed_scope (test_step28_er_weight_contracts.WeightContracts) ... ok
test_gate_rejects_changed_start_and_calibration_domain (test_step28_er_weight_contracts.WeightContracts) ... ok
test_gate_rejects_wrong_accumulated_total (test_step28_er_weight_contracts.WeightContracts) ... ok
test_gate_rejects_wrong_weight_and_unpaired_history (test_step28_er_weight_contracts.WeightContracts) ... ok
test_low_checkpoint_uses_new_policy_and_weight (test_step28_er_weight_contracts.WeightContracts) ... ok
test_low_endpoint_differences_use_quarter_and_seq (test_step28_er_weight_contracts.WeightContracts) ... ok
test_low_full_collection_and_saved_reference_recovery (test_step28_er_weight_contracts.WeightContracts) ... ok
test_low_real_tiny_stage_uses_paired_schedule_and_tenth_updates (test_step28_er_weight_contracts.WeightContracts) ... ok
test_low_scope_and_six_point_blind_gate (test_step28_er_weight_contracts.WeightContracts) ... ok
test_low_selection_uses_quarter_independently_of_seq (test_step28_er_weight_contracts.WeightContracts) ... ok
test_only_history_weight_changes_forwards (test_step28_er_weight_contracts.WeightContracts) ... ok
test_original_23_guards_drive_selection_and_fallback (test_step28_er_weight_contracts.WeightContracts) ... ok
test_original_er_exact_update_parity (test_step28_er_weight_contracts.WeightContracts) ... ok
test_real_tiny_checkpoint_replay_and_weight_metadata (test_step28_er_weight_contracts.WeightContracts) ... ok
test_resume_supply_cannot_revisit_first_or_skip (test_step28_er_weight_contracts.WeightContracts) ... ok
test_stage_last_step_preserves_encoder_but_updates_head (test_step28_er_weight_contracts.WeightContracts) ... ok
test_tiny_full_restore_preserves_next_weighted_update (test_step28_er_weight_contracts.WeightContracts) ... ok
test_unknown_coefficients_and_missing_history_rejected (test_step28_er_weight_contracts.WeightContracts) ... ok
test_weights_match_independent_derivatives_and_adam (test_step28_er_weight_contracts.WeightContracts) ... ok

----------------------------------------------------------------------
Ran 31 tests in 32.110s

OK
/home/yongpeng/cross-lingual/reports/seller_alias_continual/20261003/logit_low_execution/20261003_150000/workspace/scripts/step28_chinese_base.py:124: FutureWarning: The `get_sentence_embedding_dimension` method has been renamed to `get_embedding_dimension`.
  if pooling_modes(pool) != [m["pooling"]] or encoder.get_sentence_embedding_dimension() != m["embedding_dim"]:
/home/yongpeng/cross-lingual/reports/seller_alias_continual/20261003/logit_low_execution/20261003_150000/workspace/scripts/step28_chinese_base.py:124: FutureWarning: The `get_sentence_embedding_dimension` method has been renamed to `get_embedding_dimension`.
  if pooling_modes(pool) != [m["pooling"]] or encoder.get_sentence_embedding_dimension() != m["embedding_dim"]:
