test_real_loss_gradients_two_adam_steps_and_disk_restore (test_step28_base_model_contracts.TorchContracts) ... /home/yongpeng/cross-lingual/tests/test_step28_base_model_contracts.py:373: UserWarning: Converting a tensor with requires_grad=True to a scalar may lead to unexpected behavior.
Consider using tensor.detach() first. (Triggered internally at /pytorch/torch/csrc/autograd/generated/python_variable_methods.cpp:836.)
  self.assertAlmostEqual(log["bce"], float(loss), places=6)
ok
test_real_prefix_symmetry_and_no_silent_truncation (test_step28_base_model_contracts.TorchContracts) ... ok

----------------------------------------------------------------------
Ran 2 tests in 0.646s

OK
/home/yongpeng/cross-lingual/scripts/step28_base_model.py:122: FutureWarning: The `get_sentence_embedding_dimension` method has been renamed to `get_embedding_dimension`.
  if pooling_modes(pool) != [m["pooling"]] or encoder.get_sentence_embedding_dimension() != m["embedding_dim"]:
/home/yongpeng/cross-lingual/scripts/step28_base_model.py:122: FutureWarning: The `get_sentence_embedding_dimension` method has been renamed to `get_embedding_dimension`.
  if pooling_modes(pool) != [m["pooling"]] or encoder.get_sentence_embedding_dimension() != m["embedding_dim"]:
/home/yongpeng/cross-lingual/scripts/step28_base_model.py:122: FutureWarning: The `get_sentence_embedding_dimension` method has been renamed to `get_embedding_dimension`.
  if pooling_modes(pool) != [m["pooling"]] or encoder.get_sentence_embedding_dimension() != m["embedding_dim"]:
/home/yongpeng/cross-lingual/scripts/step28_base_model.py:122: FutureWarning: The `get_sentence_embedding_dimension` method has been renamed to `get_embedding_dimension`.
  if pooling_modes(pool) != [m["pooling"]] or encoder.get_sentence_embedding_dimension() != m["embedding_dim"]:
{"arm":"labse","completed":24,"elapsed_seconds":71.5113387349993,"event":"updates","peak_observed_bytes":32484}

{"arm":"labse","completed":48,"elapsed_seconds":105.87283333903179,"event":"updates","peak_observed_bytes":32597}

{"arm":"labse","completed":72,"elapsed_seconds":140.11828028294258,"event":"updates","peak_observed_bytes":32712}

{"arm":"labse","completed":96,"elapsed_seconds":174.03025504294783,"event":"updates","peak_observed_bytes":32827}

{"arm":"labse","completed":120,"elapsed_seconds":207.56723560893442,"event":"updates","peak_observed_bytes":32942}

{"arm":"labse","completed":144,"elapsed_seconds":242.60308356699534,"event":"updates","peak_observed_bytes":33058}

{"arm":"labse","completed":168,"elapsed_seconds":276.3125221290393,"event":"updates","peak_observed_bytes":33174}

{"arm":"labse","completed":192,"elapsed_seconds":311.96272706694435,"event":"updates","peak_observed_bytes":33289}

{"arm":"labse","completed":216,"elapsed_seconds":345.4201423670165,"event":"updates","peak_observed_bytes":33405}

{"arm":"labse","completed":240,"elapsed_seconds":378.664345348021,"event":"updates","peak_observed_bytes":33520}

{"arm":"labse","completed":264,"elapsed_seconds":411.9398950790055,"event":"updates","peak_observed_bytes":33634}

{"arm":"labse","completed":288,"elapsed_seconds":446.0949347600108,"event":"updates","peak_observed_bytes":33749}

{"arm":"labse","completed":312,"elapsed_seconds":479.48487544304226,"event":"updates","peak_observed_bytes":33864}

{"arm":"labse","completed":336,"elapsed_seconds":513.3132219739491,"event":"updates","peak_observed_bytes":33980}

{"arm":"labse","completed":360,"elapsed_seconds":547.3927167030051,"event":"updates","peak_observed_bytes":34095}

{"arm":"labse","completed":384,"elapsed_seconds":580.7295943120262,"event":"updates","peak_observed_bytes":34210}

{"arm":"labse","completed":408,"elapsed_seconds":614.7602869030088,"event":"updates","peak_observed_bytes":34325}

{"arm":"labse","completed":432,"elapsed_seconds":649.5158291469561,"event":"updates","peak_observed_bytes":34440}

{"arm":"labse","completed":456,"elapsed_seconds":882.2018899179529,"event":"updates","peak_observed_bytes":7543451268}

{"arm":"labse","completed":480,"elapsed_seconds":914.6082925240044,"event":"updates","peak_observed_bytes":7543451268}

{"arm":"labse","completed":504,"elapsed_seconds":948.0059147790307,"event":"updates","peak_observed_bytes":7543451268}

{"arm":"labse","completed":528,"elapsed_seconds":982.0185886559775,"event":"updates","peak_observed_bytes":7543451268}

{"arm":"labse","completed":552,"elapsed_seconds":1016.9757820849773,"event":"updates","peak_observed_bytes":7543451268}

{"arm":"labse","completed":576,"elapsed_seconds":1051.6709826060105,"event":"updates","peak_observed_bytes":7543451268}

{"arm":"labse","completed":600,"elapsed_seconds":1086.1949263149872,"event":"updates","peak_observed_bytes":7543451268}

{"arm":"labse","completed":624,"elapsed_seconds":1121.1832641960355,"event":"updates","peak_observed_bytes":7543451268}

{"arm":"labse","completed":648,"elapsed_seconds":1154.8325072539737,"event":"updates","peak_observed_bytes":7543451268}

{"arm":"labse","completed":672,"elapsed_seconds":1188.4941652650014,"event":"updates","peak_observed_bytes":7543451268}

{"arm":"labse","completed":696,"elapsed_seconds":1221.3924970369553,"event":"updates","peak_observed_bytes":7543451268}

{"arm":"labse","completed":720,"elapsed_seconds":1255.2300411029719,"event":"updates","peak_observed_bytes":7543451268}

{"arm":"labse","completed":744,"elapsed_seconds":1288.7414314979687,"event":"updates","peak_observed_bytes":7543451268}

{"arm":"labse","completed":768,"elapsed_seconds":1322.627422007965,"event":"updates","peak_observed_bytes":7543451268}

{"arm":"labse","completed":792,"elapsed_seconds":1357.0398901089793,"event":"updates","peak_observed_bytes":7543451268}

{"arm":"labse","completed":816,"elapsed_seconds":1391.244332495029,"event":"updates","peak_observed_bytes":7543451268}

