{
  "audit_a_truth_reads": 0,
  "audit_b_truth_reads": 0,
  "checkpoint_account_embeddings_exact": true,
  "direct_vjp_gradient_tolerance": {
    "atol": 1e-06,
    "rtol": 0.0001
  },
  "direct_vjp_max_abs_gradient_error": 0.0,
  "embedding_shape": [
    4,
    768
  ],
  "encoder_gradient_l1": 5815.707070240547,
  "head_gradient_unchanged_by_vjp": true,
  "optimizer_updates_verified": {
    "encoder": {
      "after": -0.007699663285166025,
      "before": -0.007719664368778467,
      "index": 342,
      "parameter": "2.linear.bias"
    },
    "head": {
      "after": -0.0009999998146668077,
      "before": 0.0,
      "index": 0,
      "parameter": "bias"
    }
  },
  "status": "PASSED_V6_STYLE_TRANSFER_GPU_SMOKE"
}
