{
  "audit_a_truth_reads": 0,
  "audit_b_truth_reads": 0,
  "encoder_gradient_l1": 7343.546533676286,
  "head_gradient_l1": 0.6864611804485321,
  "loss": 1.19525146484375,
  "optimizer_updates_verified": {
    "encoder": {
      "after": 9.182871144730598e-05,
      "before": 0.00011182859452674165,
      "index": 57,
      "parameter": "2.linear.bias"
    },
    "head": {
      "after": -2.883800745010376,
      "before": -2.884800672531128,
      "index": 0,
      "parameter": "bias"
    }
  },
  "status": "PASSED_V6_STYLE_TRANSFER_TARGET_GPU_SMOKE"
}
