	Command being timed: "timeout --signal=TERM --kill-after=30s 1h /home/yongpeng/miniconda3/envs/py310/bin/python -u -B scripts/step28_alias_ranking_audit.py --out /home/yongpeng/cross-lingual/reports/seller_alias_continual/20260927/ranking_implementation/cpu/20260927_105450/audit.json"
	User time (seconds): 393.89
	System time (seconds): 19.89
	Percent of CPU this job got: 99%
	Elapsed (wall clock) time (h:mm:ss or m:ss): 6:54.34
	Average shared text size (kbytes): 0
	Average unshared data size (kbytes): 0
	Average stack size (kbytes): 0
	Average total size (kbytes): 0
	Maximum resident set size (kbytes): 8847056
	Average resident set size (kbytes): 0
	Major (requiring I/O) page faults: 265
	Minor (reclaiming a frame) page faults: 17215540
	Voluntary context switches: 5323
	Involuntary context switches: 2298
	Swaps: 0
	File system inputs: 170696
	File system outputs: 17544
	Socket messages sent: 0
	Socket messages received: 0
	Signals delivered: 0
	Page size (bytes): 4096
	Exit status: 0
