	Command being timed: "timeout --signal=TERM --kill-after=30s 12h taskset -c 46 /home/yongpeng/miniconda3/envs/py310/bin/python -u -B scripts/step28_er_weight_run.py execute --study logit --out /home/yongpeng/cross-lingual/reports/seller_alias_continual/20261002/logit_weight_execution/20261002_153200/workspace/reports/job --audit /home/yongpeng/cross-lingual/reports/seller_alias_continual/20261002/logit_weight_execution/20261002_153200/workspace/reports/cpu/audit.json --authorization /home/yongpeng/cross-lingual/reports/seller_alias_continual/20261002/logit_weight_execution/20261002_153200/workspace/reports/authorization.json"
	User time (seconds): 19239.72
	System time (seconds): 61.69
	Percent of CPU this job got: 99%
	Elapsed (wall clock) time (h:mm:ss or m:ss): 5:21:44
	Average shared text size (kbytes): 0
	Average unshared data size (kbytes): 0
	Average stack size (kbytes): 0
	Average total size (kbytes): 0
	Maximum resident set size (kbytes): 7082784
	Average resident set size (kbytes): 0
	Major (requiring I/O) page faults: 0
	Minor (reclaiming a frame) page faults: 24009967
	Voluntary context switches: 248160
	Involuntary context switches: 367352
	Swaps: 0
	File system inputs: 80
	File system outputs: 61160744
	Socket messages sent: 0
	Socket messages received: 0
	Signals delivered: 0
	Page size (bytes): 4096
	Exit status: 0
