/home/yongpeng/cross-lingual/reports/seller_alias_continual/20261002/logit_weight_execution/20261002_153200/workspace/scripts/step28_chinese_base.py:124: FutureWarning: The `get_sentence_embedding_dimension` method has been renamed to `get_embedding_dimension`.
  if pooling_modes(pool) != [m["pooling"]] or encoder.get_sentence_embedding_dimension() != m["embedding_dim"]:
{"arm":"logit_quarter","elapsed_seconds":335.8846663320437,"event":"updates","logical_updates":312,"order":"ABC","peak_observed_bytes":28428,"stage":2,"stage_updates":24}

{"arm":"logit_quarter","elapsed_seconds":595.1694029951468,"event":"updates","logical_updates":336,"order":"ABC","peak_observed_bytes":28600,"stage":2,"stage_updates":48}

{"arm":"logit_quarter","elapsed_seconds":849.1518213571981,"event":"updates","logical_updates":360,"order":"ABC","peak_observed_bytes":28772,"stage":2,"stage_updates":72}

{"arm":"logit_quarter","elapsed_seconds":1097.9457997740246,"event":"updates","logical_updates":384,"order":"ABC","peak_observed_bytes":28944,"stage":2,"stage_updates":96}

{"arm":"logit_quarter","elapsed_seconds":1353.8595651581418,"event":"updates","logical_updates":408,"order":"ABC","peak_observed_bytes":29117,"stage":2,"stage_updates":120}

{"arm":"logit_quarter","elapsed_seconds":1603.2477034290787,"event":"updates","logical_updates":432,"order":"ABC","peak_observed_bytes":29291,"stage":2,"stage_updates":144}

{"arm":"logit_quarter","elapsed_seconds":1856.5952526391484,"event":"updates","logical_updates":456,"order":"ABC","peak_observed_bytes":29465,"stage":2,"stage_updates":168}

{"arm":"logit_quarter","elapsed_seconds":2106.838248765096,"event":"updates","logical_updates":480,"order":"ABC","peak_observed_bytes":29639,"stage":2,"stage_updates":192}

{"arm":"logit_quarter","elapsed_seconds":2361.7741338601336,"event":"updates","logical_updates":504,"order":"ABC","peak_observed_bytes":29812,"stage":2,"stage_updates":216}

{"arm":"logit_quarter","elapsed_seconds":2616.1194412950426,"event":"updates","logical_updates":528,"order":"ABC","peak_observed_bytes":29986,"stage":2,"stage_updates":240}

{"arm":"logit_quarter","elapsed_seconds":2869.668168296106,"event":"updates","logical_updates":552,"order":"ABC","peak_observed_bytes":30160,"stage":2,"stage_updates":264}

{"arm":"logit_quarter","elapsed_seconds":3120.736433544196,"event":"updates","logical_updates":576,"order":"ABC","peak_observed_bytes":30333,"stage":2,"stage_updates":288}

{"arm":"logit_quarter","elapsed_seconds":3552.689820747124,"event":"updates","logical_updates":600,"order":"ABC","peak_observed_bytes":3911096567,"stage":3,"stage_updates":24}

{"arm":"logit_quarter","elapsed_seconds":3810.503753470024,"event":"updates","logical_updates":624,"order":"ABC","peak_observed_bytes":3911096567,"stage":3,"stage_updates":48}

{"arm":"logit_quarter","elapsed_seconds":4067.421912371181,"event":"updates","logical_updates":648,"order":"ABC","peak_observed_bytes":3911096567,"stage":3,"stage_updates":72}

{"arm":"logit_quarter","elapsed_seconds":4323.563971767202,"event":"updates","logical_updates":672,"order":"ABC","peak_observed_bytes":3911096567,"stage":3,"stage_updates":96}

{"arm":"logit_quarter","elapsed_seconds":4579.590374781983,"event":"updates","logical_updates":696,"order":"ABC","peak_observed_bytes":3911096567,"stage":3,"stage_updates":120}

{"arm":"logit_quarter","elapsed_seconds":4834.295333363116,"event":"updates","logical_updates":720,"order":"ABC","peak_observed_bytes":3911096567,"stage":3,"stage_updates":144}

{"arm":"logit_quarter","elapsed_seconds":5087.317351205973,"event":"updates","logical_updates":744,"order":"ABC","peak_observed_bytes":3911096567,"stage":3,"stage_updates":168}

{"arm":"logit_quarter","elapsed_seconds":5345.748791883001,"event":"updates","logical_updates":768,"order":"ABC","peak_observed_bytes":3911096567,"stage":3,"stage_updates":192}

{"arm":"logit_quarter","elapsed_seconds":5601.604727177182,"event":"updates","logical_updates":792,"order":"ABC","peak_observed_bytes":3911096567,"stage":3,"stage_updates":216}

{"arm":"logit_quarter","elapsed_seconds":5856.116800429998,"event":"updates","logical_updates":816,"order":"ABC","peak_observed_bytes":3911096567,"stage":3,"stage_updates":240}

{"arm":"logit_quarter","elapsed_seconds":6111.627780987183,"event":"updates","logical_updates":840,"order":"ABC","peak_observed_bytes":3911096567,"stage":3,"stage_updates":264}

{"arm":"logit_quarter","elapsed_seconds":6367.757329514017,"event":"updates","logical_updates":864,"order":"ABC","peak_observed_bytes":3911096567,"stage":3,"stage_updates":288}

/home/yongpeng/cross-lingual/reports/seller_alias_continual/20261002/logit_weight_execution/20261002_153200/workspace/scripts/step28_chinese_base.py:124: FutureWarning: The `get_sentence_embedding_dimension` method has been renamed to `get_embedding_dimension`.
  if pooling_modes(pool) != [m["pooling"]] or encoder.get_sentence_embedding_dimension() != m["embedding_dim"]:
{"arm":"logit_quarter","elapsed_seconds":6854.140375612071,"event":"updates","logical_updates":312,"order":"BCA","peak_observed_bytes":5218400547,"stage":2,"stage_updates":24}

{"arm":"logit_quarter","elapsed_seconds":7110.913581488188,"event":"updates","logical_updates":336,"order":"BCA","peak_observed_bytes":5218400547,"stage":2,"stage_updates":48}

{"arm":"logit_quarter","elapsed_seconds":7362.142328468151,"event":"updates","logical_updates":360,"order":"BCA","peak_observed_bytes":5218400547,"stage":2,"stage_updates":72}

{"arm":"logit_quarter","elapsed_seconds":7621.900082196109,"event":"updates","logical_updates":384,"order":"BCA","peak_observed_bytes":5218400547,"stage":2,"stage_updates":96}

{"arm":"logit_quarter","elapsed_seconds":7881.551276917104,"event":"updates","logical_updates":408,"order":"BCA","peak_observed_bytes":5218400547,"stage":2,"stage_updates":120}

{"arm":"logit_quarter","elapsed_seconds":8131.553705627099,"event":"updates","logical_updates":432,"order":"BCA","peak_observed_bytes":5218400547,"stage":2,"stage_updates":144}

{"arm":"logit_quarter","elapsed_seconds":8384.203839400085,"event":"updates","logical_updates":456,"order":"BCA","peak_observed_bytes":5218400547,"stage":2,"stage_updates":168}

{"arm":"logit_quarter","elapsed_seconds":8639.392424363177,"event":"updates","logical_updates":480,"order":"BCA","peak_observed_bytes":5218400547,"stage":2,"stage_updates":192}

{"arm":"logit_quarter","elapsed_seconds":8888.741303233197,"event":"updates","logical_updates":504,"order":"BCA","peak_observed_bytes":5218400547,"stage":2,"stage_updates":216}

{"arm":"logit_quarter","elapsed_seconds":9143.132259558188,"event":"updates","logical_updates":528,"order":"BCA","peak_observed_bytes":5218400547,"stage":2,"stage_updates":240}

{"arm":"logit_quarter","elapsed_seconds":9397.504269937053,"event":"updates","logical_updates":552,"order":"BCA","peak_observed_bytes":5218400547,"stage":2,"stage_updates":264}

{"arm":"logit_quarter","elapsed_seconds":9653.17302275612,"event":"updates","logical_updates":576,"order":"BCA","peak_observed_bytes":5218400547,"stage":2,"stage_updates":288}

{"arm":"logit_quarter","elapsed_seconds":10071.625908927992,"event":"updates","logical_updates":600,"order":"BCA","peak_observed_bytes":6525444157,"stage":3,"stage_updates":24}

{"arm":"logit_quarter","elapsed_seconds":10327.398337902036,"event":"updates","logical_updates":624,"order":"BCA","peak_observed_bytes":6525444157,"stage":3,"stage_updates":48}

{"arm":"logit_quarter","elapsed_seconds":10578.582806818187,"event":"updates","logical_updates":648,"order":"BCA","peak_observed_bytes":6525444157,"stage":3,"stage_updates":72}

{"arm":"logit_quarter","elapsed_seconds":10826.726942348061,"event":"updates","logical_updates":672,"order":"BCA","peak_observed_bytes":6525444157,"stage":3,"stage_updates":96}

{"arm":"logit_quarter","elapsed_seconds":11076.816948535154,"event":"updates","logical_updates":696,"order":"BCA","peak_observed_bytes":6525444157,"stage":3,"stage_updates":120}

{"arm":"logit_quarter","elapsed_seconds":11326.910371717997,"event":"updates","logical_updates":720,"order":"BCA","peak_observed_bytes":6525444157,"stage":3,"stage_updates":144}

{"arm":"logit_quarter","elapsed_seconds":11578.871484305011,"event":"updates","logical_updates":744,"order":"BCA","peak_observed_bytes":6525444157,"stage":3,"stage_updates":168}

{"arm":"logit_quarter","elapsed_seconds":11832.80329372012,"event":"updates","logical_updates":768,"order":"BCA","peak_observed_bytes":6525444157,"stage":3,"stage_updates":192}

{"arm":"logit_quarter","elapsed_seconds":12082.235931436066,"event":"updates","logical_updates":792,"order":"BCA","peak_observed_bytes":6525444157,"stage":3,"stage_updates":216}

{"arm":"logit_quarter","elapsed_seconds":12328.213775322074,"event":"updates","logical_updates":816,"order":"BCA","peak_observed_bytes":6525444157,"stage":3,"stage_updates":240}

{"arm":"logit_quarter","elapsed_seconds":12575.262866216013,"event":"updates","logical_updates":840,"order":"BCA","peak_observed_bytes":6525444157,"stage":3,"stage_updates":264}

{"arm":"logit_quarter","elapsed_seconds":12820.84865577519,"event":"updates","logical_updates":864,"order":"BCA","peak_observed_bytes":6525444157,"stage":3,"stage_updates":288}

/home/yongpeng/cross-lingual/reports/seller_alias_continual/20261002/logit_weight_execution/20261002_153200/workspace/scripts/step28_chinese_base.py:124: FutureWarning: The `get_sentence_embedding_dimension` method has been renamed to `get_embedding_dimension`.
  if pooling_modes(pool) != [m["pooling"]] or encoder.get_sentence_embedding_dimension() != m["embedding_dim"]:
{"arm":"logit_quarter","elapsed_seconds":13308.023545049131,"event":"updates","logical_updates":312,"order":"CAB","peak_observed_bytes":7832738472,"stage":2,"stage_updates":24}

{"arm":"logit_quarter","elapsed_seconds":13552.646054700017,"event":"updates","logical_updates":336,"order":"CAB","peak_observed_bytes":7832738472,"stage":2,"stage_updates":48}

{"arm":"logit_quarter","elapsed_seconds":13795.269444731064,"event":"updates","logical_updates":360,"order":"CAB","peak_observed_bytes":7832738472,"stage":2,"stage_updates":72}

{"arm":"logit_quarter","elapsed_seconds":14038.992729252204,"event":"updates","logical_updates":384,"order":"CAB","peak_observed_bytes":7832738472,"stage":2,"stage_updates":96}

{"arm":"logit_quarter","elapsed_seconds":14280.550008888124,"event":"updates","logical_updates":408,"order":"CAB","peak_observed_bytes":7832738472,"stage":2,"stage_updates":120}

{"arm":"logit_quarter","elapsed_seconds":14526.139919409994,"event":"updates","logical_updates":432,"order":"CAB","peak_observed_bytes":7832738472,"stage":2,"stage_updates":144}

{"arm":"logit_quarter","elapsed_seconds":14773.404016855173,"event":"updates","logical_updates":456,"order":"CAB","peak_observed_bytes":7832738472,"stage":2,"stage_updates":168}

{"arm":"logit_quarter","elapsed_seconds":15013.301496512024,"event":"updates","logical_updates":480,"order":"CAB","peak_observed_bytes":7832738472,"stage":2,"stage_updates":192}

{"arm":"logit_quarter","elapsed_seconds":15255.543155901134,"event":"updates","logical_updates":504,"order":"CAB","peak_observed_bytes":7832738472,"stage":2,"stage_updates":216}

{"arm":"logit_quarter","elapsed_seconds":15498.535913806176,"event":"updates","logical_updates":528,"order":"CAB","peak_observed_bytes":7832738472,"stage":2,"stage_updates":240}

{"arm":"logit_quarter","elapsed_seconds":15739.563265959034,"event":"updates","logical_updates":552,"order":"CAB","peak_observed_bytes":7832738472,"stage":2,"stage_updates":264}

{"arm":"logit_quarter","elapsed_seconds":15987.398333190009,"event":"updates","logical_updates":576,"order":"CAB","peak_observed_bytes":7832738472,"stage":2,"stage_updates":288}

{"arm":"logit_quarter","elapsed_seconds":16405.711651646998,"event":"updates","logical_updates":600,"order":"CAB","peak_observed_bytes":9139782184,"stage":3,"stage_updates":24}

{"arm":"logit_quarter","elapsed_seconds":16658.674054851057,"event":"updates","logical_updates":624,"order":"CAB","peak_observed_bytes":9139782184,"stage":3,"stage_updates":48}

{"arm":"logit_quarter","elapsed_seconds":16900.898709420115,"event":"updates","logical_updates":648,"order":"CAB","peak_observed_bytes":9139782184,"stage":3,"stage_updates":72}

{"arm":"logit_quarter","elapsed_seconds":17152.772463022033,"event":"updates","logical_updates":672,"order":"CAB","peak_observed_bytes":9139782184,"stage":3,"stage_updates":96}

{"arm":"logit_quarter","elapsed_seconds":17397.093743222067,"event":"updates","logical_updates":696,"order":"CAB","peak_observed_bytes":9139782184,"stage":3,"stage_updates":120}

{"arm":"logit_quarter","elapsed_seconds":17645.708633229136,"event":"updates","logical_updates":720,"order":"CAB","peak_observed_bytes":9139782184,"stage":3,"stage_updates":144}

{"arm":"logit_quarter","elapsed_seconds":17896.02790963906,"event":"updates","logical_updates":744,"order":"CAB","peak_observed_bytes":9139782184,"stage":3,"stage_updates":168}

{"arm":"logit_quarter","elapsed_seconds":18138.88767493912,"event":"updates","logical_updates":768,"order":"CAB","peak_observed_bytes":9139782184,"stage":3,"stage_updates":192}

{"arm":"logit_quarter","elapsed_seconds":18386.268977520056,"event":"updates","logical_updates":792,"order":"CAB","peak_observed_bytes":9139782184,"stage":3,"stage_updates":216}

{"arm":"logit_quarter","elapsed_seconds":18632.728195421165,"event":"updates","logical_updates":816,"order":"CAB","peak_observed_bytes":9139782184,"stage":3,"stage_updates":240}

{"arm":"logit_quarter","elapsed_seconds":18882.310790759046,"event":"updates","logical_updates":840,"order":"CAB","peak_observed_bytes":9139782184,"stage":3,"stage_updates":264}

{"arm":"logit_quarter","elapsed_seconds":19128.64323458611,"event":"updates","logical_updates":864,"order":"CAB","peak_observed_bytes":9139782184,"stage":3,"stage_updates":288}

{"out":"/home/yongpeng/cross-lingual/reports/seller_alias_continual/20261002/logit_weight_execution/20261002_153200/workspace/reports/job","status":"COMPLETE_LOGIT_WEIGHT_DEVELOPMENT_COMPARISON"}

