test_actual_hard_training_components_and_optimizer_coverage (test_step28_alias_ranking_contracts.RankingContracts.test_actual_hard_training_components_and_optimizer_coverage) ... ok
test_actual_restore_continues_adam_and_warmup_boundary (test_step28_alias_ranking_contracts.RankingContracts.test_actual_restore_continues_adam_and_warmup_boundary) ... ok
test_all_matrices_survive_statistics_failure_without_reparse (test_step28_alias_ranking_contracts.RankingContracts.test_all_matrices_survive_statistics_failure_without_reparse) ... ok
test_all_three_losses_against_scalar_and_analytic_gradient (test_step28_alias_ranking_contracts.RankingContracts.test_all_three_losses_against_scalar_and_analytic_gradient) ... /mnt/data/ranking_review_source/tests/test_step28_alias_ranking_contracts.py:183: UserWarning: Converting a tensor with requires_grad=True to a scalar may lead to unexpected behavior.
Consider using tensor.detach() first. (Triggered internally at /pytorch/torch/csrc/autograd/generated/python_variable_methods.cpp:836.)
  self.assertAlmostEqual(float(actual[name]), expected[name], places=12)
ok
test_bootstrap_against_independent_frequency_weights (test_step28_alias_ranking_contracts.RankingContracts.test_bootstrap_against_independent_frequency_weights) ... ok
test_each_of_eighteen_files_rejected_before_label_access (test_step28_alias_ranking_contracts.RankingContracts.test_each_of_eighteen_files_rejected_before_label_access) ... ok
test_formal_authorization_missing_and_no_test_cli (test_step28_alias_ranking_contracts.RankingContracts.test_formal_authorization_missing_and_no_test_cli) ... usage: ranking [-h] --out OUT [--audit AUDIT] [--authorization AUTHORIZATION]
               {execute,finalize}
ranking: error: argument action: invalid choice: 'test' (choose from execute, finalize)
ok
test_invalid_supervision_and_unapproved_hyperparameters_rejected (test_step28_alias_ranking_contracts.RankingContracts.test_invalid_supervision_and_unapproved_hyperparameters_rejected) ... ok
test_known_negative_exclusion_and_stable_ties (test_step28_alias_ranking_contracts.RankingContracts.test_known_negative_exclusion_and_stable_ties) ... ok
test_original_d_exact_actual_adam_and_random_stream (test_step28_alias_ranking_contracts.RankingContracts.test_original_d_exact_actual_adam_and_random_stream) ... ok
test_query_macro_is_not_unweighted_comparison_mean (test_step28_alias_ranking_contracts.RankingContracts.test_query_macro_is_not_unweighted_comparison_mean) ... ok
test_schedule_all_rates_and_zero_encoder_last_step (test_step28_alias_ranking_contracts.RankingContracts.test_schedule_all_rates_and_zero_encoder_last_step) ... ok
test_text_only_inputs_and_paired_fixed_schedules (test_step28_alias_ranking_contracts.RankingContracts.test_text_only_inputs_and_paired_fixed_schedules) ... ok
test_thirteen_primary_conditions_and_strict_recall (test_step28_alias_ranking_contracts.RankingContracts.test_thirteen_primary_conditions_and_strict_recall) ... ok
test_unique_score_account_permutation_preserves_loss (test_step28_alias_ranking_contracts.RankingContracts.test_unique_score_account_permutation_preserves_loss) ... ok

----------------------------------------------------------------------
Ran 15 tests in 2.304s

OK
test_calibration_strict_ties_and_domain_gates (test_step28_chinese_base_contracts.ScientificContracts.test_calibration_strict_ties_and_domain_gates) ... ok
test_complete_four_arm_gate_and_changed_model (test_step28_chinese_base_contracts.ScientificContracts.test_complete_four_arm_gate_and_changed_model) ... ok
test_evaluation_saves_all_matrices_with_one_parse (test_step28_chinese_base_contracts.ScientificContracts.test_evaluation_saves_all_matrices_with_one_parse) ... ok
test_inputs_only_text_and_exact_channel_order (test_step28_chinese_base_contracts.ScientificContracts.test_inputs_only_text_and_exact_channel_order) ... ok
test_partition_and_schedule_keep_calibration_out (test_step28_chinese_base_contracts.ScientificContracts.test_partition_and_schedule_keep_calibration_out) ... ok
test_account_permutation_and_pair_symmetry (test_step28_chinese_base_contracts.TorchContracts.test_account_permutation_and_pair_symmetry) ... ok
test_all_four_updates_and_real_model_adam_restore_on_tiny_encoder (test_step28_chinese_base_contracts.TorchContracts.test_all_four_updates_and_real_model_adam_restore_on_tiny_encoder) ... ok
test_native_pooling_api_modes_do_not_override_model (test_step28_chinese_base_contracts.TorchContracts.test_native_pooling_api_modes_do_not_override_model) ... ok
test_population_moments_hand_case_permutation_and_duplication (test_step28_chinese_base_contracts.TorchContracts.test_population_moments_hand_case_permutation_and_duplication) ... ok
test_rank_matches_independent_scalar_and_analytic_edge_gradient (test_step28_chinese_base_contracts.TorchContracts.test_rank_matches_independent_scalar_and_analytic_edge_gradient) ... ok
test_uniform_logits_have_log27_rank_and_log2_bce (test_step28_chinese_base_contracts.TorchContracts.test_uniform_logits_have_log27_rank_and_log2_bce) ... ok
test_weight_changes_actual_gradient_and_bad_supervision_rejected (test_step28_chinese_base_contracts.TorchContracts.test_weight_changes_actual_gradient_and_bad_supervision_rejected) ... ok

----------------------------------------------------------------------
Ran 12 tests in 0.929s

OK
