{
  "zip_bytes": 591625,
  "zip_sha256": "bad88d2c83feef2d03f7c545519ab134930c9b50dd81c99d6e3b849008cf5203",
  "source_count": 60,
  "all_61_archive_members_unchanged": true,
  "all_sources_unchanged": true,
  "syntax_files_checked": [
    "scripts/run_step28_alias_ranking_linux_20260927.sh",
    "scripts/run_step28_chinese_base_linux_20260924.sh",
    "scripts/step28_alias_ranking_audit.py",
    "scripts/step28_alias_ranking_run.py",
    "scripts/step28_alias_ranking.py",
    "scripts/step28_chinese_base_audit.py",
    "scripts/step28_chinese_base.py",
    "scripts/step28_continual_expression_run.py",
    "scripts/step28_continual_population_data.py",
    "scripts/step28_continual_population_evaluate.py",
    "scripts/step28_continual_population_run.py",
    "scripts/step28_continual_population.py",
    "tests/test_step28_alias_ranking_contracts.py",
    "tests/test_step28_chinese_base_contracts.py"
  ],
  "reviewer_retained_model_files": 0,
  "formal_data_labels_or_models_accessed": 0
}
