	Command being timed: "python -u -B /mnt/data/ranking_reviewer_evidence/independent_tests.py"
	User time (seconds): 19.58
	System time (seconds): 0.36
	Percent of CPU this job got: 98%
	Elapsed (wall clock) time (h:mm:ss or m:ss): 0:20.27
	Average shared text size (kbytes): 0
	Average unshared data size (kbytes): 0
	Average stack size (kbytes): 0
	Average total size (kbytes): 0
	Maximum resident set size (kbytes): 341636
	Average resident set size (kbytes): 0
	Major (requiring I/O) page faults: 0
	Minor (reclaiming a frame) page faults: 93106
	Voluntary context switches: 12
	Involuntary context switches: 174
	Swaps: 0
	File system inputs: 0
	File system outputs: 49856
	Socket messages sent: 0
	Socket messages received: 0
	Signals delivered: 0
	Page size (bytes): 4096
	Exit status: 0
