	Command being timed: "timeout --signal=TERM --kill-after=30s 3h python -u -B scripts/step28_continual_joint.py train --out /home/yongpeng/cross-lingual/reports/seller_alias_continual/20260910/joint_execution/20260910_184654/run"
	User time (seconds): 2012.52
	System time (seconds): 96.31
	Percent of CPU this job got: 100%
	Elapsed (wall clock) time (h:mm:ss or m:ss): 35:07.65
	Average shared text size (kbytes): 0
	Average unshared data size (kbytes): 0
	Average stack size (kbytes): 0
	Average total size (kbytes): 0
	Maximum resident set size (kbytes): 10946244
	Average resident set size (kbytes): 0
	Major (requiring I/O) page faults: 0
	Minor (reclaiming a frame) page faults: 46605679
	Voluntary context switches: 27699
	Involuntary context switches: 8029
	Swaps: 0
	File system inputs: 160
	File system outputs: 36840064
	Socket messages sent: 0
	Socket messages received: 0
	Signals delivered: 0
	Page size (bytes): 4096
	Exit status: 0
