/home/yongpeng/cross-lingual/scripts/step28_continual_population.py:65: FutureWarning: The `get_sentence_embedding_dimension` method has been renamed to `get_embedding_dimension`.
  if encoder.get_sentence_embedding_dimension() != config["model"]["embedding_dim"]:
{"completed":30,"elapsed_seconds":64.9232153040357,"event":"joint_updates","peak_observed_bytes":3035,"total":1080}

{"completed":60,"elapsed_seconds":104.79842715896666,"event":"joint_updates","peak_observed_bytes":3035,"total":1080}

{"completed":90,"elapsed_seconds":144.33749470487237,"event":"joint_updates","peak_observed_bytes":3035,"total":1080}

{"completed":120,"elapsed_seconds":185.8413406899199,"event":"joint_updates","peak_observed_bytes":3035,"total":1080}

{"completed":150,"elapsed_seconds":226.71345706796274,"event":"joint_updates","peak_observed_bytes":3035,"total":1080}

{"completed":180,"elapsed_seconds":266.7405319181271,"event":"joint_updates","peak_observed_bytes":3035,"total":1080}

{"completed":210,"elapsed_seconds":307.423557151109,"event":"joint_updates","peak_observed_bytes":3035,"total":1080}

{"completed":240,"elapsed_seconds":347.8867554878816,"event":"joint_updates","peak_observed_bytes":3035,"total":1080}

{"completed":270,"elapsed_seconds":388.1215870110318,"event":"joint_updates","peak_observed_bytes":3035,"total":1080}

{"completed":300,"elapsed_seconds":428.80041624000296,"event":"joint_updates","peak_observed_bytes":3035,"total":1080}

{"completed":330,"elapsed_seconds":468.9589994987473,"event":"joint_updates","peak_observed_bytes":3035,"total":1080}

{"completed":360,"elapsed_seconds":509.65133250690997,"event":"joint_updates","peak_observed_bytes":3035,"total":1080}

{"completed":390,"elapsed_seconds":549.5606503039598,"event":"joint_updates","peak_observed_bytes":3035,"total":1080}

{"completed":420,"elapsed_seconds":590.7405755771324,"event":"joint_updates","peak_observed_bytes":3035,"total":1080}

{"completed":450,"elapsed_seconds":631.5306095271371,"event":"joint_updates","peak_observed_bytes":3035,"total":1080}

{"completed":480,"elapsed_seconds":672.5368250841275,"event":"joint_updates","peak_observed_bytes":3035,"total":1080}

{"completed":510,"elapsed_seconds":712.6760320500471,"event":"joint_updates","peak_observed_bytes":3035,"total":1080}

{"completed":540,"elapsed_seconds":752.6356868278235,"event":"joint_updates","peak_observed_bytes":3035,"total":1080}

{"elapsed_seconds":921.8639561189339,"event":"point_reloaded","inference_seconds_including_replay":129.28656864305958,"peak_observed_bytes":5656468126,"point":"joint","total_point_seconds":169.2274875487201}

{"completed":570,"elapsed_seconds":968.4759663487785,"event":"joint_updates","peak_observed_bytes":5656468126,"total":1080}

{"completed":600,"elapsed_seconds":1008.6718813329935,"event":"joint_updates","peak_observed_bytes":5656468126,"total":1080}

{"completed":630,"elapsed_seconds":1049.5912638627924,"event":"joint_updates","peak_observed_bytes":5656468126,"total":1080}

{"completed":660,"elapsed_seconds":1089.9528014198877,"event":"joint_updates","peak_observed_bytes":5656468126,"total":1080}

{"completed":690,"elapsed_seconds":1129.1268963441253,"event":"joint_updates","peak_observed_bytes":5656468126,"total":1080}

{"completed":720,"elapsed_seconds":1170.7520079389215,"event":"joint_updates","peak_observed_bytes":5656468126,"total":1080}

{"completed":750,"elapsed_seconds":1212.350067649968,"event":"joint_updates","peak_observed_bytes":5656468126,"total":1080}

{"completed":780,"elapsed_seconds":1252.1227483027615,"event":"joint_updates","peak_observed_bytes":5656468126,"total":1080}

{"completed":810,"elapsed_seconds":1292.4207382057793,"event":"joint_updates","peak_observed_bytes":5656468126,"total":1080}

{"completed":840,"elapsed_seconds":1333.5347652859055,"event":"joint_updates","peak_observed_bytes":5656468126,"total":1080}

{"completed":870,"elapsed_seconds":1373.8243127977476,"event":"joint_updates","peak_observed_bytes":5656468126,"total":1080}

{"completed":900,"elapsed_seconds":1413.9369143149815,"event":"joint_updates","peak_observed_bytes":5656468126,"total":1080}

{"completed":930,"elapsed_seconds":1455.162435228005,"event":"joint_updates","peak_observed_bytes":5656468126,"total":1080}

{"completed":960,"elapsed_seconds":1494.2226580637507,"event":"joint_updates","peak_observed_bytes":5656468126,"total":1080}

{"completed":990,"elapsed_seconds":1534.7921122340485,"event":"joint_updates","peak_observed_bytes":5656468126,"total":1080}

{"completed":1020,"elapsed_seconds":1575.6184136001393,"event":"joint_updates","peak_observed_bytes":5656468126,"total":1080}

{"completed":1050,"elapsed_seconds":1616.6186901610345,"event":"joint_updates","peak_observed_bytes":5656468126,"total":1080}

{"completed":1080,"elapsed_seconds":1657.1431487901136,"event":"joint_updates","peak_observed_bytes":5656468126,"total":1080}

{"elapsed_seconds":1826.7382901948877,"event":"point_reloaded","inference_seconds_including_replay":129.6215239870362,"peak_observed_bytes":5656916323,"point":"joint_six","total_point_seconds":169.59437438379973}

{"elapsed_seconds":1929.2784543898888,"event":"point_reloaded","inference_seconds_including_replay":64.49394901562482,"peak_observed_bytes":5656916323,"point":"ABC_shared","total_point_seconds":79.72916185762733}

{"elapsed_seconds":2015.7715084911324,"event":"point_reloaded","inference_seconds_including_replay":63.963086827192456,"peak_observed_bytes":5656916323,"point":"BCA_shared","total_point_seconds":79.21035518823192}

{"elapsed_seconds":2102.7315624500625,"event":"point_reloaded","inference_seconds_including_replay":64.44095071498305,"peak_observed_bytes":5656916323,"point":"CAB_shared","total_point_seconds":79.70428698835894}

{"out":"/home/yongpeng/cross-lingual/reports/seller_alias_continual/20260910/joint_execution/20260910_184654/run","status":"COMPLETE_JOINT_1080_REPLAYED_TRAIN_RISK_VALID_BLIND"}

