	Command being timed: "timeout --signal=TERM --kill-after=30s 3h python -u -B scripts/step28_continual_replay.py train --out /home/yongpeng/cross-lingual/reports/seller_alias_continual/20260915/replay_execution/20260915_112424/job/run"
	User time (seconds): 4182.47
	System time (seconds): 252.00
	Percent of CPU this job got: 99%
	Elapsed (wall clock) time (h:mm:ss or m:ss): 1:14:01
	Average shared text size (kbytes): 0
	Average unshared data size (kbytes): 0
	Average stack size (kbytes): 0
	Average total size (kbytes): 0
	Maximum resident set size (kbytes): 11075488
	Average resident set size (kbytes): 0
	Major (requiring I/O) page faults: 2048
	Minor (reclaiming a frame) page faults: 139961435
	Voluntary context switches: 73855
	Involuntary context switches: 21610
	Swaps: 0
	File system inputs: 4486008
	File system outputs: 110487024
	Socket messages sent: 0
	Socket messages received: 0
	Signals delivered: 0
	Page size (bytes): 4096
	Exit status: 0
