test_observed_update_matches_independent_sum_and_full_adam_continuation (test_step28_continual_replay_contracts.TorchContracts) ... ok

----------------------------------------------------------------------
Ran 1 test in 0.761s

OK
/home/yongpeng/cross-lingual/scripts/step28_continual_population.py:65: FutureWarning: The `get_sentence_embedding_dimension` method has been renamed to `get_embedding_dimension`.
  if encoder.get_sentence_embedding_dimension() != config["model"]["embedding_dim"]:
{"completed":30,"elapsed_seconds":58.08181528099999,"event":"updates","peak_observed_bytes":3300,"segment":"ABC_shared","total":180}

{"completed":60,"elapsed_seconds":98.392230525,"event":"updates","peak_observed_bytes":3300,"segment":"ABC_shared","total":180}

{"completed":90,"elapsed_seconds":139.46890455800002,"event":"updates","peak_observed_bytes":3300,"segment":"ABC_shared","total":180}

{"completed":120,"elapsed_seconds":181.07418015399998,"event":"updates","peak_observed_bytes":3300,"segment":"ABC_shared","total":180}

{"completed":150,"elapsed_seconds":221.49556964200002,"event":"updates","peak_observed_bytes":3300,"segment":"ABC_shared","total":180}

{"completed":180,"elapsed_seconds":263.65738874000004,"event":"updates","peak_observed_bytes":3300,"segment":"ABC_shared","total":180}

{"elapsed_seconds":333.70275708799994,"event":"point_reloaded","inference_seconds_including_replay":31.439293539999994,"peak_observed_bytes":5656213323,"point":"ABC_shared","total_point_seconds":70.04474719900008}

{"completed":30,"elapsed_seconds":442.342546926,"event":"replay_updates","order":"ABC","peak_observed_bytes":5656404358,"stage":2}

{"completed":60,"elapsed_seconds":525.6355181670001,"event":"replay_updates","order":"ABC","peak_observed_bytes":5656404358,"stage":2}

{"completed":90,"elapsed_seconds":607.829222411,"event":"replay_updates","order":"ABC","peak_observed_bytes":5656404358,"stage":2}

{"completed":120,"elapsed_seconds":690.932837306,"event":"replay_updates","order":"ABC","peak_observed_bytes":5656404358,"stage":2}

{"completed":150,"elapsed_seconds":773.3581144469999,"event":"replay_updates","order":"ABC","peak_observed_bytes":5656404358,"stage":2}

{"completed":180,"elapsed_seconds":855.4228501069999,"event":"replay_updates","order":"ABC","peak_observed_bytes":5656404358,"stage":2}

{"elapsed_seconds":925.387894452,"event":"point_reloaded","inference_seconds_including_replay":31.43757038800004,"peak_observed_bytes":5656546162,"point":"ABC_er_stage2","total_point_seconds":69.95554862799986}

{"completed":30,"elapsed_seconds":1010.061165309,"event":"replay_updates","order":"ABC","peak_observed_bytes":5656725969,"stage":3}

{"completed":60,"elapsed_seconds":1090.148307797,"event":"replay_updates","order":"ABC","peak_observed_bytes":5656725969,"stage":3}

{"completed":90,"elapsed_seconds":1170.3345490269999,"event":"replay_updates","order":"ABC","peak_observed_bytes":5656725969,"stage":3}

{"completed":120,"elapsed_seconds":1250.027069649,"event":"replay_updates","order":"ABC","peak_observed_bytes":5656725969,"stage":3}

{"completed":150,"elapsed_seconds":1329.166378938,"event":"replay_updates","order":"ABC","peak_observed_bytes":5656725969,"stage":3}

{"completed":180,"elapsed_seconds":1407.587263874,"event":"replay_updates","order":"ABC","peak_observed_bytes":5656725969,"stage":3}

{"elapsed_seconds":1477.647254767,"event":"point_reloaded","inference_seconds_including_replay":31.476961815999857,"peak_observed_bytes":5656833559,"point":"ABC_er_stage3","total_point_seconds":70.050871895}

/home/yongpeng/cross-lingual/scripts/step28_continual_population.py:65: FutureWarning: The `get_sentence_embedding_dimension` method has been renamed to `get_embedding_dimension`.
  if encoder.get_sentence_embedding_dimension() != config["model"]["embedding_dim"]:
{"completed":30,"elapsed_seconds":1543.646200472,"event":"updates","peak_observed_bytes":7543783534,"segment":"BCA_shared","total":180}

{"completed":60,"elapsed_seconds":1583.860151779,"event":"updates","peak_observed_bytes":7543783534,"segment":"BCA_shared","total":180}

{"completed":90,"elapsed_seconds":1625.07102444,"event":"updates","peak_observed_bytes":7543783534,"segment":"BCA_shared","total":180}

{"completed":120,"elapsed_seconds":1666.002678465,"event":"updates","peak_observed_bytes":7543783534,"segment":"BCA_shared","total":180}

{"completed":150,"elapsed_seconds":1706.425759853,"event":"updates","peak_observed_bytes":7543783534,"segment":"BCA_shared","total":180}

{"completed":180,"elapsed_seconds":1748.0329279930002,"event":"updates","peak_observed_bytes":7543783534,"segment":"BCA_shared","total":180}

{"elapsed_seconds":1817.9955191159997,"event":"point_reloaded","inference_seconds_including_replay":31.44939013900057,"peak_observed_bytes":7543886289,"point":"BCA_shared","total_point_seconds":69.96195073000035}

{"completed":30,"elapsed_seconds":1918.745336898,"event":"replay_updates","order":"BCA","peak_observed_bytes":7544048849,"stage":2}

{"completed":60,"elapsed_seconds":1996.2339466859999,"event":"replay_updates","order":"BCA","peak_observed_bytes":7544048849,"stage":2}

{"completed":90,"elapsed_seconds":2072.754610543,"event":"replay_updates","order":"BCA","peak_observed_bytes":7544048849,"stage":2}

{"completed":120,"elapsed_seconds":2148.419292572,"event":"replay_updates","order":"BCA","peak_observed_bytes":7544048849,"stage":2}

{"completed":150,"elapsed_seconds":2222.497114837,"event":"replay_updates","order":"BCA","peak_observed_bytes":7544048849,"stage":2}

{"completed":180,"elapsed_seconds":2299.447766846,"event":"replay_updates","order":"BCA","peak_observed_bytes":7544048849,"stage":2}

{"elapsed_seconds":2370.7719630379997,"event":"point_reloaded","inference_seconds_including_replay":31.947541935999652,"peak_observed_bytes":7544152437,"point":"BCA_er_stage2","total_point_seconds":71.31561665699974}

{"completed":30,"elapsed_seconds":2456.683256989,"event":"replay_updates","order":"BCA","peak_observed_bytes":7544319531,"stage":3}

{"completed":60,"elapsed_seconds":2532.931909872,"event":"replay_updates","order":"BCA","peak_observed_bytes":7544319531,"stage":3}

{"completed":90,"elapsed_seconds":2609.871620757,"event":"replay_updates","order":"BCA","peak_observed_bytes":7544319531,"stage":3}

{"completed":120,"elapsed_seconds":2688.3232016399998,"event":"replay_updates","order":"BCA","peak_observed_bytes":7544319531,"stage":3}

{"completed":150,"elapsed_seconds":2766.530063866,"event":"replay_updates","order":"BCA","peak_observed_bytes":7544319531,"stage":3}

{"completed":180,"elapsed_seconds":2843.517760834,"event":"replay_updates","order":"BCA","peak_observed_bytes":7544319531,"stage":3}

{"elapsed_seconds":2913.4303187739997,"event":"point_reloaded","inference_seconds_including_replay":31.359271218999766,"peak_observed_bytes":7544427121,"point":"BCA_er_stage3","total_point_seconds":69.9040341709997}

/home/yongpeng/cross-lingual/scripts/step28_continual_population.py:65: FutureWarning: The `get_sentence_embedding_dimension` method has been renamed to `get_embedding_dimension`.
  if encoder.get_sentence_embedding_dimension() != config["model"]["embedding_dim"]:
{"completed":30,"elapsed_seconds":2979.13219216,"event":"updates","peak_observed_bytes":9431377096,"segment":"CAB_shared","total":180}

{"completed":60,"elapsed_seconds":3020.587758803,"event":"updates","peak_observed_bytes":9431377096,"segment":"CAB_shared","total":180}

{"completed":90,"elapsed_seconds":3061.824620565,"event":"updates","peak_observed_bytes":9431377096,"segment":"CAB_shared","total":180}

{"completed":120,"elapsed_seconds":3103.531648144,"event":"updates","peak_observed_bytes":9431377096,"segment":"CAB_shared","total":180}

{"completed":150,"elapsed_seconds":3144.375552227,"event":"updates","peak_observed_bytes":9431377096,"segment":"CAB_shared","total":180}

{"completed":180,"elapsed_seconds":3186.4024782809997,"event":"updates","peak_observed_bytes":9431377096,"segment":"CAB_shared","total":180}

{"elapsed_seconds":3256.312404897,"event":"point_reloaded","inference_seconds_including_replay":31.356618530000105,"peak_observed_bytes":9431479856,"point":"CAB_shared","total_point_seconds":69.90924176399994}

{"completed":30,"elapsed_seconds":3363.871217344,"event":"replay_updates","order":"CAB","peak_observed_bytes":9431667239,"stage":2}

{"completed":60,"elapsed_seconds":3444.969610232,"event":"replay_updates","order":"CAB","peak_observed_bytes":9431667239,"stage":2}

{"completed":90,"elapsed_seconds":3527.237737735,"event":"replay_updates","order":"CAB","peak_observed_bytes":9431667239,"stage":2}

{"completed":120,"elapsed_seconds":3611.003745777,"event":"replay_updates","order":"CAB","peak_observed_bytes":9431667239,"stage":2}

{"completed":150,"elapsed_seconds":3694.471050273,"event":"replay_updates","order":"CAB","peak_observed_bytes":9431667239,"stage":2}

{"completed":180,"elapsed_seconds":3775.850709186,"event":"replay_updates","order":"CAB","peak_observed_bytes":9431667239,"stage":2}

{"elapsed_seconds":3845.7787653699997,"event":"point_reloaded","inference_seconds_including_replay":31.388556182999764,"peak_observed_bytes":9431770829,"point":"CAB_er_stage2","total_point_seconds":69.91870482000013}

{"completed":30,"elapsed_seconds":3934.9226660409995,"event":"replay_updates","order":"CAB","peak_observed_bytes":9431958371,"stage":3}

{"completed":60,"elapsed_seconds":4013.7206121070003,"event":"replay_updates","order":"CAB","peak_observed_bytes":9431958371,"stage":3}

{"completed":90,"elapsed_seconds":4097.67561257,"event":"replay_updates","order":"CAB","peak_observed_bytes":9431958371,"stage":3}

{"completed":120,"elapsed_seconds":4176.931831196,"event":"replay_updates","order":"CAB","peak_observed_bytes":9431958371,"stage":3}

{"completed":150,"elapsed_seconds":4261.1044474929995,"event":"replay_updates","order":"CAB","peak_observed_bytes":9431958371,"stage":3}

{"completed":180,"elapsed_seconds":4339.616289928,"event":"replay_updates","order":"CAB","peak_observed_bytes":9431958371,"stage":3}

{"elapsed_seconds":4409.537903547,"event":"point_reloaded","inference_seconds_including_replay":31.36674354399929,"peak_observed_bytes":9432065961,"point":"CAB_er_stage3","total_point_seconds":69.91224143299951}

{"out":"/home/yongpeng/cross-lingual/reports/seller_alias_continual/20260915/replay_execution/20260915_112424/job/run","status":"COMPLETE_RANDOM_GROUP_ER_1620_RELOADED_VALID_BLIND"}

