	Command being timed: "timeout --signal=TERM --kill-after=30s 8h python -u -B scripts/step28_base_model.py train --out /home/yongpeng/cross-lingual/reports/seller_alias_continual/20260918/base_execution/20260918_113800/job/run"
	User time (seconds): 7490.55
	System time (seconds): 207.25
	Percent of CPU this job got: 100%
	Elapsed (wall clock) time (h:mm:ss or m:ss): 2:08:14
	Average shared text size (kbytes): 0
	Average unshared data size (kbytes): 0
	Average stack size (kbytes): 0
	Average total size (kbytes): 0
	Maximum resident set size (kbytes): 11320196
	Average resident set size (kbytes): 0
	Major (requiring I/O) page faults: 724
	Minor (reclaiming a frame) page faults: 80273595
	Voluntary context switches: 118925
	Involuntary context switches: 28395
	Swaps: 0
	File system inputs: 9309792
	File system outputs: 99921864
	Socket messages sent: 0
	Socket messages received: 0
	Signals delivered: 0
	Page size (bytes): 4096
	Exit status: 0
