test_real_loss_gradients_two_adam_steps_and_disk_restore (test_step28_base_model_contracts.TorchContracts) ... /home/yongpeng/cross-lingual/tests/test_step28_base_model_contracts.py:373: UserWarning: Converting a tensor with requires_grad=True to a scalar may lead to unexpected behavior.
Consider using tensor.detach() first. (Triggered internally at /pytorch/torch/csrc/autograd/generated/python_variable_methods.cpp:836.)
  self.assertAlmostEqual(log["bce"], float(loss), places=6)
ok
test_real_prefix_symmetry_and_no_silent_truncation (test_step28_base_model_contracts.TorchContracts) ... ok

----------------------------------------------------------------------
Ran 2 tests in 0.646s

OK
/home/yongpeng/cross-lingual/scripts/step28_base_model.py:122: FutureWarning: The `get_sentence_embedding_dimension` method has been renamed to `get_embedding_dimension`.
  if pooling_modes(pool) != [m["pooling"]] or encoder.get_sentence_embedding_dimension() != m["embedding_dim"]:
/home/yongpeng/cross-lingual/scripts/step28_base_model.py:122: FutureWarning: The `get_sentence_embedding_dimension` method has been renamed to `get_embedding_dimension`.
  if pooling_modes(pool) != [m["pooling"]] or encoder.get_sentence_embedding_dimension() != m["embedding_dim"]:
/home/yongpeng/cross-lingual/scripts/step28_base_model.py:122: FutureWarning: The `get_sentence_embedding_dimension` method has been renamed to `get_embedding_dimension`.
  if pooling_modes(pool) != [m["pooling"]] or encoder.get_sentence_embedding_dimension() != m["embedding_dim"]:
/home/yongpeng/cross-lingual/scripts/step28_base_model.py:122: FutureWarning: The `get_sentence_embedding_dimension` method has been renamed to `get_embedding_dimension`.
  if pooling_modes(pool) != [m["pooling"]] or encoder.get_sentence_embedding_dimension() != m["embedding_dim"]:
{"arm":"labse","completed":24,"elapsed_seconds":71.5113387349993,"event":"updates","peak_observed_bytes":32484}

{"arm":"labse","completed":48,"elapsed_seconds":105.87283333903179,"event":"updates","peak_observed_bytes":32597}

{"arm":"labse","completed":72,"elapsed_seconds":140.11828028294258,"event":"updates","peak_observed_bytes":32712}

{"arm":"labse","completed":96,"elapsed_seconds":174.03025504294783,"event":"updates","peak_observed_bytes":32827}

{"arm":"labse","completed":120,"elapsed_seconds":207.56723560893442,"event":"updates","peak_observed_bytes":32942}

{"arm":"labse","completed":144,"elapsed_seconds":242.60308356699534,"event":"updates","peak_observed_bytes":33058}

{"arm":"labse","completed":168,"elapsed_seconds":276.3125221290393,"event":"updates","peak_observed_bytes":33174}

{"arm":"labse","completed":192,"elapsed_seconds":311.96272706694435,"event":"updates","peak_observed_bytes":33289}

{"arm":"labse","completed":216,"elapsed_seconds":345.4201423670165,"event":"updates","peak_observed_bytes":33405}

{"arm":"labse","completed":240,"elapsed_seconds":378.664345348021,"event":"updates","peak_observed_bytes":33520}

{"arm":"labse","completed":264,"elapsed_seconds":411.9398950790055,"event":"updates","peak_observed_bytes":33634}

{"arm":"labse","completed":288,"elapsed_seconds":446.0949347600108,"event":"updates","peak_observed_bytes":33749}

{"arm":"labse","completed":312,"elapsed_seconds":479.48487544304226,"event":"updates","peak_observed_bytes":33864}

{"arm":"labse","completed":336,"elapsed_seconds":513.3132219739491,"event":"updates","peak_observed_bytes":33980}

{"arm":"labse","completed":360,"elapsed_seconds":547.3927167030051,"event":"updates","peak_observed_bytes":34095}

{"arm":"labse","completed":384,"elapsed_seconds":580.7295943120262,"event":"updates","peak_observed_bytes":34210}

{"arm":"labse","completed":408,"elapsed_seconds":614.7602869030088,"event":"updates","peak_observed_bytes":34325}

{"arm":"labse","completed":432,"elapsed_seconds":649.5158291469561,"event":"updates","peak_observed_bytes":34440}

{"arm":"labse","completed":456,"elapsed_seconds":882.2018899179529,"event":"updates","peak_observed_bytes":7543451268}

{"arm":"labse","completed":480,"elapsed_seconds":914.6082925240044,"event":"updates","peak_observed_bytes":7543451268}

{"arm":"labse","completed":504,"elapsed_seconds":948.0059147790307,"event":"updates","peak_observed_bytes":7543451268}

{"arm":"labse","completed":528,"elapsed_seconds":982.0185886559775,"event":"updates","peak_observed_bytes":7543451268}

{"arm":"labse","completed":552,"elapsed_seconds":1016.9757820849773,"event":"updates","peak_observed_bytes":7543451268}

{"arm":"labse","completed":576,"elapsed_seconds":1051.6709826060105,"event":"updates","peak_observed_bytes":7543451268}

{"arm":"labse","completed":600,"elapsed_seconds":1086.1949263149872,"event":"updates","peak_observed_bytes":7543451268}

{"arm":"labse","completed":624,"elapsed_seconds":1121.1832641960355,"event":"updates","peak_observed_bytes":7543451268}

{"arm":"labse","completed":648,"elapsed_seconds":1154.8325072539737,"event":"updates","peak_observed_bytes":7543451268}

{"arm":"labse","completed":672,"elapsed_seconds":1188.4941652650014,"event":"updates","peak_observed_bytes":7543451268}

{"arm":"labse","completed":696,"elapsed_seconds":1221.3924970369553,"event":"updates","peak_observed_bytes":7543451268}

{"arm":"labse","completed":720,"elapsed_seconds":1255.2300411029719,"event":"updates","peak_observed_bytes":7543451268}

{"arm":"labse","completed":744,"elapsed_seconds":1288.7414314979687,"event":"updates","peak_observed_bytes":7543451268}

{"arm":"labse","completed":768,"elapsed_seconds":1322.627422007965,"event":"updates","peak_observed_bytes":7543451268}

{"arm":"labse","completed":792,"elapsed_seconds":1357.0398901089793,"event":"updates","peak_observed_bytes":7543451268}

{"arm":"labse","completed":816,"elapsed_seconds":1391.244332495029,"event":"updates","peak_observed_bytes":7543451268}

{"arm":"labse","completed":840,"elapsed_seconds":1425.77867126395,"event":"updates","peak_observed_bytes":7543451268}

{"arm":"labse","completed":864,"elapsed_seconds":1458.5644813459367,"event":"updates","peak_observed_bytes":7543451268}

/home/yongpeng/cross-lingual/scripts/step28_base_model.py:122: FutureWarning: The `get_sentence_embedding_dimension` method has been renamed to `get_embedding_dimension`.
  if pooling_modes(pool) != [m["pooling"]] or encoder.get_sentence_embedding_dimension() != m["embedding_dim"]:
{"arm":"multilingual_e5_large","completed":24,"elapsed_seconds":1727.061866463977,"event":"updates","peak_observed_bytes":9430811171}

{"arm":"multilingual_e5_large","completed":48,"elapsed_seconds":1793.639481937047,"event":"updates","peak_observed_bytes":9430811171}

{"arm":"multilingual_e5_large","completed":72,"elapsed_seconds":1860.526108465041,"event":"updates","peak_observed_bytes":9430811171}

{"arm":"multilingual_e5_large","completed":96,"elapsed_seconds":1927.072033643024,"event":"updates","peak_observed_bytes":9430811171}

{"arm":"multilingual_e5_large","completed":120,"elapsed_seconds":1992.8921883440344,"event":"updates","peak_observed_bytes":9430811171}

{"arm":"multilingual_e5_large","completed":144,"elapsed_seconds":2061.864300212008,"event":"updates","peak_observed_bytes":9430811171}

{"arm":"multilingual_e5_large","completed":168,"elapsed_seconds":2127.8906313310144,"event":"updates","peak_observed_bytes":9430811171}

{"arm":"multilingual_e5_large","completed":192,"elapsed_seconds":2197.7939632500056,"event":"updates","peak_observed_bytes":9430811171}

{"arm":"multilingual_e5_large","completed":216,"elapsed_seconds":2263.3166592039634,"event":"updates","peak_observed_bytes":9430811171}

{"arm":"multilingual_e5_large","completed":240,"elapsed_seconds":2328.27237670694,"event":"updates","peak_observed_bytes":9430811171}

{"arm":"multilingual_e5_large","completed":264,"elapsed_seconds":2393.1391180469655,"event":"updates","peak_observed_bytes":9430811171}

{"arm":"multilingual_e5_large","completed":288,"elapsed_seconds":2459.8241047599586,"event":"updates","peak_observed_bytes":9430811171}

{"arm":"multilingual_e5_large","completed":312,"elapsed_seconds":2525.015533720958,"event":"updates","peak_observed_bytes":9430811171}

{"arm":"multilingual_e5_large","completed":336,"elapsed_seconds":2590.945273675956,"event":"updates","peak_observed_bytes":9430811171}

{"arm":"multilingual_e5_large","completed":360,"elapsed_seconds":2657.3663005980197,"event":"updates","peak_observed_bytes":9430811171}

{"arm":"multilingual_e5_large","completed":384,"elapsed_seconds":2722.329721075017,"event":"updates","peak_observed_bytes":9430811171}

{"arm":"multilingual_e5_large","completed":408,"elapsed_seconds":2788.8478540249635,"event":"updates","peak_observed_bytes":9430811171}

{"arm":"multilingual_e5_large","completed":432,"elapsed_seconds":2856.754793421016,"event":"updates","peak_observed_bytes":9430811171}

{"arm":"multilingual_e5_large","completed":456,"elapsed_seconds":3229.6402060419787,"event":"updates","peak_observed_bytes":12729882346}

{"arm":"multilingual_e5_large","completed":480,"elapsed_seconds":3292.9549862400163,"event":"updates","peak_observed_bytes":12729882346}

{"arm":"multilingual_e5_large","completed":504,"elapsed_seconds":3358.068951340043,"event":"updates","peak_observed_bytes":12729882346}

{"arm":"multilingual_e5_large","completed":528,"elapsed_seconds":3424.5750144360354,"event":"updates","peak_observed_bytes":12729882346}

{"arm":"multilingual_e5_large","completed":552,"elapsed_seconds":3492.5688418130158,"event":"updates","peak_observed_bytes":12729882346}

{"arm":"multilingual_e5_large","completed":576,"elapsed_seconds":3560.529322781018,"event":"updates","peak_observed_bytes":12729882346}

{"arm":"multilingual_e5_large","completed":600,"elapsed_seconds":3627.7546277820366,"event":"updates","peak_observed_bytes":12729882346}

{"arm":"multilingual_e5_large","completed":624,"elapsed_seconds":3695.973533309996,"event":"updates","peak_observed_bytes":12729882346}

{"arm":"multilingual_e5_large","completed":648,"elapsed_seconds":3761.4162619420094,"event":"updates","peak_observed_bytes":12729882346}

{"arm":"multilingual_e5_large","completed":672,"elapsed_seconds":3827.0405592649477,"event":"updates","peak_observed_bytes":12729882346}

{"arm":"multilingual_e5_large","completed":696,"elapsed_seconds":3891.1626247259555,"event":"updates","peak_observed_bytes":12729882346}

{"arm":"multilingual_e5_large","completed":720,"elapsed_seconds":3957.2782152020372,"event":"updates","peak_observed_bytes":12729882346}

{"arm":"multilingual_e5_large","completed":744,"elapsed_seconds":4022.555679498939,"event":"updates","peak_observed_bytes":12729882346}

{"arm":"multilingual_e5_large","completed":768,"elapsed_seconds":4088.92606642202,"event":"updates","peak_observed_bytes":12729882346}

{"arm":"multilingual_e5_large","completed":792,"elapsed_seconds":4156.021832874045,"event":"updates","peak_observed_bytes":12729882346}

{"arm":"multilingual_e5_large","completed":816,"elapsed_seconds":4222.611880137934,"event":"updates","peak_observed_bytes":12729882346}

{"arm":"multilingual_e5_large","completed":840,"elapsed_seconds":4289.774773126934,"event":"updates","peak_observed_bytes":12729882346}

{"arm":"multilingual_e5_large","completed":864,"elapsed_seconds":4353.96860800602,"event":"updates","peak_observed_bytes":12729882346}

/home/yongpeng/cross-lingual/scripts/step28_base_model.py:122: FutureWarning: The `get_sentence_embedding_dimension` method has been renamed to `get_embedding_dimension`.
  if pooling_modes(pool) != [m["pooling"]] or encoder.get_sentence_embedding_dimension() != m["embedding_dim"]:
{"arm":"bge_m3","completed":24,"elapsed_seconds":4729.828991494025,"event":"updates","peak_observed_bytes":14971078296}

{"arm":"bge_m3","completed":48,"elapsed_seconds":4796.551983915968,"event":"updates","peak_observed_bytes":14971078296}

{"arm":"bge_m3","completed":72,"elapsed_seconds":4863.755063824006,"event":"updates","peak_observed_bytes":14971078296}

{"arm":"bge_m3","completed":96,"elapsed_seconds":4930.251590540982,"event":"updates","peak_observed_bytes":14971078296}

{"arm":"bge_m3","completed":120,"elapsed_seconds":4996.003622686025,"event":"updates","peak_observed_bytes":14971078296}

{"arm":"bge_m3","completed":144,"elapsed_seconds":5064.943099614,"event":"updates","peak_observed_bytes":14971078296}

{"arm":"bge_m3","completed":168,"elapsed_seconds":5130.900917976047,"event":"updates","peak_observed_bytes":14971078296}

{"arm":"bge_m3","completed":192,"elapsed_seconds":5200.979373681941,"event":"updates","peak_observed_bytes":14971078296}

{"arm":"bge_m3","completed":216,"elapsed_seconds":5266.745676788036,"event":"updates","peak_observed_bytes":14971078296}

{"arm":"bge_m3","completed":240,"elapsed_seconds":5332.136497774976,"event":"updates","peak_observed_bytes":14971078296}

{"arm":"bge_m3","completed":264,"elapsed_seconds":5397.6064620609395,"event":"updates","peak_observed_bytes":14971078296}

{"arm":"bge_m3","completed":288,"elapsed_seconds":5464.77319644799,"event":"updates","peak_observed_bytes":14971078296}

{"arm":"bge_m3","completed":312,"elapsed_seconds":5530.536291565979,"event":"updates","peak_observed_bytes":14971078296}

{"arm":"bge_m3","completed":336,"elapsed_seconds":5597.1197492670035,"event":"updates","peak_observed_bytes":14971078296}

{"arm":"bge_m3","completed":360,"elapsed_seconds":5663.902246539015,"event":"updates","peak_observed_bytes":14971078296}

{"arm":"bge_m3","completed":384,"elapsed_seconds":5729.395190936048,"event":"updates","peak_observed_bytes":14971078296}

{"arm":"bge_m3","completed":408,"elapsed_seconds":5796.355999976979,"event":"updates","peak_observed_bytes":14971078296}

{"arm":"bge_m3","completed":432,"elapsed_seconds":5864.804468646995,"event":"updates","peak_observed_bytes":14971078296}

{"arm":"bge_m3","completed":456,"elapsed_seconds":6238.55753055797,"event":"updates","peak_observed_bytes":17338127969}

{"arm":"bge_m3","completed":480,"elapsed_seconds":6302.4338967649965,"event":"updates","peak_observed_bytes":17338127969}

{"arm":"bge_m3","completed":504,"elapsed_seconds":6367.92124057794,"event":"updates","peak_observed_bytes":17338127969}

{"arm":"bge_m3","completed":528,"elapsed_seconds":6434.970186435967,"event":"updates","peak_observed_bytes":17338127969}

{"arm":"bge_m3","completed":552,"elapsed_seconds":6503.469026176957,"event":"updates","peak_observed_bytes":17338127969}

{"arm":"bge_m3","completed":576,"elapsed_seconds":6571.8449882139685,"event":"updates","peak_observed_bytes":17338127969}

{"arm":"bge_m3","completed":600,"elapsed_seconds":6639.639420874999,"event":"updates","peak_observed_bytes":17338127969}

{"arm":"bge_m3","completed":624,"elapsed_seconds":6708.659285563044,"event":"updates","peak_observed_bytes":17338127969}

{"arm":"bge_m3","completed":648,"elapsed_seconds":6774.650019199937,"event":"updates","peak_observed_bytes":17338127969}

{"arm":"bge_m3","completed":672,"elapsed_seconds":6841.024749418953,"event":"updates","peak_observed_bytes":17338127969}

{"arm":"bge_m3","completed":696,"elapsed_seconds":6905.631960703991,"event":"updates","peak_observed_bytes":17338127969}

{"arm":"bge_m3","completed":720,"elapsed_seconds":6972.362787625985,"event":"updates","peak_observed_bytes":17338127969}

{"arm":"bge_m3","completed":744,"elapsed_seconds":7038.239951030002,"event":"updates","peak_observed_bytes":17338127969}

{"arm":"bge_m3","completed":768,"elapsed_seconds":7105.228975540027,"event":"updates","peak_observed_bytes":17338127969}

{"arm":"bge_m3","completed":792,"elapsed_seconds":7172.959380218992,"event":"updates","peak_observed_bytes":17338127969}

{"arm":"bge_m3","completed":816,"elapsed_seconds":7240.061908292002,"event":"updates","peak_observed_bytes":17338127969}

{"arm":"bge_m3","completed":840,"elapsed_seconds":7307.830228224979,"event":"updates","peak_observed_bytes":17338127969}

{"arm":"bge_m3","completed":864,"elapsed_seconds":7372.6488535830285,"event":"updates","peak_observed_bytes":17338127969}

{"out":"/home/yongpeng/cross-lingual/reports/seller_alias_continual/20260918/base_execution/20260918_113800/job/run","status":"COMPLETE_BASE_MODELS_2592_CALIBRATED_VALID_BLIND"}

