{
  "status": "PASS_FINAL_SOURCE_IMMUTABILITY_AND_BLIND_THRESHOLD_CHECK",
  "submitted_source_files_unchanged": 165,
  "submitted_source_bytes": 6376611,
  "csv_sha_equal_original_linux_and_webpage": {
    "metrics.csv": true,
    "trajectory.csv": true
  },
  "formal_label_reads": 0,
  "formal_text_reads": 0,
  "model_loads": 0,
  "training_updates": 0,
  "cpu_affinity": [
    0
  ],
  "threads_status": [
    "Threads:\t1"
  ],
  "automatic_thresholds": [
    {
      "run": "s0_d",
      "threshold": 0.09230793267488481,
      "maximum_saved_valid_logit": 0.09534527361392975,
      "predicted_positive_pairs": 52,
      "pooled": {
        "conditional_95pct_intervals": {
          "fpr": [
            9.310986964618249e-05,
            0.0005121042830540037
          ],
          "precision": [
            0.7941176470588235,
            0.96
          ],
          "recall": [
            0.0275,
            0.05
          ]
        },
        "f1": 0.07348242811501597,
        "fn": 1154,
        "fp": 6,
        "fpr": 0.00027932960893854746,
        "precision": 0.8846153846153846,
        "recall": 0.03833333333333333,
        "tn": 21474,
        "tp": 46
      }
    },
    {
      "run": "s0_weighted",
      "threshold": 0.09078489243984224,
      "maximum_saved_valid_logit": 0.09084390103816986,
      "predicted_positive_pairs": 50,
      "pooled": {
        "conditional_95pct_intervals": {
          "fpr": [
            0.00013966480446927373,
            0.0005586592178770949
          ],
          "precision": [
            0.7567567567567568,
            0.9473684210526315
          ],
          "recall": [
            0.024166666666666666,
            0.0475
          ]
        },
        "f1": 0.0688,
        "fn": 1157,
        "fp": 7,
        "fpr": 0.0003258845437616387,
        "precision": 0.86,
        "recall": 0.035833333333333335,
        "tn": 21473,
        "tp": 43
      }
    },
    {
      "run": "s1_d",
      "threshold": 0.12313077598810197,
      "maximum_saved_valid_logit": 0.12313077598810196,
      "predicted_positive_pairs": 0,
      "pooled": {
        "conditional_95pct_intervals": {
          "fpr": [
            0.0,
            0.0
          ],
          "precision": [
            0.0,
            0.0
          ],
          "recall": [
            0.0,
            0.0
          ]
        },
        "f1": 0.0,
        "fn": 1200,
        "fp": 0,
        "fpr": 0.0,
        "precision": 0.0,
        "recall": 0.0,
        "tn": 21480,
        "tp": 0
      }
    },
    {
      "run": "s1_weighted",
      "threshold": 0.1262016594409943,
      "maximum_saved_valid_logit": 0.12620165944099426,
      "predicted_positive_pairs": 0,
      "pooled": {
        "conditional_95pct_intervals": {
          "fpr": [
            0.0,
            0.0
          ],
          "precision": [
            0.0,
            0.0
          ],
          "recall": [
            0.0,
            0.0
          ]
        },
        "f1": 0.0,
        "fn": 1200,
        "fp": 0,
        "fpr": 0.0,
        "precision": 0.0,
        "recall": 0.0,
        "tn": 21480,
        "tp": 0
      }
    },
    {
      "run": "s2_d",
      "threshold": 0.11032513529062273,
      "maximum_saved_valid_logit": 0.11771434545516968,
      "predicted_positive_pairs": 49,
      "pooled": {
        "conditional_95pct_intervals": {
          "fpr": [
            0.00013966480446927373,
            0.0005586592178770949
          ],
          "precision": [
            0.75,
            0.9423076923076923
          ],
          "recall": [
            0.025,
            0.045
          ]
        },
        "f1": 0.06725380304243395,
        "fn": 1158,
        "fp": 7,
        "fpr": 0.0003258845437616387,
        "precision": 0.8571428571428571,
        "recall": 0.035,
        "tn": 21473,
        "tp": 42
      }
    },
    {
      "run": "s2_weighted",
      "threshold": 0.08893508464097978,
      "maximum_saved_valid_logit": 0.11157459765672684,
      "predicted_positive_pairs": 61,
      "pooled": {
        "conditional_95pct_intervals": {
          "fpr": [
            0.00027932960893854746,
            0.0008845437616387337
          ],
          "precision": [
            0.6964285714285714,
            0.8983050847457628
          ],
          "recall": [
            0.030833333333333334,
            0.051666666666666666
          ]
        },
        "f1": 0.07771609833465504,
        "fn": 1151,
        "fp": 12,
        "fpr": 0.0005586592178770949,
        "precision": 0.8032786885245902,
        "recall": 0.04083333333333333,
        "tn": 21468,
        "tp": 49
      }
    }
  ]
}
