Command exited with non-zero status 1
	Command being timed: "python /mnt/data/pooling_result_reviewer_evidence/independent_result_audit.py --root /mnt/data/pooling_result_audit_workspace --out /mnt/data/pooling_result_reviewer_evidence/independent_output"
	User time (seconds): 0.72
	System time (seconds): 0.06
	Percent of CPU this job got: 99%
	Elapsed (wall clock) time (h:mm:ss or m:ss): 0:00.78
	Average shared text size (kbytes): 0
	Average unshared data size (kbytes): 0
	Average stack size (kbytes): 0
	Average total size (kbytes): 0
	Maximum resident set size (kbytes): 96940
	Average resident set size (kbytes): 0
	Major (requiring I/O) page faults: 0
	Minor (reclaiming a frame) page faults: 25881
	Voluntary context switches: 2
	Involuntary context switches: 7
	Swaps: 0
	File system inputs: 0
	File system outputs: 32
	Socket messages sent: 0
	Socket messages received: 0
	Signals delivered: 0
	Page size (bytes): 4096
	Exit status: 1
