{
  "archive": {
    "bytes": 4495283,
    "sha256": "8c4115ce1d3ddf3c008df89fe56eb40794179b37c186984a7613080c4219b682",
    "members": 166
  },
  "manifest_files": 165,
  "manifest_bytes": 6376611,
  "previous_submission_comparison": {
    "docs/SELLER_ALIAS_POOLING.zh.md": {
      "previous_sha256": "91d71dbb5cae2b62f6989756b4456969b25785917322e5c4a5be75bc88305ee4",
      "current_sha256": "385dfb45257cf9d40101342b11dc32529158da9ad269abc80aec16786a76676c",
      "unchanged": false
    },
    "schema/step28_alias_pooling_policy.json": {
      "previous_sha256": "e308ec646f47554525e0254ea2bb6c454d29db7cd1fb35788c28be29c2be1986",
      "current_sha256": "e308ec646f47554525e0254ea2bb6c454d29db7cd1fb35788c28be29c2be1986",
      "unchanged": true
    },
    "schema/step28_chinese_base_policy.json": {
      "previous_sha256": "add77dd222c8308eb013bd8226b1f6f51dc3a2403a533010322d27848c597f2a",
      "current_sha256": "add77dd222c8308eb013bd8226b1f6f51dc3a2403a533010322d27848c597f2a",
      "unchanged": true
    },
    "scripts/run_step28_alias_pooling_linux_20260925.sh": {
      "previous_sha256": "5c12141c893a0c2b1b40af448d9738a75e112fc24b962cc537f7c013c54d521a",
      "current_sha256": "5c12141c893a0c2b1b40af448d9738a75e112fc24b962cc537f7c013c54d521a",
      "unchanged": true
    },
    "scripts/run_step28_chinese_base_linux_20260924.sh": {
      "previous_sha256": "f43e264289b685ae020cee8cd0c87a9ae12af70b028f9ead074226f9f8ec0a9e",
      "current_sha256": "f43e264289b685ae020cee8cd0c87a9ae12af70b028f9ead074226f9f8ec0a9e",
      "unchanged": true
    },
    "scripts/step28_alias_pooling_audit.py": {
      "previous_sha256": "1f33b9a90a04fd926182038247767ec7e30a75824bf1af371367305f51496d6a",
      "current_sha256": "1f33b9a90a04fd926182038247767ec7e30a75824bf1af371367305f51496d6a",
      "unchanged": true
    },
    "scripts/step28_alias_pooling_run.py": {
      "previous_sha256": "8eaeeb7920bba95c63e1b4496fd5182d019ba4c4dfa01f0ba82d0247329153bb",
      "current_sha256": "8eaeeb7920bba95c63e1b4496fd5182d019ba4c4dfa01f0ba82d0247329153bb",
      "unchanged": true
    },
    "scripts/step28_alias_pooling.py": {
      "previous_sha256": "a188d309b396dbd7266fcfd56007e87e3d460737639dbe084e777d73bb63448e",
      "current_sha256": "a188d309b396dbd7266fcfd56007e87e3d460737639dbe084e777d73bb63448e",
      "unchanged": true
    },
    "scripts/step28_chinese_base_audit.py": {
      "previous_sha256": "db68891804b6d834b7605408e3c0e35172f18852d7f626420fcb43bd9a7ed4dc",
      "current_sha256": "db68891804b6d834b7605408e3c0e35172f18852d7f626420fcb43bd9a7ed4dc",
      "unchanged": true
    },
    "scripts/step28_chinese_base.py": {
      "previous_sha256": "2b298459235d05d0934a0c822a14f8b91014e5d3797038b080eec5d9230225cc",
      "current_sha256": "2b298459235d05d0934a0c822a14f8b91014e5d3797038b080eec5d9230225cc",
      "unchanged": true
    },
    "scripts/step28_continual_expression_run.py": {
      "previous_sha256": "3df878e3d78c07444cc0400b574adaf3a495b74fe193a14853706c7e9f67a760",
      "current_sha256": "3df878e3d78c07444cc0400b574adaf3a495b74fe193a14853706c7e9f67a760",
      "unchanged": true
    },
    "scripts/step28_continual_population_data.py": {
      "previous_sha256": "49cca1268b57422a46deefa8bc360423ccaeb8b5062750a39b540f0fb400e08d",
      "current_sha256": "49cca1268b57422a46deefa8bc360423ccaeb8b5062750a39b540f0fb400e08d",
      "unchanged": true
    },
    "scripts/step28_continual_population_evaluate.py": {
      "previous_sha256": "398825da73b25b3d06420d7a75428451f38ff97f1239af02120d4921c70bca4a",
      "current_sha256": "398825da73b25b3d06420d7a75428451f38ff97f1239af02120d4921c70bca4a",
      "unchanged": true
    },
    "scripts/step28_continual_population_run.py": {
      "previous_sha256": "f0da5d51bb1291abe3417e5d695d8fc9134522d9fc7ced536417f4e484ab25e4",
      "current_sha256": "f0da5d51bb1291abe3417e5d695d8fc9134522d9fc7ced536417f4e484ab25e4",
      "unchanged": true
    },
    "scripts/step28_continual_population.py": {
      "previous_sha256": "f8f158fff648990ae575228d1b8dc112ac8c515ec5d6acc23a598120d770db20",
      "current_sha256": "f8f158fff648990ae575228d1b8dc112ac8c515ec5d6acc23a598120d770db20",
      "unchanged": true
    },
    "tests/test_step28_alias_pooling_contracts.py": {
      "previous_sha256": "eaebd37f2a21876932d1d534e24270277f46984c6064672d4034075db98b9f3a",
      "current_sha256": "eaebd37f2a21876932d1d534e24270277f46984c6064672d4034075db98b9f3a",
      "unchanged": true
    },
    "tests/test_step28_chinese_base_contracts.py": {
      "previous_sha256": "169af1c54d6bf82373326a69b8c0cf9589c54f365e9342c5d9761341bf7d40a1",
      "current_sha256": "169af1c54d6bf82373326a69b8c0cf9589c54f365e9342c5d9761341bf7d40a1",
      "unchanged": true
    }
  },
  "environment": {
    "platform": "Linux-6.18.44-x86_64-with-glibc2.41",
    "python": "3.13.5 (main, Jul 15 2026, 20:25:40) [GCC 14.2.0]"
  },
  "checked_at": "2026-09-26T02:41:33.805452+00:00"
}
