	Command being timed: "timeout --signal=TERM --kill-after=30s 8h python -u -B scripts/step28_chinese_base.py train --out /home/yongpeng/cross-lingual/reports/seller_alias_continual/20260924/chinese_execution/20260924_152642/job/run"
	User time (seconds): 17190.01
	System time (seconds): 81.12
	Percent of CPU this job got: 100%
	Elapsed (wall clock) time (h:mm:ss or m:ss): 4:47:40
	Average shared text size (kbytes): 0
	Average unshared data size (kbytes): 0
	Average stack size (kbytes): 0
	Average total size (kbytes): 0
	Maximum resident set size (kbytes): 6961272
	Average resident set size (kbytes): 0
	Major (requiring I/O) page faults: 28
	Minor (reclaiming a frame) page faults: 30963979
	Voluntary context switches: 215360
	Involuntary context switches: 57573
	Swaps: 0
	File system inputs: 6672
	File system outputs: 81446960
	Socket messages sent: 0
	Socket messages received: 0
	Signals delivered: 0
	Page size (bytes): 4096
	Exit status: 0
