test_calibration_strict_ties_and_domain_gates (test_step28_chinese_base_contracts.ScientificContracts) ... ok
test_complete_four_arm_gate_and_changed_model (test_step28_chinese_base_contracts.ScientificContracts) ... ok
test_evaluation_saves_all_matrices_with_one_parse (test_step28_chinese_base_contracts.ScientificContracts) ... ok
test_inputs_only_text_and_exact_channel_order (test_step28_chinese_base_contracts.ScientificContracts) ... ok
test_partition_and_schedule_keep_calibration_out (test_step28_chinese_base_contracts.ScientificContracts) ... ok
test_account_permutation_and_pair_symmetry (test_step28_chinese_base_contracts.TorchContracts) ... ok
test_all_four_updates_and_real_model_adam_restore_on_tiny_encoder (test_step28_chinese_base_contracts.TorchContracts) ... ok
test_native_pooling_api_modes_do_not_override_model (test_step28_chinese_base_contracts.TorchContracts) ... ok
test_population_moments_hand_case_permutation_and_duplication (test_step28_chinese_base_contracts.TorchContracts) ... ok
test_rank_matches_independent_scalar_and_analytic_edge_gradient (test_step28_chinese_base_contracts.TorchContracts) ... ok
test_uniform_logits_have_log27_rank_and_log2_bce (test_step28_chinese_base_contracts.TorchContracts) ... ok
test_weight_changes_actual_gradient_and_bad_supervision_rejected (test_step28_chinese_base_contracts.TorchContracts) ... ok

----------------------------------------------------------------------
Ran 12 tests in 1.516s

OK
/home/yongpeng/cross-lingual/scripts/step28_chinese_base.py:124: FutureWarning: The `get_sentence_embedding_dimension` method has been renamed to `get_embedding_dimension`.
  if pooling_modes(pool) != [m["pooling"]] or encoder.get_sentence_embedding_dimension() != m["embedding_dim"]:
/home/yongpeng/cross-lingual/scripts/step28_chinese_base.py:124: FutureWarning: The `get_sentence_embedding_dimension` method has been renamed to `get_embedding_dimension`.
  if pooling_modes(pool) != [m["pooling"]] or encoder.get_sentence_embedding_dimension() != m["embedding_dim"]:
/home/yongpeng/cross-lingual/scripts/step28_chinese_base.py:124: FutureWarning: The `get_sentence_embedding_dimension` method has been renamed to `get_embedding_dimension`.
  if pooling_modes(pool) != [m["pooling"]] or encoder.get_sentence_embedding_dimension() != m["embedding_dim"]:
/home/yongpeng/cross-lingual/scripts/step28_chinese_base.py:124: FutureWarning: The `get_sentence_embedding_dimension` method has been renamed to `get_embedding_dimension`.
  if pooling_modes(pool) != [m["pooling"]] or encoder.get_sentence_embedding_dimension() != m["embedding_dim"]:
/home/yongpeng/cross-lingual/scripts/step28_chinese_base.py:124: FutureWarning: The `get_sentence_embedding_dimension` method has been renamed to `get_embedding_dimension`.
  if pooling_modes(pool) != [m["pooling"]] or encoder.get_sentence_embedding_dimension() != m["embedding_dim"]:
{"arm":"mean_bce","completed":24,"elapsed_seconds":100.09730677003972,"event":"updates","peak_observed_bytes":42448}

{"arm":"mean_bce","completed":48,"elapsed_seconds":166.7017157630762,"event":"updates","peak_observed_bytes":42566}

{"arm":"mean_bce","completed":72,"elapsed_seconds":233.1020452240482,"event":"updates","peak_observed_bytes":42683}

{"arm":"mean_bce","completed":96,"elapsed_seconds":298.7360362750478,"event":"updates","peak_observed_bytes":42800}

{"arm":"mean_bce","completed":120,"elapsed_seconds":363.668755340972,"event":"updates","peak_observed_bytes":42917}

{"arm":"mean_bce","completed":144,"elapsed_seconds":431.67671987006906,"event":"updates","peak_observed_bytes":43034}

{"arm":"mean_bce","completed":168,"elapsed_seconds":496.9667288920609,"event":"updates","peak_observed_bytes":43153}

{"arm":"mean_bce","completed":192,"elapsed_seconds":566.4451699979836,"event":"updates","peak_observed_bytes":43271}

{"arm":"mean_bce","completed":216,"elapsed_seconds":634.1909663140541,"event":"updates","peak_observed_bytes":43389}

{"arm":"mean_bce","completed":240,"elapsed_seconds":703.1653240410378,"event":"updates","peak_observed_bytes":43507}

{"arm":"mean_bce","completed":264,"elapsed_seconds":770.9734742270084,"event":"updates","peak_observed_bytes":43625}

{"arm":"mean_bce","completed":288,"elapsed_seconds":843.647350326064,"event":"updates","peak_observed_bytes":43743}

{"arm":"mean_bce","completed":312,"elapsed_seconds":916.0940293800086,"event":"updates","peak_observed_bytes":43860}

{"arm":"mean_bce","completed":336,"elapsed_seconds":988.3678985490697,"event":"updates","peak_observed_bytes":43978}

{"arm":"mean_bce","completed":360,"elapsed_seconds":1054.2258493360132,"event":"updates","peak_observed_bytes":44096}

{"arm":"mean_bce","completed":384,"elapsed_seconds":1124.7399078450399,"event":"updates","peak_observed_bytes":44215}

{"arm":"mean_bce","completed":408,"elapsed_seconds":1195.1542432369897,"event":"updates","peak_observed_bytes":44334}

{"arm":"mean_bce","completed":432,"elapsed_seconds":1262.575617116061,"event":"updates","peak_observed_bytes":44453}

{"arm":"mean_bce","completed":456,"elapsed_seconds":1602.1626467889873,"event":"updates","peak_observed_bytes":5205242168}

{"arm":"mean_bce","completed":480,"elapsed_seconds":1666.1816458110698,"event":"updates","peak_observed_bytes":5205242168}

{"arm":"mean_bce","completed":504,"elapsed_seconds":1731.088756534038,"event":"updates","peak_observed_bytes":5205242168}

{"arm":"mean_bce","completed":528,"elapsed_seconds":1797.4923760710517,"event":"updates","peak_observed_bytes":5205242168}

{"arm":"mean_bce","completed":552,"elapsed_seconds":1865.4579078420065,"event":"updates","peak_observed_bytes":5205242168}

{"arm":"mean_bce","completed":576,"elapsed_seconds":1933.510375094018,"event":"updates","peak_observed_bytes":5205242168}

{"arm":"mean_bce","completed":600,"elapsed_seconds":2000.5356574390316,"event":"updates","peak_observed_bytes":5205242168}

{"arm":"mean_bce","completed":624,"elapsed_seconds":2069.0689048339846,"event":"updates","peak_observed_bytes":5205242168}

{"arm":"mean_bce","completed":648,"elapsed_seconds":2134.56809982704,"event":"updates","peak_observed_bytes":5205242168}

{"arm":"mean_bce","completed":672,"elapsed_seconds":2200.3251090999693,"event":"updates","peak_observed_bytes":5205242168}

{"arm":"mean_bce","completed":696,"elapsed_seconds":2263.874721848988,"event":"updates","peak_observed_bytes":5205242168}

{"arm":"mean_bce","completed":720,"elapsed_seconds":2329.4784219660796,"event":"updates","peak_observed_bytes":5205242168}

{"arm":"mean_bce","completed":744,"elapsed_seconds":2394.2449269110803,"event":"updates","peak_observed_bytes":5205242168}

{"arm":"mean_bce","completed":768,"elapsed_seconds":2460.1124177570455,"event":"updates","peak_observed_bytes":5205242168}

{"arm":"mean_bce","completed":792,"elapsed_seconds":2526.7819624340627,"event":"updates","peak_observed_bytes":5205242168}

{"arm":"mean_bce","completed":816,"elapsed_seconds":2592.857039761031,"event":"updates","peak_observed_bytes":5205242168}

{"arm":"mean_bce","completed":840,"elapsed_seconds":2659.4692934500054,"event":"updates","peak_observed_bytes":5205242168}

{"arm":"mean_bce","completed":864,"elapsed_seconds":2723.1140750669874,"event":"updates","peak_observed_bytes":5205242168}

/home/yongpeng/cross-lingual/scripts/step28_chinese_base.py:124: FutureWarning: The `get_sentence_embedding_dimension` method has been renamed to `get_embedding_dimension`.
  if pooling_modes(pool) != [m["pooling"]] or encoder.get_sentence_embedding_dimension() != m["embedding_dim"]:
{"arm":"mean_rank","completed":24,"elapsed_seconds":3060.917280846974,"event":"updates","peak_observed_bytes":6508970127}

{"arm":"mean_rank","completed":48,"elapsed_seconds":3126.4601273040753,"event":"updates","peak_observed_bytes":6508970127}

{"arm":"mean_rank","completed":72,"elapsed_seconds":3192.240943450015,"event":"updates","peak_observed_bytes":6508970127}

{"arm":"mean_rank","completed":96,"elapsed_seconds":3257.1665484020486,"event":"updates","peak_observed_bytes":6508970127}

{"arm":"mean_rank","completed":120,"elapsed_seconds":3321.3923017220804,"event":"updates","peak_observed_bytes":6508970127}

{"arm":"mean_rank","completed":144,"elapsed_seconds":3388.7313431390794,"event":"updates","peak_observed_bytes":6508970127}

{"arm":"mean_rank","completed":168,"elapsed_seconds":3453.6070954920724,"event":"updates","peak_observed_bytes":6508970127}

{"arm":"mean_rank","completed":192,"elapsed_seconds":3522.442219321034,"event":"updates","peak_observed_bytes":6508970127}

{"arm":"mean_rank","completed":216,"elapsed_seconds":3587.0615744129755,"event":"updates","peak_observed_bytes":6508970127}

{"arm":"mean_rank","completed":240,"elapsed_seconds":3651.559404628002,"event":"updates","peak_observed_bytes":6508970127}

{"arm":"mean_rank","completed":264,"elapsed_seconds":3715.7897331640124,"event":"updates","peak_observed_bytes":6508970127}

{"arm":"mean_rank","completed":288,"elapsed_seconds":3781.9589787910227,"event":"updates","peak_observed_bytes":6508970127}

{"arm":"mean_rank","completed":312,"elapsed_seconds":3846.598091822001,"event":"updates","peak_observed_bytes":6508970127}

{"arm":"mean_rank","completed":336,"elapsed_seconds":3911.998880587984,"event":"updates","peak_observed_bytes":6508970127}

{"arm":"mean_rank","completed":360,"elapsed_seconds":3977.6695166410645,"event":"updates","peak_observed_bytes":6508970127}

{"arm":"mean_rank","completed":384,"elapsed_seconds":4042.1710547350813,"event":"updates","peak_observed_bytes":6508970127}

{"arm":"mean_rank","completed":408,"elapsed_seconds":4108.052803536993,"event":"updates","peak_observed_bytes":6508970127}

{"arm":"mean_rank","completed":432,"elapsed_seconds":4175.777961891028,"event":"updates","peak_observed_bytes":6508970127}

{"arm":"mean_rank","completed":456,"elapsed_seconds":4514.433237966034,"event":"updates","peak_observed_bytes":7812739900}

{"arm":"mean_rank","completed":480,"elapsed_seconds":4576.843480939046,"event":"updates","peak_observed_bytes":7812739900}

{"arm":"mean_rank","completed":504,"elapsed_seconds":4641.062893916969,"event":"updates","peak_observed_bytes":7812739900}

{"arm":"mean_rank","completed":528,"elapsed_seconds":4706.740579872043,"event":"updates","peak_observed_bytes":7812739900}

{"arm":"mean_rank","completed":552,"elapsed_seconds":4773.609814490075,"event":"updates","peak_observed_bytes":7812739900}

{"arm":"mean_rank","completed":576,"elapsed_seconds":4840.939987943042,"event":"updates","peak_observed_bytes":7812739900}

{"arm":"mean_rank","completed":600,"elapsed_seconds":4908.640816807048,"event":"updates","peak_observed_bytes":7812739900}

{"arm":"mean_rank","completed":624,"elapsed_seconds":4976.772442494053,"event":"updates","peak_observed_bytes":7812739900}

{"arm":"mean_rank","completed":648,"elapsed_seconds":5041.96569563204,"event":"updates","peak_observed_bytes":7812739900}

{"arm":"mean_rank","completed":672,"elapsed_seconds":5107.2905807449715,"event":"updates","peak_observed_bytes":7812739900}

{"arm":"mean_rank","completed":696,"elapsed_seconds":5174.37848925998,"event":"updates","peak_observed_bytes":7812739900}

{"arm":"mean_rank","completed":720,"elapsed_seconds":5244.408897911082,"event":"updates","peak_observed_bytes":7812739900}

{"arm":"mean_rank","completed":744,"elapsed_seconds":5314.919464419014,"event":"updates","peak_observed_bytes":7812739900}

{"arm":"mean_rank","completed":768,"elapsed_seconds":5387.5197498070775,"event":"updates","peak_observed_bytes":7812739900}

{"arm":"mean_rank","completed":792,"elapsed_seconds":5461.840143735986,"event":"updates","peak_observed_bytes":7812739900}

{"arm":"mean_rank","completed":816,"elapsed_seconds":5535.227420333074,"event":"updates","peak_observed_bytes":7812739900}

{"arm":"mean_rank","completed":840,"elapsed_seconds":5604.228895494016,"event":"updates","peak_observed_bytes":7812739900}

{"arm":"mean_rank","completed":864,"elapsed_seconds":5668.506952380063,"event":"updates","peak_observed_bytes":7812739900}

/home/yongpeng/cross-lingual/scripts/step28_chinese_base.py:124: FutureWarning: The `get_sentence_embedding_dimension` method has been renamed to `get_embedding_dimension`.
  if pooling_modes(pool) != [m["pooling"]] or encoder.get_sentence_embedding_dimension() != m["embedding_dim"]:
{"arm":"split_bce","completed":24,"elapsed_seconds":6069.7446412889985,"event":"updates","peak_observed_bytes":9116467868}

{"arm":"split_bce","completed":48,"elapsed_seconds":6199.467249723035,"event":"updates","peak_observed_bytes":9116467868}

{"arm":"split_bce","completed":72,"elapsed_seconds":6328.507905164035,"event":"updates","peak_observed_bytes":9116467868}

{"arm":"split_bce","completed":96,"elapsed_seconds":6456.27451214008,"event":"updates","peak_observed_bytes":9116467868}

{"arm":"split_bce","completed":120,"elapsed_seconds":6582.767829356017,"event":"updates","peak_observed_bytes":9116467868}

{"arm":"split_bce","completed":144,"elapsed_seconds":6715.651679618051,"event":"updates","peak_observed_bytes":9116467868}

{"arm":"split_bce","completed":168,"elapsed_seconds":6842.490997576038,"event":"updates","peak_observed_bytes":9116467868}

{"arm":"split_bce","completed":192,"elapsed_seconds":6977.749520509038,"event":"updates","peak_observed_bytes":9116467868}

{"arm":"split_bce","completed":216,"elapsed_seconds":7103.998821996967,"event":"updates","peak_observed_bytes":9116467868}

{"arm":"split_bce","completed":240,"elapsed_seconds":7230.277795756003,"event":"updates","peak_observed_bytes":9116467868}

{"arm":"split_bce","completed":264,"elapsed_seconds":7356.214749368024,"event":"updates","peak_observed_bytes":9116467868}

{"arm":"split_bce","completed":288,"elapsed_seconds":7485.3287406699965,"event":"updates","peak_observed_bytes":9116467868}

{"arm":"split_bce","completed":312,"elapsed_seconds":7612.095849603997,"event":"updates","peak_observed_bytes":9116467868}

{"arm":"split_bce","completed":336,"elapsed_seconds":7740.267534894985,"event":"updates","peak_observed_bytes":9116467868}

{"arm":"split_bce","completed":360,"elapsed_seconds":7868.3650276460685,"event":"updates","peak_observed_bytes":9116467868}

{"arm":"split_bce","completed":384,"elapsed_seconds":7994.5445397109725,"event":"updates","peak_observed_bytes":9116467868}

{"arm":"split_bce","completed":408,"elapsed_seconds":8123.03918487404,"event":"updates","peak_observed_bytes":9116467868}

{"arm":"split_bce","completed":432,"elapsed_seconds":8254.539691059967,"event":"updates","peak_observed_bytes":9116467868}

{"arm":"split_bce","completed":456,"elapsed_seconds":8892.040127141983,"event":"updates","peak_observed_bytes":10432804300}

{"arm":"split_bce","completed":480,"elapsed_seconds":9014.887433846015,"event":"updates","peak_observed_bytes":10432804300}

{"arm":"split_bce","completed":504,"elapsed_seconds":9141.07012766006,"event":"updates","peak_observed_bytes":10432804300}

{"arm":"split_bce","completed":528,"elapsed_seconds":9270.230188837973,"event":"updates","peak_observed_bytes":10432804300}

{"arm":"split_bce","completed":552,"elapsed_seconds":9402.648922933033,"event":"updates","peak_observed_bytes":10432804300}

{"arm":"split_bce","completed":576,"elapsed_seconds":9535.348160987021,"event":"updates","peak_observed_bytes":10432804300}

{"arm":"split_bce","completed":600,"elapsed_seconds":9666.034233461018,"event":"updates","peak_observed_bytes":10432804300}

{"arm":"split_bce","completed":624,"elapsed_seconds":9799.519845656003,"event":"updates","peak_observed_bytes":10432804300}

{"arm":"split_bce","completed":648,"elapsed_seconds":9927.488328068983,"event":"updates","peak_observed_bytes":10432804300}

{"arm":"split_bce","completed":672,"elapsed_seconds":10055.214030832052,"event":"updates","peak_observed_bytes":10432804300}

{"arm":"split_bce","completed":696,"elapsed_seconds":10180.244296984049,"event":"updates","peak_observed_bytes":10432804300}

{"arm":"split_bce","completed":720,"elapsed_seconds":10309.63739777205,"event":"updates","peak_observed_bytes":10432804300}

{"arm":"split_bce","completed":744,"elapsed_seconds":10437.506949528004,"event":"updates","peak_observed_bytes":10432804300}

{"arm":"split_bce","completed":768,"elapsed_seconds":10566.708198062028,"event":"updates","peak_observed_bytes":10432804300}

{"arm":"split_bce","completed":792,"elapsed_seconds":10697.895967271994,"event":"updates","peak_observed_bytes":10432804300}

{"arm":"split_bce","completed":816,"elapsed_seconds":10828.21053309401,"event":"updates","peak_observed_bytes":10432804300}

{"arm":"split_bce","completed":840,"elapsed_seconds":10958.831865363056,"event":"updates","peak_observed_bytes":10432804300}

{"arm":"split_bce","completed":864,"elapsed_seconds":11083.678630321985,"event":"updates","peak_observed_bytes":10432804300}

/home/yongpeng/cross-lingual/scripts/step28_chinese_base.py:124: FutureWarning: The `get_sentence_embedding_dimension` method has been renamed to `get_embedding_dimension`.
  if pooling_modes(pool) != [m["pooling"]] or encoder.get_sentence_embedding_dimension() != m["embedding_dim"]:
{"arm":"split_rank","completed":24,"elapsed_seconds":11716.923614438972,"event":"updates","peak_observed_bytes":11739678024}

{"arm":"split_rank","completed":48,"elapsed_seconds":11846.950165959075,"event":"updates","peak_observed_bytes":11739678024}

{"arm":"split_rank","completed":72,"elapsed_seconds":11976.454057238065,"event":"updates","peak_observed_bytes":11739678024}

{"arm":"split_rank","completed":96,"elapsed_seconds":12104.587585609057,"event":"updates","peak_observed_bytes":11739678024}

{"arm":"split_rank","completed":120,"elapsed_seconds":12231.568905250053,"event":"updates","peak_observed_bytes":11739678024}

{"arm":"split_rank","completed":144,"elapsed_seconds":12364.976933883037,"event":"updates","peak_observed_bytes":11739678024}

{"arm":"split_rank","completed":168,"elapsed_seconds":12492.386128043057,"event":"updates","peak_observed_bytes":11739678024}

{"arm":"split_rank","completed":192,"elapsed_seconds":12628.248387985048,"event":"updates","peak_observed_bytes":11739678024}

{"arm":"split_rank","completed":216,"elapsed_seconds":12755.187818950973,"event":"updates","peak_observed_bytes":11739678024}

{"arm":"split_rank","completed":240,"elapsed_seconds":12882.138768395991,"event":"updates","peak_observed_bytes":11739678024}

{"arm":"split_rank","completed":264,"elapsed_seconds":13008.668334139045,"event":"updates","peak_observed_bytes":11739678024}

{"arm":"split_rank","completed":288,"elapsed_seconds":13138.527877868968,"event":"updates","peak_observed_bytes":11739678024}

{"arm":"split_rank","completed":312,"elapsed_seconds":13265.978457081015,"event":"updates","peak_observed_bytes":11739678024}

{"arm":"split_rank","completed":336,"elapsed_seconds":13394.69054651307,"event":"updates","peak_observed_bytes":11739678024}

{"arm":"split_rank","completed":360,"elapsed_seconds":13523.53281584708,"event":"updates","peak_observed_bytes":11739678024}

{"arm":"split_rank","completed":384,"elapsed_seconds":13650.701993713039,"event":"updates","peak_observed_bytes":11739678024}

{"arm":"split_rank","completed":408,"elapsed_seconds":13779.957258359995,"event":"updates","peak_observed_bytes":11739678024}

{"arm":"split_rank","completed":432,"elapsed_seconds":13912.269395931042,"event":"updates","peak_observed_bytes":11739678024}

{"arm":"split_rank","completed":456,"elapsed_seconds":14548.45835784101,"event":"updates","peak_observed_bytes":13046577302}

{"arm":"split_rank","completed":480,"elapsed_seconds":14672.036362390034,"event":"updates","peak_observed_bytes":13046577302}

{"arm":"split_rank","completed":504,"elapsed_seconds":14798.97352579399,"event":"updates","peak_observed_bytes":13046577302}

{"arm":"split_rank","completed":528,"elapsed_seconds":14928.19618122303,"event":"updates","peak_observed_bytes":13046577302}

{"arm":"split_rank","completed":552,"elapsed_seconds":15060.511577305035,"event":"updates","peak_observed_bytes":13046577302}

{"arm":"split_rank","completed":576,"elapsed_seconds":15192.960067218053,"event":"updates","peak_observed_bytes":13046577302}

{"arm":"split_rank","completed":600,"elapsed_seconds":15323.62369961699,"event":"updates","peak_observed_bytes":13046577302}

{"arm":"split_rank","completed":624,"elapsed_seconds":15456.882121775998,"event":"updates","peak_observed_bytes":13046577302}

{"arm":"split_rank","completed":648,"elapsed_seconds":15584.741163433064,"event":"updates","peak_observed_bytes":13046577302}

{"arm":"split_rank","completed":672,"elapsed_seconds":15712.294944590074,"event":"updates","peak_observed_bytes":13046577302}

{"arm":"split_rank","completed":696,"elapsed_seconds":15837.36908666999,"event":"updates","peak_observed_bytes":13046577302}

{"arm":"split_rank","completed":720,"elapsed_seconds":15966.451875917031,"event":"updates","peak_observed_bytes":13046577302}

{"arm":"split_rank","completed":744,"elapsed_seconds":16094.227071056026,"event":"updates","peak_observed_bytes":13046577302}

{"arm":"split_rank","completed":768,"elapsed_seconds":16223.322385528008,"event":"updates","peak_observed_bytes":13046577302}

{"arm":"split_rank","completed":792,"elapsed_seconds":16354.255593748996,"event":"updates","peak_observed_bytes":13046577302}

{"arm":"split_rank","completed":816,"elapsed_seconds":16484.42124991899,"event":"updates","peak_observed_bytes":13046577302}

{"arm":"split_rank","completed":840,"elapsed_seconds":16614.98552118498,"event":"updates","peak_observed_bytes":13046577302}

{"arm":"split_rank","completed":864,"elapsed_seconds":16739.640633334988,"event":"updates","peak_observed_bytes":13046577302}

{"out":"/home/yongpeng/cross-lingual/reports/seller_alias_continual/20260924/chinese_execution/20260924_152642/job/run","status":"COMPLETE_CHINESE_BASE_3456_CALIBRATED_VALID_BLIND"}

