	Command being timed: "timeout --signal=TERM --kill-after=30s 45m taskset -c 46 /home/yongpeng/miniconda3/envs/py310/bin/python -u -B scripts/step28_risk_execution_check.py --out reports/cpu_attempt1/evidence"
	User time (seconds): 325.32
	System time (seconds): 14.11
	Percent of CPU this job got: 99%
	Elapsed (wall clock) time (h:mm:ss or m:ss): 5:39.82
	Average shared text size (kbytes): 0
	Average unshared data size (kbytes): 0
	Average stack size (kbytes): 0
	Average total size (kbytes): 0
	Maximum resident set size (kbytes): 14397012
	Average resident set size (kbytes): 0
	Major (requiring I/O) page faults: 0
	Minor (reclaiming a frame) page faults: 14982416
	Voluntary context switches: 4257
	Involuntary context switches: 1441
	Swaps: 0
	File system inputs: 111904
	File system outputs: 31424
	Socket messages sent: 0
	Socket messages received: 0
	Signals delivered: 0
	Page size (bytes): 4096
	Exit status: 0
