	Command being timed: "timeout --signal=TERM --kill-after=30s 1h taskset -c 46 /home/yongpeng/miniconda3/envs/py310/bin/python -u -B scripts/step28_er_weight_check.py --study logit --out /home/yongpeng/cross-lingual/reports/seller_alias_continual/20261002/logit_weight_execution/20261002_153200/workspace/reports/cpu/audit.json"
	User time (seconds): 406.57
	System time (seconds): 16.13
	Percent of CPU this job got: 99%
	Elapsed (wall clock) time (h:mm:ss or m:ss): 7:02.82
	Average shared text size (kbytes): 0
	Average unshared data size (kbytes): 0
	Average stack size (kbytes): 0
	Average total size (kbytes): 0
	Maximum resident set size (kbytes): 10411600
	Average resident set size (kbytes): 0
	Major (requiring I/O) page faults: 1
	Minor (reclaiming a frame) page faults: 15556423
	Voluntary context switches: 91
	Involuntary context switches: 2000
	Swaps: 0
	File system inputs: 14224
	File system outputs: 234088
	Socket messages sent: 0
	Socket messages received: 0
	Signals delivered: 0
	Page size (bytes): 4096
	Exit status: 0
