{"arm":"logit_quarter","event":"updates","handmade_fixture":true,"logical_updates":312,"order":"ABC","stage":2,"stage_updates":24}

{"arm":"logit_quarter","event":"updates","handmade_fixture":true,"logical_updates":336,"order":"ABC","stage":2,"stage_updates":48}

{"arm":"logit_quarter","event":"updates","handmade_fixture":true,"logical_updates":360,"order":"ABC","stage":2,"stage_updates":72}

{"arm":"logit_quarter","event":"updates","handmade_fixture":true,"logical_updates":384,"order":"ABC","stage":2,"stage_updates":96}

{"arm":"logit_quarter","event":"updates","handmade_fixture":true,"logical_updates":408,"order":"ABC","stage":2,"stage_updates":120}

{"arm":"logit_quarter","event":"updates","handmade_fixture":true,"logical_updates":432,"order":"ABC","stage":2,"stage_updates":144}

{"arm":"logit_quarter","event":"updates","handmade_fixture":true,"logical_updates":456,"order":"ABC","stage":2,"stage_updates":168}

{"arm":"logit_quarter","event":"updates","handmade_fixture":true,"logical_updates":480,"order":"ABC","stage":2,"stage_updates":192}

{"arm":"logit_quarter","event":"updates","handmade_fixture":true,"logical_updates":504,"order":"ABC","stage":2,"stage_updates":216}

{"arm":"logit_quarter","event":"updates","handmade_fixture":true,"logical_updates":528,"order":"ABC","stage":2,"stage_updates":240}

{"arm":"logit_quarter","event":"updates","handmade_fixture":true,"logical_updates":552,"order":"ABC","stage":2,"stage_updates":264}

{"arm":"logit_quarter","event":"updates","handmade_fixture":true,"logical_updates":576,"order":"ABC","stage":2,"stage_updates":288}

{"arm":"tenth","event":"updates","handmade_fixture":true,"logical_updates":312,"order":"ABC","stage":2,"stage_updates":24}

{"arm":"tenth","event":"updates","handmade_fixture":true,"logical_updates":336,"order":"ABC","stage":2,"stage_updates":48}

{"arm":"tenth","event":"updates","handmade_fixture":true,"logical_updates":360,"order":"ABC","stage":2,"stage_updates":72}

{"arm":"tenth","event":"updates","handmade_fixture":true,"logical_updates":384,"order":"ABC","stage":2,"stage_updates":96}

{"arm":"tenth","event":"updates","handmade_fixture":true,"logical_updates":408,"order":"ABC","stage":2,"stage_updates":120}

{"arm":"tenth","event":"updates","handmade_fixture":true,"logical_updates":432,"order":"ABC","stage":2,"stage_updates":144}

{"arm":"tenth","event":"updates","handmade_fixture":true,"logical_updates":456,"order":"ABC","stage":2,"stage_updates":168}

{"arm":"tenth","event":"updates","handmade_fixture":true,"logical_updates":480,"order":"ABC","stage":2,"stage_updates":192}

{"arm":"tenth","event":"updates","handmade_fixture":true,"logical_updates":504,"order":"ABC","stage":2,"stage_updates":216}

{"arm":"tenth","event":"updates","handmade_fixture":true,"logical_updates":528,"order":"ABC","stage":2,"stage_updates":240}

{"arm":"tenth","event":"updates","handmade_fixture":true,"logical_updates":552,"order":"ABC","stage":2,"stage_updates":264}

{"arm":"tenth","event":"updates","handmade_fixture":true,"logical_updates":576,"order":"ABC","stage":2,"stage_updates":288}

{"arm":"quarter","event":"native_start"}

{"arm":"quarter","event":"native_end","seconds":173.30466272612102}

{"arm":"logit_quarter","event":"native_start"}

{"arm":"logit_quarter","event":"native_end","seconds":218.47711804881692}

{"native_updates_actually_executed":4,"seconds":420.79566153208725,"status":"PASS_LOGIT_WEIGHT_HANDMADE_CPU"}

