{
  "status": "PASS_ER_WEIGHT_SAVED_RESULT_AUDIT",
  "completed_at_utc": "2026-10-03T02:23:58.960766+00:00",
  "elapsed_seconds": 0.3078178290743381,
  "cpu_affinity": [
    47
  ],
  "script": {
    "bytes": 23557,
    "sha256": "77b30583fe58d23e51f66b2d75012cf45c3919cd73701426294a5caa4e656a1a"
  },
  "helper": {
    "bytes": 24723,
    "sha256": "2fff73cdc0e26843a10dfd35388ade1b31f9ca890d889c4c31f13b98efc1b193"
  },
  "study": "logit",
  "numeric_comparisons": 368052,
  "maximum_absolute_error": 7.105427357601002e-15,
  "maximum_base_loss_decomposition_error": 3.2782554626464844e-07,
  "base_loss_decomposition_atol_rtol": 3e-06,
  "checks": {
    "returned_files": 198,
    "unchanged_frozen_sources": 34,
    "native_weight_hashes_match": 6,
    "logit_target_provenance_orders": 3,
    "matrix_count_sets": 63,
    "stage_csv_rows": 5346
  },
  "comparisons": {
    "logit_quarter_minus_quarter": {
      "passed": 23,
      "total": 23,
      "checks": {
        "old_map_improves": true,
        "old_map_interval_above_zero": true,
        "old_recall5_improves": true,
        "new_map_non_decrease": true,
        "new_recall5_non_decrease": true,
        "O_average_precision_non_degradation": true,
        "O_roc_auc_non_degradation": true,
        "O_brier_non_degradation": true,
        "O_log_loss_non_degradation": true,
        "O_brier_against_raw_reference": true,
        "O_log_loss_against_raw_reference": true,
        "N_average_precision_non_degradation": true,
        "N_roc_auc_non_degradation": true,
        "N_brier_non_degradation": true,
        "N_log_loss_non_degradation": true,
        "N_brier_against_raw_reference": true,
        "N_log_loss_against_raw_reference": true,
        "Z_map_non_degradation": true,
        "Z_recall_at_5_non_degradation": true,
        "Z_average_precision_non_degradation": true,
        "Z_roc_auc_non_degradation": true,
        "Z_brier_non_degradation": true,
        "Z_log_loss_non_degradation": true
      }
    },
    "quarter_minus_seq": {
      "passed": 4,
      "total": 23,
      "checks": {
        "old_map_improves": false,
        "old_map_interval_above_zero": false,
        "old_recall5_improves": false,
        "new_map_non_decrease": false,
        "new_recall5_non_decrease": false,
        "O_average_precision_non_degradation": false,
        "O_roc_auc_non_degradation": false,
        "O_brier_non_degradation": false,
        "O_log_loss_non_degradation": false,
        "O_brier_against_raw_reference": true,
        "O_log_loss_against_raw_reference": true,
        "N_average_precision_non_degradation": false,
        "N_roc_auc_non_degradation": false,
        "N_brier_non_degradation": false,
        "N_log_loss_non_degradation": false,
        "N_brier_against_raw_reference": true,
        "N_log_loss_against_raw_reference": true,
        "Z_map_non_degradation": false,
        "Z_recall_at_5_non_degradation": false,
        "Z_average_precision_non_degradation": false,
        "Z_roc_auc_non_degradation": false,
        "Z_brier_non_degradation": false,
        "Z_log_loss_non_degradation": false
      }
    },
    "logit_quarter_minus_seq": {
      "passed": 16,
      "total": 23,
      "checks": {
        "old_map_improves": true,
        "old_map_interval_above_zero": true,
        "old_recall5_improves": true,
        "new_map_non_decrease": false,
        "new_recall5_non_decrease": false,
        "O_average_precision_non_degradation": true,
        "O_roc_auc_non_degradation": true,
        "O_brier_non_degradation": true,
        "O_log_loss_non_degradation": true,
        "O_brier_against_raw_reference": true,
        "O_log_loss_against_raw_reference": true,
        "N_average_precision_non_degradation": false,
        "N_roc_auc_non_degradation": true,
        "N_brier_non_degradation": false,
        "N_log_loss_non_degradation": true,
        "N_brier_against_raw_reference": true,
        "N_log_loss_against_raw_reference": true,
        "Z_map_non_degradation": false,
        "Z_recall_at_5_non_degradation": true,
        "Z_average_precision_non_degradation": false,
        "Z_roc_auc_non_degradation": true,
        "Z_brier_non_degradation": false,
        "Z_log_loss_non_degradation": true
      }
    }
  },
  "method_checks": {
    "all_guards_against_seq_pass": false,
    "increment_against_matched_er_passes": true,
    "scope": "Separate fixed developed-valid comparisons; no automatic model replacement or new-method qualification"
  },
  "new_label_parses": {
    "train": 0,
    "valid": 0,
    "heldout": 0,
    "owners": 0
  },
  "formal_texts_or_models_loaded": false,
  "limitations": [
    "Saved aggregate metrics audited; label-dependent AP/MAP not recomputed from truth.",
    "Native execution not repeated; weights hashed separately without model loading.",
    "Single seed, developed valid and selection-conditional intervals; no independent test or method novelty claim."
  ]
}
