	Command being timed: "timeout --signal=TERM --kill-after=30s 3h python -u -B scripts/step28_continual_distillation.py train --out /home/yongpeng/cross-lingual/reports/seller_alias_continual/20260915/distillation_execution/20260915_164430/job/run"
	User time (seconds): 4265.09
	System time (seconds): 269.16
	Percent of CPU this job got: 100%
	Elapsed (wall clock) time (h:mm:ss or m:ss): 1:15:31
	Average shared text size (kbytes): 0
	Average unshared data size (kbytes): 0
	Average stack size (kbytes): 0
	Average total size (kbytes): 0
	Maximum resident set size (kbytes): 11085356
	Average resident set size (kbytes): 0
	Major (requiring I/O) page faults: 0
	Minor (reclaiming a frame) page faults: 147533755
	Voluntary context switches: 60395
	Involuntary context switches: 15396
	Swaps: 0
	File system inputs: 48
	File system outputs: 110487480
	Socket messages sent: 0
	Socket messages received: 0
	Signals delivered: 0
	Page size (bytes): 4096
	Exit status: 0
