test_actual_teacher_scores_stage_eviction_rng_and_modes (test_step28_continual_distillation_contracts.TorchContracts) ... ok
test_hand_loss_gradient_and_detached_target (test_step28_continual_distillation_contracts.TorchContracts) ... /home/yongpeng/cross-lingual/tests/test_step28_continual_distillation_contracts.py:211: UserWarning: Converting a tensor with requires_grad=True to a scalar may lead to unexpected behavior.
Consider using tensor.detach() first. (Triggered internally at /pytorch/torch/csrc/autograd/generated/python_variable_methods.cpp:836.)
  self.assertAlmostEqual(float(mse), 2.5)
ok
test_real_update_zero_equivalence_nonzero_reference_and_reload (test_step28_continual_distillation_contracts.TorchContracts) ... ok

----------------------------------------------------------------------
Ran 3 tests in 1.319s

OK
/home/yongpeng/cross-lingual/scripts/step28_continual_population.py:65: FutureWarning: The `get_sentence_embedding_dimension` method has been renamed to `get_embedding_dimension`.
  if encoder.get_sentence_embedding_dimension() != config["model"]["embedding_dim"]:
{"completed":30,"elapsed_seconds":57.037789802998304,"event":"updates","peak_observed_bytes":4591,"segment":"ABC_shared","total":180}

{"completed":60,"elapsed_seconds":97.89273567100099,"event":"updates","peak_observed_bytes":4591,"segment":"ABC_shared","total":180}

{"completed":90,"elapsed_seconds":139.42053785700045,"event":"updates","peak_observed_bytes":4591,"segment":"ABC_shared","total":180}

{"completed":120,"elapsed_seconds":181.5494275380006,"event":"updates","peak_observed_bytes":4591,"segment":"ABC_shared","total":180}

{"completed":150,"elapsed_seconds":222.60100318499826,"event":"updates","peak_observed_bytes":4591,"segment":"ABC_shared","total":180}

{"completed":180,"elapsed_seconds":265.2614959849998,"event":"updates","peak_observed_bytes":4591,"segment":"ABC_shared","total":180}

{"elapsed_seconds":336.18046596099884,"event":"point_reloaded","inference_seconds_including_replay":31.82715545099927,"peak_observed_bytes":5656214614,"point":"ABC_shared","total_point_seconds":70.9183118889996}

{"completed":30,"elapsed_seconds":454.6302769360009,"event":"replay_updates","order":"ABC","peak_observed_bytes":5656419742,"stage":2}

{"completed":60,"elapsed_seconds":539.0429711889992,"event":"replay_updates","order":"ABC","peak_observed_bytes":5656419742,"stage":2}

{"completed":90,"elapsed_seconds":622.1224424559987,"event":"replay_updates","order":"ABC","peak_observed_bytes":5656419742,"stage":2}

{"completed":120,"elapsed_seconds":706.1061694060008,"event":"replay_updates","order":"ABC","peak_observed_bytes":5656419742,"stage":2}

{"completed":150,"elapsed_seconds":789.3714576120001,"event":"replay_updates","order":"ABC","peak_observed_bytes":5656419742,"stage":2}

{"completed":180,"elapsed_seconds":872.2894697230004,"event":"replay_updates","order":"ABC","peak_observed_bytes":5656419742,"stage":2}

{"elapsed_seconds":943.1769185599987,"event":"point_reloaded","inference_seconds_including_replay":31.74112269000034,"peak_observed_bytes":5656569154,"point":"ABC_distill_stage2","total_point_seconds":70.87629587599804}

{"completed":30,"elapsed_seconds":1034.549823276,"event":"replay_updates","order":"ABC","peak_observed_bytes":5656763078,"stage":3}

{"completed":60,"elapsed_seconds":1115.4759185209987,"event":"replay_updates","order":"ABC","peak_observed_bytes":5656763078,"stage":3}

{"completed":90,"elapsed_seconds":1196.5503314939997,"event":"replay_updates","order":"ABC","peak_observed_bytes":5656763078,"stage":3}

{"completed":120,"elapsed_seconds":1277.2650427000008,"event":"replay_updates","order":"ABC","peak_observed_bytes":5656763078,"stage":3}

{"completed":150,"elapsed_seconds":1357.2585192849983,"event":"replay_updates","order":"ABC","peak_observed_bytes":5656763078,"stage":3}

{"completed":180,"elapsed_seconds":1436.7787062749994,"event":"replay_updates","order":"ABC","peak_observed_bytes":5656763078,"stage":3}

{"elapsed_seconds":1508.0541095529989,"event":"point_reloaded","inference_seconds_including_replay":31.926147093003237,"peak_observed_bytes":5656872970,"point":"ABC_distill_stage3","total_point_seconds":71.26443622700026}

/home/yongpeng/cross-lingual/scripts/step28_continual_population.py:65: FutureWarning: The `get_sentence_embedding_dimension` method has been renamed to `get_embedding_dimension`.
  if encoder.get_sentence_embedding_dimension() != config["model"]["embedding_dim"]:
{"completed":30,"elapsed_seconds":1575.0153996199988,"event":"updates","peak_observed_bytes":7543824000,"segment":"BCA_shared","total":180}

{"completed":60,"elapsed_seconds":1615.6052482410014,"event":"updates","peak_observed_bytes":7543824000,"segment":"BCA_shared","total":180}

{"completed":90,"elapsed_seconds":1657.2094533470008,"event":"updates","peak_observed_bytes":7543824000,"segment":"BCA_shared","total":180}

{"completed":120,"elapsed_seconds":1698.935051468001,"event":"updates","peak_observed_bytes":7543824000,"segment":"BCA_shared","total":180}

{"completed":150,"elapsed_seconds":1740.711477506,"event":"updates","peak_observed_bytes":7543824000,"segment":"BCA_shared","total":180}

{"completed":180,"elapsed_seconds":1788.7043700489994,"event":"updates","peak_observed_bytes":7543824000,"segment":"BCA_shared","total":180}

{"elapsed_seconds":1866.656841093998,"event":"point_reloaded","inference_seconds_including_replay":38.41268908500206,"peak_observed_bytes":7543922829,"point":"BCA_shared","total_point_seconds":77.95175577900227}

{"completed":30,"elapsed_seconds":1974.9778539619983,"event":"replay_updates","order":"BCA","peak_observed_bytes":7544099482,"stage":2}

{"completed":60,"elapsed_seconds":2053.480479599999,"event":"replay_updates","order":"BCA","peak_observed_bytes":7544099482,"stage":2}

{"completed":90,"elapsed_seconds":2130.7850895509982,"event":"replay_updates","order":"BCA","peak_observed_bytes":7544099482,"stage":2}

{"completed":120,"elapsed_seconds":2207.2604915109987,"event":"replay_updates","order":"BCA","peak_observed_bytes":7544099482,"stage":2}

{"completed":150,"elapsed_seconds":2281.898151999001,"event":"replay_updates","order":"BCA","peak_observed_bytes":7544099482,"stage":2}

{"completed":180,"elapsed_seconds":2359.1054542070015,"event":"replay_updates","order":"BCA","peak_observed_bytes":7544099482,"stage":2}

{"elapsed_seconds":2429.9888194019986,"event":"point_reloaded","inference_seconds_including_replay":31.67233136500363,"peak_observed_bytes":7544209390,"point":"BCA_distill_stage2","total_point_seconds":70.87359078300142}

{"completed":30,"elapsed_seconds":2522.2634103679993,"event":"replay_updates","order":"BCA","peak_observed_bytes":7544390601,"stage":3}

{"completed":60,"elapsed_seconds":2599.236135678999,"event":"replay_updates","order":"BCA","peak_observed_bytes":7544390601,"stage":3}

{"completed":90,"elapsed_seconds":2676.9286112709997,"event":"replay_updates","order":"BCA","peak_observed_bytes":7544390601,"stage":3}

{"completed":120,"elapsed_seconds":2756.0835322839994,"event":"replay_updates","order":"BCA","peak_observed_bytes":7544390601,"stage":3}

{"completed":150,"elapsed_seconds":2835.0447548640004,"event":"replay_updates","order":"BCA","peak_observed_bytes":7544390601,"stage":3}

{"completed":180,"elapsed_seconds":2912.8229033149983,"event":"replay_updates","order":"BCA","peak_observed_bytes":7544390601,"stage":3}

{"elapsed_seconds":2983.6028082949997,"event":"point_reloaded","inference_seconds_including_replay":31.607379454999318,"peak_observed_bytes":7544500499,"point":"BCA_distill_stage3","total_point_seconds":70.76993889000005}

/home/yongpeng/cross-lingual/scripts/step28_continual_population.py:65: FutureWarning: The `get_sentence_embedding_dimension` method has been renamed to `get_embedding_dimension`.
  if encoder.get_sentence_embedding_dimension() != config["model"]["embedding_dim"]:
{"completed":30,"elapsed_seconds":3050.2607656010005,"event":"updates","peak_observed_bytes":9431451529,"segment":"CAB_shared","total":180}

{"completed":60,"elapsed_seconds":3092.0572913459982,"event":"updates","peak_observed_bytes":9431451529,"segment":"CAB_shared","total":180}

{"completed":90,"elapsed_seconds":3133.6391942359987,"event":"updates","peak_observed_bytes":9431451529,"segment":"CAB_shared","total":180}

{"completed":120,"elapsed_seconds":3175.69426158,"event":"updates","peak_observed_bytes":9431451529,"segment":"CAB_shared","total":180}

{"completed":150,"elapsed_seconds":3216.8632810769996,"event":"updates","peak_observed_bytes":9431451529,"segment":"CAB_shared","total":180}

{"completed":180,"elapsed_seconds":3259.2459265100006,"event":"updates","peak_observed_bytes":9431451529,"segment":"CAB_shared","total":180}

{"elapsed_seconds":3330.196666906999,"event":"point_reloaded","inference_seconds_including_replay":31.69718035200276,"peak_observed_bytes":9431550358,"point":"CAB_shared","total_point_seconds":70.95003285699931}

{"completed":30,"elapsed_seconds":3445.5095798039983,"event":"replay_updates","order":"CAB","peak_observed_bytes":9431751834,"stage":2}

{"completed":60,"elapsed_seconds":3527.4717021920005,"event":"replay_updates","order":"CAB","peak_observed_bytes":9431751834,"stage":2}

{"completed":90,"elapsed_seconds":3610.6567978560015,"event":"replay_updates","order":"CAB","peak_observed_bytes":9431751834,"stage":2}

{"completed":120,"elapsed_seconds":3695.260842702999,"event":"replay_updates","order":"CAB","peak_observed_bytes":9431751834,"stage":2}

{"completed":150,"elapsed_seconds":3779.5978667599993,"event":"replay_updates","order":"CAB","peak_observed_bytes":9431751834,"stage":2}

{"completed":180,"elapsed_seconds":3861.6918982839998,"event":"replay_updates","order":"CAB","peak_observed_bytes":9431751834,"stage":2}

{"elapsed_seconds":3932.6598040339995,"event":"point_reloaded","inference_seconds_including_replay":31.7431044929981,"peak_observed_bytes":9431861743,"point":"CAB_distill_stage2","total_point_seconds":70.95694789299887}

{"completed":30,"elapsed_seconds":4027.92928801,"event":"replay_updates","order":"CAB","peak_observed_bytes":9432063386,"stage":3}

{"completed":60,"elapsed_seconds":4107.23809585,"event":"replay_updates","order":"CAB","peak_observed_bytes":9432063386,"stage":3}

{"completed":90,"elapsed_seconds":4191.670370895001,"event":"replay_updates","order":"CAB","peak_observed_bytes":9432063386,"stage":3}

{"completed":120,"elapsed_seconds":4271.472328706001,"event":"replay_updates","order":"CAB","peak_observed_bytes":9432063386,"stage":3}

{"completed":150,"elapsed_seconds":4356.256000167999,"event":"replay_updates","order":"CAB","peak_observed_bytes":9432063386,"stage":3}

{"completed":180,"elapsed_seconds":4435.685738193999,"event":"replay_updates","order":"CAB","peak_observed_bytes":9432063386,"stage":3}

{"elapsed_seconds":4506.658574435001,"event":"point_reloaded","inference_seconds_including_replay":31.763288239002577,"peak_observed_bytes":9432173196,"point":"CAB_distill_stage3","total_point_seconds":70.96193904100073}

{"out":"/home/yongpeng/cross-lingual/reports/seller_alias_continual/20260915/distillation_execution/20260915_164430/job/run","status":"COMPLETE_BOUNDARY_LOGIT_DISTILLATION_1620_RELOADED_VALID_BLIND"}

