	Command being timed: "timeout --signal=TERM --kill-after=10s 30m taskset -c 0 python -u -B scripts/step28_alias_calibration_audit.py --out /home/yongpeng/cross-lingual/reports/seller_alias_continual/20260928/calibration_implementation/cpu/20260928_121500/evidence"
	User time (seconds): 1.65
	System time (seconds): 0.07
	Percent of CPU this job got: 99%
	Elapsed (wall clock) time (h:mm:ss or m:ss): 0:01.74
	Average shared text size (kbytes): 0
	Average unshared data size (kbytes): 0
	Average stack size (kbytes): 0
	Average total size (kbytes): 0
	Maximum resident set size (kbytes): 90588
	Average resident set size (kbytes): 0
	Major (requiring I/O) page faults: 10
	Minor (reclaiming a frame) page faults: 14674
	Voluntary context switches: 15
	Involuntary context switches: 18
	Swaps: 0
	File system inputs: 1944
	File system outputs: 4728
	Socket messages sent: 0
	Socket messages received: 0
	Signals delivered: 0
	Page size (bytes): 4096
	Exit status: 0
