	Command being timed: "timeout --signal=TERM --kill-after=30s 24h python -u -B scripts/step28_alias_ranking_run.py execute --out /home/yongpeng/cross-lingual/reports/seller_alias_continual/20260927/ranking_execution/20260927_114646/job --audit /home/yongpeng/cross-lingual/reports/seller_alias_continual/20260927/ranking_implementation/cpu/20260927_105450/audit.json --authorization /home/yongpeng/cross-lingual/reports/seller_alias_continual/20260927/ranking_execution/authorization.json"
	User time (seconds): 51726.73
	System time (seconds): 178.26
	Percent of CPU this job got: 99%
	Elapsed (wall clock) time (h:mm:ss or m:ss): 14:25:21
	Average shared text size (kbytes): 0
	Average unshared data size (kbytes): 0
	Average stack size (kbytes): 0
	Average total size (kbytes): 0
	Maximum resident set size (kbytes): 6936424
	Average resident set size (kbytes): 0
	Major (requiring I/O) page faults: 25
	Minor (reclaiming a frame) page faults: 63419713
	Voluntary context switches: 662999
	Involuntary context switches: 1263242
	Swaps: 0
	File system inputs: 26488
	File system outputs: 183447112
	Socket messages sent: 0
	Socket messages received: 0
	Signals delivered: 0
	Page size (bytes): 4096
	Exit status: 0
