/home/yongpeng/cross-lingual/scripts/step28_chinese_base.py:124: FutureWarning: The `get_sentence_embedding_dimension` method has been renamed to `get_embedding_dimension`.
  if pooling_modes(pool) != [m["pooling"]] or encoder.get_sentence_embedding_dimension() != m["embedding_dim"]:
/home/yongpeng/cross-lingual/scripts/step28_chinese_base.py:124: FutureWarning: The `get_sentence_embedding_dimension` method has been renamed to `get_embedding_dimension`.
  if pooling_modes(pool) != [m["pooling"]] or encoder.get_sentence_embedding_dimension() != m["embedding_dim"]:
/home/yongpeng/cross-lingual/scripts/step28_chinese_base.py:124: FutureWarning: The `get_sentence_embedding_dimension` method has been renamed to `get_embedding_dimension`.
  if pooling_modes(pool) != [m["pooling"]] or encoder.get_sentence_embedding_dimension() != m["embedding_dim"]:
/home/yongpeng/cross-lingual/scripts/step28_chinese_base.py:124: FutureWarning: The `get_sentence_embedding_dimension` method has been renamed to `get_embedding_dimension`.
  if pooling_modes(pool) != [m["pooling"]] or encoder.get_sentence_embedding_dimension() != m["embedding_dim"]:
/home/yongpeng/cross-lingual/scripts/step28_chinese_base.py:124: FutureWarning: The `get_sentence_embedding_dimension` method has been renamed to `get_embedding_dimension`.
  if pooling_modes(pool) != [m["pooling"]] or encoder.get_sentence_embedding_dimension() != m["embedding_dim"]:
/home/yongpeng/cross-lingual/scripts/step28_chinese_base.py:124: FutureWarning: The `get_sentence_embedding_dimension` method has been renamed to `get_embedding_dimension`.
  if pooling_modes(pool) != [m["pooling"]] or encoder.get_sentence_embedding_dimension() != m["embedding_dim"]:
/home/yongpeng/cross-lingual/scripts/step28_chinese_base.py:124: FutureWarning: The `get_sentence_embedding_dimension` method has been renamed to `get_embedding_dimension`.
  if pooling_modes(pool) != [m["pooling"]] or encoder.get_sentence_embedding_dimension() != m["embedding_dim"]:
/home/yongpeng/cross-lingual/scripts/step28_chinese_base.py:124: FutureWarning: The `get_sentence_embedding_dimension` method has been renamed to `get_embedding_dimension`.
  if pooling_modes(pool) != [m["pooling"]] or encoder.get_sentence_embedding_dimension() != m["embedding_dim"]:
/home/yongpeng/cross-lingual/scripts/step28_chinese_base.py:124: FutureWarning: The `get_sentence_embedding_dimension` method has been renamed to `get_embedding_dimension`.
  if pooling_modes(pool) != [m["pooling"]] or encoder.get_sentence_embedding_dimension() != m["embedding_dim"]:
/home/yongpeng/cross-lingual/scripts/step28_chinese_base.py:124: FutureWarning: The `get_sentence_embedding_dimension` method has been renamed to `get_embedding_dimension`.
  if pooling_modes(pool) != [m["pooling"]] or encoder.get_sentence_embedding_dimension() != m["embedding_dim"]:
{"completed":24,"elapsed_seconds":161.9566040619975,"encoder_lr":2e-05,"event":"updates","peak_observed_bytes":34614,"run_id":"s0_d"}

{"completed":48,"elapsed_seconds":286.67729348596185,"encoder_lr":2e-05,"event":"updates","peak_observed_bytes":34749,"run_id":"s0_d"}

{"completed":72,"elapsed_seconds":410.86900522804353,"encoder_lr":2e-05,"event":"updates","peak_observed_bytes":34885,"run_id":"s0_d"}

{"completed":96,"elapsed_seconds":539.0232050309423,"encoder_lr":2e-05,"event":"updates","peak_observed_bytes":35021,"run_id":"s0_d"}

{"completed":120,"elapsed_seconds":660.9087887869682,"encoder_lr":2e-05,"event":"updates","peak_observed_bytes":35156,"run_id":"s0_d"}

{"completed":144,"elapsed_seconds":789.0045046210289,"encoder_lr":2e-05,"event":"updates","peak_observed_bytes":35292,"run_id":"s0_d"}

{"completed":168,"elapsed_seconds":911.2890224959701,"encoder_lr":2e-05,"event":"updates","peak_observed_bytes":35428,"run_id":"s0_d"}

{"completed":192,"elapsed_seconds":1041.14073150896,"encoder_lr":2e-05,"event":"updates","peak_observed_bytes":35564,"run_id":"s0_d"}

{"completed":216,"elapsed_seconds":1162.2230404160218,"encoder_lr":2e-05,"event":"updates","peak_observed_bytes":35699,"run_id":"s0_d"}

{"completed":240,"elapsed_seconds":1283.2380458030384,"encoder_lr":2e-05,"event":"updates","peak_observed_bytes":35836,"run_id":"s0_d"}

{"completed":264,"elapsed_seconds":1404.4006501239492,"encoder_lr":2e-05,"event":"updates","peak_observed_bytes":35973,"run_id":"s0_d"}

{"completed":288,"elapsed_seconds":1528.7699752899352,"encoder_lr":2e-05,"event":"updates","peak_observed_bytes":36110,"run_id":"s0_d"}

{"completed":312,"elapsed_seconds":1651.0431274760049,"encoder_lr":2e-05,"event":"updates","peak_observed_bytes":36247,"run_id":"s0_d"}

{"completed":336,"elapsed_seconds":1774.690932421945,"encoder_lr":2e-05,"event":"updates","peak_observed_bytes":36384,"run_id":"s0_d"}

{"completed":360,"elapsed_seconds":1898.4553166199476,"encoder_lr":2e-05,"event":"updates","peak_observed_bytes":36520,"run_id":"s0_d"}

{"completed":384,"elapsed_seconds":2020.4068468109472,"encoder_lr":2e-05,"event":"updates","peak_observed_bytes":36657,"run_id":"s0_d"}

{"completed":408,"elapsed_seconds":2144.5796902809525,"encoder_lr":2e-05,"event":"updates","peak_observed_bytes":36794,"run_id":"s0_d"}

{"completed":432,"elapsed_seconds":2271.66410434898,"encoder_lr":2e-05,"event":"updates","peak_observed_bytes":36931,"run_id":"s0_d"}

{"completed":456,"elapsed_seconds":2893.897223528009,"encoder_lr":2e-05,"event":"updates","peak_observed_bytes":5217838951,"run_id":"s0_d"}

{"completed":480,"elapsed_seconds":3012.4689522569533,"encoder_lr":2e-05,"event":"updates","peak_observed_bytes":5217838951,"run_id":"s0_d"}

{"completed":504,"elapsed_seconds":3134.1648588599637,"encoder_lr":2e-05,"event":"updates","peak_observed_bytes":5217838951,"run_id":"s0_d"}

{"completed":528,"elapsed_seconds":3258.3667098139413,"encoder_lr":2e-05,"event":"updates","peak_observed_bytes":5217838951,"run_id":"s0_d"}

{"completed":552,"elapsed_seconds":3385.6655296810204,"encoder_lr":2e-05,"event":"updates","peak_observed_bytes":5217838951,"run_id":"s0_d"}

{"completed":576,"elapsed_seconds":3512.8889909919817,"encoder_lr":2e-05,"event":"updates","peak_observed_bytes":5217838951,"run_id":"s0_d"}

{"completed":600,"elapsed_seconds":3638.4301230269484,"encoder_lr":2e-05,"event":"updates","peak_observed_bytes":5217838951,"run_id":"s0_d"}

{"completed":624,"elapsed_seconds":3766.432607183,"encoder_lr":2e-05,"event":"updates","peak_observed_bytes":5217838951,"run_id":"s0_d"}

{"completed":648,"elapsed_seconds":3889.043760078028,"encoder_lr":2e-05,"event":"updates","peak_observed_bytes":5217838951,"run_id":"s0_d"}

{"completed":672,"elapsed_seconds":4012.0246572620235,"encoder_lr":2e-05,"event":"updates","peak_observed_bytes":5217838951,"run_id":"s0_d"}

{"completed":696,"elapsed_seconds":4131.7996443599695,"encoder_lr":2e-05,"event":"updates","peak_observed_bytes":5217838951,"run_id":"s0_d"}

{"completed":720,"elapsed_seconds":4255.630002356949,"encoder_lr":2e-05,"event":"updates","peak_observed_bytes":5217838951,"run_id":"s0_d"}

{"completed":744,"elapsed_seconds":4378.380839230027,"encoder_lr":2e-05,"event":"updates","peak_observed_bytes":5217838951,"run_id":"s0_d"}

{"completed":768,"elapsed_seconds":4502.561879229033,"encoder_lr":2e-05,"event":"updates","peak_observed_bytes":5217838951,"run_id":"s0_d"}

{"completed":792,"elapsed_seconds":4628.295015578973,"encoder_lr":2e-05,"event":"updates","peak_observed_bytes":5217838951,"run_id":"s0_d"}

{"completed":816,"elapsed_seconds":4753.278660324984,"encoder_lr":2e-05,"event":"updates","peak_observed_bytes":5217838951,"run_id":"s0_d"}

{"completed":840,"elapsed_seconds":4878.728731843992,"encoder_lr":2e-05,"event":"updates","peak_observed_bytes":5217838951,"run_id":"s0_d"}

{"completed":864,"elapsed_seconds":4998.574853278929,"encoder_lr":2e-05,"event":"updates","peak_observed_bytes":5217838951,"run_id":"s0_d"}

/home/yongpeng/cross-lingual/scripts/step28_chinese_base.py:124: FutureWarning: The `get_sentence_embedding_dimension` method has been renamed to `get_embedding_dimension`.
  if pooling_modes(pool) != [m["pooling"]] or encoder.get_sentence_embedding_dimension() != m["embedding_dim"]:
{"completed":24,"elapsed_seconds":5618.028888080036,"encoder_lr":2.7586206896551725e-06,"event":"updates","peak_observed_bytes":6524743011,"run_id":"s0_schedule"}

{"completed":48,"elapsed_seconds":5742.840313137043,"encoder_lr":5.517241379310345e-06,"event":"updates","peak_observed_bytes":6524743011,"run_id":"s0_schedule"}

{"completed":72,"elapsed_seconds":5867.641190210008,"encoder_lr":8.275862068965518e-06,"event":"updates","peak_observed_bytes":6524743011,"run_id":"s0_schedule"}

{"completed":96,"elapsed_seconds":5995.443082110025,"encoder_lr":9.884169884169885e-06,"event":"updates","peak_observed_bytes":6524743011,"run_id":"s0_schedule"}

{"completed":120,"elapsed_seconds":6117.846788347,"encoder_lr":9.575289575289576e-06,"event":"updates","peak_observed_bytes":6524743011,"run_id":"s0_schedule"}

{"completed":144,"elapsed_seconds":6246.211739816004,"encoder_lr":9.266409266409268e-06,"event":"updates","peak_observed_bytes":6524743011,"run_id":"s0_schedule"}

{"completed":168,"elapsed_seconds":6368.858997336938,"encoder_lr":8.957528957528958e-06,"event":"updates","peak_observed_bytes":6524743011,"run_id":"s0_schedule"}

{"completed":192,"elapsed_seconds":6499.5258513250155,"encoder_lr":8.64864864864865e-06,"event":"updates","peak_observed_bytes":6524743011,"run_id":"s0_schedule"}

{"completed":216,"elapsed_seconds":6621.481979383971,"encoder_lr":8.33976833976834e-06,"event":"updates","peak_observed_bytes":6524743011,"run_id":"s0_schedule"}

{"completed":240,"elapsed_seconds":6743.47710300202,"encoder_lr":8.03088803088803e-06,"event":"updates","peak_observed_bytes":6524743011,"run_id":"s0_schedule"}

{"completed":264,"elapsed_seconds":6865.007935491973,"encoder_lr":7.722007722007722e-06,"event":"updates","peak_observed_bytes":6524743011,"run_id":"s0_schedule"}

{"completed":288,"elapsed_seconds":6989.797828892944,"encoder_lr":7.413127413127414e-06,"event":"updates","peak_observed_bytes":6524743011,"run_id":"s0_schedule"}

{"completed":312,"elapsed_seconds":7112.139266940998,"encoder_lr":7.104247104247105e-06,"event":"updates","peak_observed_bytes":6524743011,"run_id":"s0_schedule"}

{"completed":336,"elapsed_seconds":7236.108047710033,"encoder_lr":6.795366795366796e-06,"event":"updates","peak_observed_bytes":6524743011,"run_id":"s0_schedule"}

{"completed":360,"elapsed_seconds":7359.77317334502,"encoder_lr":6.486486486486487e-06,"event":"updates","peak_observed_bytes":6524743011,"run_id":"s0_schedule"}

{"completed":384,"elapsed_seconds":7481.6578485600185,"encoder_lr":6.177606177606178e-06,"event":"updates","peak_observed_bytes":6524743011,"run_id":"s0_schedule"}

{"completed":408,"elapsed_seconds":7605.85982538003,"encoder_lr":5.86872586872587e-06,"event":"updates","peak_observed_bytes":6524743011,"run_id":"s0_schedule"}

{"completed":432,"elapsed_seconds":7733.056844990933,"encoder_lr":5.55984555984556e-06,"event":"updates","peak_observed_bytes":6524743011,"run_id":"s0_schedule"}

{"completed":456,"elapsed_seconds":8351.708672581939,"encoder_lr":5.250965250965251e-06,"event":"updates","peak_observed_bytes":7831690015,"run_id":"s0_schedule"}

{"completed":480,"elapsed_seconds":8469.90403522097,"encoder_lr":4.9420849420849425e-06,"event":"updates","peak_observed_bytes":7831690015,"run_id":"s0_schedule"}

{"completed":504,"elapsed_seconds":8591.661370886024,"encoder_lr":4.633204633204634e-06,"event":"updates","peak_observed_bytes":7831690015,"run_id":"s0_schedule"}

{"completed":528,"elapsed_seconds":8715.910772436997,"encoder_lr":4.324324324324325e-06,"event":"updates","peak_observed_bytes":7831690015,"run_id":"s0_schedule"}

{"completed":552,"elapsed_seconds":8843.099766894942,"encoder_lr":4.015444015444015e-06,"event":"updates","peak_observed_bytes":7831690015,"run_id":"s0_schedule"}

{"completed":576,"elapsed_seconds":8970.56328458304,"encoder_lr":3.706563706563707e-06,"event":"updates","peak_observed_bytes":7831690015,"run_id":"s0_schedule"}

{"completed":600,"elapsed_seconds":9096.291894734954,"encoder_lr":3.397683397683398e-06,"event":"updates","peak_observed_bytes":7831690015,"run_id":"s0_schedule"}

{"completed":624,"elapsed_seconds":9224.555998670985,"encoder_lr":3.088803088803089e-06,"event":"updates","peak_observed_bytes":7831690015,"run_id":"s0_schedule"}

{"completed":648,"elapsed_seconds":9347.484365304,"encoder_lr":2.77992277992278e-06,"event":"updates","peak_observed_bytes":7831690015,"run_id":"s0_schedule"}

{"completed":672,"elapsed_seconds":9470.28627560893,"encoder_lr":2.4710424710424712e-06,"event":"updates","peak_observed_bytes":7831690015,"run_id":"s0_schedule"}

{"completed":696,"elapsed_seconds":9590.472104151035,"encoder_lr":2.1621621621621623e-06,"event":"updates","peak_observed_bytes":7831690015,"run_id":"s0_schedule"}

{"completed":720,"elapsed_seconds":9714.401793268044,"encoder_lr":1.8532818532818534e-06,"event":"updates","peak_observed_bytes":7831690015,"run_id":"s0_schedule"}

{"completed":744,"elapsed_seconds":9837.171945172013,"encoder_lr":1.5444015444015445e-06,"event":"updates","peak_observed_bytes":7831690015,"run_id":"s0_schedule"}

{"completed":768,"elapsed_seconds":9961.573934236076,"encoder_lr":1.2355212355212356e-06,"event":"updates","peak_observed_bytes":7831690015,"run_id":"s0_schedule"}

{"completed":792,"elapsed_seconds":10087.584855834022,"encoder_lr":9.266409266409267e-07,"event":"updates","peak_observed_bytes":7831690015,"run_id":"s0_schedule"}

{"completed":816,"elapsed_seconds":10212.626088897,"encoder_lr":6.177606177606178e-07,"event":"updates","peak_observed_bytes":7831690015,"run_id":"s0_schedule"}

{"completed":840,"elapsed_seconds":10338.204192575999,"encoder_lr":3.088803088803089e-07,"event":"updates","peak_observed_bytes":7831690015,"run_id":"s0_schedule"}

{"completed":864,"elapsed_seconds":10458.177849010099,"encoder_lr":0.0,"event":"updates","peak_observed_bytes":7831690015,"run_id":"s0_schedule"}

/home/yongpeng/cross-lingual/scripts/step28_chinese_base.py:124: FutureWarning: The `get_sentence_embedding_dimension` method has been renamed to `get_embedding_dimension`.
  if pooling_modes(pool) != [m["pooling"]] or encoder.get_sentence_embedding_dimension() != m["embedding_dim"]:
{"completed":24,"elapsed_seconds":11078.512245204067,"encoder_lr":2.7586206896551725e-06,"event":"updates","peak_observed_bytes":9138594579,"run_id":"s0_hard"}

{"completed":48,"elapsed_seconds":11203.40369451209,"encoder_lr":5.517241379310345e-06,"event":"updates","peak_observed_bytes":9138594579,"run_id":"s0_hard"}

{"completed":72,"elapsed_seconds":11328.139489152003,"encoder_lr":8.275862068965518e-06,"event":"updates","peak_observed_bytes":9138594579,"run_id":"s0_hard"}

{"completed":96,"elapsed_seconds":11455.671150601003,"encoder_lr":9.884169884169885e-06,"event":"updates","peak_observed_bytes":9138594579,"run_id":"s0_hard"}

{"completed":120,"elapsed_seconds":11577.808284760918,"encoder_lr":9.575289575289576e-06,"event":"updates","peak_observed_bytes":9138594579,"run_id":"s0_hard"}

{"completed":144,"elapsed_seconds":11706.329988416983,"encoder_lr":9.266409266409268e-06,"event":"updates","peak_observed_bytes":9138594579,"run_id":"s0_hard"}

{"completed":168,"elapsed_seconds":11829.015629214933,"encoder_lr":8.957528957528958e-06,"event":"updates","peak_observed_bytes":9138594579,"run_id":"s0_hard"}

{"completed":192,"elapsed_seconds":11959.722174068913,"encoder_lr":8.64864864864865e-06,"event":"updates","peak_observed_bytes":9138594579,"run_id":"s0_hard"}

{"completed":216,"elapsed_seconds":12081.411200125935,"encoder_lr":8.33976833976834e-06,"event":"updates","peak_observed_bytes":9138594579,"run_id":"s0_hard"}

{"completed":240,"elapsed_seconds":12202.86290768208,"encoder_lr":8.03088803088803e-06,"event":"updates","peak_observed_bytes":9138594579,"run_id":"s0_hard"}

{"completed":264,"elapsed_seconds":12324.102973439032,"encoder_lr":7.722007722007722e-06,"event":"updates","peak_observed_bytes":9138594579,"run_id":"s0_hard"}

{"completed":288,"elapsed_seconds":12448.471235614037,"encoder_lr":7.413127413127414e-06,"event":"updates","peak_observed_bytes":9138594579,"run_id":"s0_hard"}

{"completed":312,"elapsed_seconds":12570.752949500922,"encoder_lr":7.104247104247105e-06,"event":"updates","peak_observed_bytes":9138594579,"run_id":"s0_hard"}

{"completed":336,"elapsed_seconds":12694.096060265088,"encoder_lr":6.795366795366796e-06,"event":"updates","peak_observed_bytes":9138594579,"run_id":"s0_hard"}

{"completed":360,"elapsed_seconds":12817.667511611944,"encoder_lr":6.486486486486487e-06,"event":"updates","peak_observed_bytes":9138594579,"run_id":"s0_hard"}

{"completed":384,"elapsed_seconds":12939.150544292992,"encoder_lr":6.177606177606178e-06,"event":"updates","peak_observed_bytes":9138594579,"run_id":"s0_hard"}

{"completed":408,"elapsed_seconds":13063.258829382015,"encoder_lr":5.86872586872587e-06,"event":"updates","peak_observed_bytes":9138594579,"run_id":"s0_hard"}

{"completed":432,"elapsed_seconds":13190.051031009993,"encoder_lr":5.55984555984556e-06,"event":"updates","peak_observed_bytes":9138594579,"run_id":"s0_hard"}

{"completed":456,"elapsed_seconds":13809.825617434923,"encoder_lr":5.250965250965251e-06,"event":"updates","peak_observed_bytes":10445531119,"run_id":"s0_hard"}

{"completed":480,"elapsed_seconds":13928.739694919903,"encoder_lr":4.9420849420849425e-06,"event":"updates","peak_observed_bytes":10445531119,"run_id":"s0_hard"}

{"completed":504,"elapsed_seconds":14051.05581339798,"encoder_lr":4.633204633204634e-06,"event":"updates","peak_observed_bytes":10445531119,"run_id":"s0_hard"}

{"completed":528,"elapsed_seconds":14175.558142842958,"encoder_lr":4.324324324324325e-06,"event":"updates","peak_observed_bytes":10445531119,"run_id":"s0_hard"}

{"completed":552,"elapsed_seconds":14302.954531457042,"encoder_lr":4.015444015444015e-06,"event":"updates","peak_observed_bytes":10445531119,"run_id":"s0_hard"}

{"completed":576,"elapsed_seconds":14430.60991056892,"encoder_lr":3.706563706563707e-06,"event":"updates","peak_observed_bytes":10445531119,"run_id":"s0_hard"}

{"completed":600,"elapsed_seconds":14556.483251895988,"encoder_lr":3.397683397683398e-06,"event":"updates","peak_observed_bytes":10445531119,"run_id":"s0_hard"}

{"completed":624,"elapsed_seconds":14684.76619481598,"encoder_lr":3.088803088803089e-06,"event":"updates","peak_observed_bytes":10445531119,"run_id":"s0_hard"}

{"completed":648,"elapsed_seconds":14807.70714906999,"encoder_lr":2.77992277992278e-06,"event":"updates","peak_observed_bytes":10445531119,"run_id":"s0_hard"}

{"completed":672,"elapsed_seconds":14930.857549722074,"encoder_lr":2.4710424710424712e-06,"event":"updates","peak_observed_bytes":10445531119,"run_id":"s0_hard"}

{"completed":696,"elapsed_seconds":15051.065198583994,"encoder_lr":2.1621621621621623e-06,"event":"updates","peak_observed_bytes":10445531119,"run_id":"s0_hard"}

{"completed":720,"elapsed_seconds":15175.48034859309,"encoder_lr":1.8532818532818534e-06,"event":"updates","peak_observed_bytes":10445531119,"run_id":"s0_hard"}

{"completed":744,"elapsed_seconds":15300.001550549874,"encoder_lr":1.5444015444015445e-06,"event":"updates","peak_observed_bytes":10445531119,"run_id":"s0_hard"}

{"completed":768,"elapsed_seconds":15427.070909684058,"encoder_lr":1.2355212355212356e-06,"event":"updates","peak_observed_bytes":10445531119,"run_id":"s0_hard"}

{"completed":792,"elapsed_seconds":15553.307199883042,"encoder_lr":9.266409266409267e-07,"event":"updates","peak_observed_bytes":10445531119,"run_id":"s0_hard"}

{"completed":816,"elapsed_seconds":15683.679783575935,"encoder_lr":6.177606177606178e-07,"event":"updates","peak_observed_bytes":10445531119,"run_id":"s0_hard"}

{"completed":840,"elapsed_seconds":15825.675260165008,"encoder_lr":3.088803088803089e-07,"event":"updates","peak_observed_bytes":10445531119,"run_id":"s0_hard"}

{"completed":864,"elapsed_seconds":15960.455949723022,"encoder_lr":0.0,"event":"updates","peak_observed_bytes":10445531119,"run_id":"s0_hard"}

/home/yongpeng/cross-lingual/scripts/step28_chinese_base.py:124: FutureWarning: The `get_sentence_embedding_dimension` method has been renamed to `get_embedding_dimension`.
  if pooling_modes(pool) != [m["pooling"]] or encoder.get_sentence_embedding_dimension() != m["embedding_dim"]:
{"completed":24,"elapsed_seconds":16763.617803564994,"encoder_lr":2e-05,"event":"updates","peak_observed_bytes":11752435610,"run_id":"s1_d"}

{"completed":48,"elapsed_seconds":16898.29534394387,"encoder_lr":2e-05,"event":"updates","peak_observed_bytes":11752435610,"run_id":"s1_d"}

{"completed":72,"elapsed_seconds":17033.575414753053,"encoder_lr":2e-05,"event":"updates","peak_observed_bytes":11752435610,"run_id":"s1_d"}

{"completed":96,"elapsed_seconds":17169.990927664097,"encoder_lr":2e-05,"event":"updates","peak_observed_bytes":11752435610,"run_id":"s1_d"}

{"completed":120,"elapsed_seconds":17299.938513447065,"encoder_lr":2e-05,"event":"updates","peak_observed_bytes":11752435610,"run_id":"s1_d"}

{"completed":144,"elapsed_seconds":17456.878910339903,"encoder_lr":2e-05,"event":"updates","peak_observed_bytes":11752435610,"run_id":"s1_d"}

{"completed":168,"elapsed_seconds":17621.981266042916,"encoder_lr":2e-05,"event":"updates","peak_observed_bytes":11752435610,"run_id":"s1_d"}

{"completed":192,"elapsed_seconds":17781.335622788873,"encoder_lr":2e-05,"event":"updates","peak_observed_bytes":11752435610,"run_id":"s1_d"}

{"completed":216,"elapsed_seconds":17928.510684506968,"encoder_lr":2e-05,"event":"updates","peak_observed_bytes":11752435610,"run_id":"s1_d"}

{"completed":240,"elapsed_seconds":18078.351453386946,"encoder_lr":2e-05,"event":"updates","peak_observed_bytes":11752435610,"run_id":"s1_d"}

{"completed":264,"elapsed_seconds":18226.668908335967,"encoder_lr":2e-05,"event":"updates","peak_observed_bytes":11752435610,"run_id":"s1_d"}

{"completed":288,"elapsed_seconds":18368.30258354009,"encoder_lr":2e-05,"event":"updates","peak_observed_bytes":11752435610,"run_id":"s1_d"}

{"completed":312,"elapsed_seconds":18516.2999946801,"encoder_lr":2e-05,"event":"updates","peak_observed_bytes":11752435610,"run_id":"s1_d"}

{"completed":336,"elapsed_seconds":18654.816705934936,"encoder_lr":2e-05,"event":"updates","peak_observed_bytes":11752435610,"run_id":"s1_d"}

{"completed":360,"elapsed_seconds":18785.23838238395,"encoder_lr":2e-05,"event":"updates","peak_observed_bytes":11752435610,"run_id":"s1_d"}

{"completed":384,"elapsed_seconds":18920.036094453884,"encoder_lr":2e-05,"event":"updates","peak_observed_bytes":11752435610,"run_id":"s1_d"}

{"completed":408,"elapsed_seconds":19047.27208875306,"encoder_lr":2e-05,"event":"updates","peak_observed_bytes":11752435610,"run_id":"s1_d"}

{"completed":432,"elapsed_seconds":19172.825789633906,"encoder_lr":2e-05,"event":"updates","peak_observed_bytes":11752435610,"run_id":"s1_d"}

{"completed":456,"elapsed_seconds":19804.45944573288,"encoder_lr":2e-05,"event":"updates","peak_observed_bytes":13059371917,"run_id":"s1_d"}

{"completed":480,"elapsed_seconds":19926.521482957993,"encoder_lr":2e-05,"event":"updates","peak_observed_bytes":13059371917,"run_id":"s1_d"}

{"completed":504,"elapsed_seconds":20057.459284615004,"encoder_lr":2e-05,"event":"updates","peak_observed_bytes":13059371917,"run_id":"s1_d"}

{"completed":528,"elapsed_seconds":20182.375263847876,"encoder_lr":2e-05,"event":"updates","peak_observed_bytes":13059371917,"run_id":"s1_d"}

{"completed":552,"elapsed_seconds":20310.983936382923,"encoder_lr":2e-05,"event":"updates","peak_observed_bytes":13059371917,"run_id":"s1_d"}

{"completed":576,"elapsed_seconds":20439.254226621008,"encoder_lr":2e-05,"event":"updates","peak_observed_bytes":13059371917,"run_id":"s1_d"}

{"completed":600,"elapsed_seconds":20564.086849673884,"encoder_lr":2e-05,"event":"updates","peak_observed_bytes":13059371917,"run_id":"s1_d"}

{"completed":624,"elapsed_seconds":20686.335165560013,"encoder_lr":2e-05,"event":"updates","peak_observed_bytes":13059371917,"run_id":"s1_d"}

{"completed":648,"elapsed_seconds":20811.77205040492,"encoder_lr":2e-05,"event":"updates","peak_observed_bytes":13059371917,"run_id":"s1_d"}

{"completed":672,"elapsed_seconds":20937.05343373702,"encoder_lr":2e-05,"event":"updates","peak_observed_bytes":13059371917,"run_id":"s1_d"}

{"completed":696,"elapsed_seconds":21066.213245549938,"encoder_lr":2e-05,"event":"updates","peak_observed_bytes":13059371917,"run_id":"s1_d"}

{"completed":720,"elapsed_seconds":21192.508717332035,"encoder_lr":2e-05,"event":"updates","peak_observed_bytes":13059371917,"run_id":"s1_d"}

{"completed":744,"elapsed_seconds":21322.422625961015,"encoder_lr":2e-05,"event":"updates","peak_observed_bytes":13059371917,"run_id":"s1_d"}

{"completed":768,"elapsed_seconds":21444.635438815923,"encoder_lr":2e-05,"event":"updates","peak_observed_bytes":13059371917,"run_id":"s1_d"}

{"completed":792,"elapsed_seconds":21582.77681589406,"encoder_lr":2e-05,"event":"updates","peak_observed_bytes":13059371917,"run_id":"s1_d"}

{"completed":816,"elapsed_seconds":21713.45570732304,"encoder_lr":2e-05,"event":"updates","peak_observed_bytes":13059371917,"run_id":"s1_d"}

{"completed":840,"elapsed_seconds":21851.544858901994,"encoder_lr":2e-05,"event":"updates","peak_observed_bytes":13059371917,"run_id":"s1_d"}

{"completed":864,"elapsed_seconds":21989.598350726068,"encoder_lr":2e-05,"event":"updates","peak_observed_bytes":13059371917,"run_id":"s1_d"}

/home/yongpeng/cross-lingual/scripts/step28_chinese_base.py:124: FutureWarning: The `get_sentence_embedding_dimension` method has been renamed to `get_embedding_dimension`.
  if pooling_modes(pool) != [m["pooling"]] or encoder.get_sentence_embedding_dimension() != m["embedding_dim"]:
{"completed":24,"elapsed_seconds":22754.227001668885,"encoder_lr":2.7586206896551725e-06,"event":"updates","peak_observed_bytes":14366276003,"run_id":"s1_schedule"}

{"completed":48,"elapsed_seconds":22903.127816780005,"encoder_lr":5.517241379310345e-06,"event":"updates","peak_observed_bytes":14366276003,"run_id":"s1_schedule"}

{"completed":72,"elapsed_seconds":23051.681789505063,"encoder_lr":8.275862068965518e-06,"event":"updates","peak_observed_bytes":14366276003,"run_id":"s1_schedule"}

{"completed":96,"elapsed_seconds":23214.47629373707,"encoder_lr":9.884169884169885e-06,"event":"updates","peak_observed_bytes":14366276003,"run_id":"s1_schedule"}

{"completed":120,"elapsed_seconds":23349.491215873975,"encoder_lr":9.575289575289576e-06,"event":"updates","peak_observed_bytes":14366276003,"run_id":"s1_schedule"}

{"completed":144,"elapsed_seconds":23489.398254524916,"encoder_lr":9.266409266409268e-06,"event":"updates","peak_observed_bytes":14366276003,"run_id":"s1_schedule"}

{"completed":168,"elapsed_seconds":23627.90942920395,"encoder_lr":8.957528957528958e-06,"event":"updates","peak_observed_bytes":14366276003,"run_id":"s1_schedule"}

{"completed":192,"elapsed_seconds":23772.12633116287,"encoder_lr":8.64864864864865e-06,"event":"updates","peak_observed_bytes":14366276003,"run_id":"s1_schedule"}

{"completed":216,"elapsed_seconds":23907.276229219977,"encoder_lr":8.33976833976834e-06,"event":"updates","peak_observed_bytes":14366276003,"run_id":"s1_schedule"}

{"completed":240,"elapsed_seconds":24046.935889435932,"encoder_lr":8.03088803088803e-06,"event":"updates","peak_observed_bytes":14366276003,"run_id":"s1_schedule"}

{"completed":264,"elapsed_seconds":24180.36479521892,"encoder_lr":7.722007722007722e-06,"event":"updates","peak_observed_bytes":14366276003,"run_id":"s1_schedule"}

{"completed":288,"elapsed_seconds":24317.003038289025,"encoder_lr":7.413127413127414e-06,"event":"updates","peak_observed_bytes":14366276003,"run_id":"s1_schedule"}

{"completed":312,"elapsed_seconds":24457.145022755954,"encoder_lr":7.104247104247105e-06,"event":"updates","peak_observed_bytes":14366276003,"run_id":"s1_schedule"}

{"completed":336,"elapsed_seconds":24595.70027429401,"encoder_lr":6.795366795366796e-06,"event":"updates","peak_observed_bytes":14366276003,"run_id":"s1_schedule"}

{"completed":360,"elapsed_seconds":24727.48398637888,"encoder_lr":6.486486486486487e-06,"event":"updates","peak_observed_bytes":14366276003,"run_id":"s1_schedule"}

{"completed":384,"elapsed_seconds":24863.97085430799,"encoder_lr":6.177606177606178e-06,"event":"updates","peak_observed_bytes":14366276003,"run_id":"s1_schedule"}

{"completed":408,"elapsed_seconds":25001.973745446885,"encoder_lr":5.86872586872587e-06,"event":"updates","peak_observed_bytes":14366276003,"run_id":"s1_schedule"}

{"completed":432,"elapsed_seconds":25134.95281103789,"encoder_lr":5.55984555984556e-06,"event":"updates","peak_observed_bytes":14366276003,"run_id":"s1_schedule"}

{"completed":456,"elapsed_seconds":25936.985969979083,"encoder_lr":5.250965250965251e-06,"event":"updates","peak_observed_bytes":15673212535,"run_id":"s1_schedule"}

{"completed":480,"elapsed_seconds":26067.931246147025,"encoder_lr":4.9420849420849425e-06,"event":"updates","peak_observed_bytes":15673212535,"run_id":"s1_schedule"}

{"completed":504,"elapsed_seconds":26205.212317887926,"encoder_lr":4.633204633204634e-06,"event":"updates","peak_observed_bytes":15673212535,"run_id":"s1_schedule"}

{"completed":528,"elapsed_seconds":26334.518236340955,"encoder_lr":4.324324324324325e-06,"event":"updates","peak_observed_bytes":15673212535,"run_id":"s1_schedule"}

{"completed":552,"elapsed_seconds":26472.98410992208,"encoder_lr":4.015444015444015e-06,"event":"updates","peak_observed_bytes":15673212535,"run_id":"s1_schedule"}

{"completed":576,"elapsed_seconds":26612.64492105902,"encoder_lr":3.706563706563707e-06,"event":"updates","peak_observed_bytes":15673212535,"run_id":"s1_schedule"}

{"completed":600,"elapsed_seconds":26749.09177728393,"encoder_lr":3.397683397683398e-06,"event":"updates","peak_observed_bytes":15673212535,"run_id":"s1_schedule"}

{"completed":624,"elapsed_seconds":26883.933498888044,"encoder_lr":3.088803088803089e-06,"event":"updates","peak_observed_bytes":15673212535,"run_id":"s1_schedule"}

{"completed":648,"elapsed_seconds":27021.394642151892,"encoder_lr":2.77992277992278e-06,"event":"updates","peak_observed_bytes":15673212535,"run_id":"s1_schedule"}

{"completed":672,"elapsed_seconds":27159.610673510935,"encoder_lr":2.4710424710424712e-06,"event":"updates","peak_observed_bytes":15673212535,"run_id":"s1_schedule"}

{"completed":696,"elapsed_seconds":27287.452040072065,"encoder_lr":2.1621621621621623e-06,"event":"updates","peak_observed_bytes":15673212535,"run_id":"s1_schedule"}

{"completed":720,"elapsed_seconds":27410.934215118876,"encoder_lr":1.8532818532818534e-06,"event":"updates","peak_observed_bytes":15673212535,"run_id":"s1_schedule"}

{"completed":744,"elapsed_seconds":27534.943078421988,"encoder_lr":1.5444015444015445e-06,"event":"updates","peak_observed_bytes":15673212535,"run_id":"s1_schedule"}

{"completed":768,"elapsed_seconds":27656.067429624032,"encoder_lr":1.2355212355212356e-06,"event":"updates","peak_observed_bytes":15673212535,"run_id":"s1_schedule"}

{"completed":792,"elapsed_seconds":27784.63112999499,"encoder_lr":9.266409266409267e-07,"event":"updates","peak_observed_bytes":15673212535,"run_id":"s1_schedule"}

{"completed":816,"elapsed_seconds":27908.61035170895,"encoder_lr":6.177606177606178e-07,"event":"updates","peak_observed_bytes":15673212535,"run_id":"s1_schedule"}

{"completed":840,"elapsed_seconds":28032.979865458095,"encoder_lr":3.088803088803089e-07,"event":"updates","peak_observed_bytes":15673212535,"run_id":"s1_schedule"}

{"completed":864,"elapsed_seconds":28155.06833713106,"encoder_lr":0.0,"event":"updates","peak_observed_bytes":15673212535,"run_id":"s1_schedule"}

/home/yongpeng/cross-lingual/scripts/step28_chinese_base.py:124: FutureWarning: The `get_sentence_embedding_dimension` method has been renamed to `get_embedding_dimension`.
  if pooling_modes(pool) != [m["pooling"]] or encoder.get_sentence_embedding_dimension() != m["embedding_dim"]:
{"completed":24,"elapsed_seconds":28775.33004752989,"encoder_lr":2.7586206896551725e-06,"event":"updates","peak_observed_bytes":16980117130,"run_id":"s1_hard"}

{"completed":48,"elapsed_seconds":28896.637817458948,"encoder_lr":5.517241379310345e-06,"event":"updates","peak_observed_bytes":16980117130,"run_id":"s1_hard"}

{"completed":72,"elapsed_seconds":29022.06550961896,"encoder_lr":8.275862068965518e-06,"event":"updates","peak_observed_bytes":16980117130,"run_id":"s1_hard"}

{"completed":96,"elapsed_seconds":29153.37382408604,"encoder_lr":9.884169884169885e-06,"event":"updates","peak_observed_bytes":16980117130,"run_id":"s1_hard"}

{"completed":120,"elapsed_seconds":29277.932470991975,"encoder_lr":9.575289575289576e-06,"event":"updates","peak_observed_bytes":16980117130,"run_id":"s1_hard"}

{"completed":144,"elapsed_seconds":29404.723988886923,"encoder_lr":9.266409266409268e-06,"event":"updates","peak_observed_bytes":16980117130,"run_id":"s1_hard"}

{"completed":168,"elapsed_seconds":29531.20920013101,"encoder_lr":8.957528957528958e-06,"event":"updates","peak_observed_bytes":16980117130,"run_id":"s1_hard"}

{"completed":192,"elapsed_seconds":29661.506801212905,"encoder_lr":8.64864864864865e-06,"event":"updates","peak_observed_bytes":16980117130,"run_id":"s1_hard"}

{"completed":216,"elapsed_seconds":29781.448319711955,"encoder_lr":8.33976833976834e-06,"event":"updates","peak_observed_bytes":16980117130,"run_id":"s1_hard"}

{"completed":240,"elapsed_seconds":29906.339612412034,"encoder_lr":8.03088803088803e-06,"event":"updates","peak_observed_bytes":16980117130,"run_id":"s1_hard"}

{"completed":264,"elapsed_seconds":30024.703395345015,"encoder_lr":7.722007722007722e-06,"event":"updates","peak_observed_bytes":16980117130,"run_id":"s1_hard"}

{"completed":288,"elapsed_seconds":30147.42725139507,"encoder_lr":7.413127413127414e-06,"event":"updates","peak_observed_bytes":16980117130,"run_id":"s1_hard"}

{"completed":312,"elapsed_seconds":30275.303100950085,"encoder_lr":7.104247104247105e-06,"event":"updates","peak_observed_bytes":16980117130,"run_id":"s1_hard"}

{"completed":336,"elapsed_seconds":30400.7632434431,"encoder_lr":6.795366795366796e-06,"event":"updates","peak_observed_bytes":16980117130,"run_id":"s1_hard"}

{"completed":360,"elapsed_seconds":30522.832315203967,"encoder_lr":6.486486486486487e-06,"event":"updates","peak_observed_bytes":16980117130,"run_id":"s1_hard"}

{"completed":384,"elapsed_seconds":30644.80707454891,"encoder_lr":6.177606177606178e-06,"event":"updates","peak_observed_bytes":16980117130,"run_id":"s1_hard"}

{"completed":408,"elapsed_seconds":30770.48219918902,"encoder_lr":5.86872586872587e-06,"event":"updates","peak_observed_bytes":16980117130,"run_id":"s1_hard"}

{"completed":432,"elapsed_seconds":30892.52433500602,"encoder_lr":5.55984555984556e-06,"event":"updates","peak_observed_bytes":16980117130,"run_id":"s1_hard"}

{"completed":456,"elapsed_seconds":31512.643997997046,"encoder_lr":5.250965250965251e-06,"event":"updates","peak_observed_bytes":18287053675,"run_id":"s1_hard"}

{"completed":480,"elapsed_seconds":31633.407206021016,"encoder_lr":4.9420849420849425e-06,"event":"updates","peak_observed_bytes":18287053675,"run_id":"s1_hard"}

{"completed":504,"elapsed_seconds":31758.038589177886,"encoder_lr":4.633204633204634e-06,"event":"updates","peak_observed_bytes":18287053675,"run_id":"s1_hard"}

{"completed":528,"elapsed_seconds":31880.65258272807,"encoder_lr":4.324324324324325e-06,"event":"updates","peak_observed_bytes":18287053675,"run_id":"s1_hard"}

{"completed":552,"elapsed_seconds":32005.918455658015,"encoder_lr":4.015444015444015e-06,"event":"updates","peak_observed_bytes":18287053675,"run_id":"s1_hard"}

{"completed":576,"elapsed_seconds":32133.584917091997,"encoder_lr":3.706563706563707e-06,"event":"updates","peak_observed_bytes":18287053675,"run_id":"s1_hard"}

{"completed":600,"elapsed_seconds":32257.496175966924,"encoder_lr":3.397683397683398e-06,"event":"updates","peak_observed_bytes":18287053675,"run_id":"s1_hard"}

{"completed":624,"elapsed_seconds":32379.48035199009,"encoder_lr":3.088803088803089e-06,"event":"updates","peak_observed_bytes":18287053675,"run_id":"s1_hard"}

{"completed":648,"elapsed_seconds":32504.54626433691,"encoder_lr":2.77992277992278e-06,"event":"updates","peak_observed_bytes":18287053675,"run_id":"s1_hard"}

{"completed":672,"elapsed_seconds":32629.801337284036,"encoder_lr":2.4710424710424712e-06,"event":"updates","peak_observed_bytes":18287053675,"run_id":"s1_hard"}

{"completed":696,"elapsed_seconds":32754.51760524395,"encoder_lr":2.1621621621621623e-06,"event":"updates","peak_observed_bytes":18287053675,"run_id":"s1_hard"}

{"completed":720,"elapsed_seconds":32878.33974026702,"encoder_lr":1.8532818532818534e-06,"event":"updates","peak_observed_bytes":18287053675,"run_id":"s1_hard"}

{"completed":744,"elapsed_seconds":33002.495910004945,"encoder_lr":1.5444015444015445e-06,"event":"updates","peak_observed_bytes":18287053675,"run_id":"s1_hard"}

{"completed":768,"elapsed_seconds":33123.673698080005,"encoder_lr":1.2355212355212356e-06,"event":"updates","peak_observed_bytes":18287053675,"run_id":"s1_hard"}

{"completed":792,"elapsed_seconds":33252.57894420088,"encoder_lr":9.266409266409267e-07,"event":"updates","peak_observed_bytes":18287053675,"run_id":"s1_hard"}

{"completed":816,"elapsed_seconds":33376.56002747896,"encoder_lr":6.177606177606178e-07,"event":"updates","peak_observed_bytes":18287053675,"run_id":"s1_hard"}

{"completed":840,"elapsed_seconds":33500.69734297902,"encoder_lr":3.088803088803089e-07,"event":"updates","peak_observed_bytes":18287053675,"run_id":"s1_hard"}

{"completed":864,"elapsed_seconds":33629.219197455095,"encoder_lr":0.0,"event":"updates","peak_observed_bytes":18287053675,"run_id":"s1_hard"}

/home/yongpeng/cross-lingual/scripts/step28_chinese_base.py:124: FutureWarning: The `get_sentence_embedding_dimension` method has been renamed to `get_embedding_dimension`.
  if pooling_modes(pool) != [m["pooling"]] or encoder.get_sentence_embedding_dimension() != m["embedding_dim"]:
{"completed":24,"elapsed_seconds":34373.555541120935,"encoder_lr":2e-05,"event":"updates","peak_observed_bytes":19593958171,"run_id":"s2_d"}

{"completed":48,"elapsed_seconds":34518.36885979702,"encoder_lr":2e-05,"event":"updates","peak_observed_bytes":19593958171,"run_id":"s2_d"}

{"completed":72,"elapsed_seconds":34663.72525666887,"encoder_lr":2e-05,"event":"updates","peak_observed_bytes":19593958171,"run_id":"s2_d"}

{"completed":96,"elapsed_seconds":34811.28521837108,"encoder_lr":2e-05,"event":"updates","peak_observed_bytes":19593958171,"run_id":"s2_d"}

{"completed":120,"elapsed_seconds":34956.21132255695,"encoder_lr":2e-05,"event":"updates","peak_observed_bytes":19593958171,"run_id":"s2_d"}

{"completed":144,"elapsed_seconds":35085.847183604026,"encoder_lr":2e-05,"event":"updates","peak_observed_bytes":19593958171,"run_id":"s2_d"}

{"completed":168,"elapsed_seconds":35221.87063957588,"encoder_lr":2e-05,"event":"updates","peak_observed_bytes":19593958171,"run_id":"s2_d"}

{"completed":192,"elapsed_seconds":35355.81036147708,"encoder_lr":2e-05,"event":"updates","peak_observed_bytes":19593958171,"run_id":"s2_d"}

{"completed":216,"elapsed_seconds":35491.452327809064,"encoder_lr":2e-05,"event":"updates","peak_observed_bytes":19593958171,"run_id":"s2_d"}

{"completed":240,"elapsed_seconds":35628.85467443103,"encoder_lr":2e-05,"event":"updates","peak_observed_bytes":19593958171,"run_id":"s2_d"}

{"completed":264,"elapsed_seconds":35761.500545396935,"encoder_lr":2e-05,"event":"updates","peak_observed_bytes":19593958171,"run_id":"s2_d"}

{"completed":288,"elapsed_seconds":35900.3763342069,"encoder_lr":2e-05,"event":"updates","peak_observed_bytes":19593958171,"run_id":"s2_d"}

{"completed":312,"elapsed_seconds":36036.49000321003,"encoder_lr":2e-05,"event":"updates","peak_observed_bytes":19593958171,"run_id":"s2_d"}

{"completed":336,"elapsed_seconds":36174.80513870902,"encoder_lr":2e-05,"event":"updates","peak_observed_bytes":19593958171,"run_id":"s2_d"}

{"completed":360,"elapsed_seconds":36308.16070573591,"encoder_lr":2e-05,"event":"updates","peak_observed_bytes":19593958171,"run_id":"s2_d"}

{"completed":384,"elapsed_seconds":36445.979751457926,"encoder_lr":2e-05,"event":"updates","peak_observed_bytes":19593958171,"run_id":"s2_d"}

{"completed":408,"elapsed_seconds":36580.231707016006,"encoder_lr":2e-05,"event":"updates","peak_observed_bytes":19593958171,"run_id":"s2_d"}

{"completed":432,"elapsed_seconds":36721.9468532661,"encoder_lr":2e-05,"event":"updates","peak_observed_bytes":19593958171,"run_id":"s2_d"}

{"completed":456,"elapsed_seconds":37542.69695193507,"encoder_lr":2e-05,"event":"updates","peak_observed_bytes":20900894471,"run_id":"s2_d"}

{"completed":480,"elapsed_seconds":37678.25088991807,"encoder_lr":2e-05,"event":"updates","peak_observed_bytes":20900894471,"run_id":"s2_d"}

{"completed":504,"elapsed_seconds":37814.85597349494,"encoder_lr":2e-05,"event":"updates","peak_observed_bytes":20900894471,"run_id":"s2_d"}

{"completed":528,"elapsed_seconds":37951.67693221895,"encoder_lr":2e-05,"event":"updates","peak_observed_bytes":20900894471,"run_id":"s2_d"}

{"completed":552,"elapsed_seconds":38081.341583905974,"encoder_lr":2e-05,"event":"updates","peak_observed_bytes":20900894471,"run_id":"s2_d"}

{"completed":576,"elapsed_seconds":38217.54105034191,"encoder_lr":2e-05,"event":"updates","peak_observed_bytes":20900894471,"run_id":"s2_d"}

{"completed":600,"elapsed_seconds":38347.957441838924,"encoder_lr":2e-05,"event":"updates","peak_observed_bytes":20900894471,"run_id":"s2_d"}

{"completed":624,"elapsed_seconds":38475.42724548094,"encoder_lr":2e-05,"event":"updates","peak_observed_bytes":20900894471,"run_id":"s2_d"}

{"completed":648,"elapsed_seconds":38602.95289589488,"encoder_lr":2e-05,"event":"updates","peak_observed_bytes":20900894471,"run_id":"s2_d"}

{"completed":672,"elapsed_seconds":38721.72683926509,"encoder_lr":2e-05,"event":"updates","peak_observed_bytes":20900894471,"run_id":"s2_d"}

{"completed":696,"elapsed_seconds":38852.47850399208,"encoder_lr":2e-05,"event":"updates","peak_observed_bytes":20900894471,"run_id":"s2_d"}

{"completed":720,"elapsed_seconds":38976.6538854721,"encoder_lr":2e-05,"event":"updates","peak_observed_bytes":20900894471,"run_id":"s2_d"}

{"completed":744,"elapsed_seconds":39109.335432027,"encoder_lr":2e-05,"event":"updates","peak_observed_bytes":20900894471,"run_id":"s2_d"}

{"completed":768,"elapsed_seconds":39245.80365191307,"encoder_lr":2e-05,"event":"updates","peak_observed_bytes":20900894471,"run_id":"s2_d"}

{"completed":792,"elapsed_seconds":39386.17655067588,"encoder_lr":2e-05,"event":"updates","peak_observed_bytes":20900894471,"run_id":"s2_d"}

{"completed":816,"elapsed_seconds":39526.99063904793,"encoder_lr":2e-05,"event":"updates","peak_observed_bytes":20900894471,"run_id":"s2_d"}

{"completed":840,"elapsed_seconds":39667.553816604894,"encoder_lr":2e-05,"event":"updates","peak_observed_bytes":20900894471,"run_id":"s2_d"}

{"completed":864,"elapsed_seconds":39806.010892874096,"encoder_lr":2e-05,"event":"updates","peak_observed_bytes":20900894471,"run_id":"s2_d"}

/home/yongpeng/cross-lingual/scripts/step28_chinese_base.py:124: FutureWarning: The `get_sentence_embedding_dimension` method has been renamed to `get_embedding_dimension`.
  if pooling_modes(pool) != [m["pooling"]] or encoder.get_sentence_embedding_dimension() != m["embedding_dim"]:
{"completed":24,"elapsed_seconds":40523.728373182006,"encoder_lr":2.7586206896551725e-06,"event":"updates","peak_observed_bytes":22207798539,"run_id":"s2_schedule"}

{"completed":48,"elapsed_seconds":40646.16239362699,"encoder_lr":5.517241379310345e-06,"event":"updates","peak_observed_bytes":22207798539,"run_id":"s2_schedule"}

{"completed":72,"elapsed_seconds":40777.915186750004,"encoder_lr":8.275862068965518e-06,"event":"updates","peak_observed_bytes":22207798539,"run_id":"s2_schedule"}

{"completed":96,"elapsed_seconds":40905.318239527056,"encoder_lr":9.884169884169885e-06,"event":"updates","peak_observed_bytes":22207798539,"run_id":"s2_schedule"}

{"completed":120,"elapsed_seconds":41037.35160879395,"encoder_lr":9.575289575289576e-06,"event":"updates","peak_observed_bytes":22207798539,"run_id":"s2_schedule"}

{"completed":144,"elapsed_seconds":41157.89720896492,"encoder_lr":9.266409266409268e-06,"event":"updates","peak_observed_bytes":22207798539,"run_id":"s2_schedule"}

{"completed":168,"elapsed_seconds":41288.217553745024,"encoder_lr":8.957528957528958e-06,"event":"updates","peak_observed_bytes":22207798539,"run_id":"s2_schedule"}

{"completed":192,"elapsed_seconds":41416.42569353897,"encoder_lr":8.64864864864865e-06,"event":"updates","peak_observed_bytes":22207798539,"run_id":"s2_schedule"}

{"completed":216,"elapsed_seconds":41538.61513963691,"encoder_lr":8.33976833976834e-06,"event":"updates","peak_observed_bytes":22207798539,"run_id":"s2_schedule"}

{"completed":240,"elapsed_seconds":41662.07575447601,"encoder_lr":8.03088803088803e-06,"event":"updates","peak_observed_bytes":22207798539,"run_id":"s2_schedule"}

{"completed":264,"elapsed_seconds":41783.052235939074,"encoder_lr":7.722007722007722e-06,"event":"updates","peak_observed_bytes":22207798539,"run_id":"s2_schedule"}

{"completed":288,"elapsed_seconds":41907.88523692102,"encoder_lr":7.413127413127414e-06,"event":"updates","peak_observed_bytes":22207798539,"run_id":"s2_schedule"}

{"completed":312,"elapsed_seconds":42030.560658463044,"encoder_lr":7.104247104247105e-06,"event":"updates","peak_observed_bytes":22207798539,"run_id":"s2_schedule"}

{"completed":336,"elapsed_seconds":42155.177686340874,"encoder_lr":6.795366795366796e-06,"event":"updates","peak_observed_bytes":22207798539,"run_id":"s2_schedule"}

{"completed":360,"elapsed_seconds":42276.96846145205,"encoder_lr":6.486486486486487e-06,"event":"updates","peak_observed_bytes":22207798539,"run_id":"s2_schedule"}

{"completed":384,"elapsed_seconds":42403.01566528692,"encoder_lr":6.177606177606178e-06,"event":"updates","peak_observed_bytes":22207798539,"run_id":"s2_schedule"}

{"completed":408,"elapsed_seconds":42526.42218774208,"encoder_lr":5.86872586872587e-06,"event":"updates","peak_observed_bytes":22207798539,"run_id":"s2_schedule"}

{"completed":432,"elapsed_seconds":42652.41772441007,"encoder_lr":5.55984555984556e-06,"event":"updates","peak_observed_bytes":22207798539,"run_id":"s2_schedule"}

{"completed":456,"elapsed_seconds":43289.52073176089,"encoder_lr":5.250965250965251e-06,"event":"updates","peak_observed_bytes":23514735047,"run_id":"s2_schedule"}

{"completed":480,"elapsed_seconds":43413.78626568406,"encoder_lr":4.9420849420849425e-06,"event":"updates","peak_observed_bytes":23514735047,"run_id":"s2_schedule"}

{"completed":504,"elapsed_seconds":43539.84750469588,"encoder_lr":4.633204633204634e-06,"event":"updates","peak_observed_bytes":23514735047,"run_id":"s2_schedule"}

{"completed":528,"elapsed_seconds":43666.28910372197,"encoder_lr":4.324324324324325e-06,"event":"updates","peak_observed_bytes":23514735047,"run_id":"s2_schedule"}

{"completed":552,"elapsed_seconds":43785.43397767795,"encoder_lr":4.015444015444015e-06,"event":"updates","peak_observed_bytes":23514735047,"run_id":"s2_schedule"}

{"completed":576,"elapsed_seconds":43910.83091464499,"encoder_lr":3.706563706563707e-06,"event":"updates","peak_observed_bytes":23514735047,"run_id":"s2_schedule"}

{"completed":600,"elapsed_seconds":44036.2856787981,"encoder_lr":3.397683397683398e-06,"event":"updates","peak_observed_bytes":23514735047,"run_id":"s2_schedule"}

{"completed":624,"elapsed_seconds":44163.352649183944,"encoder_lr":3.088803088803089e-06,"event":"updates","peak_observed_bytes":23514735047,"run_id":"s2_schedule"}

{"completed":648,"elapsed_seconds":44290.7384118021,"encoder_lr":2.77992277992278e-06,"event":"updates","peak_observed_bytes":23514735047,"run_id":"s2_schedule"}

{"completed":672,"elapsed_seconds":44409.76448899205,"encoder_lr":2.4710424710424712e-06,"event":"updates","peak_observed_bytes":23514735047,"run_id":"s2_schedule"}

{"completed":696,"elapsed_seconds":44533.12790713506,"encoder_lr":2.1621621621621623e-06,"event":"updates","peak_observed_bytes":23514735047,"run_id":"s2_schedule"}

{"completed":720,"elapsed_seconds":44656.576712168055,"encoder_lr":1.8532818532818534e-06,"event":"updates","peak_observed_bytes":23514735047,"run_id":"s2_schedule"}

{"completed":744,"elapsed_seconds":44780.48060611496,"encoder_lr":1.5444015444015445e-06,"event":"updates","peak_observed_bytes":23514735047,"run_id":"s2_schedule"}

{"completed":768,"elapsed_seconds":44903.18078561593,"encoder_lr":1.2355212355212356e-06,"event":"updates","peak_observed_bytes":23514735047,"run_id":"s2_schedule"}

{"completed":792,"elapsed_seconds":45029.945991888875,"encoder_lr":9.266409266409267e-07,"event":"updates","peak_observed_bytes":23514735047,"run_id":"s2_schedule"}

{"completed":816,"elapsed_seconds":45155.76729893801,"encoder_lr":6.177606177606178e-07,"event":"updates","peak_observed_bytes":23514735047,"run_id":"s2_schedule"}

{"completed":840,"elapsed_seconds":45279.60701241298,"encoder_lr":3.088803088803089e-07,"event":"updates","peak_observed_bytes":23514735047,"run_id":"s2_schedule"}

{"completed":864,"elapsed_seconds":45402.432806066005,"encoder_lr":0.0,"event":"updates","peak_observed_bytes":23514735047,"run_id":"s2_schedule"}

/home/yongpeng/cross-lingual/scripts/step28_chinese_base.py:124: FutureWarning: The `get_sentence_embedding_dimension` method has been renamed to `get_embedding_dimension`.
  if pooling_modes(pool) != [m["pooling"]] or encoder.get_sentence_embedding_dimension() != m["embedding_dim"]:
{"completed":24,"elapsed_seconds":46046.412236762,"encoder_lr":2.7586206896551725e-06,"event":"updates","peak_observed_bytes":24821639638,"run_id":"s2_hard"}

{"completed":48,"elapsed_seconds":46168.91293798108,"encoder_lr":5.517241379310345e-06,"event":"updates","peak_observed_bytes":24821639638,"run_id":"s2_hard"}

{"completed":72,"elapsed_seconds":46296.41195230908,"encoder_lr":8.275862068965518e-06,"event":"updates","peak_observed_bytes":24821639638,"run_id":"s2_hard"}

{"completed":96,"elapsed_seconds":46431.703531093895,"encoder_lr":9.884169884169885e-06,"event":"updates","peak_observed_bytes":24821639638,"run_id":"s2_hard"}

{"completed":120,"elapsed_seconds":46575.92507838388,"encoder_lr":9.575289575289576e-06,"event":"updates","peak_observed_bytes":24821639638,"run_id":"s2_hard"}

{"completed":144,"elapsed_seconds":46713.65976402303,"encoder_lr":9.266409266409268e-06,"event":"updates","peak_observed_bytes":24821639638,"run_id":"s2_hard"}

{"completed":168,"elapsed_seconds":46859.621354704956,"encoder_lr":8.957528957528958e-06,"event":"updates","peak_observed_bytes":24821639638,"run_id":"s2_hard"}

{"completed":192,"elapsed_seconds":47000.47313046688,"encoder_lr":8.64864864864865e-06,"event":"updates","peak_observed_bytes":24821639638,"run_id":"s2_hard"}

{"completed":216,"elapsed_seconds":47135.81915658107,"encoder_lr":8.33976833976834e-06,"event":"updates","peak_observed_bytes":24821639638,"run_id":"s2_hard"}

{"completed":240,"elapsed_seconds":47273.82548040105,"encoder_lr":8.03088803088803e-06,"event":"updates","peak_observed_bytes":24821639638,"run_id":"s2_hard"}

{"completed":264,"elapsed_seconds":47409.66523765307,"encoder_lr":7.722007722007722e-06,"event":"updates","peak_observed_bytes":24821639638,"run_id":"s2_hard"}

{"completed":288,"elapsed_seconds":47554.58319321601,"encoder_lr":7.413127413127414e-06,"event":"updates","peak_observed_bytes":24821639638,"run_id":"s2_hard"}

{"completed":312,"elapsed_seconds":47704.741674752906,"encoder_lr":7.104247104247105e-06,"event":"updates","peak_observed_bytes":24821639638,"run_id":"s2_hard"}

{"completed":336,"elapsed_seconds":47847.98884993489,"encoder_lr":6.795366795366796e-06,"event":"updates","peak_observed_bytes":24821639638,"run_id":"s2_hard"}

{"completed":360,"elapsed_seconds":47991.643170394,"encoder_lr":6.486486486486487e-06,"event":"updates","peak_observed_bytes":24821639638,"run_id":"s2_hard"}

{"completed":384,"elapsed_seconds":48138.117454563035,"encoder_lr":6.177606177606178e-06,"event":"updates","peak_observed_bytes":24821639638,"run_id":"s2_hard"}

{"completed":408,"elapsed_seconds":48275.480982972076,"encoder_lr":5.86872586872587e-06,"event":"updates","peak_observed_bytes":24821639638,"run_id":"s2_hard"}

{"completed":432,"elapsed_seconds":48420.455095364014,"encoder_lr":5.55984555984556e-06,"event":"updates","peak_observed_bytes":24821639638,"run_id":"s2_hard"}

{"completed":456,"elapsed_seconds":49223.90090968809,"encoder_lr":5.250965250965251e-06,"event":"updates","peak_observed_bytes":26128576185,"run_id":"s2_hard"}

{"completed":480,"elapsed_seconds":49359.3061521661,"encoder_lr":4.9420849420849425e-06,"event":"updates","peak_observed_bytes":26128576185,"run_id":"s2_hard"}

{"completed":504,"elapsed_seconds":49485.22095717187,"encoder_lr":4.633204633204634e-06,"event":"updates","peak_observed_bytes":26128576185,"run_id":"s2_hard"}

{"completed":528,"elapsed_seconds":49611.78949438105,"encoder_lr":4.324324324324325e-06,"event":"updates","peak_observed_bytes":26128576185,"run_id":"s2_hard"}

{"completed":552,"elapsed_seconds":49730.90522307088,"encoder_lr":4.015444015444015e-06,"event":"updates","peak_observed_bytes":26128576185,"run_id":"s2_hard"}

{"completed":576,"elapsed_seconds":49856.42989361496,"encoder_lr":3.706563706563707e-06,"event":"updates","peak_observed_bytes":26128576185,"run_id":"s2_hard"}

{"completed":600,"elapsed_seconds":49981.99612835399,"encoder_lr":3.397683397683398e-06,"event":"updates","peak_observed_bytes":26128576185,"run_id":"s2_hard"}

{"completed":624,"elapsed_seconds":50108.558059541974,"encoder_lr":3.088803088803089e-06,"event":"updates","peak_observed_bytes":26128576185,"run_id":"s2_hard"}

{"completed":648,"elapsed_seconds":50235.197321501095,"encoder_lr":2.77992277992278e-06,"event":"updates","peak_observed_bytes":26128576185,"run_id":"s2_hard"}

{"completed":672,"elapsed_seconds":50353.49247090798,"encoder_lr":2.4710424710424712e-06,"event":"updates","peak_observed_bytes":26128576185,"run_id":"s2_hard"}

{"completed":696,"elapsed_seconds":50476.41609350988,"encoder_lr":2.1621621621621623e-06,"event":"updates","peak_observed_bytes":26128576185,"run_id":"s2_hard"}

{"completed":720,"elapsed_seconds":50599.809622478904,"encoder_lr":1.8532818532818534e-06,"event":"updates","peak_observed_bytes":26128576185,"run_id":"s2_hard"}

{"completed":744,"elapsed_seconds":50723.567619473906,"encoder_lr":1.5444015444015445e-06,"event":"updates","peak_observed_bytes":26128576185,"run_id":"s2_hard"}

{"completed":768,"elapsed_seconds":50846.194383950904,"encoder_lr":1.2355212355212356e-06,"event":"updates","peak_observed_bytes":26128576185,"run_id":"s2_hard"}

{"completed":792,"elapsed_seconds":50973.05921926303,"encoder_lr":9.266409266409267e-07,"event":"updates","peak_observed_bytes":26128576185,"run_id":"s2_hard"}

{"completed":816,"elapsed_seconds":51104.48580282298,"encoder_lr":6.177606177606178e-07,"event":"updates","peak_observed_bytes":26128576185,"run_id":"s2_hard"}

{"completed":840,"elapsed_seconds":51234.03111543087,"encoder_lr":3.088803088803089e-07,"event":"updates","peak_observed_bytes":26128576185,"run_id":"s2_hard"}

{"completed":864,"elapsed_seconds":51359.92737967195,"encoder_lr":0.0,"event":"updates","peak_observed_bytes":26128576185,"run_id":"s2_hard"}

{"out":"/home/yongpeng/cross-lingual/reports/seller_alias_continual/20260927/ranking_execution/20260927_114646/job","status":"COMPLETE_RANKING_TRAIN_AND_VALID"}

