{
  "status": "PASS_FINAL_ARTIFACT_CHECK",
  "original_archive_bytes": 1286211,
  "original_archive_sha256": "77ab3765d0928a231fadae7cbb9d92049e0343c4a7518ea5478a0b2909bcf51d",
  "original_members_verified_unchanged": 103,
  "extra_submission_files": [],
  "run_exit_codes_verified": {
    "verification_run": {
      "exit_code": 0,
      "wall_seconds": 0.6153917640000088
    },
    "supplied_audit_run": {
      "exit_code": 0,
      "wall_seconds": 2.270013750000004
    },
    "independent_run_v1": {
      "exit_code": 1,
      "wall_seconds": 11.54877910600004
    },
    "probability_diagnosis_run": {
      "exit_code": 0,
      "wall_seconds": 0.5653668790000097
    },
    "independent_run_v2": {
      "exit_code": 1,
      "wall_seconds": 11.846691920000012
    },
    "independent_run_v3": {
      "exit_code": 0,
      "wall_seconds": 12.243031265000013
    },
    "provenance_run": {
      "exit_code": 0,
      "wall_seconds": 0.5651178570000184
    }
  },
  "final_unique_test_cases": 26,
  "final_independent_numeric_comparisons": 17316,
  "reviewer_failed_versions_retained": 2,
  "report": {
    "path": "calibration_review_report.zh.md",
    "bytes": 28607,
    "sha256": "9dc83c9cb8c68bf31abf4bb54f503d02a2b069263ceff38b9ffa6d0404fd714a"
  },
  "formal_arrays_parsed_in_this_check": 0,
  "formal_labels_read": 0,
  "model_payloads_read": 0,
  "formal_stage_run": false
}
