point=initial full_development_replay_started
order=11 arm=shared stage=1 worlds=1 fit_started
point=shared full_development_replay_started
order=11 arm=sequential stage=2 worlds=1 fit_started
point=sequential_stage2 full_development_replay_started
order=11 arm=sequential stage=2 updates=2 published
order=11 arm=sequential stage=3 worlds=1 fit_started
point=sequential_stage3 full_development_replay_started
order=11 arm=sequential stage=3 updates=2 published
order=11 arm=sequential stage=4 worlds=1 fit_started
point=sequential_stage4 full_development_replay_started
order=11 arm=sequential stage=4 updates=2 published
order=11 arm=sequential stage=5 worlds=1 fit_started
point=sequential_stage5 full_development_replay_started
order=11 arm=sequential stage=5 updates=2 published
order=11 arm=er stage=2 worlds=1 fit_started
point=er_stage2 full_development_replay_started
order=11 arm=er stage=2 updates=2 published
order=11 arm=er stage=3 worlds=1 fit_started
point=er_stage3 full_development_replay_started
order=11 arm=er stage=3 updates=2 published
order=11 arm=er stage=4 worlds=1 fit_started
point=er_stage4 full_development_replay_started
order=11 arm=er stage=4 updates=2 published
order=11 arm=er stage=5 worlds=1 fit_started
point=er_stage5 full_development_replay_started
order=11 arm=er stage=5 updates=2 published
order=11 arm=cumulative stage=2 worlds=2 fit_started
point=cumulative_stage2 full_development_replay_started
order=11 arm=cumulative stage=2 updates=4 published
order=11 arm=cumulative stage=3 worlds=3 fit_started
point=cumulative_stage3 full_development_replay_started
order=11 arm=cumulative stage=3 updates=6 published
order=11 arm=cumulative stage=4 worlds=4 fit_started
point=cumulative_stage4 full_development_replay_started
order=11 arm=cumulative stage=4 updates=8 published
order=11 arm=cumulative stage=5 worlds=5 fit_started
point=cumulative_stage5 full_development_replay_started
order=11 arm=cumulative stage=5 updates=10 published
PASSED_REAL_CPU_TEXT_ORCHESTRATION_CHECK
