	Command being timed: "/home/yongpeng/miniconda3/envs/py310/bin/python -B /home/yongpeng/cross-lingual/reports/seller_alias_continual/20260926/pooling_result/review/external/independent_result_audit.py --root /home/yongpeng/cross-lingual/reports/seller_alias_continual/20260926/pooling_result/review/local_check/input --out /home/yongpeng/cross-lingual/reports/seller_alias_continual/20260926/pooling_result/review/local_check/output"
	User time (seconds): 0.48
	System time (seconds): 0.06
	Percent of CPU this job got: 99%
	Elapsed (wall clock) time (h:mm:ss or m:ss): 0:00.54
	Average shared text size (kbytes): 0
	Average unshared data size (kbytes): 0
	Average stack size (kbytes): 0
	Average total size (kbytes): 0
	Maximum resident set size (kbytes): 60492
	Average resident set size (kbytes): 0
	Major (requiring I/O) page faults: 0
	Minor (reclaiming a frame) page faults: 15488
	Voluntary context switches: 3
	Involuntary context switches: 18
	Swaps: 0
	File system inputs: 0
	File system outputs: 2384
	Socket messages sent: 0
	Socket messages received: 0
	Signals delivered: 0
	Page size (bytes): 4096
	Exit status: 0
