	Command being timed: "timeout --signal=TERM --kill-after=30s 5h python -u -B scripts/step28_continual_sensitivity.py train --out /home/yongpeng/cross-lingual/reports/seller_alias_continual/20260916/sensitivity_execution/20260916_192101/job/run"
	User time (seconds): 8877.11
	System time (seconds): 614.09
	Percent of CPU this job got: 100%
	Elapsed (wall clock) time (h:mm:ss or m:ss): 2:38:06
	Average shared text size (kbytes): 0
	Average unshared data size (kbytes): 0
	Average stack size (kbytes): 0
	Average total size (kbytes): 0
	Maximum resident set size (kbytes): 11058748
	Average resident set size (kbytes): 0
	Major (requiring I/O) page faults: 106
	Minor (reclaiming a frame) page faults: 295268223
	Voluntary context switches: 127558
	Involuntary context switches: 38816
	Swaps: 0
	File system inputs: 1922368
	File system outputs: 220974992
	Socket messages sent: 0
	Socket messages received: 0
	Signals delivered: 0
	Page size (bytes): 4096
	Exit status: 0
