test_real_two_updates_adam_reload_and_original_equivalence (test_step28_continual_sensitivity_contracts.TorchContracts) ... ok
test_weighted_hand_gradient_and_separate_term_effects (test_step28_continual_sensitivity_contracts.TorchContracts) ... /home/yongpeng/cross-lingual/tests/test_step28_continual_sensitivity_contracts.py:162: UserWarning: Converting a tensor with requires_grad=True to a scalar may lead to unexpected behavior.
Consider using tensor.detach() first. (Triggered internally at /pytorch/torch/csrc/autograd/generated/python_variable_methods.cpp:836.)
  self.assertAlmostEqual(float(loss), alpha * float(bce) + beta * 2.5, places=6)
ok

----------------------------------------------------------------------
Ran 2 tests in 0.564s

OK
{"arm":"weaker_replay","event":"arm_start","weights":{"alpha":0.5,"beta":0.5}}

/home/yongpeng/cross-lingual/scripts/step28_continual_population.py:65: FutureWarning: The `get_sentence_embedding_dimension` method has been renamed to `get_embedding_dimension`.
  if encoder.get_sentence_embedding_dimension() != config["model"]["embedding_dim"]:
{"completed":30,"elapsed_seconds":56.588697831030004,"event":"updates","peak_observed_bytes":6723,"segment":"ABC_shared","total":180}

{"completed":60,"elapsed_seconds":97.2864412110066,"event":"updates","peak_observed_bytes":6858,"segment":"ABC_shared","total":180}

{"completed":90,"elapsed_seconds":138.99437703704461,"event":"updates","peak_observed_bytes":6991,"segment":"ABC_shared","total":180}

{"completed":120,"elapsed_seconds":181.12043254903983,"event":"updates","peak_observed_bytes":7126,"segment":"ABC_shared","total":180}

{"completed":150,"elapsed_seconds":222.17531236005016,"event":"updates","peak_observed_bytes":7262,"segment":"ABC_shared","total":180}

{"completed":180,"elapsed_seconds":264.99294998298865,"event":"updates","peak_observed_bytes":7398,"segment":"ABC_shared","total":180}

{"elapsed_seconds":341.39656684699,"event":"point_reloaded","inference_seconds_including_replay":31.972132702940144,"peak_observed_bytes":5656217557,"point":"ABC_shared","total_point_seconds":76.40285333595239}

{"completed":30,"elapsed_seconds":464.2976500900695,"event":"replay_updates","order":"ABC","peak_observed_bytes":5656422897,"stage":2}

{"completed":60,"elapsed_seconds":548.9059822430136,"event":"replay_updates","order":"ABC","peak_observed_bytes":5656422897,"stage":2}

{"completed":90,"elapsed_seconds":632.6911952570081,"event":"replay_updates","order":"ABC","peak_observed_bytes":5656422897,"stage":2}

{"completed":120,"elapsed_seconds":717.0607796610566,"event":"replay_updates","order":"ABC","peak_observed_bytes":5656422897,"stage":2}

{"completed":150,"elapsed_seconds":800.7796517240349,"event":"replay_updates","order":"ABC","peak_observed_bytes":5656422897,"stage":2}

{"completed":180,"elapsed_seconds":884.3035562910372,"event":"replay_updates","order":"ABC","peak_observed_bytes":5656422897,"stage":2}

{"elapsed_seconds":961.8193622520193,"event":"point_reloaded","inference_seconds_including_replay":32.7045549339382,"peak_observed_bytes":5656574204,"point":"ABC_distill_stage2","total_point_seconds":77.50446286797523}

{"completed":30,"elapsed_seconds":1057.5909770770231,"event":"replay_updates","order":"ABC","peak_observed_bytes":5656768348,"stage":3}

{"completed":60,"elapsed_seconds":1141.659721293021,"event":"replay_updates","order":"ABC","peak_observed_bytes":5656768348,"stage":3}

{"completed":90,"elapsed_seconds":1225.6942123629851,"event":"replay_updates","order":"ABC","peak_observed_bytes":5656768348,"stage":3}

{"completed":120,"elapsed_seconds":1308.7783152060583,"event":"replay_updates","order":"ABC","peak_observed_bytes":5656768348,"stage":3}

{"completed":150,"elapsed_seconds":1391.179226307082,"event":"replay_updates","order":"ABC","peak_observed_bytes":5656768348,"stage":3}

{"completed":180,"elapsed_seconds":1472.8535308489809,"event":"replay_updates","order":"ABC","peak_observed_bytes":5656768348,"stage":3}

{"elapsed_seconds":1547.4276428640587,"event":"point_reloaded","inference_seconds_including_replay":32.85262184892781,"peak_observed_bytes":5656879091,"point":"ABC_distill_stage3","total_point_seconds":74.5625728960149}

/home/yongpeng/cross-lingual/scripts/step28_continual_population.py:65: FutureWarning: The `get_sentence_embedding_dimension` method has been renamed to `get_embedding_dimension`.
  if encoder.get_sentence_embedding_dimension() != config["model"]["embedding_dim"]:
{"completed":30,"elapsed_seconds":1616.3853678050218,"event":"updates","peak_observed_bytes":7543830342,"segment":"BCA_shared","total":180}

{"completed":60,"elapsed_seconds":1658.045482645044,"event":"updates","peak_observed_bytes":7543830342,"segment":"BCA_shared","total":180}

{"completed":90,"elapsed_seconds":1700.7212190760765,"event":"updates","peak_observed_bytes":7543830342,"segment":"BCA_shared","total":180}

{"completed":120,"elapsed_seconds":1743.1460207550554,"event":"updates","peak_observed_bytes":7543830342,"segment":"BCA_shared","total":180}

{"completed":150,"elapsed_seconds":1785.2239461090649,"event":"updates","peak_observed_bytes":7543830342,"segment":"BCA_shared","total":180}

{"completed":180,"elapsed_seconds":1828.5339750630083,"event":"updates","peak_observed_bytes":7543830342,"segment":"BCA_shared","total":180}

{"elapsed_seconds":1904.9390761760296,"event":"point_reloaded","inference_seconds_including_replay":32.83830445201602,"peak_observed_bytes":7543930311,"point":"BCA_shared","total_point_seconds":76.40432016504928}

{"completed":30,"elapsed_seconds":2019.171105996007,"event":"replay_updates","order":"BCA","peak_observed_bytes":7544107178,"stage":2}

{"completed":60,"elapsed_seconds":2103.525760460063,"event":"replay_updates","order":"BCA","peak_observed_bytes":7544107178,"stage":2}

{"completed":90,"elapsed_seconds":2190.7198265640764,"event":"replay_updates","order":"BCA","peak_observed_bytes":7544107178,"stage":2}

{"completed":120,"elapsed_seconds":2277.372275728034,"event":"replay_updates","order":"BCA","peak_observed_bytes":7544107178,"stage":2}

{"completed":150,"elapsed_seconds":2360.148144868086,"event":"replay_updates","order":"BCA","peak_observed_bytes":7544107178,"stage":2}

{"completed":180,"elapsed_seconds":2446.5838374730665,"event":"replay_updates","order":"BCA","peak_observed_bytes":7544107178,"stage":2}

{"elapsed_seconds":2527.212186139077,"event":"point_reloaded","inference_seconds_including_replay":37.608751175925136,"peak_observed_bytes":7544217907,"point":"BCA_distill_stage2","total_point_seconds":80.61794269795064}

{"completed":30,"elapsed_seconds":2630.8569714410696,"event":"replay_updates","order":"BCA","peak_observed_bytes":7544399340,"stage":3}

{"completed":60,"elapsed_seconds":2716.630701950984,"event":"replay_updates","order":"BCA","peak_observed_bytes":7544399340,"stage":3}

{"completed":90,"elapsed_seconds":2802.7337631190894,"event":"replay_updates","order":"BCA","peak_observed_bytes":7544399340,"stage":3}

{"completed":120,"elapsed_seconds":2889.90669309604,"event":"replay_updates","order":"BCA","peak_observed_bytes":7544399340,"stage":3}

{"completed":150,"elapsed_seconds":2976.63923767698,"event":"replay_updates","order":"BCA","peak_observed_bytes":7544399340,"stage":3}

{"completed":180,"elapsed_seconds":3060.655938062002,"event":"replay_updates","order":"BCA","peak_observed_bytes":7544399340,"stage":3}

{"elapsed_seconds":3145.0113700979855,"event":"point_reloaded","inference_seconds_including_replay":36.15280075999908,"peak_observed_bytes":7544510081,"point":"BCA_distill_stage3","total_point_seconds":84.34485809900798}

/home/yongpeng/cross-lingual/scripts/step28_continual_population.py:65: FutureWarning: The `get_sentence_embedding_dimension` method has been renamed to `get_embedding_dimension`.
  if encoder.get_sentence_embedding_dimension() != config["model"]["embedding_dim"]:
{"completed":30,"elapsed_seconds":3221.929873105022,"event":"updates","peak_observed_bytes":9431461333,"segment":"CAB_shared","total":180}

{"completed":60,"elapsed_seconds":3269.9695651109796,"event":"updates","peak_observed_bytes":9431461333,"segment":"CAB_shared","total":180}

{"completed":90,"elapsed_seconds":3315.8855684750015,"event":"updates","peak_observed_bytes":9431461333,"segment":"CAB_shared","total":180}

{"completed":120,"elapsed_seconds":3361.879870165023,"event":"updates","peak_observed_bytes":9431461333,"segment":"CAB_shared","total":180}

{"completed":150,"elapsed_seconds":3407.142633959069,"event":"updates","peak_observed_bytes":9431461333,"segment":"CAB_shared","total":180}

{"completed":180,"elapsed_seconds":3453.9909542090027,"event":"updates","peak_observed_bytes":9431461333,"segment":"CAB_shared","total":180}

{"elapsed_seconds":3529.603405122063,"event":"point_reloaded","inference_seconds_including_replay":33.33815876499284,"peak_observed_bytes":9431561294,"point":"CAB_shared","total_point_seconds":75.61162772402167}

{"completed":30,"elapsed_seconds":3649.9070430910215,"event":"replay_updates","order":"CAB","peak_observed_bytes":9431762983,"stage":2}

{"completed":60,"elapsed_seconds":3734.549927124055,"event":"replay_updates","order":"CAB","peak_observed_bytes":9431762983,"stage":2}

{"completed":90,"elapsed_seconds":3820.2956468570046,"event":"replay_updates","order":"CAB","peak_observed_bytes":9431762983,"stage":2}

{"completed":120,"elapsed_seconds":3907.407408119063,"event":"replay_updates","order":"CAB","peak_observed_bytes":9431762983,"stage":2}

{"completed":150,"elapsed_seconds":3994.439250361058,"event":"replay_updates","order":"CAB","peak_observed_bytes":9431762983,"stage":2}

{"completed":180,"elapsed_seconds":4079.0185313610127,"event":"replay_updates","order":"CAB","peak_observed_bytes":9431762983,"stage":2}

{"elapsed_seconds":4152.929548903019,"event":"point_reloaded","inference_seconds_including_replay":33.168959434027784,"peak_observed_bytes":9431873714,"point":"CAB_distill_stage2","total_point_seconds":73.89972505904734}

{"completed":30,"elapsed_seconds":4251.766136590042,"event":"replay_updates","order":"CAB","peak_observed_bytes":9432075579,"stage":3}

{"completed":60,"elapsed_seconds":4333.7542897050735,"event":"replay_updates","order":"CAB","peak_observed_bytes":9432075579,"stage":3}

{"completed":90,"elapsed_seconds":4421.701910953037,"event":"replay_updates","order":"CAB","peak_observed_bytes":9432075579,"stage":3}

{"completed":120,"elapsed_seconds":4504.754397536977,"event":"replay_updates","order":"CAB","peak_observed_bytes":9432075579,"stage":3}

{"completed":150,"elapsed_seconds":4592.975962985074,"event":"replay_updates","order":"CAB","peak_observed_bytes":9432075579,"stage":3}

{"completed":180,"elapsed_seconds":4675.67263914505,"event":"replay_updates","order":"CAB","peak_observed_bytes":9432075579,"stage":3}

{"elapsed_seconds":4749.215115789091,"event":"point_reloaded","inference_seconds_including_replay":33.081195392878726,"peak_observed_bytes":9432186236,"point":"CAB_distill_stage3","total_point_seconds":73.53051401791163}

{"arm":"weaker_distillation","event":"arm_start","weights":{"alpha":1.0,"beta":0.25}}

/home/yongpeng/cross-lingual/scripts/step28_continual_population.py:65: FutureWarning: The `get_sentence_embedding_dimension` method has been renamed to `get_embedding_dimension`.
  if encoder.get_sentence_embedding_dimension() != config["model"]["embedding_dim"]:
{"completed":30,"elapsed_seconds":4827.705369414063,"event":"updates","peak_observed_bytes":11319137488,"segment":"ABC_shared","total":180}

{"completed":60,"elapsed_seconds":4870.170181662077,"event":"updates","peak_observed_bytes":11319137488,"segment":"ABC_shared","total":180}

{"completed":90,"elapsed_seconds":4913.548021116061,"event":"updates","peak_observed_bytes":11319137488,"segment":"ABC_shared","total":180}

{"completed":120,"elapsed_seconds":4958.884493575082,"event":"updates","peak_observed_bytes":11319137488,"segment":"ABC_shared","total":180}

{"completed":150,"elapsed_seconds":5004.745942416019,"event":"updates","peak_observed_bytes":11319137488,"segment":"ABC_shared","total":180}

{"completed":180,"elapsed_seconds":5052.501214144053,"event":"updates","peak_observed_bytes":11319137488,"segment":"ABC_shared","total":180}

{"elapsed_seconds":5133.119497303036,"event":"point_reloaded","inference_seconds_including_replay":36.78323860699311,"peak_observed_bytes":11319423109,"point":"ABC_shared","total_point_seconds":80.61729524401017}

{"completed":30,"elapsed_seconds":5255.246895053075,"event":"replay_updates","order":"ABC","peak_observed_bytes":11319628451,"stage":2}

{"completed":60,"elapsed_seconds":5343.497796074022,"event":"replay_updates","order":"ABC","peak_observed_bytes":11319628451,"stage":2}

{"completed":90,"elapsed_seconds":5430.269828918041,"event":"replay_updates","order":"ABC","peak_observed_bytes":11319628451,"stage":2}

{"completed":120,"elapsed_seconds":5517.970058124978,"event":"replay_updates","order":"ABC","peak_observed_bytes":11319628451,"stage":2}

{"completed":150,"elapsed_seconds":5604.955290106009,"event":"replay_updates","order":"ABC","peak_observed_bytes":11319628451,"stage":2}

{"completed":180,"elapsed_seconds":5691.723808551091,"event":"replay_updates","order":"ABC","peak_observed_bytes":11319628451,"stage":2}

{"elapsed_seconds":5765.262650013086,"event":"point_reloaded","inference_seconds_including_replay":32.9488553769188,"peak_observed_bytes":11319779768,"point":"ABC_distill_stage2","total_point_seconds":73.5273377909325}

{"completed":30,"elapsed_seconds":5860.791496191057,"event":"replay_updates","order":"ABC","peak_observed_bytes":11319973912,"stage":3}

{"completed":60,"elapsed_seconds":5945.245827393024,"event":"replay_updates","order":"ABC","peak_observed_bytes":11319973912,"stage":3}

{"completed":90,"elapsed_seconds":6030.182959031081,"event":"replay_updates","order":"ABC","peak_observed_bytes":11319973912,"stage":3}

{"completed":120,"elapsed_seconds":6114.218893788056,"event":"replay_updates","order":"ABC","peak_observed_bytes":11319973912,"stage":3}

{"completed":150,"elapsed_seconds":6197.713465703069,"event":"replay_updates","order":"ABC","peak_observed_bytes":11319973912,"stage":3}

{"completed":180,"elapsed_seconds":6280.667872800026,"event":"replay_updates","order":"ABC","peak_observed_bytes":11319973912,"stage":3}

{"elapsed_seconds":6354.269671780989,"event":"point_reloaded","inference_seconds_including_replay":33.10959783301223,"peak_observed_bytes":11320084658,"point":"ABC_distill_stage3","total_point_seconds":73.59035551198758}

/home/yongpeng/cross-lingual/scripts/step28_continual_population.py:65: FutureWarning: The `get_sentence_embedding_dimension` method has been renamed to `get_embedding_dimension`.
  if encoder.get_sentence_embedding_dimension() != config["model"]["embedding_dim"]:
{"completed":30,"elapsed_seconds":6424.126347086043,"event":"updates","peak_observed_bytes":13207035910,"segment":"BCA_shared","total":180}

{"completed":60,"elapsed_seconds":6466.2726835199865,"event":"updates","peak_observed_bytes":13207035910,"segment":"BCA_shared","total":180}

{"completed":90,"elapsed_seconds":6509.323206328088,"event":"updates","peak_observed_bytes":13207035910,"segment":"BCA_shared","total":180}

{"completed":120,"elapsed_seconds":6551.868339688983,"event":"updates","peak_observed_bytes":13207035910,"segment":"BCA_shared","total":180}

{"completed":150,"elapsed_seconds":6594.0795554909855,"event":"updates","peak_observed_bytes":13207035910,"segment":"BCA_shared","total":180}

{"completed":180,"elapsed_seconds":6637.534081007005,"event":"updates","peak_observed_bytes":13207035910,"segment":"BCA_shared","total":180}

{"elapsed_seconds":6712.422596055083,"event":"point_reloaded","inference_seconds_including_replay":32.89396684500389,"peak_observed_bytes":13207135881,"point":"BCA_shared","total_point_seconds":74.88752715301234}

{"completed":30,"elapsed_seconds":6826.283684907015,"event":"replay_updates","order":"BCA","peak_observed_bytes":13207312748,"stage":2}

{"completed":60,"elapsed_seconds":6907.322124924976,"event":"replay_updates","order":"BCA","peak_observed_bytes":13207312748,"stage":2}

{"completed":90,"elapsed_seconds":6987.488955902052,"event":"replay_updates","order":"BCA","peak_observed_bytes":13207312748,"stage":2}

{"completed":120,"elapsed_seconds":7066.681349805091,"event":"replay_updates","order":"BCA","peak_observed_bytes":13207312748,"stage":2}

{"completed":150,"elapsed_seconds":7143.866518856026,"event":"replay_updates","order":"BCA","peak_observed_bytes":13207312748,"stage":2}

{"completed":180,"elapsed_seconds":7223.8070554020815,"event":"replay_updates","order":"BCA","peak_observed_bytes":13207312748,"stage":2}

{"elapsed_seconds":7298.650134364027,"event":"point_reloaded","inference_seconds_including_replay":33.053512121899985,"peak_observed_bytes":13207423482,"point":"BCA_distill_stage2","total_point_seconds":74.70378239604179}

{"completed":30,"elapsed_seconds":7394.346304400009,"event":"replay_updates","order":"BCA","peak_observed_bytes":13207604916,"stage":3}

{"completed":60,"elapsed_seconds":7473.80978039105,"event":"replay_updates","order":"BCA","peak_observed_bytes":13207604916,"stage":3}

{"completed":90,"elapsed_seconds":7553.938104693079,"event":"replay_updates","order":"BCA","peak_observed_bytes":13207604916,"stage":3}

{"completed":120,"elapsed_seconds":7635.591181628057,"event":"replay_updates","order":"BCA","peak_observed_bytes":13207604916,"stage":3}

{"completed":150,"elapsed_seconds":7717.050869979081,"event":"replay_updates","order":"BCA","peak_observed_bytes":13207604916,"stage":3}

{"completed":180,"elapsed_seconds":7797.276655783062,"event":"replay_updates","order":"BCA","peak_observed_bytes":13207604916,"stage":3}

{"elapsed_seconds":7871.951308525982,"event":"point_reloaded","inference_seconds_including_replay":32.69081765296869,"peak_observed_bytes":13207715668,"point":"BCA_distill_stage3","total_point_seconds":74.66409846500028}

/home/yongpeng/cross-lingual/scripts/step28_continual_population.py:65: FutureWarning: The `get_sentence_embedding_dimension` method has been renamed to `get_embedding_dimension`.
  if encoder.get_sentence_embedding_dimension() != config["model"]["embedding_dim"]:
{"completed":30,"elapsed_seconds":7940.519627491012,"event":"updates","peak_observed_bytes":15094666920,"segment":"CAB_shared","total":180}

{"completed":60,"elapsed_seconds":7983.679277547984,"event":"updates","peak_observed_bytes":15094666920,"segment":"CAB_shared","total":180}

{"completed":90,"elapsed_seconds":8026.576988414978,"event":"updates","peak_observed_bytes":15094666920,"segment":"CAB_shared","total":180}

{"completed":120,"elapsed_seconds":8069.851415917976,"event":"updates","peak_observed_bytes":15094666920,"segment":"CAB_shared","total":180}

{"completed":150,"elapsed_seconds":8112.348917735042,"event":"updates","peak_observed_bytes":15094666920,"segment":"CAB_shared","total":180}

{"completed":180,"elapsed_seconds":8156.075381434057,"event":"updates","peak_observed_bytes":15094666920,"segment":"CAB_shared","total":180}

{"elapsed_seconds":8232.57458789798,"event":"point_reloaded","inference_seconds_including_replay":32.637703685089946,"peak_observed_bytes":15094766892,"point":"CAB_shared","total_point_seconds":76.49818342900835}

{"completed":30,"elapsed_seconds":8354.919284497038,"event":"replay_updates","order":"CAB","peak_observed_bytes":15094968582,"stage":2}

{"completed":60,"elapsed_seconds":8439.95941796701,"event":"replay_updates","order":"CAB","peak_observed_bytes":15094968582,"stage":2}

{"completed":90,"elapsed_seconds":8525.825022864039,"event":"replay_updates","order":"CAB","peak_observed_bytes":15094968582,"stage":2}

{"completed":120,"elapsed_seconds":8613.387887680088,"event":"replay_updates","order":"CAB","peak_observed_bytes":15094968582,"stage":2}

{"completed":150,"elapsed_seconds":8700.42541538598,"event":"replay_updates","order":"CAB","peak_observed_bytes":15094968582,"stage":2}

{"completed":180,"elapsed_seconds":8784.82366598898,"event":"replay_updates","order":"CAB","peak_observed_bytes":15094968582,"stage":2}

{"elapsed_seconds":8862.262191288057,"event":"point_reloaded","inference_seconds_including_replay":32.97680077201221,"peak_observed_bytes":15095079312,"point":"CAB_distill_stage2","total_point_seconds":77.42702001403086}

{"completed":30,"elapsed_seconds":8960.894189706072,"event":"replay_updates","order":"CAB","peak_observed_bytes":15095281177,"stage":3}

{"completed":60,"elapsed_seconds":9042.971325397026,"event":"replay_updates","order":"CAB","peak_observed_bytes":15095281177,"stage":3}

{"completed":90,"elapsed_seconds":9130.296809672029,"event":"replay_updates","order":"CAB","peak_observed_bytes":15095281177,"stage":3}

{"completed":120,"elapsed_seconds":9212.777443345054,"event":"replay_updates","order":"CAB","peak_observed_bytes":15095281177,"stage":3}

{"completed":150,"elapsed_seconds":9300.453321660985,"event":"replay_updates","order":"CAB","peak_observed_bytes":15095281177,"stage":3}

{"completed":180,"elapsed_seconds":9382.55507232307,"event":"replay_updates","order":"CAB","peak_observed_bytes":15095281177,"stage":3}

{"elapsed_seconds":9460.175402877037,"event":"point_reloaded","inference_seconds_including_replay":33.17909977899399,"peak_observed_bytes":15095391837,"point":"CAB_distill_stage3","total_point_seconds":77.60885703307576}

{"out":"/home/yongpeng/cross-lingual/reports/seller_alias_continual/20260916/sensitivity_execution/20260916_192101/job/run","status":"COMPLETE_WEIGHT_SENSITIVITY_3240_BOTH_ARMS_VALID_BLIND"}

