{
  "archive": {
    "bytes": 1286211,
    "sha256": "77ab3765d0928a231fadae7cbb9d92049e0343c4a7518ea5478a0b2909bcf51d"
  },
  "members": 103,
  "sources": 102,
  "source_bytes": 2399944,
  "all_inventory_verified": true,
  "old_frozen_files_verified": 18,
  "current_stage_source_files": 26,
  "cpu_sync": {
    "files": 16,
    "bytes": 90495,
    "verified": true
  },
  "cpu_records": {
    "20260928_121500": {
      "contracts": {
        "errors": 0,
        "failures": 0,
        "passed": 16,
        "run": 16,
        "skipped": 0
      },
      "environment": {
        "cpu_affinity": [
          0
        ],
        "numpy": "2.2.6",
        "python": "3.10.19",
        "scipy": "1.15.3",
        "threads": {
          "MKL_NUM_THREADS": "1",
          "OMP_NUM_THREADS": "1",
          "OPENBLAS_NUM_THREADS": "1"
        }
      },
      "exit_status": "0",
      "seconds": 1.5166213458869606,
      "handmade": {
        "bytes": 37449,
        "path": "handmade.json",
        "sha256": "6ded3fe04394e468a5d467d95f481fda5e8d340cd916097bb2b6df697c7d8348"
      }
    },
    "20260928_121900": {
      "contracts": {
        "errors": 0,
        "failures": 0,
        "passed": 16,
        "run": 16,
        "skipped": 0
      },
      "environment": {
        "cpu_affinity": [
          0
        ],
        "numpy": "2.2.6",
        "python": "3.10.19",
        "scipy": "1.15.3",
        "threads": {
          "MKL_NUM_THREADS": "1",
          "OMP_NUM_THREADS": "1",
          "OPENBLAS_NUM_THREADS": "1"
        }
      },
      "exit_status": "0",
      "seconds": 1.3930392218753695,
      "handmade": {
        "bytes": 37449,
        "path": "handmade.json",
        "sha256": "6ded3fe04394e468a5d467d95f481fda5e8d340cd916097bb2b6df697c7d8348"
      }
    }
  },
  "initial_changed_snapshots": [
    {
      "stamp": "20260928_121500",
      "path": "scripts/step28_alias_calibration_run.py",
      "snapshot_verified": true
    },
    {
      "stamp": "20260928_121500",
      "path": "tests/test_step28_alias_calibration_contracts.py",
      "snapshot_verified": true
    }
  ],
  "formal_arrays_loaded": 0,
  "formal_labels_read": 0
}
