	Command being timed: "nice -n 10 python -u -B scripts/step28_continual_text_run.py run --output reports/seller_alias_continual/20260907/text_execution/20260907_200309/run --check-result reports/seller_alias_continual/20260907/text_orchestration/20260907_194523/check.json"
	User time (seconds): 95801.49
	System time (seconds): 608.16
	Percent of CPU this job got: 100%
	Elapsed (wall clock) time (h:mm:ss or m:ss): 26:45:49
	Average shared text size (kbytes): 0
	Average unshared data size (kbytes): 0
	Average stack size (kbytes): 0
	Average total size (kbytes): 0
	Maximum resident set size (kbytes): 8182932
	Average resident set size (kbytes): 0
	Major (requiring I/O) page faults: 150
	Minor (reclaiming a frame) page faults: 159020929
	Voluntary context switches: 1211349
	Involuntary context switches: 372473
	Swaps: 0
	File system inputs: 1475448
	File system outputs: 530192368
	Socket messages sent: 0
	Socket messages received: 0
	Signals delivered: 0
	Page size (bytes): 4096
	Exit status: 0
