/home/yongpeng/cross-lingual/scripts/step28_continual_text.py:342: FutureWarning: The `get_sentence_embedding_dimension` method has been renamed to `get_embedding_dimension`.
  if encoder.max_seq_length != TOKEN_BUDGET or encoder.get_sentence_embedding_dimension() != 768:
point=initial full_development_replay_started
order=11 arm=shared stage=1 worlds=100 fit_started
point=shared full_development_replay_started
order=11 arm=sequential stage=2 worlds=100 fit_started
point=sequential_stage2 full_development_replay_started
order=11 arm=sequential stage=2 updates=200 published
order=11 arm=sequential stage=3 worlds=100 fit_started
point=sequential_stage3 full_development_replay_started
order=11 arm=sequential stage=3 updates=200 published
order=11 arm=sequential stage=4 worlds=100 fit_started
point=sequential_stage4 full_development_replay_started
order=11 arm=sequential stage=4 updates=200 published
order=11 arm=sequential stage=5 worlds=100 fit_started
point=sequential_stage5 full_development_replay_started
order=11 arm=sequential stage=5 updates=200 published
order=11 arm=er stage=2 worlds=100 fit_started
point=er_stage2 full_development_replay_started
order=11 arm=er stage=2 updates=200 published
order=11 arm=er stage=3 worlds=100 fit_started
point=er_stage3 full_development_replay_started
order=11 arm=er stage=3 updates=200 published
order=11 arm=er stage=4 worlds=100 fit_started
point=er_stage4 full_development_replay_started
order=11 arm=er stage=4 updates=200 published
order=11 arm=er stage=5 worlds=100 fit_started
point=er_stage5 full_development_replay_started
order=11 arm=er stage=5 updates=200 published
order=11 arm=cumulative stage=2 worlds=200 fit_started
point=cumulative_stage2 full_development_replay_started
order=11 arm=cumulative stage=2 updates=400 published
order=11 arm=cumulative stage=3 worlds=300 fit_started
point=cumulative_stage3 full_development_replay_started
order=11 arm=cumulative stage=3 updates=600 published
order=11 arm=cumulative stage=4 worlds=400 fit_started
point=cumulative_stage4 full_development_replay_started
order=11 arm=cumulative stage=4 updates=800 published
order=11 arm=cumulative stage=5 worlds=500 fit_started
point=cumulative_stage5 full_development_replay_started
order=11 arm=cumulative stage=5 updates=1000 published
/home/yongpeng/cross-lingual/scripts/step28_continual_text.py:342: FutureWarning: The `get_sentence_embedding_dimension` method has been renamed to `get_embedding_dimension`.
  if encoder.max_seq_length != TOKEN_BUDGET or encoder.get_sentence_embedding_dimension() != 768:
point=initial full_development_replay_started
order=23 arm=shared stage=1 worlds=100 fit_started
point=shared full_development_replay_started
order=23 arm=sequential stage=2 worlds=100 fit_started
point=sequential_stage2 full_development_replay_started
order=23 arm=sequential stage=2 updates=200 published
order=23 arm=sequential stage=3 worlds=100 fit_started
point=sequential_stage3 full_development_replay_started
order=23 arm=sequential stage=3 updates=200 published
order=23 arm=sequential stage=4 worlds=100 fit_started
point=sequential_stage4 full_development_replay_started
order=23 arm=sequential stage=4 updates=200 published
order=23 arm=sequential stage=5 worlds=100 fit_started
point=sequential_stage5 full_development_replay_started
order=23 arm=sequential stage=5 updates=200 published
order=23 arm=er stage=2 worlds=100 fit_started
point=er_stage2 full_development_replay_started
order=23 arm=er stage=2 updates=200 published
order=23 arm=er stage=3 worlds=100 fit_started
point=er_stage3 full_development_replay_started
order=23 arm=er stage=3 updates=200 published
order=23 arm=er stage=4 worlds=100 fit_started
point=er_stage4 full_development_replay_started
order=23 arm=er stage=4 updates=200 published
order=23 arm=er stage=5 worlds=100 fit_started
point=er_stage5 full_development_replay_started
order=23 arm=er stage=5 updates=200 published
order=23 arm=cumulative stage=2 worlds=200 fit_started
point=cumulative_stage2 full_development_replay_started
order=23 arm=cumulative stage=2 updates=400 published
order=23 arm=cumulative stage=3 worlds=300 fit_started
point=cumulative_stage3 full_development_replay_started
order=23 arm=cumulative stage=3 updates=600 published
order=23 arm=cumulative stage=4 worlds=400 fit_started
point=cumulative_stage4 full_development_replay_started
order=23 arm=cumulative stage=4 updates=800 published
order=23 arm=cumulative stage=5 worlds=500 fit_started
point=cumulative_stage5 full_development_replay_started
order=23 arm=cumulative stage=5 updates=1000 published
/home/yongpeng/cross-lingual/scripts/step28_continual_text.py:342: FutureWarning: The `get_sentence_embedding_dimension` method has been renamed to `get_embedding_dimension`.
  if encoder.max_seq_length != TOKEN_BUDGET or encoder.get_sentence_embedding_dimension() != 768:
point=initial full_development_replay_started
order=37 arm=shared stage=1 worlds=100 fit_started
point=shared full_development_replay_started
order=37 arm=sequential stage=2 worlds=100 fit_started
point=sequential_stage2 full_development_replay_started
order=37 arm=sequential stage=2 updates=200 published
order=37 arm=sequential stage=3 worlds=100 fit_started
point=sequential_stage3 full_development_replay_started
order=37 arm=sequential stage=3 updates=200 published
order=37 arm=sequential stage=4 worlds=100 fit_started
point=sequential_stage4 full_development_replay_started
order=37 arm=sequential stage=4 updates=200 published
order=37 arm=sequential stage=5 worlds=100 fit_started
point=sequential_stage5 full_development_replay_started
order=37 arm=sequential stage=5 updates=200 published
order=37 arm=er stage=2 worlds=100 fit_started
point=er_stage2 full_development_replay_started
order=37 arm=er stage=2 updates=200 published
order=37 arm=er stage=3 worlds=100 fit_started
point=er_stage3 full_development_replay_started
order=37 arm=er stage=3 updates=200 published
order=37 arm=er stage=4 worlds=100 fit_started
point=er_stage4 full_development_replay_started
order=37 arm=er stage=4 updates=200 published
order=37 arm=er stage=5 worlds=100 fit_started
point=er_stage5 full_development_replay_started
order=37 arm=er stage=5 updates=200 published
order=37 arm=cumulative stage=2 worlds=200 fit_started
point=cumulative_stage2 full_development_replay_started
order=37 arm=cumulative stage=2 updates=400 published
order=37 arm=cumulative stage=3 worlds=300 fit_started
point=cumulative_stage3 full_development_replay_started
order=37 arm=cumulative stage=3 updates=600 published
order=37 arm=cumulative stage=4 worlds=400 fit_started
point=cumulative_stage4 full_development_replay_started
order=37 arm=cumulative stage=4 updates=800 published
order=37 arm=cumulative stage=5 worlds=500 fit_started
point=cumulative_stage5 full_development_replay_started
order=37 arm=cumulative stage=5 updates=1000 published
ALL_TEXT_FOUR_ARM_SCORES_SAVED_AND_REPLAYED_NO_DEVELOPMENT_LABELS
