RUN test_scalar_derivatives
PASS test_scalar_derivatives
RUN test_independent_optima_and_boundaries
PASS test_independent_optima_and_boundaries
RUN test_probability_and_ranking_semantics
RUN test_seventeen_guards
PASS test_seventeen_guards
RUN test_bootstrap_all_comparisons
PASS test_bootstrap_all_comparisons
RUN test_full_scale_handmade_save_restore
PASS test_full_scale_handmade_save_restore
RUN test_map_and_score_corruption
PASS test_map_and_score_corruption
RUN test_collect_faults_and_saved_only_recovery
PASS test_collect_faults_and_saved_only_recovery
RUN test_bad_old_metrics_and_optimizer_failure
PASS test_bad_old_metrics_and_optimizer_failure
RUN test_supplied_cpu_evidence_numerics
PASS test_supplied_cpu_evidence_numerics
{
  "status": "FAILED_INDEPENDENT_REVIEW",
  "passed": 9,
  "failed": 1,
  "maximum_errors": {
    "scalar_nll": 2.220446049250313e-16,
    "scalar_gradient": 1.1102230246251565e-16,
    "hessian_symmetry": 0,
    "finite_difference_gradient": 5.6671334291991116e-12,
    "finite_difference_hessian": 7.220068987123796e-11,
    "interior_known_optimum": 1.712785469010214e-11,
    "lower_bound": 0,
    "upper_bound": 1.1227310081629582e-08,
    "constant_logit_optimum": 6.43372022324229e-11,
    "independent_22_metrics": 1.6653345369377348e-16,
    "bootstrap_means": 4.336808689942018e-18,
    "bootstrap_intervals": 5.204170427930421e-18,
    "bootstrap_per_seed": 6.938893903907228e-18,
    "bootstrap_by_domain": 3.469446951953614e-18,
    "six_fit_scalar_nll": 5.551115123125783e-17,
    "six_fit_kkt": 9.017160997913793e-19,
    "pipeline_valid_22_reference": 3.3306690738754696e-16,
    "pipeline_bootstrap_mean": 1.1102230246251565e-16,
    "pipeline_bootstrap_ci": 8.326672684688674e-17,
    "project_cpu_initial_nll": 2.7755575615628914e-17,
    "project_cpu_final_nll": 2.7755575615628914e-17,
    "project_cpu_final_gradient": 1.2117839640003604e-18
  }
}
