/home/yongpeng/cross-lingual/scripts/step28_continual_population.py:65: FutureWarning: The `get_sentence_embedding_dimension` method has been renamed to `get_embedding_dimension`.
  if encoder.get_sentence_embedding_dimension() != config["model"]["embedding_dim"]:
{"elapsed_seconds":31.90566385583952,"point":"ABC_frozen","view":"original"}

{"elapsed_seconds":48.28542766580358,"point":"ABC_frozen","view":"renamed"}

{"elapsed_seconds":64.68812038004398,"point":"ABC_frozen","view":"reassigned"}

{"elapsed_seconds":92.29807173088193,"point":"ABC_sequential","view":"original"}

{"elapsed_seconds":108.72200660221279,"point":"ABC_sequential","view":"renamed"}

{"elapsed_seconds":125.13217786513269,"point":"ABC_sequential","view":"reassigned"}

{"elapsed_seconds":152.73193185497075,"point":"BCA_frozen","view":"original"}

{"elapsed_seconds":169.15140686184168,"point":"BCA_frozen","view":"renamed"}

{"elapsed_seconds":185.615593300201,"point":"BCA_frozen","view":"reassigned"}

{"elapsed_seconds":213.31789402011782,"point":"BCA_sequential","view":"original"}

{"elapsed_seconds":229.73732299217954,"point":"BCA_sequential","view":"renamed"}

{"elapsed_seconds":246.16993853310123,"point":"BCA_sequential","view":"reassigned"}

{"elapsed_seconds":273.81433739420027,"point":"CAB_frozen","view":"original"}

{"elapsed_seconds":290.2832343308255,"point":"CAB_frozen","view":"renamed"}

{"elapsed_seconds":306.7223356058821,"point":"CAB_frozen","view":"reassigned"}

{"elapsed_seconds":334.43665932677686,"point":"CAB_sequential","view":"original"}

{"elapsed_seconds":350.89139079581946,"point":"CAB_sequential","view":"renamed"}

{"elapsed_seconds":367.35893478477374,"point":"CAB_sequential","view":"reassigned"}

{"output":"reports/seller_alias_continual/20260910/cause_execution/20260910_111105/run","status":"COMPLETE_FIXED_MODEL_INTERVENTION_VALID_LABELS_UNREAD"}

