	Command being timed: "timeout --signal=TERM --kill-after=30s 45m nice -n 10 python -u -B scripts/step28_continual_cause_probe.py score --out reports/seller_alias_continual/20260910/cause_execution/20260910_111105/run"
	User time (seconds): 338.33
	System time (seconds): 31.98
	Percent of CPU this job got: 100%
	Elapsed (wall clock) time (h:mm:ss or m:ss): 6:10.14
	Average shared text size (kbytes): 0
	Average unshared data size (kbytes): 0
	Average stack size (kbytes): 0
	Average total size (kbytes): 0
	Maximum resident set size (kbytes): 6892108
	Average resident set size (kbytes): 0
	Major (requiring I/O) page faults: 0
	Minor (reclaiming a frame) page faults: 17706481
	Voluntary context switches: 4545
	Involuntary context switches: 1953
	Swaps: 0
	File system inputs: 8
	File system outputs: 3496
	Socket messages sent: 0
	Socket messages received: 0
	Signals delivered: 0
	Page size (bytes): 4096
	Exit status: 0
