	Command being timed: "timeout --signal=TERM --kill-after=30s 12h python -u -B scripts/step28_er_weight_run.py execute --out /home/yongpeng/cross-lingual/reports/seller_alias_continual/20261002/er_low_execution/20261002_124018/job --study low --audit /home/yongpeng/cross-lingual/reports/seller_alias_continual/20261002/er_low_execution/20261002_124018/cpu/audit.json --authorization /home/yongpeng/cross-lingual/reports/seller_alias_continual/20261002/er_low_execution/20261002_124018/authorization.json"
	User time (seconds): 19216.54
	System time (seconds): 62.66
	Percent of CPU this job got: 99%
	Elapsed (wall clock) time (h:mm:ss or m:ss): 5:21:21
	Average shared text size (kbytes): 0
	Average unshared data size (kbytes): 0
	Average stack size (kbytes): 0
	Average total size (kbytes): 0
	Maximum resident set size (kbytes): 7021972
	Average resident set size (kbytes): 0
	Major (requiring I/O) page faults: 0
	Minor (reclaiming a frame) page faults: 24963299
	Voluntary context switches: 249931
	Involuntary context switches: 341629
	Swaps: 0
	File system inputs: 362736
	File system outputs: 61162312
	Socket messages sent: 0
	Socket messages received: 0
	Signals delivered: 0
	Page size (bytes): 4096
	Exit status: 0
