/home/yongpeng/cross-lingual/scripts/step28_chinese_base.py:124: FutureWarning: The `get_sentence_embedding_dimension` method has been renamed to `get_embedding_dimension`.
  if pooling_modes(pool) != [m["pooling"]] or encoder.get_sentence_embedding_dimension() != m["embedding_dim"]:
{"arm":"tenth","elapsed_seconds":331.6516826208681,"event":"updates","logical_updates":312,"order":"ABC","peak_observed_bytes":27601,"stage":2,"stage_updates":24}

{"arm":"tenth","elapsed_seconds":587.5527262599207,"event":"updates","logical_updates":336,"order":"ABC","peak_observed_bytes":27765,"stage":2,"stage_updates":48}

{"arm":"tenth","elapsed_seconds":838.9843325789552,"event":"updates","logical_updates":360,"order":"ABC","peak_observed_bytes":27929,"stage":2,"stage_updates":72}

{"arm":"tenth","elapsed_seconds":1084.918484679889,"event":"updates","logical_updates":384,"order":"ABC","peak_observed_bytes":28093,"stage":2,"stage_updates":96}

{"arm":"tenth","elapsed_seconds":1337.9166231318377,"event":"updates","logical_updates":408,"order":"ABC","peak_observed_bytes":28257,"stage":2,"stage_updates":120}

{"arm":"tenth","elapsed_seconds":1584.5081462578382,"event":"updates","logical_updates":432,"order":"ABC","peak_observed_bytes":28423,"stage":2,"stage_updates":144}

{"arm":"tenth","elapsed_seconds":1834.7170219218824,"event":"updates","logical_updates":456,"order":"ABC","peak_observed_bytes":28589,"stage":2,"stage_updates":168}

{"arm":"tenth","elapsed_seconds":2082.079154267907,"event":"updates","logical_updates":480,"order":"ABC","peak_observed_bytes":28755,"stage":2,"stage_updates":192}

{"arm":"tenth","elapsed_seconds":2333.655417877948,"event":"updates","logical_updates":504,"order":"ABC","peak_observed_bytes":28920,"stage":2,"stage_updates":216}

{"arm":"tenth","elapsed_seconds":2584.9655472538434,"event":"updates","logical_updates":528,"order":"ABC","peak_observed_bytes":29085,"stage":2,"stage_updates":240}

{"arm":"tenth","elapsed_seconds":2835.717830906855,"event":"updates","logical_updates":552,"order":"ABC","peak_observed_bytes":29251,"stage":2,"stage_updates":264}

{"arm":"tenth","elapsed_seconds":3084.2366504059173,"event":"updates","logical_updates":576,"order":"ABC","peak_observed_bytes":29416,"stage":2,"stage_updates":288}

{"arm":"tenth","elapsed_seconds":3505.318668448832,"event":"updates","logical_updates":600,"order":"ABC","peak_observed_bytes":3911077384,"stage":3,"stage_updates":24}

{"arm":"tenth","elapsed_seconds":3759.6354785750154,"event":"updates","logical_updates":624,"order":"ABC","peak_observed_bytes":3911077384,"stage":3,"stage_updates":48}

{"arm":"tenth","elapsed_seconds":4012.915360362036,"event":"updates","logical_updates":648,"order":"ABC","peak_observed_bytes":3911077384,"stage":3,"stage_updates":72}

{"arm":"tenth","elapsed_seconds":4265.596736524021,"event":"updates","logical_updates":672,"order":"ABC","peak_observed_bytes":3911077384,"stage":3,"stage_updates":96}

{"arm":"tenth","elapsed_seconds":4518.132184813032,"event":"updates","logical_updates":696,"order":"ABC","peak_observed_bytes":3911077384,"stage":3,"stage_updates":120}

{"arm":"tenth","elapsed_seconds":4769.571076188004,"event":"updates","logical_updates":720,"order":"ABC","peak_observed_bytes":3911077384,"stage":3,"stage_updates":144}

{"arm":"tenth","elapsed_seconds":5019.23728372599,"event":"updates","logical_updates":744,"order":"ABC","peak_observed_bytes":3911077384,"stage":3,"stage_updates":168}

{"arm":"tenth","elapsed_seconds":5274.148907657014,"event":"updates","logical_updates":768,"order":"ABC","peak_observed_bytes":3911077384,"stage":3,"stage_updates":192}

{"arm":"tenth","elapsed_seconds":5526.610056233825,"event":"updates","logical_updates":792,"order":"ABC","peak_observed_bytes":3911077384,"stage":3,"stage_updates":216}

{"arm":"tenth","elapsed_seconds":5777.588311610045,"event":"updates","logical_updates":816,"order":"ABC","peak_observed_bytes":3911077384,"stage":3,"stage_updates":240}

{"arm":"tenth","elapsed_seconds":6029.861252419883,"event":"updates","logical_updates":840,"order":"ABC","peak_observed_bytes":3911077384,"stage":3,"stage_updates":264}

{"arm":"tenth","elapsed_seconds":6283.053133909823,"event":"updates","logical_updates":864,"order":"ABC","peak_observed_bytes":3911077384,"stage":3,"stage_updates":288}

/home/yongpeng/cross-lingual/scripts/step28_chinese_base.py:124: FutureWarning: The `get_sentence_embedding_dimension` method has been renamed to `get_embedding_dimension`.
  if pooling_modes(pool) != [m["pooling"]] or encoder.get_sentence_embedding_dimension() != m["embedding_dim"]:
{"arm":"tenth","elapsed_seconds":6767.723963067867,"event":"updates","logical_updates":312,"order":"BCA","peak_observed_bytes":5218325517,"stage":2,"stage_updates":24}

{"arm":"tenth","elapsed_seconds":7024.598731719889,"event":"updates","logical_updates":336,"order":"BCA","peak_observed_bytes":5218325517,"stage":2,"stage_updates":48}

{"arm":"tenth","elapsed_seconds":7275.905190988909,"event":"updates","logical_updates":360,"order":"BCA","peak_observed_bytes":5218325517,"stage":2,"stage_updates":72}

{"arm":"tenth","elapsed_seconds":7535.491746769985,"event":"updates","logical_updates":384,"order":"BCA","peak_observed_bytes":5218325517,"stage":2,"stage_updates":96}

{"arm":"tenth","elapsed_seconds":7794.418353040004,"event":"updates","logical_updates":408,"order":"BCA","peak_observed_bytes":5218325517,"stage":2,"stage_updates":120}

{"arm":"tenth","elapsed_seconds":8043.538443214027,"event":"updates","logical_updates":432,"order":"BCA","peak_observed_bytes":5218325517,"stage":2,"stage_updates":144}

{"arm":"tenth","elapsed_seconds":8295.311436727876,"event":"updates","logical_updates":456,"order":"BCA","peak_observed_bytes":5218325517,"stage":2,"stage_updates":168}

{"arm":"tenth","elapsed_seconds":8549.736281582853,"event":"updates","logical_updates":480,"order":"BCA","peak_observed_bytes":5218325517,"stage":2,"stage_updates":192}

{"arm":"tenth","elapsed_seconds":8798.147998951841,"event":"updates","logical_updates":504,"order":"BCA","peak_observed_bytes":5218325517,"stage":2,"stage_updates":216}

{"arm":"tenth","elapsed_seconds":9051.218338470906,"event":"updates","logical_updates":528,"order":"BCA","peak_observed_bytes":5218325517,"stage":2,"stage_updates":240}

{"arm":"tenth","elapsed_seconds":9304.851108656032,"event":"updates","logical_updates":552,"order":"BCA","peak_observed_bytes":5218325517,"stage":2,"stage_updates":264}

{"arm":"tenth","elapsed_seconds":9559.503890402848,"event":"updates","logical_updates":576,"order":"BCA","peak_observed_bytes":5218325517,"stage":2,"stage_updates":288}

{"arm":"tenth","elapsed_seconds":9984.679329880979,"event":"updates","logical_updates":600,"order":"BCA","peak_observed_bytes":6525359015,"stage":3,"stage_updates":24}

{"arm":"tenth","elapsed_seconds":10245.511909653898,"event":"updates","logical_updates":624,"order":"BCA","peak_observed_bytes":6525359015,"stage":3,"stage_updates":48}

{"arm":"tenth","elapsed_seconds":10495.883372372016,"event":"updates","logical_updates":648,"order":"BCA","peak_observed_bytes":6525359015,"stage":3,"stage_updates":72}

{"arm":"tenth","elapsed_seconds":10742.99085893482,"event":"updates","logical_updates":672,"order":"BCA","peak_observed_bytes":6525359015,"stage":3,"stage_updates":96}

{"arm":"tenth","elapsed_seconds":10992.294762281002,"event":"updates","logical_updates":696,"order":"BCA","peak_observed_bytes":6525359015,"stage":3,"stage_updates":120}

{"arm":"tenth","elapsed_seconds":11241.448386052856,"event":"updates","logical_updates":720,"order":"BCA","peak_observed_bytes":6525359015,"stage":3,"stage_updates":144}

{"arm":"tenth","elapsed_seconds":11492.481871251948,"event":"updates","logical_updates":744,"order":"BCA","peak_observed_bytes":6525359015,"stage":3,"stage_updates":168}

{"arm":"tenth","elapsed_seconds":11745.317218092037,"event":"updates","logical_updates":768,"order":"BCA","peak_observed_bytes":6525359015,"stage":3,"stage_updates":192}

{"arm":"tenth","elapsed_seconds":11994.102447826881,"event":"updates","logical_updates":792,"order":"BCA","peak_observed_bytes":6525359015,"stage":3,"stage_updates":216}

{"arm":"tenth","elapsed_seconds":12262.756960917963,"event":"updates","logical_updates":816,"order":"BCA","peak_observed_bytes":6525359015,"stage":3,"stage_updates":240}

{"arm":"tenth","elapsed_seconds":12509.022580670891,"event":"updates","logical_updates":840,"order":"BCA","peak_observed_bytes":6525359015,"stage":3,"stage_updates":264}

{"arm":"tenth","elapsed_seconds":12754.537357904017,"event":"updates","logical_updates":864,"order":"BCA","peak_observed_bytes":6525359015,"stage":3,"stage_updates":288}

/home/yongpeng/cross-lingual/scripts/step28_chinese_base.py:124: FutureWarning: The `get_sentence_embedding_dimension` method has been renamed to `get_embedding_dimension`.
  if pooling_modes(pool) != [m["pooling"]] or encoder.get_sentence_embedding_dimension() != m["embedding_dim"]:
{"arm":"tenth","elapsed_seconds":13241.252477356,"event":"updates","logical_updates":312,"order":"CAB","peak_observed_bytes":7832597718,"stage":2,"stage_updates":24}

{"arm":"tenth","elapsed_seconds":13487.760391169926,"event":"updates","logical_updates":336,"order":"CAB","peak_observed_bytes":7832597718,"stage":2,"stage_updates":48}

{"arm":"tenth","elapsed_seconds":13732.083480753936,"event":"updates","logical_updates":360,"order":"CAB","peak_observed_bytes":7832597718,"stage":2,"stage_updates":72}

{"arm":"tenth","elapsed_seconds":13977.93897122005,"event":"updates","logical_updates":384,"order":"CAB","peak_observed_bytes":7832597718,"stage":2,"stage_updates":96}

{"arm":"tenth","elapsed_seconds":14221.399711947888,"event":"updates","logical_updates":408,"order":"CAB","peak_observed_bytes":7832597718,"stage":2,"stage_updates":120}

{"arm":"tenth","elapsed_seconds":14468.787077494897,"event":"updates","logical_updates":432,"order":"CAB","peak_observed_bytes":7832597718,"stage":2,"stage_updates":144}

{"arm":"tenth","elapsed_seconds":14717.349361693021,"event":"updates","logical_updates":456,"order":"CAB","peak_observed_bytes":7832597718,"stage":2,"stage_updates":168}

{"arm":"tenth","elapsed_seconds":14958.369294141885,"event":"updates","logical_updates":480,"order":"CAB","peak_observed_bytes":7832597718,"stage":2,"stage_updates":192}

{"arm":"tenth","elapsed_seconds":15202.559169851942,"event":"updates","logical_updates":504,"order":"CAB","peak_observed_bytes":7832597718,"stage":2,"stage_updates":216}

{"arm":"tenth","elapsed_seconds":15447.799038413912,"event":"updates","logical_updates":528,"order":"CAB","peak_observed_bytes":7832597718,"stage":2,"stage_updates":240}

{"arm":"tenth","elapsed_seconds":15690.75864723185,"event":"updates","logical_updates":552,"order":"CAB","peak_observed_bytes":7832597718,"stage":2,"stage_updates":264}

{"arm":"tenth","elapsed_seconds":15940.47137225885,"event":"updates","logical_updates":576,"order":"CAB","peak_observed_bytes":7832597718,"stage":2,"stage_updates":288}

{"arm":"tenth","elapsed_seconds":16357.668801076943,"event":"updates","logical_updates":600,"order":"CAB","peak_observed_bytes":9139631482,"stage":3,"stage_updates":24}

{"arm":"tenth","elapsed_seconds":16612.902564084856,"event":"updates","logical_updates":624,"order":"CAB","peak_observed_bytes":9139631482,"stage":3,"stage_updates":48}

{"arm":"tenth","elapsed_seconds":16857.06707976293,"event":"updates","logical_updates":648,"order":"CAB","peak_observed_bytes":9139631482,"stage":3,"stage_updates":72}

{"arm":"tenth","elapsed_seconds":17110.72040422191,"event":"updates","logical_updates":672,"order":"CAB","peak_observed_bytes":9139631482,"stage":3,"stage_updates":96}

{"arm":"tenth","elapsed_seconds":17357.20188654703,"event":"updates","logical_updates":696,"order":"CAB","peak_observed_bytes":9139631482,"stage":3,"stage_updates":120}

{"arm":"tenth","elapsed_seconds":17607.624799759826,"event":"updates","logical_updates":720,"order":"CAB","peak_observed_bytes":9139631482,"stage":3,"stage_updates":144}

{"arm":"tenth","elapsed_seconds":17859.522363914875,"event":"updates","logical_updates":744,"order":"CAB","peak_observed_bytes":9139631482,"stage":3,"stage_updates":168}

{"arm":"tenth","elapsed_seconds":18104.39727001288,"event":"updates","logical_updates":768,"order":"CAB","peak_observed_bytes":9139631482,"stage":3,"stage_updates":192}

{"arm":"tenth","elapsed_seconds":18354.004352774005,"event":"updates","logical_updates":792,"order":"CAB","peak_observed_bytes":9139631482,"stage":3,"stage_updates":216}

{"arm":"tenth","elapsed_seconds":18602.006171725923,"event":"updates","logical_updates":816,"order":"CAB","peak_observed_bytes":9139631482,"stage":3,"stage_updates":240}

{"arm":"tenth","elapsed_seconds":18853.60955281183,"event":"updates","logical_updates":840,"order":"CAB","peak_observed_bytes":9139631482,"stage":3,"stage_updates":264}

{"arm":"tenth","elapsed_seconds":19102.03955726698,"event":"updates","logical_updates":864,"order":"CAB","peak_observed_bytes":9139631482,"stage":3,"stage_updates":288}

{"out":"/home/yongpeng/cross-lingual/reports/seller_alias_continual/20261002/er_low_execution/20261002_124018/job","status":"COMPLETE_ER_WEIGHT_DEVELOPMENT_COMPARISON"}

