	Command being timed: "timeout --signal=TERM --kill-after=30s 3h nice -n 10 python -u -B scripts/step28_continual_cause_train.py train --out reports/seller_alias_continual/20260910/cause_train_execution/20260910_122620/run"
	User time (seconds): 4655.85
	System time (seconds): 451.72
	Percent of CPU this job got: 100%
	Elapsed (wall clock) time (h:mm:ss or m:ss): 1:25:04
	Average shared text size (kbytes): 0
	Average unshared data size (kbytes): 0
	Average stack size (kbytes): 0
	Average total size (kbytes): 0
	Maximum resident set size (kbytes): 10982656
	Average resident set size (kbytes): 0
	Major (requiring I/O) page faults: 0
	Minor (reclaiming a frame) page faults: 230450230
	Voluntary context switches: 67139
	Involuntary context switches: 18085
	Swaps: 0
	File system inputs: 0
	File system outputs: 187824024
	Socket messages sent: 0
	Socket messages received: 0
	Signals delivered: 0
	Page size (bytes): 4096
	Exit status: 0
