/home/yongpeng/cross-lingual/scripts/step28_continual_population.py:65: FutureWarning: The `get_sentence_embedding_dimension` method has been renamed to `get_embedding_dimension`.
  if encoder.get_sentence_embedding_dimension() != config["model"]["embedding_dim"]:
{"branch":"shared","completed":30,"elapsed_seconds":59.0491528226994,"event":"updates","order":"ABC","peak_observed_bytes":1887018049,"stage":1,"total":180}

{"branch":"shared","completed":60,"elapsed_seconds":99.6661237590015,"event":"updates","order":"ABC","peak_observed_bytes":1887018049,"stage":1,"total":180}

{"branch":"shared","completed":90,"elapsed_seconds":140.1633948739618,"event":"updates","order":"ABC","peak_observed_bytes":1887018049,"stage":1,"total":180}

{"branch":"shared","completed":120,"elapsed_seconds":180.58086072281003,"event":"updates","order":"ABC","peak_observed_bytes":1887018049,"stage":1,"total":180}

{"branch":"shared","completed":150,"elapsed_seconds":220.53792878985405,"event":"updates","order":"ABC","peak_observed_bytes":1887018049,"stage":1,"total":180}

{"branch":"shared","completed":180,"elapsed_seconds":261.295765674673,"event":"updates","order":"ABC","peak_observed_bytes":1887018049,"stage":1,"total":180}

{"elapsed_seconds":335.24072544369847,"event":"point_reloaded","inference_seconds_including_replay":32.92865401878953,"peak_observed_bytes":7543228328,"point":"ABC_shared","total_point_seconds":73.94450812600553}

{"branch":"original","completed":30,"elapsed_seconds":402.8796159136109,"event":"updates","order":"ABC","peak_observed_bytes":7543228328,"stage":2,"total":180}

{"branch":"original","completed":60,"elapsed_seconds":443.10256005683914,"event":"updates","order":"ABC","peak_observed_bytes":7543228328,"stage":2,"total":180}

{"branch":"original","completed":90,"elapsed_seconds":484.25029016286135,"event":"updates","order":"ABC","peak_observed_bytes":7543228328,"stage":2,"total":180}

{"branch":"original","completed":120,"elapsed_seconds":525.0242720847018,"event":"updates","order":"ABC","peak_observed_bytes":7543228328,"stage":2,"total":180}

{"branch":"original","completed":150,"elapsed_seconds":566.8122121598572,"event":"updates","order":"ABC","peak_observed_bytes":7543228328,"stage":2,"total":180}

{"branch":"original","completed":180,"elapsed_seconds":606.8938609529287,"event":"updates","order":"ABC","peak_observed_bytes":7543228328,"stage":2,"total":180}

{"elapsed_seconds":680.0517087206244,"event":"point_reloaded","inference_seconds_including_replay":33.05878873402253,"peak_observed_bytes":13199447691,"point":"ABC_sequential_stage2","total_point_seconds":73.1573381619528}

{"branch":"original","completed":30,"elapsed_seconds":726.8854956035502,"event":"updates","order":"ABC","peak_observed_bytes":13199447691,"stage":3,"total":180}

{"branch":"original","completed":60,"elapsed_seconds":768.5770132686011,"event":"updates","order":"ABC","peak_observed_bytes":13199447691,"stage":3,"total":180}

{"branch":"original","completed":90,"elapsed_seconds":810.1895233127289,"event":"updates","order":"ABC","peak_observed_bytes":13199447691,"stage":3,"total":180}

{"branch":"original","completed":120,"elapsed_seconds":851.4073027549312,"event":"updates","order":"ABC","peak_observed_bytes":13199447691,"stage":3,"total":180}

{"branch":"original","completed":150,"elapsed_seconds":893.4918330176733,"event":"updates","order":"ABC","peak_observed_bytes":13199447691,"stage":3,"total":180}

{"branch":"original","completed":180,"elapsed_seconds":934.1201857039705,"event":"updates","order":"ABC","peak_observed_bytes":13199447691,"stage":3,"total":180}

{"elapsed_seconds":1007.1018180255778,"event":"point_reloaded","inference_seconds_including_replay":33.04695731308311,"peak_observed_bytes":13199538539,"point":"ABC_sequential_stage3","total_point_seconds":72.98116185097024}

{"branch":"reassigned","completed":30,"elapsed_seconds":1075.245399712585,"event":"updates","order":"ABC","peak_observed_bytes":13199538539,"stage":2,"total":180}

{"branch":"reassigned","completed":60,"elapsed_seconds":1115.5461871726438,"event":"updates","order":"ABC","peak_observed_bytes":13199538539,"stage":2,"total":180}

{"branch":"reassigned","completed":90,"elapsed_seconds":1156.8209445858374,"event":"updates","order":"ABC","peak_observed_bytes":13199538539,"stage":2,"total":180}

{"branch":"reassigned","completed":120,"elapsed_seconds":1197.5588302565739,"event":"updates","order":"ABC","peak_observed_bytes":13199538539,"stage":2,"total":180}

{"branch":"reassigned","completed":150,"elapsed_seconds":1239.3607108388096,"event":"updates","order":"ABC","peak_observed_bytes":13199538539,"stage":2,"total":180}

{"branch":"reassigned","completed":180,"elapsed_seconds":1279.532028422691,"event":"updates","order":"ABC","peak_observed_bytes":13199538539,"stage":2,"total":180}

{"elapsed_seconds":1352.713491086848,"event":"point_reloaded","inference_seconds_including_replay":33.09322872944176,"peak_observed_bytes":13199629387,"point":"ABC_reassigned_stage2","total_point_seconds":73.18096809322014}

{"branch":"reassigned","completed":30,"elapsed_seconds":1399.495173463598,"event":"updates","order":"ABC","peak_observed_bytes":13199629387,"stage":3,"total":180}

{"branch":"reassigned","completed":60,"elapsed_seconds":1441.1681011267938,"event":"updates","order":"ABC","peak_observed_bytes":13199629387,"stage":3,"total":180}

{"branch":"reassigned","completed":90,"elapsed_seconds":1482.710082047619,"event":"updates","order":"ABC","peak_observed_bytes":13199629387,"stage":3,"total":180}

{"branch":"reassigned","completed":120,"elapsed_seconds":1524.1728990427218,"event":"updates","order":"ABC","peak_observed_bytes":13199629387,"stage":3,"total":180}

{"branch":"reassigned","completed":150,"elapsed_seconds":1566.3168439646251,"event":"updates","order":"ABC","peak_observed_bytes":13199629387,"stage":3,"total":180}

{"branch":"reassigned","completed":180,"elapsed_seconds":1607.0423799399287,"event":"updates","order":"ABC","peak_observed_bytes":13199629387,"stage":3,"total":180}

{"elapsed_seconds":1680.4351852857508,"event":"point_reloaded","inference_seconds_including_replay":33.27499447995797,"peak_observed_bytes":13199720235,"point":"ABC_reassigned_stage3","total_point_seconds":73.39230511290953}

{"branch":"shared","completed":30,"elapsed_seconds":1757.737207729835,"event":"updates","order":"BCA","peak_observed_bytes":13199720235,"stage":1,"total":180}

{"branch":"shared","completed":60,"elapsed_seconds":1798.0424152128398,"event":"updates","order":"BCA","peak_observed_bytes":13199720235,"stage":1,"total":180}

{"branch":"shared","completed":90,"elapsed_seconds":1839.1301507898606,"event":"updates","order":"BCA","peak_observed_bytes":13199720235,"stage":1,"total":180}

{"branch":"shared","completed":120,"elapsed_seconds":1880.1554477629252,"event":"updates","order":"BCA","peak_observed_bytes":13199720235,"stage":1,"total":180}

{"branch":"shared","completed":150,"elapsed_seconds":1921.503220840823,"event":"updates","order":"BCA","peak_observed_bytes":13199720235,"stage":1,"total":180}

{"branch":"shared","completed":180,"elapsed_seconds":1962.087888570968,"event":"updates","order":"BCA","peak_observed_bytes":13199720235,"stage":1,"total":180}

{"elapsed_seconds":2036.6882032635622,"event":"point_reloaded","inference_seconds_including_replay":33.10372661985457,"peak_observed_bytes":13199720235,"point":"BCA_shared","total_point_seconds":74.59978041099384}

{"branch":"original","completed":30,"elapsed_seconds":2104.230663440656,"event":"updates","order":"BCA","peak_observed_bytes":13199720235,"stage":2,"total":180}

{"branch":"original","completed":60,"elapsed_seconds":2145.4048272077926,"event":"updates","order":"BCA","peak_observed_bytes":13199720235,"stage":2,"total":180}

{"branch":"original","completed":90,"elapsed_seconds":2185.9041004558094,"event":"updates","order":"BCA","peak_observed_bytes":13199720235,"stage":2,"total":180}

{"branch":"original","completed":120,"elapsed_seconds":2228.391866415739,"event":"updates","order":"BCA","peak_observed_bytes":13199720235,"stage":2,"total":180}

{"branch":"original","completed":150,"elapsed_seconds":2270.0084003186785,"event":"updates","order":"BCA","peak_observed_bytes":13199720235,"stage":2,"total":180}

{"branch":"original","completed":180,"elapsed_seconds":2311.3044420639053,"event":"updates","order":"BCA","peak_observed_bytes":13199720235,"stage":2,"total":180}

{"elapsed_seconds":2384.9214587137103,"event":"point_reloaded","inference_seconds_including_replay":33.10054401727393,"peak_observed_bytes":15086890580,"point":"BCA_sequential_stage2","total_point_seconds":73.61649490334094}

{"branch":"original","completed":30,"elapsed_seconds":2431.34990366688,"event":"updates","order":"BCA","peak_observed_bytes":15086890580,"stage":3,"total":180}

{"branch":"original","completed":60,"elapsed_seconds":2471.8300411626697,"event":"updates","order":"BCA","peak_observed_bytes":15086890580,"stage":3,"total":180}

{"branch":"original","completed":90,"elapsed_seconds":2512.6979079917073,"event":"updates","order":"BCA","peak_observed_bytes":15086890580,"stage":3,"total":180}

{"branch":"original","completed":120,"elapsed_seconds":2553.062132840976,"event":"updates","order":"BCA","peak_observed_bytes":15086890580,"stage":3,"total":180}

{"branch":"original","completed":150,"elapsed_seconds":2593.916826832574,"event":"updates","order":"BCA","peak_observed_bytes":15086890580,"stage":3,"total":180}

{"branch":"original","completed":180,"elapsed_seconds":2634.2500498685986,"event":"updates","order":"BCA","peak_observed_bytes":15086890580,"stage":3,"total":180}

{"elapsed_seconds":2707.628452719655,"event":"point_reloaded","inference_seconds_including_replay":33.08231681259349,"peak_observed_bytes":15086981428,"point":"BCA_sequential_stage3","total_point_seconds":73.3778721652925}

{"branch":"reassigned","completed":30,"elapsed_seconds":2775.4175877487287,"event":"updates","order":"BCA","peak_observed_bytes":15086981428,"stage":2,"total":180}

{"branch":"reassigned","completed":60,"elapsed_seconds":2816.519352127798,"event":"updates","order":"BCA","peak_observed_bytes":15086981428,"stage":2,"total":180}

{"branch":"reassigned","completed":90,"elapsed_seconds":2856.9210936715826,"event":"updates","order":"BCA","peak_observed_bytes":15086981428,"stage":2,"total":180}

{"branch":"reassigned","completed":120,"elapsed_seconds":2899.138030331582,"event":"updates","order":"BCA","peak_observed_bytes":15086981428,"stage":2,"total":180}

{"branch":"reassigned","completed":150,"elapsed_seconds":2940.666281683836,"event":"updates","order":"BCA","peak_observed_bytes":15086981428,"stage":2,"total":180}

{"branch":"reassigned","completed":180,"elapsed_seconds":2981.911295864731,"event":"updates","order":"BCA","peak_observed_bytes":15086981428,"stage":2,"total":180}

{"elapsed_seconds":3054.5914651546627,"event":"point_reloaded","inference_seconds_including_replay":32.95139097282663,"peak_observed_bytes":15087072276,"point":"BCA_reassigned_stage2","total_point_seconds":72.67963435919955}

{"branch":"reassigned","completed":30,"elapsed_seconds":3100.765911797993,"event":"updates","order":"BCA","peak_observed_bytes":15087072276,"stage":3,"total":180}

{"branch":"reassigned","completed":60,"elapsed_seconds":3141.0955787268467,"event":"updates","order":"BCA","peak_observed_bytes":15087072276,"stage":3,"total":180}

{"branch":"reassigned","completed":90,"elapsed_seconds":3181.879317367915,"event":"updates","order":"BCA","peak_observed_bytes":15087072276,"stage":3,"total":180}

{"branch":"reassigned","completed":120,"elapsed_seconds":3222.121081544552,"event":"updates","order":"BCA","peak_observed_bytes":15087072276,"stage":3,"total":180}

{"branch":"reassigned","completed":150,"elapsed_seconds":3262.8154290667735,"event":"updates","order":"BCA","peak_observed_bytes":15087072276,"stage":3,"total":180}

{"branch":"reassigned","completed":180,"elapsed_seconds":3303.044629954733,"event":"updates","order":"BCA","peak_observed_bytes":15087072276,"stage":3,"total":180}

{"elapsed_seconds":3375.69078308763,"event":"point_reloaded","inference_seconds_including_replay":32.93096629017964,"peak_observed_bytes":15087163124,"point":"BCA_reassigned_stage3","total_point_seconds":72.64559537684545}

{"branch":"shared","completed":30,"elapsed_seconds":3452.5979917068034,"event":"updates","order":"CAB","peak_observed_bytes":15087163124,"stage":1,"total":180}

{"branch":"shared","completed":60,"elapsed_seconds":3493.7921486566775,"event":"updates","order":"CAB","peak_observed_bytes":15087163124,"stage":1,"total":180}

{"branch":"shared","completed":90,"elapsed_seconds":3535.6448262878694,"event":"updates","order":"CAB","peak_observed_bytes":15087163124,"stage":1,"total":180}

{"branch":"shared","completed":120,"elapsed_seconds":3576.6636863406748,"event":"updates","order":"CAB","peak_observed_bytes":15087163124,"stage":1,"total":180}

{"branch":"shared","completed":150,"elapsed_seconds":3617.7048899419606,"event":"updates","order":"CAB","peak_observed_bytes":15087163124,"stage":1,"total":180}

{"branch":"shared","completed":180,"elapsed_seconds":3659.545195782557,"event":"updates","order":"CAB","peak_observed_bytes":15087163124,"stage":1,"total":180}

{"elapsed_seconds":3733.8214933318086,"event":"point_reloaded","inference_seconds_including_replay":33.018778601661325,"peak_observed_bytes":15087163124,"point":"CAB_shared","total_point_seconds":74.27570832893252}

{"branch":"original","completed":30,"elapsed_seconds":3800.1155869737267,"event":"updates","order":"CAB","peak_observed_bytes":15087163124,"stage":2,"total":180}

{"branch":"original","completed":60,"elapsed_seconds":3840.8164136568084,"event":"updates","order":"CAB","peak_observed_bytes":15087163124,"stage":2,"total":180}

{"branch":"original","completed":90,"elapsed_seconds":3882.4528561756015,"event":"updates","order":"CAB","peak_observed_bytes":15087163124,"stage":2,"total":180}

{"branch":"original","completed":120,"elapsed_seconds":3921.9321126076393,"event":"updates","order":"CAB","peak_observed_bytes":15087163124,"stage":2,"total":180}

{"branch":"original","completed":150,"elapsed_seconds":3963.0870203939267,"event":"updates","order":"CAB","peak_observed_bytes":15087163124,"stage":2,"total":180}

{"branch":"original","completed":180,"elapsed_seconds":4003.0613089669496,"event":"updates","order":"CAB","peak_observed_bytes":15087163124,"stage":2,"total":180}

{"elapsed_seconds":4076.60994471889,"event":"point_reloaded","inference_seconds_including_replay":33.0847576088272,"peak_observed_bytes":16974333468,"point":"CAB_sequential_stage2","total_point_seconds":73.54807753069326}

{"branch":"original","completed":30,"elapsed_seconds":4123.683752067853,"event":"updates","order":"CAB","peak_observed_bytes":16974333468,"stage":3,"total":180}

{"branch":"original","completed":60,"elapsed_seconds":4164.397193409968,"event":"updates","order":"CAB","peak_observed_bytes":16974333468,"stage":3,"total":180}

{"branch":"original","completed":90,"elapsed_seconds":4205.953930122778,"event":"updates","order":"CAB","peak_observed_bytes":16974333468,"stage":3,"total":180}

{"branch":"original","completed":120,"elapsed_seconds":4246.589767025784,"event":"updates","order":"CAB","peak_observed_bytes":16974333468,"stage":3,"total":180}

{"branch":"original","completed":150,"elapsed_seconds":4287.862812212668,"event":"updates","order":"CAB","peak_observed_bytes":16974333468,"stage":3,"total":180}

{"branch":"original","completed":180,"elapsed_seconds":4328.797936855815,"event":"updates","order":"CAB","peak_observed_bytes":16974333468,"stage":3,"total":180}

{"elapsed_seconds":4402.336581923999,"event":"point_reloaded","inference_seconds_including_replay":33.15574312908575,"peak_observed_bytes":16974424316,"point":"CAB_sequential_stage3","total_point_seconds":73.538038298022}

{"branch":"reassigned","completed":30,"elapsed_seconds":4469.32691282779,"event":"updates","order":"CAB","peak_observed_bytes":16974424316,"stage":2,"total":180}

{"branch":"reassigned","completed":60,"elapsed_seconds":4509.846254578792,"event":"updates","order":"CAB","peak_observed_bytes":16974424316,"stage":2,"total":180}

{"branch":"reassigned","completed":90,"elapsed_seconds":4551.518814574927,"event":"updates","order":"CAB","peak_observed_bytes":16974424316,"stage":2,"total":180}

{"branch":"reassigned","completed":120,"elapsed_seconds":4590.95918557886,"event":"updates","order":"CAB","peak_observed_bytes":16974424316,"stage":2,"total":180}

{"branch":"reassigned","completed":150,"elapsed_seconds":4632.127409455832,"event":"updates","order":"CAB","peak_observed_bytes":16974424316,"stage":2,"total":180}

{"branch":"reassigned","completed":180,"elapsed_seconds":4672.093540014699,"event":"updates","order":"CAB","peak_observed_bytes":16974424316,"stage":2,"total":180}

{"elapsed_seconds":4745.652210527565,"event":"point_reloaded","inference_seconds_including_replay":33.099571810569614,"peak_observed_bytes":16974515164,"point":"CAB_reassigned_stage2","total_point_seconds":73.5580601808615}

{"branch":"reassigned","completed":30,"elapsed_seconds":4792.748378052842,"event":"updates","order":"CAB","peak_observed_bytes":16974515164,"stage":3,"total":180}

{"branch":"reassigned","completed":60,"elapsed_seconds":4833.452615501825,"event":"updates","order":"CAB","peak_observed_bytes":16974515164,"stage":3,"total":180}

{"branch":"reassigned","completed":90,"elapsed_seconds":4874.789075099863,"event":"updates","order":"CAB","peak_observed_bytes":16974515164,"stage":3,"total":180}

{"branch":"reassigned","completed":120,"elapsed_seconds":4915.392586242873,"event":"updates","order":"CAB","peak_observed_bytes":16974515164,"stage":3,"total":180}

{"branch":"reassigned","completed":150,"elapsed_seconds":4956.525419197977,"event":"updates","order":"CAB","peak_observed_bytes":16974515164,"stage":3,"total":180}

{"branch":"reassigned","completed":180,"elapsed_seconds":4997.353583423886,"event":"updates","order":"CAB","peak_observed_bytes":16974515164,"stage":3,"total":180}

{"elapsed_seconds":5071.1599932299,"event":"point_reloaded","inference_seconds_including_replay":33.17201084829867,"peak_observed_bytes":16974606012,"point":"CAB_reassigned_stage3","total_point_seconds":73.80579446302727}

{"output":"reports/seller_alias_continual/20260910/cause_train_execution/20260910_122620/run","status":"COMPLETE_PAIRED_TRAINING_ORIGINAL_EXACT_VALID_LABELS_UNREAD"}

