{
  "status": "PASS_ER_WEIGHT_SAVED_RESULT_AUDIT",
  "completed_at_utc": "2026-10-04T02:14:19.036298+00:00",
  "elapsed_seconds": 0.44743262394331396,
  "cpu_affinity": [
    47
  ],
  "script": {
    "bytes": 27249,
    "sha256": "959f558ce5d9187f65887e505bf0bbf8c670c493893f3c0237abfaab0184a695"
  },
  "helper": {
    "bytes": 24723,
    "sha256": "2fff73cdc0e26843a10dfd35388ade1b31f9ca890d889c4c31f13b98efc1b193"
  },
  "study": "risk",
  "numeric_comparisons": 417636,
  "maximum_absolute_error": 7.105427357601002e-15,
  "maximum_base_loss_decomposition_error": 3.2782554626464844e-07,
  "base_loss_decomposition_atol_rtol": 3e-06,
  "checks": {
    "returned_files": 265,
    "unchanged_frozen_sources": 32,
    "native_weight_hashes_match": 6,
    "risk_reference_provenance_orders": 3,
    "matrix_count_sets": 99,
    "stage_csv_rows": 8910
  },
  "comparisons": {
    "risk_minus_logit_tenth": {
      "passed": 4,
      "total": 23,
      "checks": {
        "old_map_improves": false,
        "old_map_interval_above_zero": false,
        "old_recall5_improves": false,
        "new_map_non_decrease": false,
        "new_recall5_non_decrease": false,
        "O_average_precision_non_degradation": false,
        "O_roc_auc_non_degradation": false,
        "O_brier_non_degradation": false,
        "O_log_loss_non_degradation": false,
        "O_brier_against_raw_reference": true,
        "O_log_loss_against_raw_reference": true,
        "N_average_precision_non_degradation": false,
        "N_roc_auc_non_degradation": false,
        "N_brier_non_degradation": false,
        "N_log_loss_non_degradation": false,
        "N_brier_against_raw_reference": true,
        "N_log_loss_against_raw_reference": true,
        "Z_map_non_degradation": false,
        "Z_recall_at_5_non_degradation": false,
        "Z_average_precision_non_degradation": false,
        "Z_roc_auc_non_degradation": false,
        "Z_brier_non_degradation": false,
        "Z_log_loss_non_degradation": false
      }
    },
    "risk_minus_tenth": {
      "passed": 5,
      "total": 23,
      "checks": {
        "old_map_improves": false,
        "old_map_interval_above_zero": false,
        "old_recall5_improves": true,
        "new_map_non_decrease": false,
        "new_recall5_non_decrease": false,
        "O_average_precision_non_degradation": false,
        "O_roc_auc_non_degradation": false,
        "O_brier_non_degradation": false,
        "O_log_loss_non_degradation": false,
        "O_brier_against_raw_reference": true,
        "O_log_loss_against_raw_reference": true,
        "N_average_precision_non_degradation": false,
        "N_roc_auc_non_degradation": false,
        "N_brier_non_degradation": false,
        "N_log_loss_non_degradation": false,
        "N_brier_against_raw_reference": true,
        "N_log_loss_against_raw_reference": true,
        "Z_map_non_degradation": false,
        "Z_recall_at_5_non_degradation": false,
        "Z_average_precision_non_degradation": false,
        "Z_roc_auc_non_degradation": false,
        "Z_brier_non_degradation": false,
        "Z_log_loss_non_degradation": false
      }
    },
    "risk_minus_seq": {
      "passed": 7,
      "total": 23,
      "checks": {
        "old_map_improves": true,
        "old_map_interval_above_zero": false,
        "old_recall5_improves": false,
        "new_map_non_decrease": false,
        "new_recall5_non_decrease": false,
        "O_average_precision_non_degradation": true,
        "O_roc_auc_non_degradation": false,
        "O_brier_non_degradation": true,
        "O_log_loss_non_degradation": false,
        "O_brier_against_raw_reference": true,
        "O_log_loss_against_raw_reference": true,
        "N_average_precision_non_degradation": false,
        "N_roc_auc_non_degradation": false,
        "N_brier_non_degradation": false,
        "N_log_loss_non_degradation": false,
        "N_brier_against_raw_reference": true,
        "N_log_loss_against_raw_reference": true,
        "Z_map_non_degradation": false,
        "Z_recall_at_5_non_degradation": false,
        "Z_average_precision_non_degradation": false,
        "Z_roc_auc_non_degradation": false,
        "Z_brier_non_degradation": false,
        "Z_log_loss_non_degradation": false
      }
    },
    "risk_minus_logit_quarter": {
      "passed": 4,
      "total": 23,
      "checks": {
        "old_map_improves": false,
        "old_map_interval_above_zero": false,
        "old_recall5_improves": false,
        "new_map_non_decrease": false,
        "new_recall5_non_decrease": false,
        "O_average_precision_non_degradation": false,
        "O_roc_auc_non_degradation": false,
        "O_brier_non_degradation": false,
        "O_log_loss_non_degradation": false,
        "O_brier_against_raw_reference": true,
        "O_log_loss_against_raw_reference": true,
        "N_average_precision_non_degradation": false,
        "N_roc_auc_non_degradation": false,
        "N_brier_non_degradation": false,
        "N_log_loss_non_degradation": false,
        "N_brier_against_raw_reference": true,
        "N_log_loss_against_raw_reference": true,
        "Z_map_non_degradation": false,
        "Z_recall_at_5_non_degradation": false,
        "Z_average_precision_non_degradation": false,
        "Z_roc_auc_non_degradation": false,
        "Z_brier_non_degradation": false,
        "Z_log_loss_non_degradation": false
      }
    }
  },
  "method_checks": {
    "logit_quarter": {
      "checks": {
        "N_average_precision_non_degradation": false,
        "N_brier_against_raw_reference": true,
        "N_brier_non_degradation": false,
        "N_log_loss_against_raw_reference": true,
        "N_log_loss_non_degradation": false,
        "N_roc_auc_non_degradation": false,
        "O_average_precision_non_degradation": false,
        "O_brier_against_raw_reference": true,
        "O_brier_non_degradation": false,
        "O_log_loss_against_raw_reference": true,
        "O_log_loss_non_degradation": false,
        "O_roc_auc_non_degradation": false,
        "Z_average_precision_non_degradation": false,
        "Z_brier_non_degradation": false,
        "Z_log_loss_non_degradation": false,
        "Z_map_non_degradation": false,
        "Z_recall_at_5_non_degradation": false,
        "Z_roc_auc_non_degradation": false,
        "new_map_non_decrease": false,
        "new_recall5_non_decrease": false,
        "old_map_improves": false,
        "old_map_interval_above_zero": false,
        "old_recall5_improves": false
      },
      "failed": [
        "old_map_improves",
        "old_map_interval_above_zero",
        "old_recall5_improves",
        "new_map_non_decrease",
        "new_recall5_non_decrease",
        "O_average_precision_non_degradation",
        "O_roc_auc_non_degradation",
        "O_brier_non_degradation",
        "O_log_loss_non_degradation",
        "N_average_precision_non_degradation",
        "N_roc_auc_non_degradation",
        "N_brier_non_degradation",
        "N_log_loss_non_degradation",
        "Z_map_non_degradation",
        "Z_recall_at_5_non_degradation",
        "Z_average_precision_non_degradation",
        "Z_roc_auc_non_degradation",
        "Z_brier_non_degradation",
        "Z_log_loss_non_degradation"
      ],
      "future_three_seed_qualification": "NOT_EVALUATED_SINGLE_SEED_PILOT",
      "pilot_observed_checks_pass": false,
      "positive_old_map_orders": 0,
      "scope": "Observed mean protection, not per-domain guarantees or population noninferiority"
    },
    "logit_tenth": {
      "checks": {
        "N_average_precision_non_degradation": false,
        "N_brier_against_raw_reference": true,
        "N_brier_non_degradation": false,
        "N_log_loss_against_raw_reference": true,
        "N_log_loss_non_degradation": false,
        "N_roc_auc_non_degradation": false,
        "O_average_precision_non_degradation": false,
        "O_brier_against_raw_reference": true,
        "O_brier_non_degradation": false,
        "O_log_loss_against_raw_reference": true,
        "O_log_loss_non_degradation": false,
        "O_roc_auc_non_degradation": false,
        "Z_average_precision_non_degradation": false,
        "Z_brier_non_degradation": false,
        "Z_log_loss_non_degradation": false,
        "Z_map_non_degradation": false,
        "Z_recall_at_5_non_degradation": false,
        "Z_roc_auc_non_degradation": false,
        "new_map_non_decrease": false,
        "new_recall5_non_decrease": false,
        "old_map_improves": false,
        "old_map_interval_above_zero": false,
        "old_recall5_improves": false
      },
      "failed": [
        "old_map_improves",
        "old_map_interval_above_zero",
        "old_recall5_improves",
        "new_map_non_decrease",
        "new_recall5_non_decrease",
        "O_average_precision_non_degradation",
        "O_roc_auc_non_degradation",
        "O_brier_non_degradation",
        "O_log_loss_non_degradation",
        "N_average_precision_non_degradation",
        "N_roc_auc_non_degradation",
        "N_brier_non_degradation",
        "N_log_loss_non_degradation",
        "Z_map_non_degradation",
        "Z_recall_at_5_non_degradation",
        "Z_average_precision_non_degradation",
        "Z_roc_auc_non_degradation",
        "Z_brier_non_degradation",
        "Z_log_loss_non_degradation"
      ],
      "future_three_seed_qualification": "NOT_EVALUATED_SINGLE_SEED_PILOT",
      "pilot_observed_checks_pass": false,
      "positive_old_map_orders": 0,
      "scope": "Observed mean protection, not per-domain guarantees or population noninferiority"
    },
    "seq": {
      "checks": {
        "N_average_precision_non_degradation": false,
        "N_brier_against_raw_reference": true,
        "N_brier_non_degradation": false,
        "N_log_loss_against_raw_reference": true,
        "N_log_loss_non_degradation": false,
        "N_roc_auc_non_degradation": false,
        "O_average_precision_non_degradation": true,
        "O_brier_against_raw_reference": true,
        "O_brier_non_degradation": true,
        "O_log_loss_against_raw_reference": true,
        "O_log_loss_non_degradation": false,
        "O_roc_auc_non_degradation": false,
        "Z_average_precision_non_degradation": false,
        "Z_brier_non_degradation": false,
        "Z_log_loss_non_degradation": false,
        "Z_map_non_degradation": false,
        "Z_recall_at_5_non_degradation": false,
        "Z_roc_auc_non_degradation": false,
        "new_map_non_decrease": false,
        "new_recall5_non_decrease": false,
        "old_map_improves": true,
        "old_map_interval_above_zero": false,
        "old_recall5_improves": false
      },
      "failed": [
        "old_map_interval_above_zero",
        "old_recall5_improves",
        "new_map_non_decrease",
        "new_recall5_non_decrease",
        "O_roc_auc_non_degradation",
        "O_log_loss_non_degradation",
        "N_average_precision_non_degradation",
        "N_roc_auc_non_degradation",
        "N_brier_non_degradation",
        "N_log_loss_non_degradation",
        "Z_map_non_degradation",
        "Z_recall_at_5_non_degradation",
        "Z_average_precision_non_degradation",
        "Z_roc_auc_non_degradation",
        "Z_brier_non_degradation",
        "Z_log_loss_non_degradation"
      ],
      "future_three_seed_qualification": "NOT_EVALUATED_SINGLE_SEED_PILOT",
      "pilot_observed_checks_pass": false,
      "positive_old_map_orders": 2,
      "scope": "Observed mean protection, not per-domain guarantees or population noninferiority"
    },
    "tenth": {
      "checks": {
        "N_average_precision_non_degradation": false,
        "N_brier_against_raw_reference": true,
        "N_brier_non_degradation": false,
        "N_log_loss_against_raw_reference": true,
        "N_log_loss_non_degradation": false,
        "N_roc_auc_non_degradation": false,
        "O_average_precision_non_degradation": false,
        "O_brier_against_raw_reference": true,
        "O_brier_non_degradation": false,
        "O_log_loss_against_raw_reference": true,
        "O_log_loss_non_degradation": false,
        "O_roc_auc_non_degradation": false,
        "Z_average_precision_non_degradation": false,
        "Z_brier_non_degradation": false,
        "Z_log_loss_non_degradation": false,
        "Z_map_non_degradation": false,
        "Z_recall_at_5_non_degradation": false,
        "Z_roc_auc_non_degradation": false,
        "new_map_non_decrease": false,
        "new_recall5_non_decrease": false,
        "old_map_improves": false,
        "old_map_interval_above_zero": false,
        "old_recall5_improves": true
      },
      "failed": [
        "old_map_improves",
        "old_map_interval_above_zero",
        "new_map_non_decrease",
        "new_recall5_non_decrease",
        "O_average_precision_non_degradation",
        "O_roc_auc_non_degradation",
        "O_brier_non_degradation",
        "O_log_loss_non_degradation",
        "N_average_precision_non_degradation",
        "N_roc_auc_non_degradation",
        "N_brier_non_degradation",
        "N_log_loss_non_degradation",
        "Z_map_non_degradation",
        "Z_recall_at_5_non_degradation",
        "Z_average_precision_non_degradation",
        "Z_roc_auc_non_degradation",
        "Z_brier_non_degradation",
        "Z_log_loss_non_degradation"
      ],
      "future_three_seed_qualification": "NOT_EVALUATED_SINGLE_SEED_PILOT",
      "pilot_observed_checks_pass": false,
      "positive_old_map_orders": 0,
      "scope": "Observed mean protection, not per-domain guarantees or population noninferiority"
    }
  },
  "new_label_parses": {
    "train": 0,
    "valid": 0,
    "heldout": 0,
    "owners": 0
  },
  "formal_texts_or_models_loaded": false,
  "limitations": [
    "Saved aggregate metrics audited; label-dependent AP/MAP not recomputed from truth.",
    "Native execution not repeated; weights hashed separately without model loading.",
    "Single seed, developed valid and selection-conditional intervals; no independent test or method novelty claim."
  ]
}
